kravy-pos-website-clone/fix-roles.ts(1,10): error TS2305: Module '"@prisma/client"' has no exported member 'PrismaClient'.
kravy-pos-website-clone/playwright.config.ts(1,24): error TS2614: Module '"@playwright/test"' has no exported member 'devices'. Did you mean to use 'import devices from "@playwright/test"' instead?
kravy-pos-website-clone/scratch/check_db_items.ts(1,10): error TS2305: Module '"@prisma/client"' has no exported member 'PrismaClient'.
kravy-pos-website-clone/scripts/fix-dates-prisma.ts(1,10): error TS2305: Module '"@prisma/client"' has no exported member 'PrismaClient'.
kravy-pos-website-clone/scripts/fix-db.ts(173,10): error TS2305: Module '"@prisma/client"' has no exported member 'PrismaClient'.
kravy-pos-website-clone/scripts/fix-premium-defaults.ts(1,10): error TS2305: Module '"@prisma/client"' has no exported member 'PrismaClient'.
kravy-pos-website-clone/scripts/import-samples.ts(4,20): error TS2307: Cannot find module '@/lib/prisma' or its corresponding type declarations.
kravy-pos-website-clone/scripts/seed.ts(2,20): error TS2307: Cannot find module '@/utils/prismaClient' or its corresponding type declarations.
kravy-pos-website-clone/scripts/sync-clerk-users.ts(3,10): error TS2305: Module '"@prisma/client"' has no exported member 'PrismaClient'.
kravy-pos-website-clone/scripts/test-live-gmail.ts(1,10): error TS2305: Module '"@prisma/client"' has no exported member 'PrismaClient'.
kravy-pos-website-clone/scripts/test-pnl-db.ts(1,10): error TS2305: Module '"@prisma/client"' has no exported member 'PrismaClient'.
kravy-pos-website-clone/scripts/verify-dates.ts(1,10): error TS2305: Module '"@prisma/client"' has no exported member 'PrismaClient'.
kravy-pos-website-clone/src/app/admin/activity/page.tsx(17,8): error TS2307: Cannot find module 'lucide-react' or its corresponding type declarations.
kravy-pos-website-clone/src/app/admin/activity/page.tsx(225,14): error TS2322: Type '{ children: string; jsx: true; global: true; }' is not assignable to type 'DetailedHTMLProps<StyleHTMLAttributes<HTMLStyleElement>, HTMLStyleElement>'.
  Property 'jsx' does not exist on type 'DetailedHTMLProps<StyleHTMLAttributes<HTMLStyleElement>, HTMLStyleElement>'.
kravy-pos-website-clone/src/app/admin/dashboard/page.tsx(5,18): error TS2307: Cannot find module 'next/link' or its corresponding type declarations.
kravy-pos-website-clone/src/app/admin/dashboard/page.tsx(16,8): error TS2307: Cannot find module 'lucide-react' or its corresponding type declarations.
kravy-pos-website-clone/src/app/admin/dashboard/page.tsx(96,32): error TS2339: Property 'slug' does not exist on type '{ upi: boolean; qrMenu: boolean; tax: boolean; kot: boolean; ai: boolean; excel: boolean; }'.
kravy-pos-website-clone/src/app/admin/dashboard/page.tsx(172,21): error TS2322: Type '(page?: number, search?: string, status?: string) => Promise<void>' is not assignable to type 'MouseEventHandler<HTMLButtonElement>'.
  Types of parameters 'page' and 'event' are incompatible.
    Type 'MouseEvent<HTMLButtonElement, MouseEvent>' is not assignable to type 'number'.
kravy-pos-website-clone/src/app/admin/docs/architecture/page.tsx(4,18): error TS2307: Cannot find module 'next/link' or its corresponding type declarations.
kravy-pos-website-clone/src/app/admin/docs/architecture/page.tsx(19,8): error TS2307: Cannot find module 'lucide-react' or its corresponding type declarations.
kravy-pos-website-clone/src/app/admin/merchants/[id]/page.tsx(23,8): error TS2307: Cannot find module 'lucide-react' or its corresponding type declarations.
kravy-pos-website-clone/src/app/admin/merchants/[id]/page.tsx(24,18): error TS2307: Cannot find module 'next/link' or its corresponding type declarations.
kravy-pos-website-clone/src/app/admin/merchants/page.tsx(4,18): error TS2307: Cannot find module 'next/link' or its corresponding type declarations.
kravy-pos-website-clone/src/app/admin/merchants/page.tsx(23,8): error TS2307: Cannot find module 'lucide-react' or its corresponding type declarations.
kravy-pos-website-clone/src/app/admin/onboarding-custom/page.tsx(11,8): error TS2307: Cannot find module 'lucide-react' or its corresponding type declarations.
kravy-pos-website-clone/src/app/admin/onboarding-custom/page.tsx(12,18): error TS2307: Cannot find module 'next/link' or its corresponding type declarations.
kravy-pos-website-clone/src/app/admin/onboarding/page.tsx(10,8): error TS2307: Cannot find module 'lucide-react' or its corresponding type declarations.
kravy-pos-website-clone/src/app/admin/onboarding/page.tsx(11,18): error TS2307: Cannot find module 'next/link' or its corresponding type declarations.
kravy-pos-website-clone/src/app/admin/users/[id]/page.tsx(4,38): error TS2307: Cannot find module 'next/navigation' or its corresponding type declarations.
kravy-pos-website-clone/src/app/admin/users/[id]/page.tsx(36,8): error TS2307: Cannot find module 'lucide-react' or its corresponding type declarations.
kravy-pos-website-clone/src/app/admin/users/[id]/page.tsx(39,37): error TS2307: Cannot find module 'lucide-react' or its corresponding type declarations.
kravy-pos-website-clone/src/app/admin/users/[id]/page.tsx(377,29): error TS2339: Property 'isDisabled' does not exist on type 'UserData'.
kravy-pos-website-clone/src/app/admin/users/[id]/page.tsx(1171,28): error TS2339: Property 'isDisabled' does not exist on type 'UserData'.
kravy-pos-website-clone/src/app/admin/users/[id]/page.tsx(1176,28): error TS2339: Property 'isDisabled' does not exist on type 'UserData'.
kravy-pos-website-clone/src/app/admin/users/create/page.tsx(4,27): error TS2307: Cannot find module 'next/navigation' or its corresponding type declarations.
kravy-pos-website-clone/src/app/admin/users/docs/page.tsx(2,18): error TS2307: Cannot find module 'next/link' or its corresponding type declarations.
kravy-pos-website-clone/src/app/admin/users/docs/page.tsx(3,94): error TS2307: Cannot find module 'lucide-react' or its corresponding type declarations.
kravy-pos-website-clone/src/app/admin/users/page.tsx(5,18): error TS2307: Cannot find module 'next/link' or its corresponding type declarations.
kravy-pos-website-clone/src/app/admin/users/page.tsx(11,8): error TS2307: Cannot find module 'lucide-react' or its corresponding type declarations.
kravy-pos-website-clone/src/app/admin/users/page.tsx(34,27): error TS2307: Cannot find module 'next/navigation' or its corresponding type declarations.
kravy-pos-website-clone/src/app/admin/users/page.tsx(697,7): error TS2741: Property 'STAFF' is missing in type '{ ADMIN: string; SELLER: string; USER: string; }' but required in type 'Record<Role, string>'.
kravy-pos-website-clone/src/app/admin/users/roles/page.tsx(5,18): error TS2307: Cannot find module 'next/link' or its corresponding type declarations.
kravy-pos-website-clone/src/app/admin/users/roles/page.tsx(6,69): error TS2307: Cannot find module 'lucide-react' or its corresponding type declarations.
kravy-pos-website-clone/src/app/api/activity/list/route.ts(1,30): error TS2307: Cannot find module 'next/server' or its corresponding type declarations.
kravy-pos-website-clone/src/app/api/activity/list/route.ts(2,20): error TS2307: Cannot find module '@/lib/prisma' or its corresponding type declarations.
kravy-pos-website-clone/src/app/api/activity/list/route.ts(3,37): error TS2307: Cannot find module '@/lib/auth-utils' or its corresponding type declarations.
kravy-pos-website-clone/src/app/api/activity/log/route.ts(1,30): error TS2307: Cannot find module 'next/server' or its corresponding type declarations.
kravy-pos-website-clone/src/app/api/activity/log/route.ts(3,20): error TS2307: Cannot find module '@/lib/prisma' or its corresponding type declarations.
kravy-pos-website-clone/src/app/api/activity/log/route.ts(4,37): error TS2307: Cannot find module '@/lib/auth-utils' or its corresponding type declarations.
kravy-pos-website-clone/src/app/api/admin/activity/route.ts(1,30): error TS2307: Cannot find module 'next/server' or its corresponding type declarations.
kravy-pos-website-clone/src/app/api/admin/activity/route.ts(3,20): error TS2307: Cannot find module '@/lib/prisma' or its corresponding type declarations.
kravy-pos-website-clone/src/app/api/admin/backups/collections/route.ts(2,43): error TS2307: Cannot find module 'next/server' or its corresponding type declarations.
kravy-pos-website-clone/src/app/api/admin/backups/collections/route.ts(4,37): error TS2307: Cannot find module '@/lib/auth-utils' or its corresponding type declarations.
kravy-pos-website-clone/src/app/api/admin/backups/collections/route.ts(5,20): error TS2307: Cannot find module '@/lib/prisma' or its corresponding type declarations.
kravy-pos-website-clone/src/app/api/admin/backups/create/route.ts(1,30): error TS2307: Cannot find module 'next/server' or its corresponding type declarations.
kravy-pos-website-clone/src/app/api/admin/backups/create/route.ts(2,37): error TS2307: Cannot find module '@/lib/auth-utils' or its corresponding type declarations.
kravy-pos-website-clone/src/app/api/admin/backups/create/route.ts(3,20): error TS2307: Cannot find module '@/lib/prisma' or its corresponding type declarations.
kravy-pos-website-clone/src/app/api/admin/backups/create/route.ts(4,32): error TS2307: Cannot find module '@/lib/backup/mongodb-backup' or its corresponding type declarations.
kravy-pos-website-clone/src/app/api/admin/backups/delete/route.ts(1,30): error TS2307: Cannot find module 'next/server' or its corresponding type declarations.
kravy-pos-website-clone/src/app/api/admin/backups/delete/route.ts(2,37): error TS2307: Cannot find module '@/lib/auth-utils' or its corresponding type declarations.
kravy-pos-website-clone/src/app/api/admin/backups/delete/route.ts(3,20): error TS2307: Cannot find module '@/lib/prisma' or its corresponding type declarations.
kravy-pos-website-clone/src/app/api/admin/backups/download/route.ts(3,30): error TS2307: Cannot find module 'next/server' or its corresponding type declarations.
kravy-pos-website-clone/src/app/api/admin/backups/download/route.ts(4,37): error TS2307: Cannot find module '@/lib/auth-utils' or its corresponding type declarations.
kravy-pos-website-clone/src/app/api/admin/backups/download/route.ts(5,20): error TS2307: Cannot find module '@/lib/prisma' or its corresponding type declarations.
kravy-pos-website-clone/src/app/api/admin/backups/export/route.ts(2,43): error TS2307: Cannot find module 'next/server' or its corresponding type declarations.
kravy-pos-website-clone/src/app/api/admin/backups/export/route.ts(5,37): error TS2307: Cannot find module '@/lib/auth-utils' or its corresponding type declarations.
kravy-pos-website-clone/src/app/api/admin/backups/export/route.ts(6,20): error TS2307: Cannot find module '@/lib/prisma' or its corresponding type declarations.
kravy-pos-website-clone/src/app/api/admin/backups/inspect/route.ts(2,43): error TS2307: Cannot find module 'next/server' or its corresponding type declarations.
kravy-pos-website-clone/src/app/api/admin/backups/inspect/route.ts(4,37): error TS2307: Cannot find module '@/lib/auth-utils' or its corresponding type declarations.
kravy-pos-website-clone/src/app/api/admin/backups/inspect/route.ts(5,20): error TS2307: Cannot find module '@/lib/prisma' or its corresponding type declarations.
kravy-pos-website-clone/src/app/api/admin/backups/route.ts(2,30): error TS2307: Cannot find module 'next/server' or its corresponding type declarations.
kravy-pos-website-clone/src/app/api/admin/backups/route.ts(3,37): error TS2307: Cannot find module '@/lib/auth-utils' or its corresponding type declarations.
kravy-pos-website-clone/src/app/api/admin/backups/route.ts(4,20): error TS2307: Cannot find module '@/lib/prisma' or its corresponding type declarations.
kravy-pos-website-clone/src/app/api/admin/combos/[id]/route.ts(1,43): error TS2307: Cannot find module 'next/server' or its corresponding type declarations.
kravy-pos-website-clone/src/app/api/admin/combos/[id]/route.ts(2,24): error TS2307: Cannot find module '@/lib/prisma' or its corresponding type declarations.
kravy-pos-website-clone/src/app/api/admin/combos/[id]/route.ts(4,37): error TS2307: Cannot find module '@/lib/auth-utils' or its corresponding type declarations.
kravy-pos-website-clone/src/app/api/admin/combos/route.ts(1,43): error TS2307: Cannot find module 'next/server' or its corresponding type declarations.
kravy-pos-website-clone/src/app/api/admin/combos/route.ts(2,20): error TS2307: Cannot find module '@/lib/prisma' or its corresponding type declarations.
kravy-pos-website-clone/src/app/api/admin/combos/route.ts(4,37): error TS2307: Cannot find module '@/lib/auth-utils' or its corresponding type declarations.
kravy-pos-website-clone/src/app/api/admin/dashboard-stats/config/route.ts(1,30): error TS2307: Cannot find module 'next/server' or its corresponding type declarations.
kravy-pos-website-clone/src/app/api/admin/dashboard-stats/config/route.ts(2,20): error TS2307: Cannot find module '@/lib/prisma' or its corresponding type declarations.
kravy-pos-website-clone/src/app/api/admin/dashboard-stats/config/route.ts(3,29): error TS2307: Cannot find module '@/lib/auth-utils' or its corresponding type declarations.
kravy-pos-website-clone/src/app/api/admin/dashboard-stats/route.ts(1,30): error TS2307: Cannot find module 'next/server' or its corresponding type declarations.
kravy-pos-website-clone/src/app/api/admin/dashboard-stats/route.ts(2,20): error TS2307: Cannot find module '@/lib/prisma' or its corresponding type declarations.
kravy-pos-website-clone/src/app/api/admin/dashboard-stats/route.ts(3,29): error TS2307: Cannot find module '@/lib/auth-utils' or its corresponding type declarations.
kravy-pos-website-clone/src/app/api/admin/dashboard-stats/route.ts(145,33): error TS2339: Property '_count' does not exist on type 'unknown'.
kravy-pos-website-clone/src/app/api/admin/dashboard-stats/route.ts(146,36): error TS2339: Property '_sum' does not exist on type 'unknown'.
kravy-pos-website-clone/src/app/api/admin/dashboard-stats/route.ts(147,36): error TS2339: Property '_max' does not exist on type 'unknown'.
kravy-pos-website-clone/src/app/api/admin/gallery/route.ts(1,43): error TS2307: Cannot find module 'next/server' or its corresponding type declarations.
kravy-pos-website-clone/src/app/api/admin/gallery/route.ts(2,20): error TS2307: Cannot find module '@/lib/prisma' or its corresponding type declarations.
kravy-pos-website-clone/src/app/api/admin/gallery/route.ts(3,37): error TS2307: Cannot find module '@/lib/auth-utils' or its corresponding type declarations.
kravy-pos-website-clone/src/app/api/admin/generate-invoice/route.ts(1,43): error TS2307: Cannot find module 'next/server' or its corresponding type declarations.
kravy-pos-website-clone/src/app/api/admin/generate-invoice/route.ts(2,42): error TS2307: Cannot find module '@/lib/pdf/invoice-pdf' or its corresponding type declarations.
kravy-pos-website-clone/src/app/api/admin/generate-invoice/route.ts(3,37): error TS2307: Cannot find module '@/lib/auth-utils' or its corresponding type declarations.
kravy-pos-website-clone/src/app/api/admin/generate-invoice/route.ts(4,20): error TS2307: Cannot find module '@/lib/prisma' or its corresponding type declarations.
kravy-pos-website-clone/src/app/api/admin/offers/[id]/route.ts(1,43): error TS2307: Cannot find module 'next/server' or its corresponding type declarations.
kravy-pos-website-clone/src/app/api/admin/offers/[id]/route.ts(2,24): error TS2307: Cannot find module '@/lib/prisma' or its corresponding type declarations.
kravy-pos-website-clone/src/app/api/admin/offers/[id]/route.ts(4,37): error TS2307: Cannot find module '@/lib/auth-utils' or its corresponding type declarations.
kravy-pos-website-clone/src/app/api/admin/offers/route.ts(1,43): error TS2307: Cannot find module 'next/server' or its corresponding type declarations.
kravy-pos-website-clone/src/app/api/admin/offers/route.ts(2,24): error TS2307: Cannot find module '@/lib/prisma' or its corresponding type declarations.
kravy-pos-website-clone/src/app/api/admin/offers/route.ts(4,37): error TS2307: Cannot find module '@/lib/auth-utils' or its corresponding type declarations.
kravy-pos-website-clone/src/app/api/admin/onboard-custom/route.ts(1,30): error TS2307: Cannot find module 'next/server' or its corresponding type declarations.
kravy-pos-website-clone/src/app/api/admin/onboard-custom/route.ts(2,20): error TS2307: Cannot find module '@/lib/prisma' or its corresponding type declarations.
kravy-pos-website-clone/src/app/api/admin/onboard-custom/route.ts(4,29): error TS2307: Cannot find module '@/lib/auth-utils' or its corresponding type declarations.
kravy-pos-website-clone/src/app/api/admin/onboard-custom/route.ts(15,28): error TS2339: Property 'get' does not exist on type 'FormData'.
kravy-pos-website-clone/src/app/api/admin/onboard-custom/route.ts(16,28): error TS2339: Property 'get' does not exist on type 'FormData'.
kravy-pos-website-clone/src/app/api/admin/onboard-custom/route.ts(17,31): error TS2339: Property 'get' does not exist on type 'FormData'.
kravy-pos-website-clone/src/app/api/admin/onboard-custom/route.ts(18,35): error TS2339: Property 'get' does not exist on type 'FormData'.
kravy-pos-website-clone/src/app/api/admin/onboard-custom/route.ts(19,37): error TS2339: Property 'get' does not exist on type 'FormData'.
kravy-pos-website-clone/src/app/api/admin/onboard-custom/route.ts(64,34): error TS2339: Property 'get' does not exist on type 'FormData'.
kravy-pos-website-clone/src/app/api/admin/onboard-custom/route.ts(76,31): error TS2339: Property 'get' does not exist on type 'FormData'.
kravy-pos-website-clone/src/app/api/admin/onboard/route.ts(1,30): error TS2307: Cannot find module 'next/server' or its corresponding type declarations.
kravy-pos-website-clone/src/app/api/admin/onboard/route.ts(3,20): error TS2307: Cannot find module '@/lib/prisma' or its corresponding type declarations.
kravy-pos-website-clone/src/app/api/admin/onboard/route.ts(5,29): error TS2307: Cannot find module '@/lib/auth-utils' or its corresponding type declarations.
kravy-pos-website-clone/src/app/api/admin/onboard/route.ts(15,28): error TS2339: Property 'get' does not exist on type 'FormData'.
kravy-pos-website-clone/src/app/api/admin/onboard/route.ts(16,31): error TS2339: Property 'get' does not exist on type 'FormData'.
kravy-pos-website-clone/src/app/api/admin/onboard/route.ts(17,35): error TS2339: Property 'get' does not exist on type 'FormData'.
kravy-pos-website-clone/src/app/api/admin/onboard/route.ts(18,31): error TS2339: Property 'get' does not exist on type 'FormData'.
kravy-pos-website-clone/src/app/api/admin/onboard/route.ts(20,45): error TS2339: Property 'get' does not exist on type 'FormData'.
kravy-pos-website-clone/src/app/api/admin/reports/sellers/[id]/route.ts(1,43): error TS2307: Cannot find module 'next/server' or its corresponding type declarations.
kravy-pos-website-clone/src/app/api/admin/reports/sellers/[id]/route.ts(2,20): error TS2307: Cannot find module '@/lib/prisma' or its corresponding type declarations.
kravy-pos-website-clone/src/app/api/admin/reports/sellers/export/route.ts(1,43): error TS2307: Cannot find module 'next/server' or its corresponding type declarations.
kravy-pos-website-clone/src/app/api/admin/reports/sellers/export/route.ts(2,20): error TS2307: Cannot find module '@/lib/prisma' or its corresponding type declarations.
kravy-pos-website-clone/src/app/api/admin/reports/sellers/export/route.ts(3,21): error TS2307: Cannot find module 'exceljs' or its corresponding type declarations.
kravy-pos-website-clone/src/app/api/admin/reports/sellers/route.ts(1,43): error TS2307: Cannot find module 'next/server' or its corresponding type declarations.
kravy-pos-website-clone/src/app/api/admin/reports/sellers/route.ts(2,20): error TS2307: Cannot find module '@/lib/prisma' or its corresponding type declarations.
kravy-pos-website-clone/src/app/api/admin/rewards/[id]/route.ts(1,43): error TS2307: Cannot find module 'next/server' or its corresponding type declarations.
kravy-pos-website-clone/src/app/api/admin/rewards/[id]/route.ts(2,24): error TS2307: Cannot find module '@/lib/prisma' or its corresponding type declarations.
kravy-pos-website-clone/src/app/api/admin/rewards/[id]/route.ts(4,37): error TS2307: Cannot find module '@/lib/auth-utils' or its corresponding type declarations.
kravy-pos-website-clone/src/app/api/admin/rewards/route.ts(1,43): error TS2307: Cannot find module 'next/server' or its corresponding type declarations.
kravy-pos-website-clone/src/app/api/admin/rewards/route.ts(2,24): error TS2307: Cannot find module '@/lib/prisma' or its corresponding type declarations.
kravy-pos-website-clone/src/app/api/admin/rewards/route.ts(4,37): error TS2307: Cannot find module '@/lib/auth-utils' or its corresponding type declarations.
kravy-pos-website-clone/src/app/api/admin/roles/route.ts(1,30): error TS2307: Cannot find module 'next/server' or its corresponding type declarations.
kravy-pos-website-clone/src/app/api/admin/roles/route.ts(2,20): error TS2307: Cannot find module '@/lib/prisma' or its corresponding type declarations.
kravy-pos-website-clone/src/app/api/admin/roles/route.ts(3,10): error TS2305: Module '"@prisma/client"' has no exported member 'Role'.
kravy-pos-website-clone/src/app/api/admin/roles/route.ts(4,29): error TS2307: Cannot find module '@/lib/auth-utils' or its corresponding type declarations.
kravy-pos-website-clone/src/app/api/admin/route.ts(1,30): error TS2307: Cannot find module 'next/server' or its corresponding type declarations.
kravy-pos-website-clone/src/app/api/admin/route.ts(3,20): error TS2307: Cannot find module '@/lib/prisma' or its corresponding type declarations.
kravy-pos-website-clone/src/app/api/admin/self-promote/route.ts(1,30): error TS2307: Cannot find module 'next/server' or its corresponding type declarations.
kravy-pos-website-clone/src/app/api/admin/self-promote/route.ts(3,20): error TS2307: Cannot find module '@/lib/prisma' or its corresponding type declarations.
kravy-pos-website-clone/src/app/api/admin/seller-detail/route.ts(1,30): error TS2307: Cannot find module 'next/server' or its corresponding type declarations.
kravy-pos-website-clone/src/app/api/admin/seller-detail/route.ts(2,20): error TS2307: Cannot find module '@/lib/prisma' or its corresponding type declarations.
kravy-pos-website-clone/src/app/api/admin/seller-detail/route.ts(3,29): error TS2307: Cannot find module '@/lib/auth-utils' or its corresponding type declarations.
kravy-pos-website-clone/src/app/api/admin/settings/route.ts(1,43): error TS2307: Cannot find module 'next/server' or its corresponding type declarations.
kravy-pos-website-clone/src/app/api/admin/settings/route.ts(2,20): error TS2307: Cannot find module '@/lib/prisma' or its corresponding type declarations.
kravy-pos-website-clone/src/app/api/admin/users/[id]/route.ts(1,30): error TS2307: Cannot find module 'next/server' or its corresponding type declarations.
kravy-pos-website-clone/src/app/api/admin/users/[id]/route.ts(2,20): error TS2307: Cannot find module '@/lib/prisma' or its corresponding type declarations.
kravy-pos-website-clone/src/app/api/admin/users/[id]/route.ts(3,29): error TS2307: Cannot find module '@/lib/auth-utils' or its corresponding type declarations.
kravy-pos-website-clone/src/app/api/admin/users/disable/route.ts(4,30): error TS2307: Cannot find module 'next/server' or its corresponding type declarations.
kravy-pos-website-clone/src/app/api/admin/users/disable/route.ts(6,20): error TS2307: Cannot find module '@/lib/prisma' or its corresponding type declarations.
kravy-pos-website-clone/src/app/api/admin/users/disable/route.ts(7,29): error TS2307: Cannot find module '@/lib/auth-utils' or its corresponding type declarations.
kravy-pos-website-clone/src/app/api/admin/users/impersonate/route.ts(1,30): error TS2307: Cannot find module 'next/server' or its corresponding type declarations.
kravy-pos-website-clone/src/app/api/admin/users/impersonate/route.ts(2,20): error TS2307: Cannot find module '@/lib/prisma' or its corresponding type declarations.
kravy-pos-website-clone/src/app/api/admin/users/impersonate/route.ts(3,29): error TS2307: Cannot find module '@/lib/auth-utils' or its corresponding type declarations.
kravy-pos-website-clone/src/app/api/admin/users/impersonate/route.ts(5,25): error TS2307: Cannot find module 'next/headers' or its corresponding type declarations.
kravy-pos-website-clone/src/app/api/admin/users/invite/route.ts(4,30): error TS2307: Cannot find module 'next/server' or its corresponding type declarations.
kravy-pos-website-clone/src/app/api/admin/users/invite/route.ts(6,20): error TS2307: Cannot find module '@/lib/prisma' or its corresponding type declarations.
kravy-pos-website-clone/src/app/api/admin/users/role/route.ts(1,30): error TS2307: Cannot find module 'next/server' or its corresponding type declarations.
kravy-pos-website-clone/src/app/api/admin/users/role/route.ts(3,20): error TS2307: Cannot find module '@/lib/prisma' or its corresponding type declarations.
kravy-pos-website-clone/src/app/api/admin/users/role/route.ts(4,29): error TS2307: Cannot find module '@/lib/auth-utils' or its corresponding type declarations.
kravy-pos-website-clone/src/app/api/admin/users/route.ts(1,30): error TS2307: Cannot find module 'next/server' or its corresponding type declarations.
kravy-pos-website-clone/src/app/api/admin/users/route.ts(3,20): error TS2307: Cannot find module '@/lib/prisma' or its corresponding type declarations.
kravy-pos-website-clone/src/app/api/admin/users/route.ts(4,29): error TS2307: Cannot find module '@/lib/auth-utils' or its corresponding type declarations.
kravy-pos-website-clone/src/app/api/admin/users/route.ts(300,9): error TS2588: Cannot assign to 'privateMetadata' because it is a constant.
kravy-pos-website-clone/src/app/api/auth/forgot-password/route.ts(1,43): error TS2307: Cannot find module 'next/server' or its corresponding type declarations.
kravy-pos-website-clone/src/app/api/auth/forgot-password/route.ts(2,20): error TS2307: Cannot find module '@/lib/prisma' or its corresponding type declarations.
kravy-pos-website-clone/src/app/api/auth/forgot-password/route.ts(4,37): error TS2307: Cannot find module '@/lib/mail-templates' or its corresponding type declarations.
kravy-pos-website-clone/src/app/api/auth/login/route.ts(1,43): error TS2307: Cannot find module 'next/server' or its corresponding type declarations.
kravy-pos-website-clone/src/app/api/auth/login/route.ts(2,20): error TS2307: Cannot find module '@/lib/prisma' or its corresponding type declarations.
kravy-pos-website-clone/src/app/api/auth/logout/route.ts(1,30): error TS2307: Cannot find module 'next/server' or its corresponding type declarations.
kravy-pos-website-clone/src/app/api/auth/me/route.ts(1,30): error TS2307: Cannot find module 'next/server' or its corresponding type declarations.
kravy-pos-website-clone/src/app/api/auth/me/route.ts(3,24): error TS2307: Cannot find module '@/lib/prisma' or its corresponding type declarations.
kravy-pos-website-clone/src/app/api/auth/register/route.ts(1,43): error TS2307: Cannot find module 'next/server' or its corresponding type declarations.
kravy-pos-website-clone/src/app/api/auth/register/route.ts(2,20): error TS2307: Cannot find module '@/lib/prisma' or its corresponding type declarations.
kravy-pos-website-clone/src/app/api/auth/register/route.ts(5,37): error TS2307: Cannot find module '@/lib/mail-templates' or its corresponding type declarations.
kravy-pos-website-clone/src/app/api/auth/register/route.ts(6,33): error TS2307: Cannot find module '@/lib/whatsapp-bill' or its corresponding type declarations.
kravy-pos-website-clone/src/app/api/auth/resend-otp/route.ts(1,43): error TS2307: Cannot find module 'next/server' or its corresponding type declarations.
kravy-pos-website-clone/src/app/api/auth/resend-otp/route.ts(2,20): error TS2307: Cannot find module '@/lib/prisma' or its corresponding type declarations.
kravy-pos-website-clone/src/app/api/auth/reset-password/route.ts(1,43): error TS2307: Cannot find module 'next/server' or its corresponding type declarations.
kravy-pos-website-clone/src/app/api/auth/reset-password/route.ts(2,20): error TS2307: Cannot find module '@/lib/prisma' or its corresponding type declarations.
kravy-pos-website-clone/src/app/api/auth/sync-user/route.ts(1,30): error TS2307: Cannot find module 'next/server' or its corresponding type declarations.
kravy-pos-website-clone/src/app/api/auth/sync-user/route.ts(3,20): error TS2307: Cannot find module '@/lib/prisma' or its corresponding type declarations.
kravy-pos-website-clone/src/app/api/auth/verify-otp/route.ts(1,43): error TS2307: Cannot find module 'next/server' or its corresponding type declarations.
kravy-pos-website-clone/src/app/api/auth/verify-otp/route.ts(2,20): error TS2307: Cannot find module '@/lib/prisma' or its corresponding type declarations.
kravy-pos-website-clone/src/app/api/auth/verify-otp/route.ts(4,41): error TS2307: Cannot find module '@/lib/mail-templates' or its corresponding type declarations.
kravy-pos-website-clone/src/app/api/bill-manager/[id]/hold/route.ts(1,43): error TS2307: Cannot find module 'next/server' or its corresponding type declarations.
kravy-pos-website-clone/src/app/api/bill-manager/[id]/hold/route.ts(2,20): error TS2307: Cannot find module '@/lib/prisma' or its corresponding type declarations.
kravy-pos-website-clone/src/app/api/bill-manager/[id]/hold/route.ts(3,37): error TS2307: Cannot find module '@/lib/auth-utils' or its corresponding type declarations.
kravy-pos-website-clone/src/app/api/bill-manager/[id]/pdf/route.ts(1,43): error TS2307: Cannot find module 'next/server' or its corresponding type declarations.
kravy-pos-website-clone/src/app/api/bill-manager/[id]/pdf/route.ts(2,20): error TS2307: Cannot find module '@/lib/prisma' or its corresponding type declarations.
kravy-pos-website-clone/src/app/api/bill-manager/[id]/pdf/route.ts(3,37): error TS2307: Cannot find module '@/lib/auth-utils' or its corresponding type declarations.
kravy-pos-website-clone/src/app/api/bill-manager/[id]/pdf/route.ts(5,24): error TS2307: Cannot find module '@/lib/cloudinary' or its corresponding type declarations.
kravy-pos-website-clone/src/app/api/bill-manager/[id]/route.ts(1,43): error TS2307: Cannot find module 'next/server' or its corresponding type declarations.
kravy-pos-website-clone/src/app/api/bill-manager/[id]/route.ts(2,20): error TS2307: Cannot find module '@/lib/prisma' or its corresponding type declarations.
kravy-pos-website-clone/src/app/api/bill-manager/[id]/route.ts(3,37): error TS2307: Cannot find module '@/lib/auth-utils' or its corresponding type declarations.
kravy-pos-website-clone/src/app/api/bill-manager/deleted/list/route.ts(1,43): error TS2307: Cannot find module 'next/server' or its corresponding type declarations.
kravy-pos-website-clone/src/app/api/bill-manager/deleted/list/route.ts(2,20): error TS2307: Cannot find module '@/lib/prisma' or its corresponding type declarations.
kravy-pos-website-clone/src/app/api/bill-manager/deleted/list/route.ts(3,37): error TS2307: Cannot find module '@/lib/auth-utils' or its corresponding type declarations.
kravy-pos-website-clone/src/app/api/bill-manager/deleted/restore/[id]/route.ts(1,43): error TS2307: Cannot find module 'next/server' or its corresponding type declarations.
kravy-pos-website-clone/src/app/api/bill-manager/deleted/restore/[id]/route.ts(2,20): error TS2307: Cannot find module '@/lib/prisma' or its corresponding type declarations.
kravy-pos-website-clone/src/app/api/bill-manager/deleted/restore/[id]/route.ts(3,37): error TS2307: Cannot find module '@/lib/auth-utils' or its corresponding type declarations.
kravy-pos-website-clone/src/app/api/bill-manager/export/route.ts(1,30): error TS2307: Cannot find module 'next/server' or its corresponding type declarations.
kravy-pos-website-clone/src/app/api/bill-manager/export/route.ts(2,20): error TS2307: Cannot find module '@/lib/prisma' or its corresponding type declarations.
kravy-pos-website-clone/src/app/api/bill-manager/export/route.ts(4,37): error TS2307: Cannot find module '@/lib/auth-utils' or its corresponding type declarations.
kravy-pos-website-clone/src/app/api/bill-manager/route.ts(1,43): error TS2307: Cannot find module 'next/server' or its corresponding type declarations.
kravy-pos-website-clone/src/app/api/bill-manager/route.ts(2,20): error TS2307: Cannot find module '@/lib/prisma' or its corresponding type declarations.
kravy-pos-website-clone/src/app/api/bill-manager/route.ts(3,37): error TS2307: Cannot find module '@/lib/auth-utils' or its corresponding type declarations.
kravy-pos-website-clone/src/app/api/bill-manager/route.ts(4,35): error TS2307: Cannot find module '@/lib/discount-utils' or its corresponding type declarations.
kravy-pos-website-clone/src/app/api/bill-manager/route.ts(286,50): error TS2307: Cannot find module '@/lib/inventory-utils' or its corresponding type declarations.
kravy-pos-website-clone/src/app/api/categories/ensure/route.ts(1,24): error TS2307: Cannot find module '@/lib/prisma' or its corresponding type declarations.
kravy-pos-website-clone/src/app/api/categories/ensure/route.ts(2,30): error TS2307: Cannot find module 'next/server' or its corresponding type declarations.
kravy-pos-website-clone/src/app/api/categories/ensure/route.ts(3,37): error TS2307: Cannot find module '@/lib/auth-utils' or its corresponding type declarations.
kravy-pos-website-clone/src/app/api/categories/route.ts(1,30): error TS2307: Cannot find module 'next/server' or its corresponding type declarations.
kravy-pos-website-clone/src/app/api/categories/route.ts(2,24): error TS2307: Cannot find module '@/lib/prisma' or its corresponding type declarations.
kravy-pos-website-clone/src/app/api/categories/route.ts(3,37): error TS2307: Cannot find module '@/lib/auth-utils' or its corresponding type declarations.
kravy-pos-website-clone/src/app/api/categories/upload/route.ts(62,43): error TS2307: Cannot find module 'next/server' or its corresponding type declarations.
kravy-pos-website-clone/src/app/api/categories/upload/route.ts(63,24): error TS2307: Cannot find module '@/lib/prisma' or its corresponding type declarations.
kravy-pos-website-clone/src/app/api/categories/upload/route.ts(64,37): error TS2307: Cannot find module '@/lib/auth-utils' or its corresponding type declarations.
kravy-pos-website-clone/src/app/api/categories/upload/route.ts(65,24): error TS2307: Cannot find module '@/lib/cloudinary' or its corresponding type declarations.
kravy-pos-website-clone/src/app/api/clerks/route.ts(1,30): error TS2307: Cannot find module 'next/server' or its corresponding type declarations.
kravy-pos-website-clone/src/app/api/clerks/route.ts(2,20): error TS2307: Cannot find module '@/lib/prisma' or its corresponding type declarations.
kravy-pos-website-clone/src/app/api/clerks/route.ts(3,37): error TS2307: Cannot find module '@/lib/auth-utils' or its corresponding type declarations.
kravy-pos-website-clone/src/app/api/combos-offers/route.ts(1,43): error TS2307: Cannot find module 'next/server' or its corresponding type declarations.
kravy-pos-website-clone/src/app/api/combos-offers/route.ts(2,20): error TS2307: Cannot find module '@/lib/prisma' or its corresponding type declarations.
kravy-pos-website-clone/src/app/api/combos-offers/route.ts(3,37): error TS2307: Cannot find module '@/lib/auth-utils' or its corresponding type declarations.
kravy-pos-website-clone/src/app/api/cron/backup/route.ts(1,30): error TS2307: Cannot find module 'next/server' or its corresponding type declarations.
kravy-pos-website-clone/src/app/api/cron/backup/route.ts(2,32): error TS2307: Cannot find module '@/lib/backup/mongodb-backup' or its corresponding type declarations.
kravy-pos-website-clone/src/app/api/dashboard/route.ts(182,43): error TS2307: Cannot find module 'next/server' or its corresponding type declarations.
kravy-pos-website-clone/src/app/api/dashboard/route.ts(183,24): error TS2307: Cannot find module '@/lib/prisma' or its corresponding type declarations.
kravy-pos-website-clone/src/app/api/dashboard/route.ts(184,37): error TS2307: Cannot find module '@/lib/auth-utils' or its corresponding type declarations.
kravy-pos-website-clone/src/app/api/debug-cloudinary/route.ts(1,30): error TS2307: Cannot find module 'next/server' or its corresponding type declarations.
kravy-pos-website-clone/src/app/api/debug/route.ts(1,30): error TS2307: Cannot find module 'next/server' or its corresponding type declarations.
kravy-pos-website-clone/src/app/api/discounts/[id]/route.ts(1,43): error TS2307: Cannot find module 'next/server' or its corresponding type declarations.
kravy-pos-website-clone/src/app/api/discounts/[id]/route.ts(2,20): error TS2307: Cannot find module '@/lib/prisma' or its corresponding type declarations.
kravy-pos-website-clone/src/app/api/discounts/[id]/route.ts(3,37): error TS2307: Cannot find module '@/lib/auth-utils' or its corresponding type declarations.
kravy-pos-website-clone/src/app/api/discounts/route.ts(1,43): error TS2307: Cannot find module 'next/server' or its corresponding type declarations.
kravy-pos-website-clone/src/app/api/discounts/route.ts(2,20): error TS2307: Cannot find module '@/lib/prisma' or its corresponding type declarations.
kravy-pos-website-clone/src/app/api/discounts/route.ts(3,37): error TS2307: Cannot find module '@/lib/auth-utils' or its corresponding type declarations.
kravy-pos-website-clone/src/app/api/expenses/[id]/route.ts(1,30): error TS2307: Cannot find module 'next/server' or its corresponding type declarations.
kravy-pos-website-clone/src/app/api/expenses/[id]/route.ts(2,24): error TS2307: Cannot find module '@/lib/prisma' or its corresponding type declarations.
kravy-pos-website-clone/src/app/api/expenses/[id]/route.ts(3,37): error TS2307: Cannot find module '@/lib/auth-utils' or its corresponding type declarations.
kravy-pos-website-clone/src/app/api/expenses/categories/[id]/route.ts(1,30): error TS2307: Cannot find module 'next/server' or its corresponding type declarations.
kravy-pos-website-clone/src/app/api/expenses/categories/[id]/route.ts(2,37): error TS2307: Cannot find module '@/lib/auth-utils' or its corresponding type declarations.
kravy-pos-website-clone/src/app/api/expenses/categories/[id]/route.ts(3,24): error TS2307: Cannot find module '@/lib/prisma' or its corresponding type declarations.
kravy-pos-website-clone/src/app/api/expenses/categories/route.ts(1,30): error TS2307: Cannot find module 'next/server' or its corresponding type declarations.
kravy-pos-website-clone/src/app/api/expenses/categories/route.ts(2,37): error TS2307: Cannot find module '@/lib/auth-utils' or its corresponding type declarations.
kravy-pos-website-clone/src/app/api/expenses/categories/route.ts(3,24): error TS2307: Cannot find module '@/lib/prisma' or its corresponding type declarations.
kravy-pos-website-clone/src/app/api/expenses/route.ts(1,30): error TS2307: Cannot find module 'next/server' or its corresponding type declarations.
kravy-pos-website-clone/src/app/api/expenses/route.ts(2,24): error TS2307: Cannot find module '@/lib/prisma' or its corresponding type declarations.
kravy-pos-website-clone/src/app/api/expenses/route.ts(3,37): error TS2307: Cannot find module '@/lib/auth-utils' or its corresponding type declarations.
kravy-pos-website-clone/src/app/api/external-sales/route.ts(1,43): error TS2307: Cannot find module 'next/server' or its corresponding type declarations.
kravy-pos-website-clone/src/app/api/external-sales/route.ts(2,37): error TS2307: Cannot find module '@/lib/auth-utils' or its corresponding type declarations.
kravy-pos-website-clone/src/app/api/external-sales/route.ts(3,24): error TS2307: Cannot find module '@/lib/prisma' or its corresponding type declarations.
kravy-pos-website-clone/src/app/api/external/menu/[userId]/route.ts(1,30): error TS2307: Cannot find module 'next/server' or its corresponding type declarations.
kravy-pos-website-clone/src/app/api/external/menu/[userId]/route.ts(2,20): error TS2307: Cannot find module '@/lib/prisma' or its corresponding type declarations.
kravy-pos-website-clone/src/app/api/external/menu/update/[id]/route.ts(1,30): error TS2307: Cannot find module 'next/server' or its corresponding type declarations.
kravy-pos-website-clone/src/app/api/external/menu/update/[id]/route.ts(2,20): error TS2307: Cannot find module '@/lib/prisma' or its corresponding type declarations.
kravy-pos-website-clone/src/app/api/external/users/route.ts(1,30): error TS2307: Cannot find module 'next/server' or its corresponding type declarations.
kravy-pos-website-clone/src/app/api/external/users/route.ts(2,20): error TS2307: Cannot find module '@/lib/prisma' or its corresponding type declarations.
kravy-pos-website-clone/src/app/api/gmail/auth/route.ts(1,43): error TS2307: Cannot find module 'next/server' or its corresponding type declarations.
kravy-pos-website-clone/src/app/api/gmail/auth/route.ts(2,37): error TS2307: Cannot find module '@/lib/auth-utils' or its corresponding type declarations.
kravy-pos-website-clone/src/app/api/gmail/auth/route.ts(3,28): error TS2307: Cannot find module '@/lib/gmail-service' or its corresponding type declarations.
kravy-pos-website-clone/src/app/api/gmail/callback/route.ts(1,43): error TS2307: Cannot find module 'next/server' or its corresponding type declarations.
kravy-pos-website-clone/src/app/api/gmail/callback/route.ts(2,24): error TS2307: Cannot find module '@/lib/prisma' or its corresponding type declarations.
kravy-pos-website-clone/src/app/api/gmail/callback/route.ts(3,54): error TS2307: Cannot find module '@/lib/gmail-service' or its corresponding type declarations.
kravy-pos-website-clone/src/app/api/gmail/status/route.ts(1,43): error TS2307: Cannot find module 'next/server' or its corresponding type declarations.
kravy-pos-website-clone/src/app/api/gmail/status/route.ts(2,37): error TS2307: Cannot find module '@/lib/auth-utils' or its corresponding type declarations.
kravy-pos-website-clone/src/app/api/gmail/status/route.ts(3,24): error TS2307: Cannot find module '@/lib/prisma' or its corresponding type declarations.
kravy-pos-website-clone/src/app/api/gmail/sync/route.ts(1,43): error TS2307: Cannot find module 'next/server' or its corresponding type declarations.
kravy-pos-website-clone/src/app/api/gmail/sync/route.ts(2,37): error TS2307: Cannot find module '@/lib/auth-utils' or its corresponding type declarations.
kravy-pos-website-clone/src/app/api/gmail/sync/route.ts(3,24): error TS2307: Cannot find module '@/lib/prisma' or its corresponding type declarations.
kravy-pos-website-clone/src/app/api/gmail/sync/route.ts(4,37): error TS2307: Cannot find module '@/lib/gmail-service' or its corresponding type declarations.
kravy-pos-website-clone/src/app/api/gmail/sync/route.ts(5,28): error TS2307: Cannot find module '@/lib/email-parser' or its corresponding type declarations.
kravy-pos-website-clone/src/app/api/gmail/test-parse/route.ts(1,30): error TS2307: Cannot find module 'next/server' or its corresponding type declarations.
kravy-pos-website-clone/src/app/api/gmail/test-parse/route.ts(2,37): error TS2307: Cannot find module '@/lib/auth-utils' or its corresponding type declarations.
kravy-pos-website-clone/src/app/api/gmail/test-parse/route.ts(3,24): error TS2307: Cannot find module '@/lib/prisma' or its corresponding type declarations.
kravy-pos-website-clone/src/app/api/gmail/test-parse/route.ts(4,28): error TS2307: Cannot find module '@/lib/email-parser' or its corresponding type declarations.
kravy-pos-website-clone/src/app/api/inventory/export/route.ts(1,30): error TS2307: Cannot find module 'next/server' or its corresponding type declarations.
kravy-pos-website-clone/src/app/api/inventory/export/route.ts(2,20): error TS2307: Cannot find module '@/lib/prisma' or its corresponding type declarations.
kravy-pos-website-clone/src/app/api/inventory/export/route.ts(4,37): error TS2307: Cannot find module '@/lib/auth-utils' or its corresponding type declarations.
kravy-pos-website-clone/src/app/api/inventory/materials/route.ts(1,30): error TS2307: Cannot find module 'next/server' or its corresponding type declarations.
kravy-pos-website-clone/src/app/api/inventory/materials/route.ts(2,20): error TS2307: Cannot find module '@/lib/prisma' or its corresponding type declarations.
kravy-pos-website-clone/src/app/api/inventory/materials/route.ts(3,37): error TS2307: Cannot find module '@/lib/auth-utils' or its corresponding type declarations.
kravy-pos-website-clone/src/app/api/inventory/recipes/route.ts(1,30): error TS2307: Cannot find module 'next/server' or its corresponding type declarations.
kravy-pos-website-clone/src/app/api/inventory/recipes/route.ts(2,20): error TS2307: Cannot find module '@/lib/prisma' or its corresponding type declarations.
kravy-pos-website-clone/src/app/api/inventory/recipes/route.ts(3,37): error TS2307: Cannot find module '@/lib/auth-utils' or its corresponding type declarations.
kravy-pos-website-clone/src/app/api/inventory/route.ts(1,30): error TS2307: Cannot find module 'next/server' or its corresponding type declarations.
kravy-pos-website-clone/src/app/api/inventory/route.ts(2,20): error TS2307: Cannot find module '@/lib/prisma' or its corresponding type declarations.
kravy-pos-website-clone/src/app/api/inventory/route.ts(3,37): error TS2307: Cannot find module '@/lib/auth-utils' or its corresponding type declarations.
kravy-pos-website-clone/src/app/api/invoice/[id]/route.ts(1,30): error TS2307: Cannot find module 'next/server' or its corresponding type declarations.
kravy-pos-website-clone/src/app/api/invoice/[id]/route.ts(2,24): error TS2307: Cannot find module '@/lib/prisma' or its corresponding type declarations.
kravy-pos-website-clone/src/app/api/invoice/[id]/route.ts(3,33): error TS2307: Cannot find module '@/lib/generateInvoice' or its corresponding type declarations.
kravy-pos-website-clone/src/app/api/items/route.ts(252,30): error TS2307: Cannot find module 'next/server' or its corresponding type declarations.
kravy-pos-website-clone/src/app/api/items/route.ts(253,20): error TS2307: Cannot find module '@/lib/prisma' or its corresponding type declarations.
kravy-pos-website-clone/src/app/api/items/route.ts(255,37): error TS2307: Cannot find module '@/lib/auth-utils' or its corresponding type declarations.
kravy-pos-website-clone/src/app/api/menu-editor/addon-groups/route.ts(1,30): error TS2307: Cannot find module 'next/server' or its corresponding type declarations.
kravy-pos-website-clone/src/app/api/menu-editor/addon-groups/route.ts(2,20): error TS2307: Cannot find module '@/lib/prisma' or its corresponding type declarations.
kravy-pos-website-clone/src/app/api/menu-editor/addon-groups/route.ts(3,37): error TS2307: Cannot find module '@/lib/auth-utils' or its corresponding type declarations.
kravy-pos-website-clone/src/app/api/menu/delete/route.ts(1,43): error TS2307: Cannot find module 'next/server' or its corresponding type declarations.
kravy-pos-website-clone/src/app/api/menu/delete/route.ts(2,24): error TS2307: Cannot find module '@/lib/prisma' or its corresponding type declarations.
kravy-pos-website-clone/src/app/api/menu/delete/route.ts(3,37): error TS2307: Cannot find module '@/lib/auth-utils' or its corresponding type declarations.
kravy-pos-website-clone/src/app/api/menu/items/route.ts(1,43): error TS2307: Cannot find module 'next/server' or its corresponding type declarations.
kravy-pos-website-clone/src/app/api/menu/items/route.ts(2,20): error TS2307: Cannot find module '@/lib/prisma' or its corresponding type declarations.
kravy-pos-website-clone/src/app/api/menu/items/route.ts(3,37): error TS2307: Cannot find module '@/lib/auth-utils' or its corresponding type declarations.
kravy-pos-website-clone/src/app/api/menu/update/route.ts(1,43): error TS2307: Cannot find module 'next/server' or its corresponding type declarations.
kravy-pos-website-clone/src/app/api/menu/update/route.ts(2,24): error TS2307: Cannot find module '@/lib/prisma' or its corresponding type declarations.
kravy-pos-website-clone/src/app/api/menu/update/route.ts(3,37): error TS2307: Cannot find module '@/lib/auth-utils' or its corresponding type declarations.
kravy-pos-website-clone/src/app/api/menu/view/route.ts(1,43): error TS2307: Cannot find module 'next/server' or its corresponding type declarations.
kravy-pos-website-clone/src/app/api/menu/view/route.ts(2,24): error TS2307: Cannot find module '@/lib/prisma' or its corresponding type declarations.
kravy-pos-website-clone/src/app/api/menu/view/route.ts(3,37): error TS2307: Cannot find module '@/lib/auth-utils' or its corresponding type declarations.
kravy-pos-website-clone/src/app/api/notifications/route.ts(1,29): error TS2307: Cannot find module 'next/server' or its corresponding type declarations.
kravy-pos-website-clone/src/app/api/notifications/route.ts(3,20): error TS2307: Cannot find module '@/lib/prisma' or its corresponding type declarations.
kravy-pos-website-clone/src/app/api/notifications/route.ts(4,37): error TS2307: Cannot find module '@/lib/auth-utils' or its corresponding type declarations.
kravy-pos-website-clone/src/app/api/notifications/route.ts(105,25): error TS2322: Type 'number' is not assignable to type 'Timeout'.
kravy-pos-website-clone/src/app/api/notifications/route.ts(113,17): error TS2322: Type 'number' is not assignable to type 'Timeout'.
kravy-pos-website-clone/src/app/api/orders/[orderId]/merge-items/route.ts(1,43): error TS2307: Cannot find module 'next/server' or its corresponding type declarations.
kravy-pos-website-clone/src/app/api/orders/[orderId]/merge-items/route.ts(2,20): error TS2307: Cannot find module '@/lib/prisma' or its corresponding type declarations.
kravy-pos-website-clone/src/app/api/orders/[orderId]/merge-items/route.ts(3,37): error TS2307: Cannot find module '@/lib/auth-utils' or its corresponding type declarations.
kravy-pos-website-clone/src/app/api/orders/[orderId]/route.ts(1,43): error TS2307: Cannot find module 'next/server' or its corresponding type declarations.
kravy-pos-website-clone/src/app/api/orders/[orderId]/route.ts(2,20): error TS2307: Cannot find module '@/lib/prisma' or its corresponding type declarations.
kravy-pos-website-clone/src/app/api/orders/[orderId]/route.ts(3,37): error TS2307: Cannot find module '@/lib/auth-utils' or its corresponding type declarations.
kravy-pos-website-clone/src/app/api/orders/route.ts(1,43): error TS2307: Cannot find module 'next/server' or its corresponding type declarations.
kravy-pos-website-clone/src/app/api/orders/route.ts(2,20): error TS2307: Cannot find module '@/lib/prisma' or its corresponding type declarations.
kravy-pos-website-clone/src/app/api/orders/route.ts(3,37): error TS2307: Cannot find module '@/lib/auth-utils' or its corresponding type declarations.
kravy-pos-website-clone/src/app/api/orders/route.ts(124,54): error TS2307: Cannot find module '@/lib/inventory-utils' or its corresponding type declarations.
kravy-pos-website-clone/src/app/api/orders/route.ts(267,54): error TS2307: Cannot find module '@/lib/inventory-utils' or its corresponding type declarations.
kravy-pos-website-clone/src/app/api/parties/[id]/bills/route.ts(2,43): error TS2307: Cannot find module 'next/server' or its corresponding type declarations.
kravy-pos-website-clone/src/app/api/parties/[id]/bills/route.ts(3,20): error TS2307: Cannot find module '@/lib/prisma' or its corresponding type declarations.
kravy-pos-website-clone/src/app/api/parties/[id]/bills/route.ts(4,37): error TS2307: Cannot find module '@/lib/auth-utils' or its corresponding type declarations.
kravy-pos-website-clone/src/app/api/parties/[id]/route.ts(1,43): error TS2307: Cannot find module 'next/server' or its corresponding type declarations.
kravy-pos-website-clone/src/app/api/parties/[id]/route.ts(2,24): error TS2307: Cannot find module '@/lib/prisma' or its corresponding type declarations.
kravy-pos-website-clone/src/app/api/parties/[id]/route.ts(4,37): error TS2307: Cannot find module '@/lib/auth-utils' or its corresponding type declarations.
kravy-pos-website-clone/src/app/api/parties/route.ts(196,43): error TS2307: Cannot find module 'next/server' or its corresponding type declarations.
kravy-pos-website-clone/src/app/api/parties/route.ts(197,24): error TS2307: Cannot find module '@/lib/prisma' or its corresponding type declarations.
kravy-pos-website-clone/src/app/api/parties/route.ts(199,37): error TS2307: Cannot find module '@/lib/auth-utils' or its corresponding type declarations.
kravy-pos-website-clone/src/app/api/parties/route.ts(200,10): error TS2305: Module '"@prisma/client"' has no exported member 'Prisma'.
kravy-pos-website-clone/src/app/api/payments/route.ts(1,30): error TS2307: Cannot find module 'next/server' or its corresponding type declarations.
kravy-pos-website-clone/src/app/api/payments/route.ts(2,20): error TS2307: Cannot find module '@/lib/prisma' or its corresponding type declarations.
kravy-pos-website-clone/src/app/api/phonepe/pay/route.ts(1,30): error TS2307: Cannot find module 'next/server' or its corresponding type declarations.
kravy-pos-website-clone/src/app/api/phonepe/pay/route.ts(3,24): error TS2307: Cannot find module '@/lib/prisma' or its corresponding type declarations.
kravy-pos-website-clone/src/app/api/phonepe/pay/route.ts(4,32): error TS2307: Cannot find module '@/lib/phonepe' or its corresponding type declarations.
kravy-pos-website-clone/src/app/api/phonepe/pay/route.ts(7,25): error TS2307: Cannot find module 'next/headers' or its corresponding type declarations.
kravy-pos-website-clone/src/app/api/phonepe/status/[id]/route.ts(1,30): error TS2307: Cannot find module 'next/server' or its corresponding type declarations.
kravy-pos-website-clone/src/app/api/phonepe/status/[id]/route.ts(2,24): error TS2307: Cannot find module '@/lib/prisma' or its corresponding type declarations.
kravy-pos-website-clone/src/app/api/phonepe/status/[id]/route.ts(3,36): error TS2307: Cannot find module '@/lib/phonepe' or its corresponding type declarations.
kravy-pos-website-clone/src/app/api/phonepe/webhook/route.ts(1,30): error TS2307: Cannot find module 'next/server' or its corresponding type declarations.
kravy-pos-website-clone/src/app/api/profile/push-token/route.ts(1,43): error TS2307: Cannot find module 'next/server' or its corresponding type declarations.
kravy-pos-website-clone/src/app/api/profile/push-token/route.ts(2,20): error TS2307: Cannot find module '@/lib/prisma' or its corresponding type declarations.
kravy-pos-website-clone/src/app/api/profile/route.ts(1,30): error TS2307: Cannot find module 'next/server' or its corresponding type declarations.
kravy-pos-website-clone/src/app/api/profile/route.ts(2,20): error TS2307: Cannot find module '@/lib/prisma' or its corresponding type declarations.
kravy-pos-website-clone/src/app/api/profile/route.ts(3,37): error TS2307: Cannot find module '@/lib/auth-utils' or its corresponding type declarations.
kravy-pos-website-clone/src/app/api/public/gallery/[clerkId]/route.ts(1,43): error TS2307: Cannot find module 'next/server' or its corresponding type declarations.
kravy-pos-website-clone/src/app/api/public/gallery/[clerkId]/route.ts(2,20): error TS2307: Cannot find module '@/lib/prisma' or its corresponding type declarations.
kravy-pos-website-clone/src/app/api/public/loyalty/route.ts(1,43): error TS2307: Cannot find module 'next/server' or its corresponding type declarations.
kravy-pos-website-clone/src/app/api/public/loyalty/route.ts(2,20): error TS2307: Cannot find module '@/lib/prisma' or its corresponding type declarations.
kravy-pos-website-clone/src/app/api/public/menu/[clerkId]/route.ts(1,43): error TS2307: Cannot find module 'next/server' or its corresponding type declarations.
kravy-pos-website-clone/src/app/api/public/menu/[clerkId]/route.ts(2,20): error TS2307: Cannot find module '@/lib/prisma' or its corresponding type declarations.
kravy-pos-website-clone/src/app/api/public/menu/route.ts(1,43): error TS2307: Cannot find module 'next/server' or its corresponding type declarations.
kravy-pos-website-clone/src/app/api/public/menu/route.ts(2,20): error TS2307: Cannot find module '@/lib/prisma' or its corresponding type declarations.
kravy-pos-website-clone/src/app/api/public/orders/[orderId]/combined-bill/route.ts(1,43): error TS2307: Cannot find module 'next/server' or its corresponding type declarations.
kravy-pos-website-clone/src/app/api/public/orders/[orderId]/combined-bill/route.ts(2,20): error TS2307: Cannot find module '@/lib/prisma' or its corresponding type declarations.
kravy-pos-website-clone/src/app/api/public/orders/route.ts(1,43): error TS2307: Cannot find module 'next/server' or its corresponding type declarations.
kravy-pos-website-clone/src/app/api/public/orders/route.ts(2,20): error TS2307: Cannot find module '@/lib/prisma' or its corresponding type declarations.
kravy-pos-website-clone/src/app/api/public/orders/track/route.ts(1,43): error TS2307: Cannot find module 'next/server' or its corresponding type declarations.
kravy-pos-website-clone/src/app/api/public/orders/track/route.ts(2,24): error TS2307: Cannot find module '@/lib/prisma' or its corresponding type declarations.
kravy-pos-website-clone/src/app/api/public/pos/[identifier]/route.ts(1,30): error TS2307: Cannot find module 'next/server' or its corresponding type declarations.
kravy-pos-website-clone/src/app/api/public/pos/[identifier]/route.ts(2,20): error TS2307: Cannot find module '@/lib/prisma' or its corresponding type declarations.
kravy-pos-website-clone/src/app/api/public/profile/route.ts(1,43): error TS2307: Cannot find module 'next/server' or its corresponding type declarations.
kravy-pos-website-clone/src/app/api/public/profile/route.ts(2,20): error TS2307: Cannot find module '@/lib/prisma' or its corresponding type declarations.
kravy-pos-website-clone/src/app/api/public/reviews/route.ts(1,43): error TS2307: Cannot find module 'next/server' or its corresponding type declarations.
kravy-pos-website-clone/src/app/api/public/reviews/route.ts(2,20): error TS2307: Cannot find module '@/lib/prisma' or its corresponding type declarations.
kravy-pos-website-clone/src/app/api/reports/gst/route.ts(1,30): error TS2307: Cannot find module 'next/server' or its corresponding type declarations.
kravy-pos-website-clone/src/app/api/reports/gst/route.ts(3,24): error TS2307: Cannot find module '@/lib/prisma' or its corresponding type declarations.
kravy-pos-website-clone/src/app/api/reports/gst/route.ts(4,37): error TS2307: Cannot find module '@/lib/auth-utils' or its corresponding type declarations.
kravy-pos-website-clone/src/app/api/reports/tokens/route.ts(1,30): error TS2307: Cannot find module 'next/server' or its corresponding type declarations.
kravy-pos-website-clone/src/app/api/reports/tokens/route.ts(2,20): error TS2307: Cannot find module '@/lib/prisma' or its corresponding type declarations.
kravy-pos-website-clone/src/app/api/reports/tokens/route.ts(3,37): error TS2307: Cannot find module '@/lib/auth-utils' or its corresponding type declarations.
kravy-pos-website-clone/src/app/api/reviews/route.ts(1,43): error TS2307: Cannot find module 'next/server' or its corresponding type declarations.
kravy-pos-website-clone/src/app/api/reviews/route.ts(2,20): error TS2307: Cannot find module '@/lib/prisma' or its corresponding type declarations.
kravy-pos-website-clone/src/app/api/reviews/route.ts(3,37): error TS2307: Cannot find module '@/lib/auth-utils' or its corresponding type declarations.
kravy-pos-website-clone/src/app/api/search/route.ts(1,30): error TS2307: Cannot find module 'next/server' or its corresponding type declarations.
kravy-pos-website-clone/src/app/api/search/route.ts(2,20): error TS2307: Cannot find module '@/lib/prisma' or its corresponding type declarations.
kravy-pos-website-clone/src/app/api/search/route.ts(3,37): error TS2307: Cannot find module '@/lib/auth-utils' or its corresponding type declarations.
kravy-pos-website-clone/src/app/api/seller/staff/route.ts(1,30): error TS2307: Cannot find module 'next/server' or its corresponding type declarations.
kravy-pos-website-clone/src/app/api/seller/staff/route.ts(2,20): error TS2307: Cannot find module '@/lib/prisma' or its corresponding type declarations.
kravy-pos-website-clone/src/app/api/seller/staff/route.ts(3,29): error TS2307: Cannot find module '@/lib/auth-utils' or its corresponding type declarations.
kravy-pos-website-clone/src/app/api/staff/[id]/route.ts(1,43): error TS2307: Cannot find module 'next/server' or its corresponding type declarations.
kravy-pos-website-clone/src/app/api/staff/[id]/route.ts(2,20): error TS2307: Cannot find module '@/lib/prisma' or its corresponding type declarations.
kravy-pos-website-clone/src/app/api/staff/login/route.ts(1,30): error TS2307: Cannot find module 'next/server' or its corresponding type declarations.
kravy-pos-website-clone/src/app/api/staff/login/route.ts(2,20): error TS2307: Cannot find module '@/lib/prisma' or its corresponding type declarations.
kravy-pos-website-clone/src/app/api/staff/login/route.ts(5,25): error TS2307: Cannot find module 'next/headers' or its corresponding type declarations.
kravy-pos-website-clone/src/app/api/staff/logout/route.ts(1,30): error TS2307: Cannot find module 'next/server' or its corresponding type declarations.
kravy-pos-website-clone/src/app/api/staff/logout/route.ts(2,25): error TS2307: Cannot find module 'next/headers' or its corresponding type declarations.
kravy-pos-website-clone/src/app/api/staff/me/route.ts(1,30): error TS2307: Cannot find module 'next/server' or its corresponding type declarations.
kravy-pos-website-clone/src/app/api/staff/me/route.ts(2,29): error TS2307: Cannot find module '@/lib/auth-utils' or its corresponding type declarations.
kravy-pos-website-clone/src/app/api/staff/me/route.ts(3,20): error TS2307: Cannot find module '@/lib/prisma' or its corresponding type declarations.
kravy-pos-website-clone/src/app/api/staff/route.ts(1,43): error TS2307: Cannot find module 'next/server' or its corresponding type declarations.
kravy-pos-website-clone/src/app/api/staff/route.ts(2,20): error TS2307: Cannot find module '@/lib/prisma' or its corresponding type declarations.
kravy-pos-website-clone/src/app/api/store-items/bulk-update/route.ts(138,30): error TS2307: Cannot find module 'next/server' or its corresponding type declarations.
kravy-pos-website-clone/src/app/api/store-items/bulk-update/route.ts(139,20): error TS2307: Cannot find module '@/lib/prisma' or its corresponding type declarations.
kravy-pos-website-clone/src/app/api/store-items/bulk-update/route.ts(140,37): error TS2307: Cannot find module '@/lib/auth-utils' or its corresponding type declarations.
kravy-pos-website-clone/src/app/api/store-items/bulk/route.ts(1,30): error TS2307: Cannot find module 'next/server' or its corresponding type declarations.
kravy-pos-website-clone/src/app/api/store-items/bulk/route.ts(2,20): error TS2307: Cannot find module '@/lib/prisma' or its corresponding type declarations.
kravy-pos-website-clone/src/app/api/store-items/bulk/route.ts(3,37): error TS2307: Cannot find module '@/lib/auth-utils' or its corresponding type declarations.
kravy-pos-website-clone/src/app/api/subscription/confirm/route.ts(1,30): error TS2307: Cannot find module 'next/server' or its corresponding type declarations.
kravy-pos-website-clone/src/app/api/subscription/confirm/route.ts(2,24): error TS2307: Cannot find module '@/lib/prisma' or its corresponding type declarations.
kravy-pos-website-clone/src/app/api/tables/[id]/route.ts(1,43): error TS2307: Cannot find module 'next/server' or its corresponding type declarations.
kravy-pos-website-clone/src/app/api/tables/[id]/route.ts(2,24): error TS2307: Cannot find module '@/lib/prisma' or its corresponding type declarations.
kravy-pos-website-clone/src/app/api/tables/[id]/route.ts(3,37): error TS2307: Cannot find module '@/lib/auth-utils' or its corresponding type declarations.
kravy-pos-website-clone/src/app/api/tables/route.ts(1,43): error TS2307: Cannot find module 'next/server' or its corresponding type declarations.
kravy-pos-website-clone/src/app/api/tables/route.ts(3,20): error TS2307: Cannot find module '@/lib/prisma' or its corresponding type declarations.
kravy-pos-website-clone/src/app/api/tables/route.ts(4,37): error TS2307: Cannot find module '@/lib/auth-utils' or its corresponding type declarations.
kravy-pos-website-clone/src/app/api/upload-image/route.ts(1,30): error TS2307: Cannot find module 'next/server' or its corresponding type declarations.
kravy-pos-website-clone/src/app/api/upload-image/route.ts(2,24): error TS2307: Cannot find module '@/lib/cloudinary' or its corresponding type declarations.
kravy-pos-website-clone/src/app/api/upload-image/route.ts(5,25): error TS2339: Property 'get' does not exist on type 'FormData'.
kravy-pos-website-clone/src/app/api/upload/image/route.ts(1,30): error TS2307: Cannot find module 'next/server' or its corresponding type declarations.
kravy-pos-website-clone/src/app/api/upload/image/route.ts(3,37): error TS2307: Cannot find module '@/lib/auth-utils' or its corresponding type declarations.
kravy-pos-website-clone/src/app/api/upload/image/route.ts(18,25): error TS2339: Property 'get' does not exist on type 'FormData'.
kravy-pos-website-clone/src/app/api/upload/route.ts(98,30): error TS2307: Cannot find module 'next/server' or its corresponding type declarations.
kravy-pos-website-clone/src/app/api/upload/route.ts(99,24): error TS2307: Cannot find module '@/lib/cloudinary' or its corresponding type declarations.
kravy-pos-website-clone/src/app/api/upload/route.ts(100,37): error TS2307: Cannot find module '@/lib/auth-utils' or its corresponding type declarations.
kravy-pos-website-clone/src/app/api/upload/route.ts(110,27): error TS2339: Property 'get' does not exist on type 'FormData'.
kravy-pos-website-clone/src/app/api/user/activity/route.ts(1,30): error TS2307: Cannot find module 'next/server' or its corresponding type declarations.
kravy-pos-website-clone/src/app/api/user/activity/route.ts(2,24): error TS2307: Cannot find module '@/lib/prisma' or its corresponding type declarations.
kravy-pos-website-clone/src/app/api/user/activity/route.ts(3,29): error TS2307: Cannot find module '@/lib/auth-utils' or its corresponding type declarations.
kravy-pos-website-clone/src/app/api/user/identifiers/route.ts(1,30): error TS2307: Cannot find module 'next/server' or its corresponding type declarations.
kravy-pos-website-clone/src/app/api/user/identifiers/route.ts(2,24): error TS2307: Cannot find module '@/lib/prisma' or its corresponding type declarations.
kravy-pos-website-clone/src/app/api/user/identifiers/route.ts(3,29): error TS2307: Cannot find module '@/lib/auth-utils' or its corresponding type declarations.
kravy-pos-website-clone/src/app/api/user/me/route.ts(1,30): error TS2307: Cannot find module 'next/server' or its corresponding type declarations.
kravy-pos-website-clone/src/app/api/user/me/route.ts(2,20): error TS2307: Cannot find module '@/lib/prisma' or its corresponding type declarations.
kravy-pos-website-clone/src/app/api/user/me/route.ts(3,29): error TS2307: Cannot find module '@/lib/auth-utils' or its corresponding type declarations.
kravy-pos-website-clone/src/app/api/user/sync/route.ts(1,30): error TS2307: Cannot find module 'next/server' or its corresponding type declarations.
kravy-pos-website-clone/src/app/api/user/sync/route.ts(3,20): error TS2307: Cannot find module '@/lib/prisma' or its corresponding type declarations.
kravy-pos-website-clone/src/app/api/wallet/history/[partyId]/route.ts(1,43): error TS2307: Cannot find module 'next/server' or its corresponding type declarations.
kravy-pos-website-clone/src/app/api/wallet/history/[partyId]/route.ts(2,24): error TS2307: Cannot find module '@/lib/prisma' or its corresponding type declarations.
kravy-pos-website-clone/src/app/api/wallet/history/[partyId]/route.ts(3,37): error TS2307: Cannot find module '@/lib/auth-utils' or its corresponding type declarations.
kravy-pos-website-clone/src/app/api/wallet/route.ts(1,43): error TS2307: Cannot find module 'next/server' or its corresponding type declarations.
kravy-pos-website-clone/src/app/api/wallet/route.ts(2,24): error TS2307: Cannot find module '@/lib/prisma' or its corresponding type declarations.
kravy-pos-website-clone/src/app/api/wallet/route.ts(3,37): error TS2307: Cannot find module '@/lib/auth-utils' or its corresponding type declarations.
kravy-pos-website-clone/src/app/api/whatsapp/send-bill/route.ts(1,43): error TS2307: Cannot find module 'next/server' or its corresponding type declarations.
kravy-pos-website-clone/src/app/api/whatsapp/send-bill/route.ts(2,34): error TS2307: Cannot find module '@/lib/whatsapp-bill' or its corresponding type declarations.
kravy-pos-website-clone/src/app/api/whatsapp/send-bill/route.ts(3,24): error TS2307: Cannot find module '@/lib/prisma' or its corresponding type declarations.
kravy-pos-website-clone/src/app/auth/custom/page.tsx(4,100): error TS2307: Cannot find module 'lucide-react' or its corresponding type declarations.
kravy-pos-website-clone/src/app/auth/custom/page.tsx(6,27): error TS2307: Cannot find module 'next/navigation' or its corresponding type declarations.
kravy-pos-website-clone/src/app/checkout/page.tsx(4,44): error TS2307: Cannot find module 'next/navigation' or its corresponding type declarations.
kravy-pos-website-clone/src/app/checkout/page.tsx(16,8): error TS2307: Cannot find module 'lucide-react' or its corresponding type declarations.
kravy-pos-website-clone/src/app/checkout/page.tsx(17,18): error TS2307: Cannot find module 'next/link' or its corresponding type declarations.
kravy-pos-website-clone/src/app/dashboard/admin/invoice-generator/page.tsx(22,8): error TS2307: Cannot find module 'lucide-react' or its corresponding type declarations.
kravy-pos-website-clone/src/app/dashboard/ai-scraper/page.tsx(3,32): error TS2307: Cannot find module '@/components/AuthContext' or its corresponding type declarations.
kravy-pos-website-clone/src/app/dashboard/ai-scraper/page.tsx(14,8): error TS2307: Cannot find module 'lucide-react' or its corresponding type declarations.
kravy-pos-website-clone/src/app/dashboard/ai-scraper/page.tsx(16,28): error TS2307: Cannot find module '@/components/ConfirmContext' or its corresponding type declarations.
kravy-pos-website-clone/src/app/dashboard/backup/page.tsx(4,174): error TS2307: Cannot find module 'lucide-react' or its corresponding type declarations.
kravy-pos-website-clone/src/app/dashboard/backup/page.tsx(5,28): error TS2307: Cannot find module '@/components/ConfirmContext' or its corresponding type declarations.
kravy-pos-website-clone/src/app/dashboard/billing/[id]/page.tsx(390,27): error TS2307: Cannot find module 'next/navigation' or its corresponding type declarations.
kravy-pos-website-clone/src/app/dashboard/billing/[id]/page.tsx(391,18): error TS2307: Cannot find module 'next/link' or its corresponding type declarations.
kravy-pos-website-clone/src/app/dashboard/billing/[id]/page.tsx(396,8): error TS2307: Cannot find module 'lucide-react' or its corresponding type declarations.
kravy-pos-website-clone/src/app/dashboard/billing/[id]/page.tsx(397,38): error TS2307: Cannot find module '@/lib/whatsapp' or its corresponding type declarations.
kravy-pos-website-clone/src/app/dashboard/billing/[id]/page.tsx(398,36): error TS2307: Cannot find module '@/components/WhatsAppBillButton' or its corresponding type declarations.
kravy-pos-website-clone/src/app/dashboard/billing/[id]/page.tsx(399,32): error TS2307: Cannot find module '@/components/AuthContext' or its corresponding type declarations.
kravy-pos-website-clone/src/app/dashboard/billing/[id]/page.tsx(400,28): error TS2307: Cannot find module '@/components/printing/PrintTemplates' or its corresponding type declarations.
kravy-pos-website-clone/src/app/dashboard/billing/[id]/page.tsx(403,3): error TS2305: Module '"@prisma/client"' has no exported member 'BillManager'.
kravy-pos-website-clone/src/app/dashboard/billing/[id]/page.tsx(404,3): error TS2305: Module '"@prisma/client"' has no exported member 'BusinessProfile'.
kravy-pos-website-clone/src/app/dashboard/billing/BillHistoryTable.tsx(10,8): error TS2307: Cannot find module 'lucide-react' or its corresponding type declarations.
kravy-pos-website-clone/src/app/dashboard/billing/BillHistoryTable.tsx(11,38): error TS2307: Cannot find module '@/lib/whatsapp' or its corresponding type declarations.
kravy-pos-website-clone/src/app/dashboard/billing/BillHistoryTable.tsx(13,27): error TS2307: Cannot find module 'next/navigation' or its corresponding type declarations.
kravy-pos-website-clone/src/app/dashboard/billing/BillHistoryTable.tsx(15,28): error TS2307: Cannot find module '@/components/ConfirmContext' or its corresponding type declarations.
kravy-pos-website-clone/src/app/dashboard/billing/BillHistoryTable.tsx(694,38): error TS2345: Argument of type 'unknown' is not assignable to parameter of type 'number'.
kravy-pos-website-clone/src/app/dashboard/billing/checkout/CheckoutClient.tsx(4,18): error TS2307: Cannot find module 'next/link' or its corresponding type declarations.
kravy-pos-website-clone/src/app/dashboard/billing/checkout/CheckoutClient.tsx(5,44): error TS2307: Cannot find module 'next/navigation' or its corresponding type declarations.
kravy-pos-website-clone/src/app/dashboard/billing/checkout/CheckoutClient.tsx(10,8): error TS2307: Cannot find module 'lucide-react' or its corresponding type declarations.
kravy-pos-website-clone/src/app/dashboard/billing/checkout/CheckoutClient.tsx(11,35): error TS2307: Cannot find module '@/lib/discount-utils' or its corresponding type declarations.
kravy-pos-website-clone/src/app/dashboard/billing/checkout/CheckoutClient.tsx(13,23): error TS2307: Cannot find module '@/lib/sounds' or its corresponding type declarations.
kravy-pos-website-clone/src/app/dashboard/billing/checkout/CheckoutClient.tsx(14,36): error TS2307: Cannot find module '@/components/WhatsAppBillButton' or its corresponding type declarations.
kravy-pos-website-clone/src/app/dashboard/billing/checkout/CheckoutClient.tsx(15,32): error TS2307: Cannot find module '@/components/AuthContext' or its corresponding type declarations.
kravy-pos-website-clone/src/app/dashboard/billing/checkout/CheckoutClient.tsx(16,28): error TS2307: Cannot find module '@/components/printing/PrintTemplates' or its corresponding type declarations.
kravy-pos-website-clone/src/app/dashboard/billing/checkout/CheckoutClient.tsx(17,25): error TS2307: Cannot find module '@/components/printing/BillPreview' or its corresponding type declarations.
kravy-pos-website-clone/src/app/dashboard/billing/checkout/CheckoutClient.tsx(20,28): error TS2307: Cannot find module '@/components/ConfirmContext' or its corresponding type declarations.
kravy-pos-website-clone/src/app/dashboard/billing/checkout/CheckoutClient.tsx(747,99): error TS2339: Property 'printedQty' does not exist on type 'BillItem'.
kravy-pos-website-clone/src/app/dashboard/billing/checkout/CheckoutClient.tsx(769,96): error TS2339: Property 'printedQty' does not exist on type 'BillItem'.
kravy-pos-website-clone/src/app/dashboard/billing/checkout/CheckoutClient.tsx(782,100): error TS2339: Property 'printedQty' does not exist on type 'BillItem'.
kravy-pos-website-clone/src/app/dashboard/billing/checkout/CheckoutClient.tsx(814,100): error TS2339: Property 'printedQty' does not exist on type 'BillItem'.
kravy-pos-website-clone/src/app/dashboard/billing/checkout/CheckoutClient.tsx(1280,9): error TS1117: An object literal cannot have multiple properties with the same name.
kravy-pos-website-clone/src/app/dashboard/billing/checkout/CheckoutClient.tsx(1281,9): error TS1117: An object literal cannot have multiple properties with the same name.
kravy-pos-website-clone/src/app/dashboard/billing/checkout/CheckoutClient.tsx(1435,23): error TS2339: Property 'addedAt' does not exist on type 'BillItem'.
kravy-pos-website-clone/src/app/dashboard/billing/checkout/CheckoutClient.tsx(1438,23): error TS2339: Property 'isNew' does not exist on type 'BillItem'.
kravy-pos-website-clone/src/app/dashboard/billing/checkout/CheckoutClient.tsx(2607,41): error TS2339: Property 'itemId' does not exist on type 'BillItem'.
kravy-pos-website-clone/src/app/dashboard/billing/checkout/CheckoutClient.tsx(3092,31): error TS2367: This comparison appears to be unintentional because the types 'number' and 'string' have no overlap.
kravy-pos-website-clone/src/app/dashboard/billing/checkout/CheckoutClient.tsx(3427,29): error TS2367: This comparison appears to be unintentional because the types 'number' and 'string' have no overlap.
kravy-pos-website-clone/src/app/dashboard/billing/deleted/page.tsx(3,27): error TS2307: Cannot find module 'next/navigation' or its corresponding type declarations.
kravy-pos-website-clone/src/app/dashboard/billing/deleted/page.tsx(5,18): error TS2307: Cannot find module 'next/link' or its corresponding type declarations.
kravy-pos-website-clone/src/app/dashboard/billing/deleted/page.tsx(6,28): error TS2307: Cannot find module '@/components/ConfirmContext' or its corresponding type declarations.
kravy-pos-website-clone/src/app/dashboard/billing/deleted/page.tsx(94,111): error TS2339: Property 'type' does not exist on type 'DeletedBill'.
kravy-pos-website-clone/src/app/dashboard/billing/deleted/page.tsx(101,129): error TS2339: Property 'tableName' does not exist on type '{ billNumber: string; total: number; paymentMode: string; paymentStatus: string; isHeld?: boolean; customer?: { name?: string; }; }'.
kravy-pos-website-clone/src/app/dashboard/billing/deleted/page.tsx(134,25): error TS2339: Property 'items' does not exist on type '{ billNumber: string; total: number; paymentMode: string; paymentStatus: string; isHeld?: boolean; customer?: { name?: string; }; }'.
kravy-pos-website-clone/src/app/dashboard/billing/deleted/page.tsx(134,39): error TS2339: Property 'items' does not exist on type '{ billNumber: string; total: number; paymentMode: string; paymentStatus: string; isHeld?: boolean; customer?: { name?: string; }; }'.
kravy-pos-website-clone/src/app/dashboard/billing/deleted/page.tsx(138,145): error TS2339: Property 'type' does not exist on type 'DeletedBill'.
kravy-pos-website-clone/src/app/dashboard/billing/deleted/page.tsx(140,35): error TS2339: Property 'items' does not exist on type '{ billNumber: string; total: number; paymentMode: string; paymentStatus: string; isHeld?: boolean; customer?: { name?: string; }; }'.
kravy-pos-website-clone/src/app/dashboard/billing/page.tsx(3,18): error TS2307: Cannot find module 'next/link' or its corresponding type declarations.
kravy-pos-website-clone/src/app/dashboard/billing/page.tsx(5,44): error TS2307: Cannot find module 'next/navigation' or its corresponding type declarations.
kravy-pos-website-clone/src/app/dashboard/billing/page.tsx(7,38): error TS2307: Cannot find module '@/lib/whatsapp' or its corresponding type declarations.
kravy-pos-website-clone/src/app/dashboard/billing/page.tsx(8,27): error TS2307: Cannot find module '@/components/SearchContext' or its corresponding type declarations.
kravy-pos-website-clone/src/app/dashboard/billing/page.tsx(13,8): error TS2307: Cannot find module 'lucide-react' or its corresponding type declarations.
kravy-pos-website-clone/src/app/dashboard/billing/page.tsx(14,36): error TS2307: Cannot find module '@/components/WhatsAppBillButton' or its corresponding type declarations.
kravy-pos-website-clone/src/app/dashboard/billing/page.tsx(15,32): error TS2307: Cannot find module '@/components/AuthContext' or its corresponding type declarations.
kravy-pos-website-clone/src/app/dashboard/billing/page.tsx(16,23): error TS2307: Cannot find module '@/lib/sounds' or its corresponding type declarations.
kravy-pos-website-clone/src/app/dashboard/billing/page.tsx(260,44): error TS2345: Argument of type '{ billNumber: string; tableName: string; customerName: string; customerPhone: string; paymentStatus: string; paymentMode: string; }' is not assignable to parameter of type 'SetStateAction<{ billNumber: string; tableName: string; customerName: string; customerPhone: string; paymentStatus: string; paymentMode: string; orderType: string; paymentModeFilter: string; statusFilter: string; }>'.
  Type '{ billNumber: string; tableName: string; customerName: string; customerPhone: string; paymentStatus: string; paymentMode: string; }' is missing the following properties from type '{ billNumber: string; tableName: string; customerName: string; customerPhone: string; paymentStatus: string; paymentMode: string; orderType: string; paymentModeFilter: string; statusFilter: string; }': orderType, paymentModeFilter, statusFilter
kravy-pos-website-clone/src/app/dashboard/billing/page.tsx(510,14): error TS2322: Type '(silent?: boolean) => Promise<void>' is not assignable to type 'MouseEventHandler<HTMLButtonElement>'.
  Types of parameters 'silent' and 'event' are incompatible.
    Type 'MouseEvent<HTMLButtonElement, MouseEvent>' is not assignable to type 'boolean'.
kravy-pos-website-clone/src/app/dashboard/combos/page.tsx(21,8): error TS2307: Cannot find module 'lucide-react' or its corresponding type declarations.
kravy-pos-website-clone/src/app/dashboard/combos/page.tsx(24,24): error TS2307: Cannot find module '@/components/ui/button' or its corresponding type declarations.
kravy-pos-website-clone/src/app/dashboard/combos/page.tsx(25,23): error TS2307: Cannot find module '@/components/ui/input' or its corresponding type declarations.
kravy-pos-website-clone/src/app/dashboard/combos/page.tsx(26,22): error TS2307: Cannot find module '@/components/ui/card' or its corresponding type declarations.
kravy-pos-website-clone/src/app/dashboard/combos/page.tsx(27,23): error TS2307: Cannot find module '@/components/ui/label' or its corresponding type declarations.
kravy-pos-website-clone/src/app/dashboard/combos/page.tsx(29,23): error TS2307: Cannot find module '@/lib/sounds' or its corresponding type declarations.
kravy-pos-website-clone/src/app/dashboard/combos/page.tsx(30,28): error TS2307: Cannot find module '@/components/ConfirmContext' or its corresponding type declarations.
kravy-pos-website-clone/src/app/dashboard/combos/page.tsx(39,8): error TS2307: Cannot find module '@/components/ui/sheet' or its corresponding type declarations.
kravy-pos-website-clone/src/app/dashboard/components/analytics-card.tsx(3,35): error TS2307: Cannot find module '@/components/ui/card' or its corresponding type declarations.
kravy-pos-website-clone/src/app/dashboard/components/copy-button.tsx(4,29): error TS2307: Cannot find module 'lucide-react' or its corresponding type declarations.
kravy-pos-website-clone/src/app/dashboard/components/dashboard-sound-alerts.tsx(4,23): error TS2307: Cannot find module '@/lib/sounds' or its corresponding type declarations.
kravy-pos-website-clone/src/app/dashboard/components/date-filter.tsx(4,57): error TS2307: Cannot find module 'next/navigation' or its corresponding type declarations.
kravy-pos-website-clone/src/app/dashboard/components/date-filter.tsx(5,38): error TS2307: Cannot find module 'react-day-picker' or its corresponding type declarations.
kravy-pos-website-clone/src/app/dashboard/components/date-filter.tsx(8,55): error TS2307: Cannot find module 'lucide-react' or its corresponding type declarations.
kravy-pos-website-clone/src/app/dashboard/components/order-type-chart.tsx(4,18): error TS2307: Cannot find module 'next/link' or its corresponding type declarations.
kravy-pos-website-clone/src/app/dashboard/components/order-type-chart.tsx(5,27): error TS2307: Cannot find module 'lucide-react' or its corresponding type declarations.
kravy-pos-website-clone/src/app/dashboard/components/payment-mode-chart.tsx(4,35): error TS2307: Cannot find module 'lucide-react' or its corresponding type declarations.
kravy-pos-website-clone/src/app/dashboard/components/payment-mode-chart.tsx(5,27): error TS2307: Cannot find module 'next/navigation' or its corresponding type declarations.
kravy-pos-website-clone/src/app/dashboard/components/recent-bills.tsx(3,94): error TS2307: Cannot find module 'lucide-react' or its corresponding type declarations.
kravy-pos-website-clone/src/app/dashboard/components/recent-bills.tsx(5,27): error TS2307: Cannot find module 'next/navigation' or its corresponding type declarations.
kravy-pos-website-clone/src/app/dashboard/components/revenue-chart.tsx(12,28): error TS2307: Cannot find module 'lucide-react' or its corresponding type declarations.
kravy-pos-website-clone/src/app/dashboard/components/stats-grid.tsx(3,163): error TS2307: Cannot find module 'lucide-react' or its corresponding type declarations.
kravy-pos-website-clone/src/app/dashboard/components/stats-grid.tsx(5,27): error TS2307: Cannot find module 'next/navigation' or its corresponding type declarations.
kravy-pos-website-clone/src/app/dashboard/components/stats-grid.tsx(6,23): error TS2307: Cannot find module '@/lib/sounds' or its corresponding type declarations.
kravy-pos-website-clone/src/app/dashboard/components/top-items.tsx(4,31): error TS2307: Cannot find module 'lucide-react' or its corresponding type declarations.
kravy-pos-website-clone/src/app/dashboard/components/top-items.tsx(5,27): error TS2307: Cannot find module 'next/navigation' or its corresponding type declarations.
kravy-pos-website-clone/src/app/dashboard/components/uploaditems/CategorySelect.tsx(5,62): error TS2307: Cannot find module 'lucide-react' or its corresponding type declarations.
kravy-pos-website-clone/src/app/dashboard/components/uploaditems/CategorySelect.tsx(8,23): error TS2307: Cannot find module '@/lib/sounds' or its corresponding type declarations.
kravy-pos-website-clone/src/app/dashboard/components/uploaditems/ExpandableSection.tsx(3,40): error TS2307: Cannot find module 'lucide-react' or its corresponding type declarations.
kravy-pos-website-clone/src/app/dashboard/components/uploaditems/ImageUpload.tsx(6,24): error TS2307: Cannot find module 'lucide-react' or its corresponding type declarations.
kravy-pos-website-clone/src/app/dashboard/discounts/page.tsx(4,140): error TS2307: Cannot find module 'lucide-react' or its corresponding type declarations.
kravy-pos-website-clone/src/app/dashboard/discounts/page.tsx(7,35): error TS2307: Cannot find module '@/lib/discount-utils' or its corresponding type declarations.
kravy-pos-website-clone/src/app/dashboard/discounts/page.tsx(8,28): error TS2307: Cannot find module '@/components/ConfirmContext' or its corresponding type declarations.
kravy-pos-website-clone/src/app/dashboard/docs/gst-billing/page.tsx(23,8): error TS2307: Cannot find module 'lucide-react' or its corresponding type declarations.
kravy-pos-website-clone/src/app/dashboard/docs/gst-billing/page.tsx(25,27): error TS2307: Cannot find module 'next/navigation' or its corresponding type declarations.
kravy-pos-website-clone/src/app/dashboard/docs/gst-category-pro/page.tsx(22,8): error TS2307: Cannot find module 'lucide-react' or its corresponding type declarations.
kravy-pos-website-clone/src/app/dashboard/docs/gst-category-pro/page.tsx(24,27): error TS2307: Cannot find module 'next/navigation' or its corresponding type declarations.
kravy-pos-website-clone/src/app/dashboard/docs/gst-category-pro/page.tsx(25,19): error TS2307: Cannot find module 'next/image' or its corresponding type declarations.
kravy-pos-website-clone/src/app/dashboard/docs/menu-management/page.tsx(20,8): error TS2307: Cannot find module 'lucide-react' or its corresponding type declarations.
kravy-pos-website-clone/src/app/dashboard/docs/menu-management/page.tsx(21,27): error TS2307: Cannot find module 'next/navigation' or its corresponding type declarations.
kravy-pos-website-clone/src/app/dashboard/docs/staff-access/interactive/page.tsx(21,8): error TS2307: Cannot find module 'lucide-react' or its corresponding type declarations.
kravy-pos-website-clone/src/app/dashboard/docs/staff-access/interactive/page.tsx(22,27): error TS2307: Cannot find module 'next/navigation' or its corresponding type declarations.
kravy-pos-website-clone/src/app/dashboard/docs/staff-access/page.tsx(25,8): error TS2307: Cannot find module 'lucide-react' or its corresponding type declarations.
kravy-pos-website-clone/src/app/dashboard/docs/staff-access/page.tsx(27,32): error TS2307: Cannot find module '@/components/AuthContext' or its corresponding type declarations.
kravy-pos-website-clone/src/app/dashboard/docs/staff-access/page.tsx(28,27): error TS2307: Cannot find module 'next/navigation' or its corresponding type declarations.
kravy-pos-website-clone/src/app/dashboard/docs/workflow/page.tsx(20,8): error TS2307: Cannot find module 'lucide-react' or its corresponding type declarations.
kravy-pos-website-clone/src/app/dashboard/docs/workflow/page.tsx(21,27): error TS2307: Cannot find module 'next/navigation' or its corresponding type declarations.
kravy-pos-website-clone/src/app/dashboard/expenses/page.tsx(16,8): error TS2307: Cannot find module 'lucide-react' or its corresponding type declarations.
kravy-pos-website-clone/src/app/dashboard/expenses/page.tsx(18,24): error TS2307: Cannot find module 'date-fns' or its corresponding type declarations.
kravy-pos-website-clone/src/app/dashboard/expenses/page.tsx(19,27): error TS2307: Cannot find module 'next/navigation' or its corresponding type declarations.
kravy-pos-website-clone/src/app/dashboard/expenses/page.tsx(20,23): error TS2307: Cannot find module '@/lib/sounds' or its corresponding type declarations.
kravy-pos-website-clone/src/app/dashboard/expenses/pnl/page.tsx(15,8): error TS2307: Cannot find module 'lucide-react' or its corresponding type declarations.
kravy-pos-website-clone/src/app/dashboard/expenses/pnl/page.tsx(16,27): error TS2307: Cannot find module 'next/navigation' or its corresponding type declarations.
kravy-pos-website-clone/src/app/dashboard/expenses/pnl/page.tsx(27,8): error TS2307: Cannot find module 'date-fns' or its corresponding type declarations.
kravy-pos-website-clone/src/app/dashboard/expenses/pnl/page.tsx(28,23): error TS2307: Cannot find module '@/lib/sounds' or its corresponding type declarations.
kravy-pos-website-clone/src/app/dashboard/expenses/reports/page.tsx(15,8): error TS2307: Cannot find module 'lucide-react' or its corresponding type declarations.
kravy-pos-website-clone/src/app/dashboard/expenses/reports/page.tsx(17,27): error TS2307: Cannot find module 'next/navigation' or its corresponding type declarations.
kravy-pos-website-clone/src/app/dashboard/expenses/reports/page.tsx(29,8): error TS2307: Cannot find module 'date-fns' or its corresponding type declarations.
kravy-pos-website-clone/src/app/dashboard/expenses/reports/page.tsx(30,23): error TS2307: Cannot find module '@/lib/sounds' or its corresponding type declarations.
kravy-pos-website-clone/src/app/dashboard/gallery/page.tsx(5,19): error TS2307: Cannot find module 'next/image' or its corresponding type declarations.
kravy-pos-website-clone/src/app/dashboard/gallery/page.tsx(10,8): error TS2307: Cannot find module 'lucide-react' or its corresponding type declarations.
kravy-pos-website-clone/src/app/dashboard/gallery/page.tsx(12,23): error TS2307: Cannot find module '@/lib/sounds' or its corresponding type declarations.
kravy-pos-website-clone/src/app/dashboard/gallery/page.tsx(13,28): error TS2307: Cannot find module '@/components/ConfirmContext' or its corresponding type declarations.
kravy-pos-website-clone/src/app/dashboard/help/page.tsx(18,8): error TS2307: Cannot find module 'lucide-react' or its corresponding type declarations.
kravy-pos-website-clone/src/app/dashboard/help/page.tsx(19,32): error TS2307: Cannot find module '@/components/AuthContext' or its corresponding type declarations.
kravy-pos-website-clone/src/app/dashboard/help/page.tsx(20,18): error TS2307: Cannot find module 'next/link' or its corresponding type declarations.
kravy-pos-website-clone/src/app/dashboard/integration/gmail/page.tsx(4,33): error TS2307: Cannot find module 'next/navigation' or its corresponding type declarations.
kravy-pos-website-clone/src/app/dashboard/integration/gmail/page.tsx(17,8): error TS2307: Cannot find module 'lucide-react' or its corresponding type declarations.
kravy-pos-website-clone/src/app/dashboard/integration/gmail/page.tsx(20,28): error TS2307: Cannot find module '@/components/ConfirmContext' or its corresponding type declarations.
kravy-pos-website-clone/src/app/dashboard/inventory/page.tsx(5,201): error TS2307: Cannot find module 'lucide-react' or its corresponding type declarations.
kravy-pos-website-clone/src/app/dashboard/inventory/page.tsx(7,27): error TS2307: Cannot find module '@/components/SearchContext' or its corresponding type declarations.
kravy-pos-website-clone/src/app/dashboard/inventory/page.tsx(8,18): error TS2307: Cannot find module 'next/link' or its corresponding type declarations.
kravy-pos-website-clone/src/app/dashboard/inventory/page.tsx(9,28): error TS2307: Cannot find module '@/components/ConfirmContext' or its corresponding type declarations.
kravy-pos-website-clone/src/app/dashboard/inventory/reports/page.tsx(19,8): error TS2307: Cannot find module 'lucide-react' or its corresponding type declarations.
kravy-pos-website-clone/src/app/dashboard/inventory/reports/page.tsx(20,18): error TS2307: Cannot find module 'next/link' or its corresponding type declarations.
kravy-pos-website-clone/src/app/dashboard/kitchen/components/order-alert-loop.tsx(4,23): error TS2307: Cannot find module '@/lib/sounds' or its corresponding type declarations.
kravy-pos-website-clone/src/app/dashboard/kitchen/components/order-alert-loop.tsx(26,9): error TS2322: Type 'number' is not assignable to type 'Timeout'.
kravy-pos-website-clone/src/app/dashboard/kitchen/page.tsx(4,36): error TS2307: Cannot find module '@/components/TerminalContext' or its corresponding type declarations.
kravy-pos-website-clone/src/app/dashboard/kitchen/page.tsx(5,44): error TS2307: Cannot find module 'next/navigation' or its corresponding type declarations.
kravy-pos-website-clone/src/app/dashboard/kitchen/page.tsx(7,23): error TS2307: Cannot find module '@/lib/sounds' or its corresponding type declarations.
kravy-pos-website-clone/src/app/dashboard/kitchen/page.tsx(17,8): error TS2307: Cannot find module 'lucide-react' or its corresponding type declarations.
kravy-pos-website-clone/src/app/dashboard/kitchen/page.tsx(28,28): error TS2307: Cannot find module '@/components/printing/PrintTemplates' or its corresponding type declarations.
kravy-pos-website-clone/src/app/dashboard/kitchen/page.tsx(29,25): error TS2307: Cannot find module '@/components/printing/BillPreview' or its corresponding type declarations.
kravy-pos-website-clone/src/app/dashboard/kitchen/page.tsx(32,32): error TS2307: Cannot find module '@/components/AuthContext' or its corresponding type declarations.
kravy-pos-website-clone/src/app/dashboard/kitchen/page.tsx(33,28): error TS2307: Cannot find module '@/components/ConfirmContext' or its corresponding type declarations.
kravy-pos-website-clone/src/app/dashboard/kitchen/page.tsx(857,30): error TS2345: Argument of type '"dashboard"' is not assignable to parameter of type 'SetStateAction<"kitchen" | "track" | "live-orders">'.
kravy-pos-website-clone/src/app/dashboard/kitchen/page.tsx(1585,130): error TS2345: Argument of type 'string' is not assignable to parameter of type '"PENDING" | "COMPLETED" | "PREPARING" | "ACCEPTED" | "READY"'.
kravy-pos-website-clone/src/app/dashboard/kitchen/page.tsx(1888,41): error TS2339: Property 'billNumber' does not exist on type 'Order'.
kravy-pos-website-clone/src/app/dashboard/kitchen/page.tsx(1936,41): error TS2339: Property 'billNumber' does not exist on type 'Order'.
kravy-pos-website-clone/src/app/dashboard/layout.tsx(2,26): error TS2307: Cannot find module '@/components/ClientLayout' or its corresponding type declarations.
kravy-pos-website-clone/src/app/dashboard/layout.tsx(3,30): error TS2307: Cannot find module '@/components/AuthContext' or its corresponding type declarations.
kravy-pos-website-clone/src/app/dashboard/layout.tsx(9,34): error TS2307: Cannot find module '@/components/TerminalContext' or its corresponding type declarations.
kravy-pos-website-clone/src/app/dashboard/menu-editor/page.tsx(1,24): error TS2307: Cannot find module '@/components/MenuEditor' or its corresponding type declarations.
kravy-pos-website-clone/src/app/dashboard/menu-editor/page.tsx(2,37): error TS2307: Cannot find module '@/lib/auth-utils' or its corresponding type declarations.
kravy-pos-website-clone/src/app/dashboard/menu/addons/page.tsx(3,153): error TS2307: Cannot find module 'lucide-react' or its corresponding type declarations.
kravy-pos-website-clone/src/app/dashboard/menu/addons/page.tsx(6,30): error TS2307: Cannot find module '@/components/MenuEditor/AddonGroupsModal' or its corresponding type declarations.
kravy-pos-website-clone/src/app/dashboard/menu/addons/page.tsx(7,18): error TS2307: Cannot find module 'next/link' or its corresponding type declarations.
kravy-pos-website-clone/src/app/dashboard/menu/addons/page.tsx(8,28): error TS2307: Cannot find module '@/components/ConfirmContext' or its corresponding type declarations.
kravy-pos-website-clone/src/app/dashboard/menu/edit/page.tsx(6,83): error TS2307: Cannot find module 'lucide-react' or its corresponding type declarations.
kravy-pos-website-clone/src/app/dashboard/menu/edit/page.tsx(7,24): error TS2307: Cannot find module '@/components/ui/button' or its corresponding type declarations.
kravy-pos-website-clone/src/app/dashboard/menu/edit/page.tsx(8,23): error TS2307: Cannot find module '@/lib/sounds' or its corresponding type declarations.
kravy-pos-website-clone/src/app/dashboard/menu/edit/page.tsx(9,28): error TS2307: Cannot find module '@/app/dashboard/components/uploaditems/CategorySelect' or its corresponding type declarations.
kravy-pos-website-clone/src/app/dashboard/menu/edit/page.tsx(10,28): error TS2307: Cannot find module '@/components/ConfirmContext' or its corresponding type declarations.
kravy-pos-website-clone/src/app/dashboard/menu/upload/page.tsx(8,25): error TS2307: Cannot find module '@/app/dashboard/components/uploaditems/ImageUpload' or its corresponding type declarations.
kravy-pos-website-clone/src/app/dashboard/menu/upload/page.tsx(9,28): error TS2307: Cannot find module '@/app/dashboard/components/uploaditems/CategorySelect' or its corresponding type declarations.
kravy-pos-website-clone/src/app/dashboard/menu/upload/page.tsx(10,27): error TS2307: Cannot find module '@/app/dashboard/components/uploaditems/GstTaxSection' or its corresponding type declarations.
kravy-pos-website-clone/src/app/dashboard/menu/upload/page.tsx(11,35): error TS2307: Cannot find module '@/app/dashboard/components/uploaditems/ProductDetailsSection' or its corresponding type declarations.
kravy-pos-website-clone/src/app/dashboard/menu/upload/page.tsx(12,30): error TS2307: Cannot find module '@/app/dashboard/components/uploaditems/InventorySection' or its corresponding type declarations.
kravy-pos-website-clone/src/app/dashboard/menu/upload/page.tsx(13,28): error TS2307: Cannot find module '@/app/dashboard/components/uploaditems/DisplaySection' or its corresponding type declarations.
kravy-pos-website-clone/src/app/dashboard/menu/view/page.tsx(399,19): error TS2307: Cannot find module 'next/image' or its corresponding type declarations.
kravy-pos-website-clone/src/app/dashboard/menu/view/page.tsx(401,90): error TS2307: Cannot find module 'lucide-react' or its corresponding type declarations.
kravy-pos-website-clone/src/app/dashboard/menu/view/page.tsx(1373,66): error TS2367: This comparison appears to be unintentional because the types '"veg" | "nv"' and '"egg"' have no overlap.
kravy-pos-website-clone/src/app/dashboard/offers/generator/page.tsx(4,18): error TS2307: Cannot find module 'next/link' or its corresponding type declarations.
kravy-pos-website-clone/src/app/dashboard/offers/generator/page.tsx(19,8): error TS2307: Cannot find module 'lucide-react' or its corresponding type declarations.
kravy-pos-website-clone/src/app/dashboard/offers/generator/page.tsx(22,24): error TS2307: Cannot find module '@/components/ui/button' or its corresponding type declarations.
kravy-pos-website-clone/src/app/dashboard/offers/generator/page.tsx(23,23): error TS2307: Cannot find module '@/components/ui/input' or its corresponding type declarations.
kravy-pos-website-clone/src/app/dashboard/offers/generator/page.tsx(24,23): error TS2307: Cannot find module '@/components/ui/label' or its corresponding type declarations.
kravy-pos-website-clone/src/app/dashboard/offers/generator/page.tsx(25,22): error TS2307: Cannot find module '@/components/ui/card' or its corresponding type declarations.
kravy-pos-website-clone/src/app/dashboard/offers/generator/page.tsx(26,23): error TS2307: Cannot find module '@/lib/sounds' or its corresponding type declarations.
kravy-pos-website-clone/src/app/dashboard/offers/page.tsx(4,18): error TS2307: Cannot find module 'next/link' or its corresponding type declarations.
kravy-pos-website-clone/src/app/dashboard/offers/page.tsx(23,8): error TS2307: Cannot find module 'lucide-react' or its corresponding type declarations.
kravy-pos-website-clone/src/app/dashboard/offers/page.tsx(26,24): error TS2307: Cannot find module '@/components/ui/button' or its corresponding type declarations.
kravy-pos-website-clone/src/app/dashboard/offers/page.tsx(27,23): error TS2307: Cannot find module '@/components/ui/input' or its corresponding type declarations.
kravy-pos-website-clone/src/app/dashboard/offers/page.tsx(28,22): error TS2307: Cannot find module '@/components/ui/card' or its corresponding type declarations.
kravy-pos-website-clone/src/app/dashboard/offers/page.tsx(29,23): error TS2307: Cannot find module '@/components/ui/label' or its corresponding type declarations.
kravy-pos-website-clone/src/app/dashboard/offers/page.tsx(30,23): error TS2307: Cannot find module '@/lib/sounds' or its corresponding type declarations.
kravy-pos-website-clone/src/app/dashboard/offers/page.tsx(31,28): error TS2307: Cannot find module '@/components/ConfirmContext' or its corresponding type declarations.
kravy-pos-website-clone/src/app/dashboard/offers/page.tsx(39,8): error TS2307: Cannot find module '@/components/ui/sheet' or its corresponding type declarations.
kravy-pos-website-clone/src/app/dashboard/offers/reviews/page.tsx(4,18): error TS2307: Cannot find module 'next/link' or its corresponding type declarations.
kravy-pos-website-clone/src/app/dashboard/offers/reviews/page.tsx(15,8): error TS2307: Cannot find module 'lucide-react' or its corresponding type declarations.
kravy-pos-website-clone/src/app/dashboard/offers/reviews/page.tsx(18,24): error TS2307: Cannot find module '@/components/ui/button' or its corresponding type declarations.
kravy-pos-website-clone/src/app/dashboard/offers/reviews/page.tsx(19,23): error TS2307: Cannot find module '@/components/ui/input' or its corresponding type declarations.
kravy-pos-website-clone/src/app/dashboard/offers/reviews/page.tsx(20,23): error TS2307: Cannot find module '@/components/ui/label' or its corresponding type declarations.
kravy-pos-website-clone/src/app/dashboard/offers/reviews/page.tsx(21,22): error TS2307: Cannot find module '@/components/ui/card' or its corresponding type declarations.
kravy-pos-website-clone/src/app/dashboard/offers/reviews/page.tsx(23,23): error TS2307: Cannot find module '@/lib/sounds' or its corresponding type declarations.
kravy-pos-website-clone/src/app/dashboard/page.tsx(1,26): error TS2307: Cannot find module 'next/navigation' or its corresponding type declarations.
kravy-pos-website-clone/src/app/dashboard/page.tsx(2,24): error TS2307: Cannot find module '@/lib/prisma' or its corresponding type declarations.
kravy-pos-website-clone/src/app/dashboard/page.tsx(3,37): error TS2307: Cannot find module '@/lib/auth-utils' or its corresponding type declarations.
kravy-pos-website-clone/src/app/dashboard/page.tsx(15,116): error TS2307: Cannot find module 'lucide-react' or its corresponding type declarations.
kravy-pos-website-clone/src/app/dashboard/parties/add/page.tsx(6,27): error TS2307: Cannot find module 'next/navigation' or its corresponding type declarations.
kravy-pos-website-clone/src/app/dashboard/parties/page.tsx(6,18): error TS2307: Cannot find module 'next/link' or its corresponding type declarations.
kravy-pos-website-clone/src/app/dashboard/parties/page.tsx(28,8): error TS2307: Cannot find module 'lucide-react' or its corresponding type declarations.
kravy-pos-website-clone/src/app/dashboard/parties/page.tsx(29,23): error TS2307: Cannot find module '@/lib/sounds' or its corresponding type declarations.
kravy-pos-website-clone/src/app/dashboard/profile/_components/BusinessProfileForm.tsx(4,27): error TS2307: Cannot find module 'next/navigation' or its corresponding type declarations.
kravy-pos-website-clone/src/app/dashboard/profile/_components/BusinessProfileForm.tsx(5,25): error TS2307: Cannot find module 'react-hook-form' or its corresponding type declarations.
kravy-pos-website-clone/src/app/dashboard/profile/_components/BusinessProfileForm.tsx(7,19): error TS2307: Cannot find module 'zod' or its corresponding type declarations.
kravy-pos-website-clone/src/app/dashboard/profile/_components/BusinessProfileForm.tsx(8,58): error TS2307: Cannot find module '@/components/ui/card' or its corresponding type declarations.
kravy-pos-website-clone/src/app/dashboard/profile/_components/BusinessProfileForm.tsx(9,24): error TS2307: Cannot find module '@/components/ui/button' or its corresponding type declarations.
kravy-pos-website-clone/src/app/dashboard/profile/_components/BusinessProfileForm.tsx(11,23): error TS2307: Cannot find module '@/components/ui/input' or its corresponding type declarations.
kravy-pos-website-clone/src/app/dashboard/profile/_components/BusinessProfileForm.tsx(12,23): error TS2307: Cannot find module '@/components/ui/label' or its corresponding type declarations.
kravy-pos-website-clone/src/app/dashboard/profile/_components/BusinessProfileForm.tsx(13,95): error TS2307: Cannot find module 'lucide-react' or its corresponding type declarations.
kravy-pos-website-clone/src/app/dashboard/profile/_components/BusinessProfileForm.tsx(21,8): error TS2307: Cannot find module '@/components/ui/sheet' or its corresponding type declarations.
kravy-pos-website-clone/src/app/dashboard/profile/_components/BusinessProfileForm.tsx(22,26): error TS2307: Cannot find module '@/components/ui/textarea' or its corresponding type declarations.
kravy-pos-website-clone/src/app/dashboard/profile/_components/BusinessProfileForm.tsx(23,36): error TS2307: Cannot find module '@/lib/cloudinary-client' or its corresponding type declarations.
kravy-pos-website-clone/src/app/dashboard/profile/_components/BusinessProfileForm.tsx(24,38): error TS2307: Cannot find module '@/lib/india-state-district' or its corresponding type declarations.
kravy-pos-website-clone/src/app/dashboard/profile/BusinessProfile.tsx(131,19): error TS2307: Cannot find module 'next/image' or its corresponding type declarations.
kravy-pos-website-clone/src/app/dashboard/profile/BusinessProfile.tsx(137,8): error TS2307: Cannot find module '@/components/ui/card' or its corresponding type declarations.
kravy-pos-website-clone/src/app/dashboard/profile/BusinessProfile.tsx(138,23): error TS2307: Cannot find module '@/components/ui/badge' or its corresponding type declarations.
kravy-pos-website-clone/src/app/dashboard/profile/BusinessProfile.tsx(139,24): error TS2307: Cannot find module '@/components/ui/button' or its corresponding type declarations.
kravy-pos-website-clone/src/app/dashboard/profile/BusinessProfile.tsx(140,34): error TS2307: Cannot find module 'lucide-react' or its corresponding type declarations.
kravy-pos-website-clone/src/app/dashboard/profile/BusinessProfile.tsx(143,33): error TS2307: Cannot find module '@/components/profile/UserActivityHeatmap' or its corresponding type declarations.
kravy-pos-website-clone/src/app/dashboard/profile/create/page.tsx(15,27): error TS2307: Cannot find module 'next/navigation' or its corresponding type declarations.
kravy-pos-website-clone/src/app/dashboard/profile/edit/BusinessProfileFormClient.tsx(3,27): error TS2307: Cannot find module 'next/navigation' or its corresponding type declarations.
kravy-pos-website-clone/src/app/dashboard/profile/empty.tsx(1,24): error TS2307: Cannot find module '@/components/ui/button' or its corresponding type declarations.
kravy-pos-website-clone/src/app/dashboard/profile/empty.tsx(2,35): error TS2307: Cannot find module '@/components/ui/card' or its corresponding type declarations.
kravy-pos-website-clone/src/app/dashboard/profile/empty.tsx(3,18): error TS2307: Cannot find module 'next/link' or its corresponding type declarations.
kravy-pos-website-clone/src/app/dashboard/profile/empty.tsx(4,35): error TS2307: Cannot find module 'lucide-react' or its corresponding type declarations.
kravy-pos-website-clone/src/app/dashboard/profile/loading.tsx(1,47): error TS2307: Cannot find module '@/components/ui/card' or its corresponding type declarations.
kravy-pos-website-clone/src/app/dashboard/qr-management/page.tsx(24,8): error TS2307: Cannot find module 'lucide-react' or its corresponding type declarations.
kravy-pos-website-clone/src/app/dashboard/qr-management/page.tsx(25,58): error TS2307: Cannot find module '@/components/ui/card' or its corresponding type declarations.
kravy-pos-website-clone/src/app/dashboard/qr-management/page.tsx(26,24): error TS2307: Cannot find module '@/components/ui/button' or its corresponding type declarations.
kravy-pos-website-clone/src/app/dashboard/qr-management/page.tsx(27,23): error TS2307: Cannot find module '@/components/ui/input' or its corresponding type declarations.
kravy-pos-website-clone/src/app/dashboard/qr-management/page.tsx(28,23): error TS2307: Cannot find module '@/components/ui/badge' or its corresponding type declarations.
kravy-pos-website-clone/src/app/dashboard/qr-management/page.tsx(29,27): error TS2307: Cannot find module '@/components/ui/separator' or its corresponding type declarations.
kravy-pos-website-clone/src/app/dashboard/qr-management/page.tsx(37,8): error TS2307: Cannot find module '@/components/ui/table' or its corresponding type declarations.
kravy-pos-website-clone/src/app/dashboard/qr-management/page.tsx(44,8): error TS2307: Cannot find module '@/components/ui/select' or its corresponding type declarations.
kravy-pos-website-clone/src/app/dashboard/qr-management/page.tsx(45,42): error TS2307: Cannot find module '@/hooks/useRealTimeNotifications' or its corresponding type declarations.
kravy-pos-website-clone/src/app/dashboard/qr-management/page.tsx(46,23): error TS2307: Cannot find module '@/lib/sounds' or its corresponding type declarations.
kravy-pos-website-clone/src/app/dashboard/qr-management/page.tsx(47,28): error TS2307: Cannot find module '@/components/ConfirmContext' or its corresponding type declarations.
kravy-pos-website-clone/src/app/dashboard/qr-orders/page.tsx(15,8): error TS2307: Cannot find module 'lucide-react' or its corresponding type declarations.
kravy-pos-website-clone/src/app/dashboard/qr-orders/page.tsx(16,24): error TS2307: Cannot find module '@/components/ui/button' or its corresponding type declarations.
kravy-pos-website-clone/src/app/dashboard/qr-orders/page.tsx(17,23): error TS2307: Cannot find module '@/components/ui/input' or its corresponding type declarations.
kravy-pos-website-clone/src/app/dashboard/qr-orders/page.tsx(18,23): error TS2307: Cannot find module '@/lib/sounds' or its corresponding type declarations.
kravy-pos-website-clone/src/app/dashboard/reports/analytics/order-type/BillTable.tsx(7,8): error TS2307: Cannot find module 'lucide-react' or its corresponding type declarations.
kravy-pos-website-clone/src/app/dashboard/reports/analytics/order-type/CustomDateSelector.tsx(4,44): error TS2307: Cannot find module 'next/navigation' or its corresponding type declarations.
kravy-pos-website-clone/src/app/dashboard/reports/analytics/order-type/CustomDateSelector.tsx(5,34): error TS2307: Cannot find module 'lucide-react' or its corresponding type declarations.
kravy-pos-website-clone/src/app/dashboard/reports/analytics/order-type/page.tsx(2,20): error TS2307: Cannot find module '@/lib/prisma' or its corresponding type declarations.
kravy-pos-website-clone/src/app/dashboard/reports/analytics/order-type/page.tsx(3,37): error TS2307: Cannot find module '@/lib/auth-utils' or its corresponding type declarations.
kravy-pos-website-clone/src/app/dashboard/reports/analytics/order-type/page.tsx(4,18): error TS2307: Cannot find module 'next/link' or its corresponding type declarations.
kravy-pos-website-clone/src/app/dashboard/reports/analytics/order-type/page.tsx(10,8): error TS2307: Cannot find module 'lucide-react' or its corresponding type declarations.
kravy-pos-website-clone/src/app/dashboard/reports/analytics/page.tsx(1,26): error TS2307: Cannot find module 'next/navigation' or its corresponding type declarations.
kravy-pos-website-clone/src/app/dashboard/reports/analytics/page.tsx(2,24): error TS2307: Cannot find module '@/lib/prisma' or its corresponding type declarations.
kravy-pos-website-clone/src/app/dashboard/reports/analytics/page.tsx(3,37): error TS2307: Cannot find module '@/lib/auth-utils' or its corresponding type declarations.
kravy-pos-website-clone/src/app/dashboard/reports/analytics/page.tsx(4,194): error TS2307: Cannot find module 'lucide-react' or its corresponding type declarations.
kravy-pos-website-clone/src/app/dashboard/reports/analytics/page.tsx(5,18): error TS2307: Cannot find module 'next/link' or its corresponding type declarations.
kravy-pos-website-clone/src/app/dashboard/reports/bills/page.tsx(1,26): error TS2307: Cannot find module 'next/navigation' or its corresponding type declarations.
kravy-pos-website-clone/src/app/dashboard/reports/bills/page.tsx(2,24): error TS2307: Cannot find module '@/lib/prisma' or its corresponding type declarations.
kravy-pos-website-clone/src/app/dashboard/reports/bills/page.tsx(3,37): error TS2307: Cannot find module '@/lib/auth-utils' or its corresponding type declarations.
kravy-pos-website-clone/src/app/dashboard/reports/bills/page.tsx(4,166): error TS2307: Cannot find module 'lucide-react' or its corresponding type declarations.
kravy-pos-website-clone/src/app/dashboard/reports/bills/page.tsx(5,18): error TS2307: Cannot find module 'next/link' or its corresponding type declarations.
kravy-pos-website-clone/src/app/dashboard/reports/customers/page.tsx(1,26): error TS2307: Cannot find module 'next/navigation' or its corresponding type declarations.
kravy-pos-website-clone/src/app/dashboard/reports/customers/page.tsx(2,24): error TS2307: Cannot find module '@/lib/prisma' or its corresponding type declarations.
kravy-pos-website-clone/src/app/dashboard/reports/customers/page.tsx(3,37): error TS2307: Cannot find module '@/lib/auth-utils' or its corresponding type declarations.
kravy-pos-website-clone/src/app/dashboard/reports/customers/page.tsx(4,162): error TS2307: Cannot find module 'lucide-react' or its corresponding type declarations.
kravy-pos-website-clone/src/app/dashboard/reports/customers/page.tsx(5,18): error TS2307: Cannot find module 'next/link' or its corresponding type declarations.
kravy-pos-website-clone/src/app/dashboard/reports/customers/page.tsx(53,47): error TS2339: Property 'name' does not exist on type 'unknown'.
kravy-pos-website-clone/src/app/dashboard/reports/customers/page.tsx(61,33): error TS2339: Property 'loyaltyPoints' does not exist on type 'unknown'.
kravy-pos-website-clone/src/app/dashboard/reports/customers/page.tsx(68,38): error TS2339: Property 'loyaltyPoints' does not exist on type 'unknown'.
kravy-pos-website-clone/src/app/dashboard/reports/gst/dashboard/page.tsx(20,8): error TS2307: Cannot find module 'lucide-react' or its corresponding type declarations.
kravy-pos-website-clone/src/app/dashboard/reports/gst/dashboard/page.tsx(37,61): error TS2307: Cannot find module 'date-fns' or its corresponding type declarations.
kravy-pos-website-clone/src/app/dashboard/reports/gst/dashboard/page.tsx(38,18): error TS2307: Cannot find module 'next/link' or its corresponding type declarations.
kravy-pos-website-clone/src/app/dashboard/reports/gst/page.tsx(22,8): error TS2307: Cannot find module 'lucide-react' or its corresponding type declarations.
kravy-pos-website-clone/src/app/dashboard/reports/gst/page.tsx(24,61): error TS2307: Cannot find module 'date-fns' or its corresponding type declarations.
kravy-pos-website-clone/src/app/dashboard/reports/gst/page.tsx(26,18): error TS2307: Cannot find module 'next/link' or its corresponding type declarations.
kravy-pos-website-clone/src/app/dashboard/reports/items/page.tsx(1,26): error TS2307: Cannot find module 'next/navigation' or its corresponding type declarations.
kravy-pos-website-clone/src/app/dashboard/reports/items/page.tsx(2,24): error TS2307: Cannot find module '@/lib/prisma' or its corresponding type declarations.
kravy-pos-website-clone/src/app/dashboard/reports/items/page.tsx(3,37): error TS2307: Cannot find module '@/lib/auth-utils' or its corresponding type declarations.
kravy-pos-website-clone/src/app/dashboard/reports/items/page.tsx(5,73): error TS2307: Cannot find module 'lucide-react' or its corresponding type declarations.
kravy-pos-website-clone/src/app/dashboard/reports/items/page.tsx(6,18): error TS2307: Cannot find module 'next/link' or its corresponding type declarations.
kravy-pos-website-clone/src/app/dashboard/reports/payments/cash/page.tsx(1,26): error TS2307: Cannot find module 'next/navigation' or its corresponding type declarations.
kravy-pos-website-clone/src/app/dashboard/reports/payments/cash/page.tsx(2,24): error TS2307: Cannot find module '@/lib/prisma' or its corresponding type declarations.
kravy-pos-website-clone/src/app/dashboard/reports/payments/cash/page.tsx(3,37): error TS2307: Cannot find module '@/lib/auth-utils' or its corresponding type declarations.
kravy-pos-website-clone/src/app/dashboard/reports/payments/cash/page.tsx(4,146): error TS2307: Cannot find module 'lucide-react' or its corresponding type declarations.
kravy-pos-website-clone/src/app/dashboard/reports/payments/cash/page.tsx(5,18): error TS2307: Cannot find module 'next/link' or its corresponding type declarations.
kravy-pos-website-clone/src/app/dashboard/reports/payments/page.tsx(1,26): error TS2307: Cannot find module 'next/navigation' or its corresponding type declarations.
kravy-pos-website-clone/src/app/dashboard/reports/payments/page.tsx(2,24): error TS2307: Cannot find module '@/lib/prisma' or its corresponding type declarations.
kravy-pos-website-clone/src/app/dashboard/reports/payments/page.tsx(3,37): error TS2307: Cannot find module '@/lib/auth-utils' or its corresponding type declarations.
kravy-pos-website-clone/src/app/dashboard/reports/payments/page.tsx(5,81): error TS2307: Cannot find module 'lucide-react' or its corresponding type declarations.
kravy-pos-website-clone/src/app/dashboard/reports/payments/page.tsx(6,18): error TS2307: Cannot find module 'next/link' or its corresponding type declarations.
kravy-pos-website-clone/src/app/dashboard/reports/payments/upi/page.tsx(1,26): error TS2307: Cannot find module 'next/navigation' or its corresponding type declarations.
kravy-pos-website-clone/src/app/dashboard/reports/payments/upi/page.tsx(2,24): error TS2307: Cannot find module '@/lib/prisma' or its corresponding type declarations.
kravy-pos-website-clone/src/app/dashboard/reports/payments/upi/page.tsx(3,37): error TS2307: Cannot find module '@/lib/auth-utils' or its corresponding type declarations.
kravy-pos-website-clone/src/app/dashboard/reports/payments/upi/page.tsx(4,151): error TS2307: Cannot find module 'lucide-react' or its corresponding type declarations.
kravy-pos-website-clone/src/app/dashboard/reports/payments/upi/page.tsx(5,18): error TS2307: Cannot find module 'next/link' or its corresponding type declarations.
kravy-pos-website-clone/src/app/dashboard/reports/performance/page.tsx(1,26): error TS2307: Cannot find module 'next/navigation' or its corresponding type declarations.
kravy-pos-website-clone/src/app/dashboard/reports/performance/page.tsx(2,24): error TS2307: Cannot find module '@/lib/prisma' or its corresponding type declarations.
kravy-pos-website-clone/src/app/dashboard/reports/performance/page.tsx(3,37): error TS2307: Cannot find module '@/lib/auth-utils' or its corresponding type declarations.
kravy-pos-website-clone/src/app/dashboard/reports/performance/page.tsx(4,169): error TS2307: Cannot find module 'lucide-react' or its corresponding type declarations.
kravy-pos-website-clone/src/app/dashboard/reports/performance/page.tsx(5,18): error TS2307: Cannot find module 'next/link' or its corresponding type declarations.
kravy-pos-website-clone/src/app/dashboard/reports/sales/daily/BillActionsReport.tsx(4,27): error TS2307: Cannot find module 'next/navigation' or its corresponding type declarations.
kravy-pos-website-clone/src/app/dashboard/reports/sales/daily/BillActionsReport.tsx(5,118): error TS2307: Cannot find module 'lucide-react' or its corresponding type declarations.
kravy-pos-website-clone/src/app/dashboard/reports/sales/daily/BillActionsReport.tsx(7,38): error TS2307: Cannot find module '@/lib/whatsapp' or its corresponding type declarations.
kravy-pos-website-clone/src/app/dashboard/reports/sales/daily/BillActionsReport.tsx(8,28): error TS2307: Cannot find module '@/components/ConfirmContext' or its corresponding type declarations.
kravy-pos-website-clone/src/app/dashboard/reports/sales/daily/page.tsx(1,26): error TS2307: Cannot find module 'next/navigation' or its corresponding type declarations.
kravy-pos-website-clone/src/app/dashboard/reports/sales/daily/page.tsx(2,24): error TS2307: Cannot find module '@/lib/prisma' or its corresponding type declarations.
kravy-pos-website-clone/src/app/dashboard/reports/sales/daily/page.tsx(3,37): error TS2307: Cannot find module '@/lib/auth-utils' or its corresponding type declarations.
kravy-pos-website-clone/src/app/dashboard/reports/sales/daily/page.tsx(9,8): error TS2307: Cannot find module 'lucide-react' or its corresponding type declarations.
kravy-pos-website-clone/src/app/dashboard/reports/sales/daily/page.tsx(10,18): error TS2307: Cannot find module 'next/link' or its corresponding type declarations.
kravy-pos-website-clone/src/app/dashboard/reports/sales/monthly/page.tsx(1,26): error TS2307: Cannot find module 'next/navigation' or its corresponding type declarations.
kravy-pos-website-clone/src/app/dashboard/reports/sales/monthly/page.tsx(2,24): error TS2307: Cannot find module '@/lib/prisma' or its corresponding type declarations.
kravy-pos-website-clone/src/app/dashboard/reports/sales/monthly/page.tsx(3,37): error TS2307: Cannot find module '@/lib/auth-utils' or its corresponding type declarations.
kravy-pos-website-clone/src/app/dashboard/reports/sales/monthly/page.tsx(9,8): error TS2307: Cannot find module 'lucide-react' or its corresponding type declarations.
kravy-pos-website-clone/src/app/dashboard/reports/sales/monthly/page.tsx(10,18): error TS2307: Cannot find module 'next/link' or its corresponding type declarations.
kravy-pos-website-clone/src/app/dashboard/reports/sales/revenue/page.tsx(1,26): error TS2307: Cannot find module 'next/navigation' or its corresponding type declarations.
kravy-pos-website-clone/src/app/dashboard/reports/sales/revenue/page.tsx(2,24): error TS2307: Cannot find module '@/lib/prisma' or its corresponding type declarations.
kravy-pos-website-clone/src/app/dashboard/reports/sales/revenue/page.tsx(3,37): error TS2307: Cannot find module '@/lib/auth-utils' or its corresponding type declarations.
kravy-pos-website-clone/src/app/dashboard/reports/sales/revenue/page.tsx(4,211): error TS2307: Cannot find module 'lucide-react' or its corresponding type declarations.
kravy-pos-website-clone/src/app/dashboard/reports/sales/revenue/page.tsx(5,18): error TS2307: Cannot find module 'next/link' or its corresponding type declarations.
kravy-pos-website-clone/src/app/dashboard/reports/sales/weekly/page.tsx(1,26): error TS2307: Cannot find module 'next/navigation' or its corresponding type declarations.
kravy-pos-website-clone/src/app/dashboard/reports/sales/weekly/page.tsx(2,24): error TS2307: Cannot find module '@/lib/prisma' or its corresponding type declarations.
kravy-pos-website-clone/src/app/dashboard/reports/sales/weekly/page.tsx(3,37): error TS2307: Cannot find module '@/lib/auth-utils' or its corresponding type declarations.
kravy-pos-website-clone/src/app/dashboard/reports/sales/weekly/page.tsx(9,8): error TS2307: Cannot find module 'lucide-react' or its corresponding type declarations.
kravy-pos-website-clone/src/app/dashboard/reports/sales/weekly/page.tsx(10,18): error TS2307: Cannot find module 'next/link' or its corresponding type declarations.
kravy-pos-website-clone/src/app/dashboard/reports/tokens/page.tsx(11,8): error TS2307: Cannot find module 'lucide-react' or its corresponding type declarations.
kravy-pos-website-clone/src/app/dashboard/reports/tokens/page.tsx(12,18): error TS2307: Cannot find module 'next/link' or its corresponding type declarations.
kravy-pos-website-clone/src/app/dashboard/rewards/page.tsx(17,8): error TS2307: Cannot find module 'lucide-react' or its corresponding type declarations.
kravy-pos-website-clone/src/app/dashboard/rewards/page.tsx(18,24): error TS2307: Cannot find module '@/components/ui/button' or its corresponding type declarations.
kravy-pos-website-clone/src/app/dashboard/rewards/page.tsx(19,23): error TS2307: Cannot find module '@/components/ui/input' or its corresponding type declarations.
kravy-pos-website-clone/src/app/dashboard/rewards/page.tsx(20,23): error TS2307: Cannot find module '@/components/ui/label' or its corresponding type declarations.
kravy-pos-website-clone/src/app/dashboard/rewards/page.tsx(21,22): error TS2307: Cannot find module '@/components/ui/card' or its corresponding type declarations.
kravy-pos-website-clone/src/app/dashboard/rewards/page.tsx(28,8): error TS2307: Cannot find module '@/components/ui/sheet' or its corresponding type declarations.
kravy-pos-website-clone/src/app/dashboard/rewards/page.tsx(31,23): error TS2307: Cannot find module '@/lib/sounds' or its corresponding type declarations.
kravy-pos-website-clone/src/app/dashboard/rewards/page.tsx(32,28): error TS2307: Cannot find module '@/components/ConfirmContext' or its corresponding type declarations.
kravy-pos-website-clone/src/app/dashboard/security/page.tsx(4,129): error TS2307: Cannot find module 'lucide-react' or its corresponding type declarations.
kravy-pos-website-clone/src/app/dashboard/settings/account/page.tsx(3,29): error TS2307: Cannot find module '@/components/AccountSettings' or its corresponding type declarations.
kravy-pos-website-clone/src/app/dashboard/settings/advanced/page.tsx(4,27): error TS2307: Cannot find module 'next/navigation' or its corresponding type declarations.
kravy-pos-website-clone/src/app/dashboard/settings/advanced/page.tsx(18,8): error TS2307: Cannot find module 'lucide-react' or its corresponding type declarations.
kravy-pos-website-clone/src/app/dashboard/settings/customer/page.tsx(8,8): error TS2307: Cannot find module 'lucide-react' or its corresponding type declarations.
kravy-pos-website-clone/src/app/dashboard/settings/customer/page.tsx(9,18): error TS2307: Cannot find module 'next/link' or its corresponding type declarations.
kravy-pos-website-clone/src/app/dashboard/settings/customer/page.tsx(11,23): error TS2307: Cannot find module '@/lib/sounds' or its corresponding type declarations.
kravy-pos-website-clone/src/app/dashboard/settings/loyalty/page.tsx(4,27): error TS2307: Cannot find module 'next/navigation' or its corresponding type declarations.
kravy-pos-website-clone/src/app/dashboard/settings/loyalty/page.tsx(15,8): error TS2307: Cannot find module 'lucide-react' or its corresponding type declarations.
kravy-pos-website-clone/src/app/dashboard/settings/notifications/page.tsx(8,8): error TS2307: Cannot find module 'lucide-react' or its corresponding type declarations.
kravy-pos-website-clone/src/app/dashboard/settings/notifications/page.tsx(9,18): error TS2307: Cannot find module 'next/link' or its corresponding type declarations.
kravy-pos-website-clone/src/app/dashboard/settings/notifications/page.tsx(11,23): error TS2307: Cannot find module '@/lib/sounds' or its corresponding type declarations.
kravy-pos-website-clone/src/app/dashboard/settings/page.tsx(4,18): error TS2307: Cannot find module 'next/link' or its corresponding type declarations.
kravy-pos-website-clone/src/app/dashboard/settings/page.tsx(9,8): error TS2307: Cannot find module 'lucide-react' or its corresponding type declarations.
kravy-pos-website-clone/src/app/dashboard/settings/page.tsx(10,26): error TS2307: Cannot find module '@/components/ThemeProvider' or its corresponding type declarations.
kravy-pos-website-clone/src/app/dashboard/settings/pos/page.tsx(9,8): error TS2307: Cannot find module 'lucide-react' or its corresponding type declarations.
kravy-pos-website-clone/src/app/dashboard/settings/pos/page.tsx(10,18): error TS2307: Cannot find module 'next/link' or its corresponding type declarations.
kravy-pos-website-clone/src/app/dashboard/settings/pos/page.tsx(12,23): error TS2307: Cannot find module '@/lib/sounds' or its corresponding type declarations.
kravy-pos-website-clone/src/app/dashboard/settings/printing/page.tsx(11,8): error TS2307: Cannot find module 'lucide-react' or its corresponding type declarations.
kravy-pos-website-clone/src/app/dashboard/settings/printing/page.tsx(12,18): error TS2307: Cannot find module 'next/link' or its corresponding type declarations.
kravy-pos-website-clone/src/app/dashboard/settings/printing/page.tsx(14,23): error TS2307: Cannot find module '@/lib/sounds' or its corresponding type declarations.
kravy-pos-website-clone/src/app/dashboard/settings/printing/page.tsx(15,28): error TS2307: Cannot find module '@/components/printing/PrintTemplates' or its corresponding type declarations.
kravy-pos-website-clone/src/app/dashboard/settings/profile/page.tsx(4,32): error TS2307: Cannot find module '@/components/AuthContext' or its corresponding type declarations.
kravy-pos-website-clone/src/app/dashboard/settings/profile/page.tsx(5,18): error TS2307: Cannot find module 'next/navigation' or its corresponding type declarations.
kravy-pos-website-clone/src/app/dashboard/settings/profile/page.tsx(7,27): error TS2307: Cannot find module 'next/navigation' or its corresponding type declarations.
kravy-pos-website-clone/src/app/dashboard/settings/profile/page.tsx(9,80): error TS2307: Cannot find module 'lucide-react' or its corresponding type declarations.
kravy-pos-website-clone/src/app/dashboard/settings/profile/page.tsx(10,28): error TS2307: Cannot find module '@/components/ConfirmContext' or its corresponding type declarations.
kravy-pos-website-clone/src/app/dashboard/settings/profile/page.tsx(134,17): error TS2448: Block-scoped variable 'identifiers' used before its declaration.
kravy-pos-website-clone/src/app/dashboard/settings/profile/page.tsx(135,17): error TS2448: Block-scoped variable 'identifiers' used before its declaration.
kravy-pos-website-clone/src/app/dashboard/settings/profile/page.tsx(356,8): error TS2304: Cannot find name 'AnimatePresence'.
kravy-pos-website-clone/src/app/dashboard/settings/profile/page.tsx(383,9): error TS2304: Cannot find name 'AnimatePresence'.
kravy-pos-website-clone/src/app/dashboard/settings/tax/page.tsx(4,27): error TS2307: Cannot find module 'next/navigation' or its corresponding type declarations.
kravy-pos-website-clone/src/app/dashboard/settings/tax/page.tsx(11,8): error TS2307: Cannot find module 'lucide-react' or its corresponding type declarations.
kravy-pos-website-clone/src/app/dashboard/settings/tax/page.tsx(13,23): error TS2307: Cannot find module '@/lib/sounds' or its corresponding type declarations.
kravy-pos-website-clone/src/app/dashboard/staff/page.tsx(44,8): error TS2307: Cannot find module 'lucide-react' or its corresponding type declarations.
kravy-pos-website-clone/src/app/dashboard/staff/page.tsx(47,27): error TS2307: Cannot find module 'next/navigation' or its corresponding type declarations.
kravy-pos-website-clone/src/app/dashboard/staff/page.tsx(48,32): error TS2307: Cannot find module '@/components/AuthContext' or its corresponding type declarations.
kravy-pos-website-clone/src/app/dashboard/staff/page.tsx(49,28): error TS2307: Cannot find module '@/components/ConfirmContext' or its corresponding type declarations.
kravy-pos-website-clone/src/app/dashboard/store-item-upload/StoreItemPage.tsx(5,27): error TS2307: Cannot find module 'next/navigation' or its corresponding type declarations.
kravy-pos-website-clone/src/app/dashboard/store-item-upload/StoreItemPage.tsx(7,91): error TS2307: Cannot find module 'lucide-react' or its corresponding type declarations.
kravy-pos-website-clone/src/app/dashboard/store-item-upload/StoreItemPage.tsx(8,23): error TS2307: Cannot find module '@/lib/sounds' or its corresponding type declarations.
kravy-pos-website-clone/src/app/dashboard/store-item-upload/StoreItemPage.tsx(374,9): error TS2353: Object literal may only specify known properties, and 'isVeg' does not exist in type 'StoreItem'.
kravy-pos-website-clone/src/app/dashboard/tables/page.tsx(4,32): error TS2307: Cannot find module '@/components/AuthContext' or its corresponding type declarations.
kravy-pos-website-clone/src/app/dashboard/tables/page.tsx(10,8): error TS2307: Cannot find module 'lucide-react' or its corresponding type declarations.
kravy-pos-website-clone/src/app/dashboard/tables/page.tsx(11,24): error TS2307: Cannot find module '@/components/ui/button' or its corresponding type declarations.
kravy-pos-website-clone/src/app/dashboard/tables/page.tsx(12,23): error TS2307: Cannot find module '@/lib/sounds' or its corresponding type declarations.
kravy-pos-website-clone/src/app/dashboard/tables/page.tsx(13,28): error TS2307: Cannot find module '@/components/printing/QRMenuTemplate' or its corresponding type declarations.
kravy-pos-website-clone/src/app/dashboard/terminal/components/order-alert-loop.tsx(4,23): error TS2307: Cannot find module '@/lib/sounds' or its corresponding type declarations.
kravy-pos-website-clone/src/app/dashboard/terminal/components/order-alert-loop.tsx(26,9): error TS2322: Type 'number' is not assignable to type 'Timeout'.
kravy-pos-website-clone/src/app/dashboard/terminal/page.tsx(4,50): error TS2307: Cannot find module '@/components/TerminalContext' or its corresponding type declarations.
kravy-pos-website-clone/src/app/dashboard/terminal/page.tsx(5,44): error TS2307: Cannot find module 'next/navigation' or its corresponding type declarations.
kravy-pos-website-clone/src/app/dashboard/terminal/page.tsx(7,23): error TS2307: Cannot find module '@/lib/sounds' or its corresponding type declarations.
kravy-pos-website-clone/src/app/dashboard/terminal/page.tsx(18,8): error TS2307: Cannot find module 'lucide-react' or its corresponding type declarations.
kravy-pos-website-clone/src/app/dashboard/terminal/page.tsx(27,28): error TS2307: Cannot find module '@/components/printing/PrintTemplates' or its corresponding type declarations.
kravy-pos-website-clone/src/app/dashboard/terminal/page.tsx(28,25): error TS2307: Cannot find module '@/components/printing/BillPreview' or its corresponding type declarations.
kravy-pos-website-clone/src/app/dashboard/terminal/page.tsx(30,32): error TS2307: Cannot find module '@/components/AuthContext' or its corresponding type declarations.
kravy-pos-website-clone/src/app/dashboard/terminal/page.tsx(31,28): error TS2307: Cannot find module '@/components/ConfirmContext' or its corresponding type declarations.
kravy-pos-website-clone/src/app/dashboard/terminal/page.tsx(107,36): error TS2304: Cannot find name 'Crown'.
kravy-pos-website-clone/src/app/dashboard/terminal/page.tsx(108,40): error TS2304: Cannot find name 'Building'.
kravy-pos-website-clone/src/app/dashboard/terminal/page.tsx(109,39): error TS2304: Cannot find name 'Layout'.
kravy-pos-website-clone/src/app/dashboard/terminal/page.tsx(110,40): error TS2304: Cannot find name 'Wind'.
kravy-pos-website-clone/src/app/dashboard/terminal/page.tsx(111,38): error TS2304: Cannot find name 'Navigation'.
kravy-pos-website-clone/src/app/dashboard/terminal/page.tsx(575,75): error TS2367: This comparison appears to be unintentional because the types '"BILL" | "COMBINED_BILL" | "KOT_BILL"' and '"MANUAL_COMBINE"' have no overlap.
kravy-pos-website-clone/src/app/dashboard/terminal/page.tsx(2385,32): error TS2304: Cannot find name 'resetForm'.
kravy-pos-website-clone/src/app/dashboard/UploadItemPage.tsx(7,48): error TS2307: Cannot find module 'lucide-react' or its corresponding type declarations.
kravy-pos-website-clone/src/app/dashboard/workflow/components/order-alert-loop.tsx(4,23): error TS2307: Cannot find module '@/lib/sounds' or its corresponding type declarations.
kravy-pos-website-clone/src/app/dashboard/workflow/components/order-alert-loop.tsx(26,9): error TS2322: Type 'number' is not assignable to type 'Timeout'.
kravy-pos-website-clone/src/app/dashboard/workflow/page.tsx(4,23): error TS2307: Cannot find module '@/lib/sounds' or its corresponding type declarations.
kravy-pos-website-clone/src/app/dashboard/workflow/page.tsx(14,8): error TS2307: Cannot find module 'lucide-react' or its corresponding type declarations.
kravy-pos-website-clone/src/app/dashboard/workflow/page.tsx(27,32): error TS2307: Cannot find module '@/components/AuthContext' or its corresponding type declarations.
kravy-pos-website-clone/src/app/dashboard/workflow/page.tsx(28,28): error TS2307: Cannot find module '@/components/ConfirmContext' or its corresponding type declarations.
kravy-pos-website-clone/src/app/dashboard/workflow/page.tsx(453,75): error TS2367: This comparison appears to be unintentional because the types '"BILL" | "COMBINED_BILL"' and '"MANUAL_COMBINE"' have no overlap.
kravy-pos-website-clone/src/app/dashboard/workflow/page.tsx(1206,76): error TS2339: Property 'isBillPrinted' does not exist on type 'Order'.
kravy-pos-website-clone/src/app/dashboard/workflow/page.tsx(1479,82): error TS2339: Property 'isBillPrinted' does not exist on type 'Order'.
kravy-pos-website-clone/src/app/dashboard/workflow/page.tsx(1568,132): error TS2345: Argument of type 'string' is not assignable to parameter of type '"PENDING" | "COMPLETED" | "PREPARING" | "ACCEPTED" | "READY"'.
kravy-pos-website-clone/src/app/dashboard/workflow/page.tsx(1709,76): error TS2339: Property 'isBillPrinted' does not exist on type 'Order'.
kravy-pos-website-clone/src/app/dashboard/workflow/page.tsx(1784,130): error TS2345: Argument of type 'string' is not assignable to parameter of type '"PENDING" | "COMPLETED" | "PREPARING" | "ACCEPTED" | "READY"'.
kravy-pos-website-clone/src/app/deleted-bills/page.tsx(5,28): error TS2307: Cannot find module '@/components/ConfirmContext' or its corresponding type declarations.
kravy-pos-website-clone/src/app/demo/page.tsx(26,8): error TS2307: Cannot find module 'lucide-react' or its corresponding type declarations.
kravy-pos-website-clone/src/app/layout.tsx(4,23): error TS2307: Cannot find module '@/components/Providers' or its corresponding type declarations.
kravy-pos-website-clone/src/app/layout.tsx(5,28): error TS2307: Cannot find module '@/components/TopProgressBar' or its corresponding type declarations.
kravy-pos-website-clone/src/app/layout.tsx(6,23): error TS2307: Cannot find module 'next/font/google' or its corresponding type declarations.
kravy-pos-website-clone/src/app/menu/[clerkId]/page.tsx(5,19): error TS2307: Cannot find module 'next/image' or its corresponding type declarations.
kravy-pos-website-clone/src/app/menu/[clerkId]/page.tsx(6,44): error TS2307: Cannot find module 'next/navigation' or its corresponding type declarations.
kravy-pos-website-clone/src/app/menu/[clerkId]/page.tsx(9,23): error TS2307: Cannot find module '@/lib/sounds' or its corresponding type declarations.
kravy-pos-website-clone/src/app/menu/[clerkId]/page.tsx(43,8): error TS2307: Cannot find module 'lucide-react' or its corresponding type declarations.
kravy-pos-website-clone/src/app/menu/[clerkId]/page.tsx(44,34): error TS2307: Cannot find module '@/lib/orderStorage' or its corresponding type declarations.
kravy-pos-website-clone/src/app/menu/[clerkId]/page.tsx(45,31): error TS2307: Cannot find module '@/components/ActiveOrderBanner' or its corresponding type declarations.
kravy-pos-website-clone/src/app/menu/[clerkId]/page.tsx(3165,20): error TS2322: Type '{ children: string; jsx: true; global: true; }' is not assignable to type 'DetailedHTMLProps<StyleHTMLAttributes<HTMLStyleElement>, HTMLStyleElement>'.
  Property 'jsx' does not exist on type 'DetailedHTMLProps<StyleHTMLAttributes<HTMLStyleElement>, HTMLStyleElement>'.
kravy-pos-website-clone/src/app/order-tracking/[orderId]/page.tsx(4,27): error TS2307: Cannot find module 'next/navigation' or its corresponding type declarations.
kravy-pos-website-clone/src/app/order-tracking/[orderId]/page.tsx(5,24): error TS2307: Cannot find module '@/components/ui/button' or its corresponding type declarations.
kravy-pos-website-clone/src/app/order-tracking/[orderId]/page.tsx(25,8): error TS2307: Cannot find module 'lucide-react' or its corresponding type declarations.
kravy-pos-website-clone/src/app/order-tracking/[orderId]/page.tsx(27,31): error TS2307: Cannot find module '@/components/MenuQRAddMoreFlow' or its corresponding type declarations.
kravy-pos-website-clone/src/app/order-tracking/[orderId]/page.tsx(432,98): error TS2339: Property 'type' does not exist on type 'Order'.
kravy-pos-website-clone/src/app/order-tracking/[orderId]/page.tsx(436,103): error TS2339: Property 'paymentStatus' does not exist on type 'Order'.
kravy-pos-website-clone/src/app/order-tracking/[orderId]/page.tsx(552,24): error TS2322: Type '{ children: string; jsx: true; global: true; }' is not assignable to type 'DetailedHTMLProps<StyleHTMLAttributes<HTMLStyleElement>, HTMLStyleElement>'.
  Property 'jsx' does not exist on type 'DetailedHTMLProps<StyleHTMLAttributes<HTMLStyleElement>, HTMLStyleElement>'.
kravy-pos-website-clone/src/app/page.tsx(2,26): error TS2307: Cannot find module 'next/navigation' or its corresponding type declarations.
kravy-pos-website-clone/src/app/page.tsx(8,19): error TS2307: Cannot find module 'next/image' or its corresponding type declarations.
kravy-pos-website-clone/src/app/page.tsx(9,25): error TS2307: Cannot find module 'next/headers' or its corresponding type declarations.
kravy-pos-website-clone/src/app/page.tsx(10,18): error TS2307: Cannot find module 'next/link' or its corresponding type declarations.
kravy-pos-website-clone/src/app/payment/result/[id]/page.tsx(16,8): error TS2307: Cannot find module 'lucide-react' or its corresponding type declarations.
kravy-pos-website-clone/src/app/payment/result/[id]/page.tsx(17,18): error TS2307: Cannot find module 'next/link' or its corresponding type declarations.
kravy-pos-website-clone/src/app/payment/result/[id]/page.tsx(18,27): error TS2307: Cannot find module 'next/navigation' or its corresponding type declarations.
kravy-pos-website-clone/src/app/qr-menu/page.tsx(4,33): error TS2307: Cannot find module 'next/navigation' or its corresponding type declarations.
kravy-pos-website-clone/src/app/qr-menu/page.tsx(5,35): error TS2307: Cannot find module '@/components/ui/card' or its corresponding type declarations.
kravy-pos-website-clone/src/app/qr-menu/page.tsx(6,24): error TS2307: Cannot find module '@/components/ui/button' or its corresponding type declarations.
kravy-pos-website-clone/src/app/qr-menu/page.tsx(7,23): error TS2307: Cannot find module '@/components/ui/badge' or its corresponding type declarations.
kravy-pos-website-clone/src/app/qr-menu/page.tsx(8,27): error TS2307: Cannot find module '@/components/ui/separator' or its corresponding type declarations.
kravy-pos-website-clone/src/app/qr-menu/page.tsx(24,8): error TS2307: Cannot find module 'lucide-react' or its corresponding type declarations.
kravy-pos-website-clone/src/app/review/[orderId]/page.tsx(4,44): error TS2307: Cannot find module 'next/navigation' or its corresponding type declarations.
kravy-pos-website-clone/src/app/review/[orderId]/page.tsx(5,58): error TS2307: Cannot find module '@/components/ui/card' or its corresponding type declarations.
kravy-pos-website-clone/src/app/review/[orderId]/page.tsx(6,24): error TS2307: Cannot find module '@/components/ui/button' or its corresponding type declarations.
kravy-pos-website-clone/src/app/review/[orderId]/page.tsx(7,26): error TS2307: Cannot find module '@/components/ui/textarea' or its corresponding type declarations.
kravy-pos-website-clone/src/app/review/[orderId]/page.tsx(8,23): error TS2307: Cannot find module '@/components/ui/badge' or its corresponding type declarations.
kravy-pos-website-clone/src/app/review/[orderId]/page.tsx(9,27): error TS2307: Cannot find module '@/components/ui/separator' or its corresponding type declarations.
kravy-pos-website-clone/src/app/review/[orderId]/page.tsx(17,8): error TS2307: Cannot find module 'lucide-react' or its corresponding type declarations.
kravy-pos-website-clone/src/app/sign-in/[[...sign-in]]/page.tsx(5,61): error TS2307: Cannot find module 'lucide-react' or its corresponding type declarations.
kravy-pos-website-clone/src/app/sign-in/[[...sign-in]]/page.tsx(7,23): error TS2307: Cannot find module '@/lib/sounds' or its corresponding type declarations.
kravy-pos-website-clone/src/app/sign-up/[[...sign-up]]/page.tsx(5,59): error TS2307: Cannot find module 'lucide-react' or its corresponding type declarations.
kravy-pos-website-clone/src/app/sign-up/[[...sign-up]]/page.tsx(7,23): error TS2307: Cannot find module '@/lib/sounds' or its corresponding type declarations.
kravy-pos-website-clone/src/app/staff/login/page.tsx(13,8): error TS2307: Cannot find module 'lucide-react' or its corresponding type declarations.
kravy-pos-website-clone/src/app/staff/login/page.tsx(14,27): error TS2307: Cannot find module 'next/navigation' or its corresponding type declarations.
kravy-pos-website-clone/src/app/store-item-upload/page.tsx(2,26): error TS2307: Cannot find module 'next/navigation' or its corresponding type declarations.
kravy-pos-website-clone/src/app/track/page.tsx(4,44): error TS2307: Cannot find module 'next/navigation' or its corresponding type declarations.
kravy-pos-website-clone/src/app/track/page.tsx(15,8): error TS2307: Cannot find module 'lucide-react' or its corresponding type declarations.
kravy-pos-website-clone/src/app/track/page.tsx(16,24): error TS2307: Cannot find module '@/components/ui/button' or its corresponding type declarations.
kravy-pos-website-clone/src/app/track/page.tsx(17,23): error TS2307: Cannot find module '@/components/ui/input' or its corresponding type declarations.
kravy-pos-website-clone/src/app/upgrade/page.tsx(16,8): error TS2307: Cannot find module 'lucide-react' or its corresponding type declarations.
kravy-pos-website-clone/src/app/upgrade/page.tsx(17,27): error TS2307: Cannot find module 'next/navigation' or its corresponding type declarations.
kravy-pos-website-clone/src/app/upgrade/page.tsx(18,18): error TS2307: Cannot find module 'next/link' or its corresponding type declarations.
kravy-pos-website-clone/src/components/AccountSettings.tsx(9,8): error TS2307: Cannot find module 'lucide-react' or its corresponding type declarations.
kravy-pos-website-clone/src/components/AccountSettings.tsx(10,27): error TS2307: Cannot find module 'next/navigation' or its corresponding type declarations.
kravy-pos-website-clone/src/components/ActiveOrderBanner.tsx(4,32): error TS2307: Cannot find module '@/lib/orderStorage' or its corresponding type declarations.
kravy-pos-website-clone/src/components/ActiveOrderBanner.tsx(14,8): error TS2307: Cannot find module 'lucide-react' or its corresponding type declarations.
kravy-pos-website-clone/src/components/ClientLayout.tsx(4,20): error TS2307: Cannot find module '@/components/Navbar' or its corresponding type declarations.
kravy-pos-website-clone/src/components/ClientLayout.tsx(5,21): error TS2307: Cannot find module '@/components/Sidebar' or its corresponding type declarations.
kravy-pos-website-clone/src/components/ClientLayout.tsx(6,28): error TS2307: Cannot find module '@/components/SidebarContext' or its corresponding type declarations.
kravy-pos-website-clone/src/components/ClientLayout.tsx(8,43): error TS2307: Cannot find module '@/components/OrderNotificationProvider' or its corresponding type declarations.
kravy-pos-website-clone/src/components/ClientLayout.tsx(9,32): error TS2307: Cannot find module '@/components/AuthContext' or its corresponding type declarations.
kravy-pos-website-clone/src/components/ClientLayout.tsx(10,31): error TS2307: Cannot find module 'lucide-react' or its corresponding type declarations.
kravy-pos-website-clone/src/components/ClientLayout.tsx(11,40): error TS2307: Cannot find module 'next/navigation' or its corresponding type declarations.
kravy-pos-website-clone/src/components/ClientLayout.tsx(12,23): error TS2307: Cannot find module '@/lib/sounds' or its corresponding type declarations.
kravy-pos-website-clone/src/components/ClientLayout.tsx(13,26): error TS2307: Cannot find module '@/components/PremiumAlert' or its corresponding type declarations.
kravy-pos-website-clone/src/components/ClientLayout.tsx(238,18): error TS2304: Cannot find name 'Menu'.
kravy-pos-website-clone/src/components/ConfirmContext.tsx(5,29): error TS2307: Cannot find module 'lucide-react' or its corresponding type declarations.
kravy-pos-website-clone/src/components/CustomUserButton.tsx(4,87): error TS2307: Cannot find module 'lucide-react' or its corresponding type declarations.
kravy-pos-website-clone/src/components/CustomUserButton.tsx(5,18): error TS2307: Cannot find module 'next/link' or its corresponding type declarations.
kravy-pos-website-clone/src/components/CustomUserButton.tsx(7,23): error TS2307: Cannot find module '@/lib/sounds' or its corresponding type declarations.
kravy-pos-website-clone/src/components/MenuEditor/AddonGroupsModal.tsx(3,190): error TS2307: Cannot find module 'lucide-react' or its corresponding type declarations.
kravy-pos-website-clone/src/components/MenuEditor/CategorySidebar.tsx(2,80): error TS2307: Cannot find module 'lucide-react' or its corresponding type declarations.
kravy-pos-website-clone/src/components/MenuEditor/index.tsx(8,89): error TS2307: Cannot find module 'lucide-react' or its corresponding type declarations.
kravy-pos-website-clone/src/components/MenuEditor/index.tsx(9,28): error TS2307: Cannot find module '@/components/ConfirmContext' or its corresponding type declarations.
kravy-pos-website-clone/src/components/MenuEditor/ItemModal.tsx(4,324): error TS2307: Cannot find module 'lucide-react' or its corresponding type declarations.
kravy-pos-website-clone/src/components/MenuEditor/ItemModal.tsx(6,19): error TS2307: Cannot find module 'next/image' or its corresponding type declarations.
kravy-pos-website-clone/src/components/MenuEditor/ItemModal.tsx(8,28): error TS2307: Cannot find module '@/components/ConfirmContext' or its corresponding type declarations.
kravy-pos-website-clone/src/components/MenuEditor/ItemsList.tsx(2,139): error TS2307: Cannot find module 'lucide-react' or its corresponding type declarations.
kravy-pos-website-clone/src/components/MenuEditor/ItemsList.tsx(3,19): error TS2307: Cannot find module 'next/image' or its corresponding type declarations.
kravy-pos-website-clone/src/components/MenuQRAddMoreFlow.example.tsx(9,31): error TS2307: Cannot find module '@/components/MenuQRAddMoreFlow' or its corresponding type declarations.
kravy-pos-website-clone/src/components/Navbar.tsx(9,32): error TS2307: Cannot find module '@/components/AuthContext' or its corresponding type declarations.
kravy-pos-website-clone/src/components/Navbar.tsx(10,30): error TS2307: Cannot find module '@/components/CustomUserButton' or its corresponding type declarations.
kravy-pos-website-clone/src/components/Navbar.tsx(11,27): error TS2307: Cannot find module '@/components/SearchContext' or its corresponding type declarations.
kravy-pos-website-clone/src/components/Navbar.tsx(12,26): error TS2307: Cannot find module '@/components/ThemeProvider' or its corresponding type declarations.
kravy-pos-website-clone/src/components/Navbar.tsx(13,139): error TS2307: Cannot find module 'lucide-react' or its corresponding type declarations.
kravy-pos-website-clone/src/components/Navbar.tsx(14,23): error TS2307: Cannot find module '@/lib/sounds' or its corresponding type declarations.
kravy-pos-website-clone/src/components/Navbar.tsx(15,18): error TS2307: Cannot find module 'next/link' or its corresponding type declarations.
kravy-pos-website-clone/src/components/Navbar.tsx(16,27): error TS2307: Cannot find module 'next/navigation' or its corresponding type declarations.
kravy-pos-website-clone/src/components/OrderNotificationProvider.tsx(7,52): error TS2307: Cannot find module 'lucide-react' or its corresponding type declarations.
kravy-pos-website-clone/src/components/OrderNotificationProvider.tsx(8,23): error TS2307: Cannot find module '@/lib/sounds' or its corresponding type declarations.
kravy-pos-website-clone/src/components/PremiumAlert.tsx(19,8): error TS2307: Cannot find module 'lucide-react' or its corresponding type declarations.
kravy-pos-website-clone/src/components/printing/BillPreview.tsx(3,56): error TS2307: Cannot find module 'lucide-react' or its corresponding type declarations.
kravy-pos-website-clone/src/components/printing/BillPreview.tsx(4,36): error TS2307: Cannot find module '@/components/WhatsAppBillButton' or its corresponding type declarations.
kravy-pos-website-clone/src/components/printing/QRMenuTemplate.tsx(4,83): error TS2307: Cannot find module 'lucide-react' or its corresponding type declarations.
kravy-pos-website-clone/src/components/profile/UserActivityHeatmap.tsx(5,66): error TS2307: Cannot find module 'lucide-react' or its corresponding type declarations.
kravy-pos-website-clone/src/components/Providers.tsx(4,33): error TS2307: Cannot find module '@/components/SidebarContext' or its corresponding type declarations.
kravy-pos-website-clone/src/components/Providers.tsx(5,32): error TS2307: Cannot find module '@/components/SearchContext' or its corresponding type declarations.
kravy-pos-website-clone/src/components/Providers.tsx(6,27): error TS2307: Cannot find module '@/components/ThemeProvider' or its corresponding type declarations.
kravy-pos-website-clone/src/components/Providers.tsx(8,33): error TS2307: Cannot find module '@/components/ConfirmContext' or its corresponding type declarations.
kravy-pos-website-clone/src/components/ResponsiveHeader.tsx(6,18): error TS2307: Cannot find module 'next/link' or its corresponding type declarations.
kravy-pos-website-clone/src/components/ResponsiveHeader.tsx(8,29): error TS2307: Cannot find module 'next/navigation' or its corresponding type declarations.
kravy-pos-website-clone/src/components/ResponsiveHeader.tsx(14,23): error TS2307: Cannot find module '@/lib/sounds' or its corresponding type declarations.
kravy-pos-website-clone/src/components/Sidebar.tsx(4,18): error TS2307: Cannot find module 'next/link' or its corresponding type declarations.
kravy-pos-website-clone/src/components/Sidebar.tsx(5,29): error TS2307: Cannot find module 'next/navigation' or its corresponding type declarations.
kravy-pos-website-clone/src/components/Sidebar.tsx(120,8): error TS2307: Cannot find module 'lucide-react' or its corresponding type declarations.
kravy-pos-website-clone/src/components/Sidebar.tsx(122,23): error TS2307: Cannot find module '@/lib/sounds' or its corresponding type declarations.
kravy-pos-website-clone/src/components/Sidebar.tsx(849,23): error TS2339: Property 'imageUrl' does not exist on type 'AuthUser'.
kravy-pos-website-clone/src/components/Sidebar.tsx(851,30): error TS2339: Property 'imageUrl' does not exist on type 'AuthUser'.
kravy-pos-website-clone/src/components/TopProgressBar.tsx(4,46): error TS2307: Cannot find module 'next/navigation' or its corresponding type declarations.
kravy-pos-website-clone/src/components/ui/avatar.tsx(6,20): error TS2307: Cannot find module '@/lib/utils' or its corresponding type declarations.
kravy-pos-website-clone/src/components/ui/badge.tsx(5,20): error TS2307: Cannot find module '@/lib/utils' or its corresponding type declarations.
kravy-pos-website-clone/src/components/ui/breadcrumb.tsx(3,46): error TS2307: Cannot find module 'lucide-react' or its corresponding type declarations.
kravy-pos-website-clone/src/components/ui/breadcrumb.tsx(5,20): error TS2307: Cannot find module '@/lib/utils' or its corresponding type declarations.
kravy-pos-website-clone/src/components/ui/button.tsx(5,20): error TS2307: Cannot find module '@/lib/utils' or its corresponding type declarations.
kravy-pos-website-clone/src/components/ui/card.tsx(3,20): error TS2307: Cannot find module '@/lib/utils' or its corresponding type declarations.
kravy-pos-website-clone/src/components/ui/chart.tsx(6,20): error TS2307: Cannot find module '@/lib/utils' or its corresponding type declarations.
kravy-pos-website-clone/src/components/ui/checkbox.tsx(5,27): error TS2307: Cannot find module 'lucide-react' or its corresponding type declarations.
kravy-pos-website-clone/src/components/ui/checkbox.tsx(7,20): error TS2307: Cannot find module '@/lib/utils' or its corresponding type declarations.
kravy-pos-website-clone/src/components/ui/drawer.tsx(6,20): error TS2307: Cannot find module '@/lib/utils' or its corresponding type declarations.
kravy-pos-website-clone/src/components/ui/dropdown-menu.tsx(5,57): error TS2307: Cannot find module 'lucide-react' or its corresponding type declarations.
kravy-pos-website-clone/src/components/ui/dropdown-menu.tsx(7,20): error TS2307: Cannot find module '@/lib/utils' or its corresponding type declarations.
kravy-pos-website-clone/src/components/ui/input.tsx(2,20): error TS2307: Cannot find module '@/lib/utils' or its corresponding type declarations.
kravy-pos-website-clone/src/components/ui/label.tsx(6,20): error TS2307: Cannot find module '@/lib/utils' or its corresponding type declarations.
kravy-pos-website-clone/src/components/ui/select.tsx(5,59): error TS2307: Cannot find module 'lucide-react' or its corresponding type declarations.
kravy-pos-website-clone/src/components/ui/select.tsx(7,20): error TS2307: Cannot find module '@/lib/utils' or its corresponding type declarations.
kravy-pos-website-clone/src/components/ui/separator.tsx(6,20): error TS2307: Cannot find module '@/lib/utils' or its corresponding type declarations.
kravy-pos-website-clone/src/components/ui/sheet.tsx(5,23): error TS2307: Cannot find module 'lucide-react' or its corresponding type declarations.
kravy-pos-website-clone/src/components/ui/sheet.tsx(7,20): error TS2307: Cannot find module '@/lib/utils' or its corresponding type declarations.
kravy-pos-website-clone/src/components/ui/sidebar.tsx(6,31): error TS2307: Cannot find module 'lucide-react' or its corresponding type declarations.
kravy-pos-website-clone/src/components/ui/sidebar.tsx(8,29): error TS2307: Cannot find module '@/hooks/use-mobile' or its corresponding type declarations.
kravy-pos-website-clone/src/components/ui/sidebar.tsx(9,20): error TS2307: Cannot find module '@/lib/utils' or its corresponding type declarations.
kravy-pos-website-clone/src/components/ui/sidebar.tsx(10,24): error TS2307: Cannot find module '@/components/ui/button' or its corresponding type declarations.
kravy-pos-website-clone/src/components/ui/sidebar.tsx(11,23): error TS2307: Cannot find module '@/components/ui/input' or its corresponding type declarations.
kravy-pos-website-clone/src/components/ui/sidebar.tsx(12,27): error TS2307: Cannot find module '@/components/ui/separator' or its corresponding type declarations.
kravy-pos-website-clone/src/components/ui/sidebar.tsx(19,8): error TS2307: Cannot find module '@/components/ui/sheet' or its corresponding type declarations.
kravy-pos-website-clone/src/components/ui/sidebar.tsx(20,26): error TS2307: Cannot find module '@/components/ui/skeleton' or its corresponding type declarations.
kravy-pos-website-clone/src/components/ui/sidebar.tsx(26,8): error TS2307: Cannot find module '@/components/ui/tooltip' or its corresponding type declarations.
kravy-pos-website-clone/src/components/ui/skeleton.tsx(1,20): error TS2307: Cannot find module '@/lib/utils' or its corresponding type declarations.
kravy-pos-website-clone/src/components/ui/sonner.tsx(9,8): error TS2307: Cannot find module 'lucide-react' or its corresponding type declarations.
kravy-pos-website-clone/src/components/ui/sonner.tsx(27,7): error TS2322: Type 'React.CSSProperties' is not assignable to type 'import("C:/Users/RentoBees/Desktop/kravv/kravy-pos-website-clone/node_modules/@types/react/index").CSSProperties'.
  Types of property 'alignmentBaseline' are incompatible.
    Type 'import("C:/Users/RentoBees/Desktop/kravv/node_modules/csstype/index").Property.AlignmentBaseline' is not assignable to type 'import("C:/Users/RentoBees/Desktop/kravv/kravy-pos-website-clone/node_modules/@types/react/node_modules/csstype/index").Property.AlignmentBaseline'.
      Type '"auto"' is not assignable to type 'AlignmentBaseline'.
kravy-pos-website-clone/src/components/ui/table.tsx(5,20): error TS2307: Cannot find module '@/lib/utils' or its corresponding type declarations.
kravy-pos-website-clone/src/components/ui/tabs.tsx(6,20): error TS2307: Cannot find module '@/lib/utils' or its corresponding type declarations.
kravy-pos-website-clone/src/components/ui/textarea.tsx(2,20): error TS2307: Cannot find module '@/lib/utils' or its corresponding type declarations.
kravy-pos-website-clone/src/components/ui/toggle-group.tsx(7,20): error TS2307: Cannot find module '@/lib/utils' or its corresponding type declarations.
kravy-pos-website-clone/src/components/ui/toggle-group.tsx(8,32): error TS2307: Cannot find module '@/components/ui/toggle' or its corresponding type declarations.
kravy-pos-website-clone/src/components/ui/toggle.tsx(7,20): error TS2307: Cannot find module '@/lib/utils' or its corresponding type declarations.
kravy-pos-website-clone/src/components/ui/tooltip.tsx(6,20): error TS2307: Cannot find module '@/lib/utils' or its corresponding type declarations.
kravy-pos-website-clone/src/lib/auth-utils.ts(4,25): error TS2307: Cannot find module 'next/headers' or its corresponding type declarations.
kravy-pos-website-clone/src/lib/auth-utils.ts(57,47): error TS2307: Cannot find module 'next/headers' or its corresponding type declarations.
kravy-pos-website-clone/src/lib/cloudinaryUploadFromUrl.ts(1,24): error TS2307: Cannot find module '@/lib/cloudinary' or its corresponding type declarations.
kravy-pos-website-clone/src/lib/gmail-service.ts(1,24): error TS2307: Cannot find module 'googleapis' or its corresponding type declarations.
kravy-pos-website-clone/src/lib/gmail-service.ts(2,24): error TS2307: Cannot find module '@/lib/prisma' or its corresponding type declarations.
kravy-pos-website-clone/src/lib/prisma.ts(2,10): error TS2305: Module '"@prisma/client"' has no exported member 'PrismaClient'.
kravy-pos-website-clone/src/lib/validators/businessProfile.ts(1,19): error TS2307: Cannot find module 'zod' or its corresponding type declarations.
kravy-pos-website-clone/src/lib/whatsapp-bill.ts(4,20): error TS2307: Cannot find module 'twilio' or its corresponding type declarations.
kravy-pos-website-clone/src/middleware.ts(24,30): error TS2307: Cannot find module 'next/server' or its corresponding type declarations.
kravy-pos-website-clone/src/scripts/generate-seller-report.ts(1,10): error TS2305: Module '"@prisma/client"' has no exported member 'PrismaClient'.
kravy-pos-website-clone/src/utils/prismaClient.ts(2,10): error TS2305: Module '"@prisma/client"' has no exported member 'PrismaClient'.
kravy-pos-website-repo/fix-roles.ts(1,10): error TS2305: Module '"@prisma/client"' has no exported member 'PrismaClient'.
kravy-pos-website-repo/playwright.config.ts(1,24): error TS2614: Module '"@playwright/test"' has no exported member 'devices'. Did you mean to use 'import devices from "@playwright/test"' instead?
kravy-pos-website-repo/scratch/check_db_items.ts(1,10): error TS2305: Module '"@prisma/client"' has no exported member 'PrismaClient'.
kravy-pos-website-repo/scripts/fix-dates-prisma.ts(1,10): error TS2305: Module '"@prisma/client"' has no exported member 'PrismaClient'.
kravy-pos-website-repo/scripts/fix-db.ts(173,10): error TS2305: Module '"@prisma/client"' has no exported member 'PrismaClient'.
kravy-pos-website-repo/scripts/fix-premium-defaults.ts(1,10): error TS2305: Module '"@prisma/client"' has no exported member 'PrismaClient'.
kravy-pos-website-repo/scripts/import-samples.ts(4,20): error TS2307: Cannot find module '@/lib/prisma' or its corresponding type declarations.
kravy-pos-website-repo/scripts/seed.ts(2,20): error TS2307: Cannot find module '@/utils/prismaClient' or its corresponding type declarations.
kravy-pos-website-repo/scripts/sync-clerk-users.ts(3,10): error TS2305: Module '"@prisma/client"' has no exported member 'PrismaClient'.
kravy-pos-website-repo/scripts/test-live-gmail.ts(1,10): error TS2305: Module '"@prisma/client"' has no exported member 'PrismaClient'.
kravy-pos-website-repo/scripts/test-pnl-db.ts(1,10): error TS2305: Module '"@prisma/client"' has no exported member 'PrismaClient'.
kravy-pos-website-repo/scripts/verify-dates.ts(1,10): error TS2305: Module '"@prisma/client"' has no exported member 'PrismaClient'.
kravy-pos-website-repo/src/app/admin/activity/page.tsx(225,14): error TS2322: Type '{ children: string; jsx: true; global: true; }' is not assignable to type 'DetailedHTMLProps<StyleHTMLAttributes<HTMLStyleElement>, HTMLStyleElement>'.
  Property 'jsx' does not exist on type 'DetailedHTMLProps<StyleHTMLAttributes<HTMLStyleElement>, HTMLStyleElement>'.
kravy-pos-website-repo/src/app/admin/dashboard/page.tsx(96,32): error TS2339: Property 'slug' does not exist on type '{ upi: boolean; qrMenu: boolean; tax: boolean; kot: boolean; ai: boolean; excel: boolean; }'.
kravy-pos-website-repo/src/app/admin/dashboard/page.tsx(172,21): error TS2322: Type '(page?: number, search?: string, status?: string) => Promise<void>' is not assignable to type 'MouseEventHandler<HTMLButtonElement>'.
  Types of parameters 'page' and 'event' are incompatible.
    Type 'MouseEvent<HTMLButtonElement, MouseEvent>' is not assignable to type 'number'.
kravy-pos-website-repo/src/app/admin/users/[id]/page.tsx(377,29): error TS2339: Property 'isDisabled' does not exist on type 'UserData'.
kravy-pos-website-repo/src/app/admin/users/[id]/page.tsx(1171,28): error TS2339: Property 'isDisabled' does not exist on type 'UserData'.
kravy-pos-website-repo/src/app/admin/users/[id]/page.tsx(1176,28): error TS2339: Property 'isDisabled' does not exist on type 'UserData'.
kravy-pos-website-repo/src/app/admin/users/page.tsx(697,7): error TS2741: Property 'STAFF' is missing in type '{ ADMIN: string; SELLER: string; USER: string; }' but required in type 'Record<Role, string>'.
kravy-pos-website-repo/src/app/api/activity/list/route.ts(2,20): error TS2307: Cannot find module '@/lib/prisma' or its corresponding type declarations.
kravy-pos-website-repo/src/app/api/activity/list/route.ts(3,37): error TS2307: Cannot find module '@/lib/auth-utils' or its corresponding type declarations.
kravy-pos-website-repo/src/app/api/activity/log/route.ts(3,20): error TS2307: Cannot find module '@/lib/prisma' or its corresponding type declarations.
kravy-pos-website-repo/src/app/api/activity/log/route.ts(4,37): error TS2307: Cannot find module '@/lib/auth-utils' or its corresponding type declarations.
kravy-pos-website-repo/src/app/api/admin/activity/route.ts(3,20): error TS2307: Cannot find module '@/lib/prisma' or its corresponding type declarations.
kravy-pos-website-repo/src/app/api/admin/backups/collections/route.ts(4,37): error TS2307: Cannot find module '@/lib/auth-utils' or its corresponding type declarations.
kravy-pos-website-repo/src/app/api/admin/backups/collections/route.ts(5,20): error TS2307: Cannot find module '@/lib/prisma' or its corresponding type declarations.
kravy-pos-website-repo/src/app/api/admin/backups/create/route.ts(2,37): error TS2307: Cannot find module '@/lib/auth-utils' or its corresponding type declarations.
kravy-pos-website-repo/src/app/api/admin/backups/create/route.ts(3,20): error TS2307: Cannot find module '@/lib/prisma' or its corresponding type declarations.
kravy-pos-website-repo/src/app/api/admin/backups/create/route.ts(4,32): error TS2307: Cannot find module '@/lib/backup/mongodb-backup' or its corresponding type declarations.
kravy-pos-website-repo/src/app/api/admin/backups/delete/route.ts(2,37): error TS2307: Cannot find module '@/lib/auth-utils' or its corresponding type declarations.
kravy-pos-website-repo/src/app/api/admin/backups/delete/route.ts(3,20): error TS2307: Cannot find module '@/lib/prisma' or its corresponding type declarations.
kravy-pos-website-repo/src/app/api/admin/backups/download/route.ts(4,37): error TS2307: Cannot find module '@/lib/auth-utils' or its corresponding type declarations.
kravy-pos-website-repo/src/app/api/admin/backups/download/route.ts(5,20): error TS2307: Cannot find module '@/lib/prisma' or its corresponding type declarations.
kravy-pos-website-repo/src/app/api/admin/backups/export/route.ts(5,37): error TS2307: Cannot find module '@/lib/auth-utils' or its corresponding type declarations.
kravy-pos-website-repo/src/app/api/admin/backups/export/route.ts(6,20): error TS2307: Cannot find module '@/lib/prisma' or its corresponding type declarations.
kravy-pos-website-repo/src/app/api/admin/backups/inspect/route.ts(4,37): error TS2307: Cannot find module '@/lib/auth-utils' or its corresponding type declarations.
kravy-pos-website-repo/src/app/api/admin/backups/inspect/route.ts(5,20): error TS2307: Cannot find module '@/lib/prisma' or its corresponding type declarations.
kravy-pos-website-repo/src/app/api/admin/backups/route.ts(3,37): error TS2307: Cannot find module '@/lib/auth-utils' or its corresponding type declarations.
kravy-pos-website-repo/src/app/api/admin/backups/route.ts(4,20): error TS2307: Cannot find module '@/lib/prisma' or its corresponding type declarations.
kravy-pos-website-repo/src/app/api/admin/combos/[id]/route.ts(2,24): error TS2307: Cannot find module '@/lib/prisma' or its corresponding type declarations.
kravy-pos-website-repo/src/app/api/admin/combos/[id]/route.ts(4,37): error TS2307: Cannot find module '@/lib/auth-utils' or its corresponding type declarations.
kravy-pos-website-repo/src/app/api/admin/combos/route.ts(2,20): error TS2307: Cannot find module '@/lib/prisma' or its corresponding type declarations.
kravy-pos-website-repo/src/app/api/admin/combos/route.ts(4,37): error TS2307: Cannot find module '@/lib/auth-utils' or its corresponding type declarations.
kravy-pos-website-repo/src/app/api/admin/dashboard-stats/config/route.ts(2,20): error TS2307: Cannot find module '@/lib/prisma' or its corresponding type declarations.
kravy-pos-website-repo/src/app/api/admin/dashboard-stats/config/route.ts(3,29): error TS2307: Cannot find module '@/lib/auth-utils' or its corresponding type declarations.
kravy-pos-website-repo/src/app/api/admin/dashboard-stats/route.ts(2,20): error TS2307: Cannot find module '@/lib/prisma' or its corresponding type declarations.
kravy-pos-website-repo/src/app/api/admin/dashboard-stats/route.ts(3,29): error TS2307: Cannot find module '@/lib/auth-utils' or its corresponding type declarations.
kravy-pos-website-repo/src/app/api/admin/dashboard-stats/route.ts(145,33): error TS2339: Property '_count' does not exist on type 'unknown'.
kravy-pos-website-repo/src/app/api/admin/dashboard-stats/route.ts(146,36): error TS2339: Property '_sum' does not exist on type 'unknown'.
kravy-pos-website-repo/src/app/api/admin/dashboard-stats/route.ts(147,36): error TS2339: Property '_max' does not exist on type 'unknown'.
kravy-pos-website-repo/src/app/api/admin/gallery/route.ts(2,20): error TS2307: Cannot find module '@/lib/prisma' or its corresponding type declarations.
kravy-pos-website-repo/src/app/api/admin/gallery/route.ts(3,37): error TS2307: Cannot find module '@/lib/auth-utils' or its corresponding type declarations.
kravy-pos-website-repo/src/app/api/admin/generate-invoice/route.ts(2,42): error TS2307: Cannot find module '@/lib/pdf/invoice-pdf' or its corresponding type declarations.
kravy-pos-website-repo/src/app/api/admin/generate-invoice/route.ts(3,37): error TS2307: Cannot find module '@/lib/auth-utils' or its corresponding type declarations.
kravy-pos-website-repo/src/app/api/admin/generate-invoice/route.ts(4,20): error TS2307: Cannot find module '@/lib/prisma' or its corresponding type declarations.
kravy-pos-website-repo/src/app/api/admin/offers/[id]/route.ts(2,24): error TS2307: Cannot find module '@/lib/prisma' or its corresponding type declarations.
kravy-pos-website-repo/src/app/api/admin/offers/[id]/route.ts(4,37): error TS2307: Cannot find module '@/lib/auth-utils' or its corresponding type declarations.
kravy-pos-website-repo/src/app/api/admin/offers/route.ts(2,24): error TS2307: Cannot find module '@/lib/prisma' or its corresponding type declarations.
kravy-pos-website-repo/src/app/api/admin/offers/route.ts(4,37): error TS2307: Cannot find module '@/lib/auth-utils' or its corresponding type declarations.
kravy-pos-website-repo/src/app/api/admin/onboard-custom/route.ts(2,20): error TS2307: Cannot find module '@/lib/prisma' or its corresponding type declarations.
kravy-pos-website-repo/src/app/api/admin/onboard-custom/route.ts(4,29): error TS2307: Cannot find module '@/lib/auth-utils' or its corresponding type declarations.
kravy-pos-website-repo/src/app/api/admin/onboard-custom/route.ts(15,28): error TS2339: Property 'get' does not exist on type 'FormData'.
kravy-pos-website-repo/src/app/api/admin/onboard-custom/route.ts(16,28): error TS2339: Property 'get' does not exist on type 'FormData'.
kravy-pos-website-repo/src/app/api/admin/onboard-custom/route.ts(17,31): error TS2339: Property 'get' does not exist on type 'FormData'.
kravy-pos-website-repo/src/app/api/admin/onboard-custom/route.ts(18,35): error TS2339: Property 'get' does not exist on type 'FormData'.
kravy-pos-website-repo/src/app/api/admin/onboard-custom/route.ts(19,37): error TS2339: Property 'get' does not exist on type 'FormData'.
kravy-pos-website-repo/src/app/api/admin/onboard-custom/route.ts(64,34): error TS2339: Property 'get' does not exist on type 'FormData'.
kravy-pos-website-repo/src/app/api/admin/onboard-custom/route.ts(76,31): error TS2339: Property 'get' does not exist on type 'FormData'.
kravy-pos-website-repo/src/app/api/admin/onboard/route.ts(3,20): error TS2307: Cannot find module '@/lib/prisma' or its corresponding type declarations.
kravy-pos-website-repo/src/app/api/admin/onboard/route.ts(5,29): error TS2307: Cannot find module '@/lib/auth-utils' or its corresponding type declarations.
kravy-pos-website-repo/src/app/api/admin/onboard/route.ts(15,28): error TS2339: Property 'get' does not exist on type 'FormData'.
kravy-pos-website-repo/src/app/api/admin/onboard/route.ts(16,31): error TS2339: Property 'get' does not exist on type 'FormData'.
kravy-pos-website-repo/src/app/api/admin/onboard/route.ts(17,35): error TS2339: Property 'get' does not exist on type 'FormData'.
kravy-pos-website-repo/src/app/api/admin/onboard/route.ts(18,31): error TS2339: Property 'get' does not exist on type 'FormData'.
kravy-pos-website-repo/src/app/api/admin/onboard/route.ts(20,45): error TS2339: Property 'get' does not exist on type 'FormData'.
kravy-pos-website-repo/src/app/api/admin/reports/sellers/[id]/route.ts(2,20): error TS2307: Cannot find module '@/lib/prisma' or its corresponding type declarations.
kravy-pos-website-repo/src/app/api/admin/reports/sellers/export/route.ts(2,20): error TS2307: Cannot find module '@/lib/prisma' or its corresponding type declarations.
kravy-pos-website-repo/src/app/api/admin/reports/sellers/route.ts(2,20): error TS2307: Cannot find module '@/lib/prisma' or its corresponding type declarations.
kravy-pos-website-repo/src/app/api/admin/rewards/[id]/route.ts(2,24): error TS2307: Cannot find module '@/lib/prisma' or its corresponding type declarations.
kravy-pos-website-repo/src/app/api/admin/rewards/[id]/route.ts(4,37): error TS2307: Cannot find module '@/lib/auth-utils' or its corresponding type declarations.
kravy-pos-website-repo/src/app/api/admin/rewards/route.ts(2,24): error TS2307: Cannot find module '@/lib/prisma' or its corresponding type declarations.
kravy-pos-website-repo/src/app/api/admin/rewards/route.ts(4,37): error TS2307: Cannot find module '@/lib/auth-utils' or its corresponding type declarations.
kravy-pos-website-repo/src/app/api/admin/roles/route.ts(2,20): error TS2307: Cannot find module '@/lib/prisma' or its corresponding type declarations.
kravy-pos-website-repo/src/app/api/admin/roles/route.ts(3,10): error TS2305: Module '"@prisma/client"' has no exported member 'Role'.
kravy-pos-website-repo/src/app/api/admin/roles/route.ts(4,29): error TS2307: Cannot find module '@/lib/auth-utils' or its corresponding type declarations.
kravy-pos-website-repo/src/app/api/admin/route.ts(3,20): error TS2307: Cannot find module '@/lib/prisma' or its corresponding type declarations.
kravy-pos-website-repo/src/app/api/admin/self-promote/route.ts(3,20): error TS2307: Cannot find module '@/lib/prisma' or its corresponding type declarations.
kravy-pos-website-repo/src/app/api/admin/seller-detail/route.ts(2,20): error TS2307: Cannot find module '@/lib/prisma' or its corresponding type declarations.
kravy-pos-website-repo/src/app/api/admin/seller-detail/route.ts(3,29): error TS2307: Cannot find module '@/lib/auth-utils' or its corresponding type declarations.
kravy-pos-website-repo/src/app/api/admin/settings/route.ts(2,20): error TS2307: Cannot find module '@/lib/prisma' or its corresponding type declarations.
kravy-pos-website-repo/src/app/api/admin/users/[id]/route.ts(2,20): error TS2307: Cannot find module '@/lib/prisma' or its corresponding type declarations.
kravy-pos-website-repo/src/app/api/admin/users/[id]/route.ts(3,29): error TS2307: Cannot find module '@/lib/auth-utils' or its corresponding type declarations.
kravy-pos-website-repo/src/app/api/admin/users/[id]/route.ts(86,28): error TS2339: Property 'browserName' does not exist on type 'Session'.
kravy-pos-website-repo/src/app/api/admin/users/[id]/route.ts(87,31): error TS2339: Property 'browserVersion' does not exist on type 'Session'.
kravy-pos-website-repo/src/app/api/admin/users/[id]/route.ts(88,27): error TS2339: Property 'deviceType' does not exist on type 'Session'.
kravy-pos-website-repo/src/app/api/admin/users/[id]/route.ts(89,23): error TS2339: Property 'osName' does not exist on type 'Session'.
kravy-pos-website-repo/src/app/api/admin/users/[id]/route.ts(90,26): error TS2339: Property 'osVersion' does not exist on type 'Session'.
kravy-pos-website-repo/src/app/api/admin/users/[id]/route.ts(91,26): error TS2339: Property 'ipAddress' does not exist on type 'Session'.
kravy-pos-website-repo/src/app/api/admin/users/disable/route.ts(6,20): error TS2307: Cannot find module '@/lib/prisma' or its corresponding type declarations.
kravy-pos-website-repo/src/app/api/admin/users/disable/route.ts(7,29): error TS2307: Cannot find module '@/lib/auth-utils' or its corresponding type declarations.
kravy-pos-website-repo/src/app/api/admin/users/impersonate/route.ts(2,20): error TS2307: Cannot find module '@/lib/prisma' or its corresponding type declarations.
kravy-pos-website-repo/src/app/api/admin/users/impersonate/route.ts(3,29): error TS2307: Cannot find module '@/lib/auth-utils' or its corresponding type declarations.
kravy-pos-website-repo/src/app/api/admin/users/invite/route.ts(6,20): error TS2307: Cannot find module '@/lib/prisma' or its corresponding type declarations.
kravy-pos-website-repo/src/app/api/admin/users/role/route.ts(3,20): error TS2307: Cannot find module '@/lib/prisma' or its corresponding type declarations.
kravy-pos-website-repo/src/app/api/admin/users/role/route.ts(4,29): error TS2307: Cannot find module '@/lib/auth-utils' or its corresponding type declarations.
kravy-pos-website-repo/src/app/api/admin/users/route.ts(3,20): error TS2307: Cannot find module '@/lib/prisma' or its corresponding type declarations.
kravy-pos-website-repo/src/app/api/admin/users/route.ts(4,29): error TS2307: Cannot find module '@/lib/auth-utils' or its corresponding type declarations.
kravy-pos-website-repo/src/app/api/admin/users/route.ts(300,9): error TS2588: Cannot assign to 'privateMetadata' because it is a constant.
kravy-pos-website-repo/src/app/api/auth/forgot-password/route.ts(2,20): error TS2307: Cannot find module '@/lib/prisma' or its corresponding type declarations.
kravy-pos-website-repo/src/app/api/auth/forgot-password/route.ts(4,37): error TS2307: Cannot find module '@/lib/mail-templates' or its corresponding type declarations.
kravy-pos-website-repo/src/app/api/auth/login/route.ts(2,20): error TS2307: Cannot find module '@/lib/prisma' or its corresponding type declarations.
kravy-pos-website-repo/src/app/api/auth/login/route.ts(91,60): error TS2339: Property 'ip' does not exist on type 'NextRequest'.
kravy-pos-website-repo/src/app/api/auth/me/route.ts(3,24): error TS2307: Cannot find module '@/lib/prisma' or its corresponding type declarations.
kravy-pos-website-repo/src/app/api/auth/register/route.ts(2,20): error TS2307: Cannot find module '@/lib/prisma' or its corresponding type declarations.
kravy-pos-website-repo/src/app/api/auth/register/route.ts(5,37): error TS2307: Cannot find module '@/lib/mail-templates' or its corresponding type declarations.
kravy-pos-website-repo/src/app/api/auth/register/route.ts(6,33): error TS2307: Cannot find module '@/lib/whatsapp-bill' or its corresponding type declarations.
kravy-pos-website-repo/src/app/api/auth/resend-otp/route.ts(2,20): error TS2307: Cannot find module '@/lib/prisma' or its corresponding type declarations.
kravy-pos-website-repo/src/app/api/auth/reset-password/route.ts(2,20): error TS2307: Cannot find module '@/lib/prisma' or its corresponding type declarations.
kravy-pos-website-repo/src/app/api/auth/sync-user/route.ts(3,20): error TS2307: Cannot find module '@/lib/prisma' or its corresponding type declarations.
kravy-pos-website-repo/src/app/api/auth/verify-otp/route.ts(2,20): error TS2307: Cannot find module '@/lib/prisma' or its corresponding type declarations.
kravy-pos-website-repo/src/app/api/auth/verify-otp/route.ts(4,41): error TS2307: Cannot find module '@/lib/mail-templates' or its corresponding type declarations.
kravy-pos-website-repo/src/app/api/bill-manager/[id]/hold/route.ts(2,20): error TS2307: Cannot find module '@/lib/prisma' or its corresponding type declarations.
kravy-pos-website-repo/src/app/api/bill-manager/[id]/hold/route.ts(3,37): error TS2307: Cannot find module '@/lib/auth-utils' or its corresponding type declarations.
kravy-pos-website-repo/src/app/api/bill-manager/[id]/pdf/route.ts(2,20): error TS2307: Cannot find module '@/lib/prisma' or its corresponding type declarations.
kravy-pos-website-repo/src/app/api/bill-manager/[id]/pdf/route.ts(3,37): error TS2307: Cannot find module '@/lib/auth-utils' or its corresponding type declarations.
kravy-pos-website-repo/src/app/api/bill-manager/[id]/pdf/route.ts(5,24): error TS2307: Cannot find module '@/lib/cloudinary' or its corresponding type declarations.
kravy-pos-website-repo/src/app/api/bill-manager/[id]/route.ts(2,20): error TS2307: Cannot find module '@/lib/prisma' or its corresponding type declarations.
kravy-pos-website-repo/src/app/api/bill-manager/[id]/route.ts(3,37): error TS2307: Cannot find module '@/lib/auth-utils' or its corresponding type declarations.
kravy-pos-website-repo/src/app/api/bill-manager/deleted/list/route.ts(2,20): error TS2307: Cannot find module '@/lib/prisma' or its corresponding type declarations.
kravy-pos-website-repo/src/app/api/bill-manager/deleted/list/route.ts(3,37): error TS2307: Cannot find module '@/lib/auth-utils' or its corresponding type declarations.
kravy-pos-website-repo/src/app/api/bill-manager/deleted/restore/[id]/route.ts(2,20): error TS2307: Cannot find module '@/lib/prisma' or its corresponding type declarations.
kravy-pos-website-repo/src/app/api/bill-manager/deleted/restore/[id]/route.ts(3,37): error TS2307: Cannot find module '@/lib/auth-utils' or its corresponding type declarations.
kravy-pos-website-repo/src/app/api/bill-manager/export/route.ts(2,20): error TS2307: Cannot find module '@/lib/prisma' or its corresponding type declarations.
kravy-pos-website-repo/src/app/api/bill-manager/export/route.ts(4,37): error TS2307: Cannot find module '@/lib/auth-utils' or its corresponding type declarations.
kravy-pos-website-repo/src/app/api/bill-manager/route.ts(2,20): error TS2307: Cannot find module '@/lib/prisma' or its corresponding type declarations.
kravy-pos-website-repo/src/app/api/bill-manager/route.ts(3,37): error TS2307: Cannot find module '@/lib/auth-utils' or its corresponding type declarations.
kravy-pos-website-repo/src/app/api/bill-manager/route.ts(4,35): error TS2307: Cannot find module '@/lib/discount-utils' or its corresponding type declarations.
kravy-pos-website-repo/src/app/api/bill-manager/route.ts(278,50): error TS2307: Cannot find module '@/lib/inventory-utils' or its corresponding type declarations.
kravy-pos-website-repo/src/app/api/categories/ensure/route.ts(1,24): error TS2307: Cannot find module '@/lib/prisma' or its corresponding type declarations.
kravy-pos-website-repo/src/app/api/categories/ensure/route.ts(3,37): error TS2307: Cannot find module '@/lib/auth-utils' or its corresponding type declarations.
kravy-pos-website-repo/src/app/api/categories/route.ts(2,24): error TS2307: Cannot find module '@/lib/prisma' or its corresponding type declarations.
kravy-pos-website-repo/src/app/api/categories/route.ts(3,37): error TS2307: Cannot find module '@/lib/auth-utils' or its corresponding type declarations.
kravy-pos-website-repo/src/app/api/categories/upload/route.ts(63,24): error TS2307: Cannot find module '@/lib/prisma' or its corresponding type declarations.
kravy-pos-website-repo/src/app/api/categories/upload/route.ts(64,37): error TS2307: Cannot find module '@/lib/auth-utils' or its corresponding type declarations.
kravy-pos-website-repo/src/app/api/categories/upload/route.ts(65,24): error TS2307: Cannot find module '@/lib/cloudinary' or its corresponding type declarations.
kravy-pos-website-repo/src/app/api/categories/upload/route.ts(71,27): error TS2339: Property 'get' does not exist on type 'FormData'.
kravy-pos-website-repo/src/app/api/categories/upload/route.ts(72,27): error TS2339: Property 'get' does not exist on type 'FormData'.
kravy-pos-website-repo/src/app/api/clerks/route.ts(2,20): error TS2307: Cannot find module '@/lib/prisma' or its corresponding type declarations.
kravy-pos-website-repo/src/app/api/clerks/route.ts(3,37): error TS2307: Cannot find module '@/lib/auth-utils' or its corresponding type declarations.
kravy-pos-website-repo/src/app/api/combos-offers/route.ts(2,20): error TS2307: Cannot find module '@/lib/prisma' or its corresponding type declarations.
kravy-pos-website-repo/src/app/api/combos-offers/route.ts(3,37): error TS2307: Cannot find module '@/lib/auth-utils' or its corresponding type declarations.
kravy-pos-website-repo/src/app/api/cron/backup/route.ts(2,32): error TS2307: Cannot find module '@/lib/backup/mongodb-backup' or its corresponding type declarations.
kravy-pos-website-repo/src/app/api/dashboard/route.ts(182,37): error TS2307: Cannot find module '@/lib/auth-utils' or its corresponding type declarations.
kravy-pos-website-repo/src/app/api/dashboard/route.ts(183,24): error TS2307: Cannot find module '@/lib/prisma' or its corresponding type declarations.
kravy-pos-website-repo/src/app/api/discounts/[id]/route.ts(2,20): error TS2307: Cannot find module '@/lib/prisma' or its corresponding type declarations.
kravy-pos-website-repo/src/app/api/discounts/[id]/route.ts(3,37): error TS2307: Cannot find module '@/lib/auth-utils' or its corresponding type declarations.
kravy-pos-website-repo/src/app/api/discounts/route.ts(2,20): error TS2307: Cannot find module '@/lib/prisma' or its corresponding type declarations.
kravy-pos-website-repo/src/app/api/discounts/route.ts(3,37): error TS2307: Cannot find module '@/lib/auth-utils' or its corresponding type declarations.
kravy-pos-website-repo/src/app/api/expenses/[id]/route.ts(2,24): error TS2307: Cannot find module '@/lib/prisma' or its corresponding type declarations.
kravy-pos-website-repo/src/app/api/expenses/[id]/route.ts(3,37): error TS2307: Cannot find module '@/lib/auth-utils' or its corresponding type declarations.
kravy-pos-website-repo/src/app/api/expenses/categories/[id]/route.ts(2,37): error TS2307: Cannot find module '@/lib/auth-utils' or its corresponding type declarations.
kravy-pos-website-repo/src/app/api/expenses/categories/[id]/route.ts(3,24): error TS2307: Cannot find module '@/lib/prisma' or its corresponding type declarations.
kravy-pos-website-repo/src/app/api/expenses/categories/route.ts(2,37): error TS2307: Cannot find module '@/lib/auth-utils' or its corresponding type declarations.
kravy-pos-website-repo/src/app/api/expenses/categories/route.ts(3,24): error TS2307: Cannot find module '@/lib/prisma' or its corresponding type declarations.
kravy-pos-website-repo/src/app/api/expenses/route.ts(2,24): error TS2307: Cannot find module '@/lib/prisma' or its corresponding type declarations.
kravy-pos-website-repo/src/app/api/expenses/route.ts(3,37): error TS2307: Cannot find module '@/lib/auth-utils' or its corresponding type declarations.
kravy-pos-website-repo/src/app/api/external-sales/route.ts(2,37): error TS2307: Cannot find module '@/lib/auth-utils' or its corresponding type declarations.
kravy-pos-website-repo/src/app/api/external-sales/route.ts(3,24): error TS2307: Cannot find module '@/lib/prisma' or its corresponding type declarations.
kravy-pos-website-repo/src/app/api/external/menu/[userId]/route.ts(2,20): error TS2307: Cannot find module '@/lib/prisma' or its corresponding type declarations.
kravy-pos-website-repo/src/app/api/external/menu/update/[id]/route.ts(2,20): error TS2307: Cannot find module '@/lib/prisma' or its corresponding type declarations.
kravy-pos-website-repo/src/app/api/external/users/route.ts(2,20): error TS2307: Cannot find module '@/lib/prisma' or its corresponding type declarations.
kravy-pos-website-repo/src/app/api/gmail/auth/route.ts(2,37): error TS2307: Cannot find module '@/lib/auth-utils' or its corresponding type declarations.
kravy-pos-website-repo/src/app/api/gmail/auth/route.ts(3,28): error TS2307: Cannot find module '@/lib/gmail-service' or its corresponding type declarations.
kravy-pos-website-repo/src/app/api/gmail/callback/route.ts(2,24): error TS2307: Cannot find module '@/lib/prisma' or its corresponding type declarations.
kravy-pos-website-repo/src/app/api/gmail/callback/route.ts(3,54): error TS2307: Cannot find module '@/lib/gmail-service' or its corresponding type declarations.
kravy-pos-website-repo/src/app/api/gmail/status/route.ts(2,37): error TS2307: Cannot find module '@/lib/auth-utils' or its corresponding type declarations.
kravy-pos-website-repo/src/app/api/gmail/status/route.ts(3,24): error TS2307: Cannot find module '@/lib/prisma' or its corresponding type declarations.
kravy-pos-website-repo/src/app/api/gmail/sync/route.ts(2,37): error TS2307: Cannot find module '@/lib/auth-utils' or its corresponding type declarations.
kravy-pos-website-repo/src/app/api/gmail/sync/route.ts(3,24): error TS2307: Cannot find module '@/lib/prisma' or its corresponding type declarations.
kravy-pos-website-repo/src/app/api/gmail/sync/route.ts(4,37): error TS2307: Cannot find module '@/lib/gmail-service' or its corresponding type declarations.
kravy-pos-website-repo/src/app/api/gmail/sync/route.ts(5,28): error TS2307: Cannot find module '@/lib/email-parser' or its corresponding type declarations.
kravy-pos-website-repo/src/app/api/gmail/test-parse/route.ts(2,37): error TS2307: Cannot find module '@/lib/auth-utils' or its corresponding type declarations.
kravy-pos-website-repo/src/app/api/gmail/test-parse/route.ts(3,24): error TS2307: Cannot find module '@/lib/prisma' or its corresponding type declarations.
kravy-pos-website-repo/src/app/api/gmail/test-parse/route.ts(4,28): error TS2307: Cannot find module '@/lib/email-parser' or its corresponding type declarations.
kravy-pos-website-repo/src/app/api/inventory/export/route.ts(2,20): error TS2307: Cannot find module '@/lib/prisma' or its corresponding type declarations.
kravy-pos-website-repo/src/app/api/inventory/export/route.ts(4,37): error TS2307: Cannot find module '@/lib/auth-utils' or its corresponding type declarations.
kravy-pos-website-repo/src/app/api/inventory/materials/route.ts(2,20): error TS2307: Cannot find module '@/lib/prisma' or its corresponding type declarations.
kravy-pos-website-repo/src/app/api/inventory/materials/route.ts(3,37): error TS2307: Cannot find module '@/lib/auth-utils' or its corresponding type declarations.
kravy-pos-website-repo/src/app/api/inventory/recipes/route.ts(2,20): error TS2307: Cannot find module '@/lib/prisma' or its corresponding type declarations.
kravy-pos-website-repo/src/app/api/inventory/recipes/route.ts(3,37): error TS2307: Cannot find module '@/lib/auth-utils' or its corresponding type declarations.
kravy-pos-website-repo/src/app/api/inventory/route.ts(2,20): error TS2307: Cannot find module '@/lib/prisma' or its corresponding type declarations.
kravy-pos-website-repo/src/app/api/inventory/route.ts(3,37): error TS2307: Cannot find module '@/lib/auth-utils' or its corresponding type declarations.
kravy-pos-website-repo/src/app/api/invoice/[id]/route.ts(2,24): error TS2307: Cannot find module '@/lib/prisma' or its corresponding type declarations.
kravy-pos-website-repo/src/app/api/invoice/[id]/route.ts(3,33): error TS2307: Cannot find module '@/lib/generateInvoice' or its corresponding type declarations.
kravy-pos-website-repo/src/app/api/items/route.ts(253,20): error TS2307: Cannot find module '@/lib/prisma' or its corresponding type declarations.
kravy-pos-website-repo/src/app/api/items/route.ts(255,37): error TS2307: Cannot find module '@/lib/auth-utils' or its corresponding type declarations.
kravy-pos-website-repo/src/app/api/menu-editor/addon-groups/route.ts(2,20): error TS2307: Cannot find module '@/lib/prisma' or its corresponding type declarations.
kravy-pos-website-repo/src/app/api/menu-editor/addon-groups/route.ts(3,37): error TS2307: Cannot find module '@/lib/auth-utils' or its corresponding type declarations.
kravy-pos-website-repo/src/app/api/menu/delete/route.ts(2,24): error TS2307: Cannot find module '@/lib/prisma' or its corresponding type declarations.
kravy-pos-website-repo/src/app/api/menu/delete/route.ts(3,37): error TS2307: Cannot find module '@/lib/auth-utils' or its corresponding type declarations.
kravy-pos-website-repo/src/app/api/menu/items/route.ts(2,20): error TS2307: Cannot find module '@/lib/prisma' or its corresponding type declarations.
kravy-pos-website-repo/src/app/api/menu/items/route.ts(3,37): error TS2307: Cannot find module '@/lib/auth-utils' or its corresponding type declarations.
kravy-pos-website-repo/src/app/api/menu/update/route.ts(2,24): error TS2307: Cannot find module '@/lib/prisma' or its corresponding type declarations.
kravy-pos-website-repo/src/app/api/menu/update/route.ts(3,37): error TS2307: Cannot find module '@/lib/auth-utils' or its corresponding type declarations.
kravy-pos-website-repo/src/app/api/menu/view/route.ts(2,24): error TS2307: Cannot find module '@/lib/prisma' or its corresponding type declarations.
kravy-pos-website-repo/src/app/api/menu/view/route.ts(3,37): error TS2307: Cannot find module '@/lib/auth-utils' or its corresponding type declarations.
kravy-pos-website-repo/src/app/api/notifications/route.ts(3,20): error TS2307: Cannot find module '@/lib/prisma' or its corresponding type declarations.
kravy-pos-website-repo/src/app/api/notifications/route.ts(4,37): error TS2307: Cannot find module '@/lib/auth-utils' or its corresponding type declarations.
kravy-pos-website-repo/src/app/api/notifications/route.ts(105,25): error TS2322: Type 'number' is not assignable to type 'Timeout'.
kravy-pos-website-repo/src/app/api/notifications/route.ts(113,17): error TS2322: Type 'number' is not assignable to type 'Timeout'.
kravy-pos-website-repo/src/app/api/orders/[orderId]/merge-items/route.ts(2,20): error TS2307: Cannot find module '@/lib/prisma' or its corresponding type declarations.
kravy-pos-website-repo/src/app/api/orders/[orderId]/merge-items/route.ts(3,37): error TS2307: Cannot find module '@/lib/auth-utils' or its corresponding type declarations.
kravy-pos-website-repo/src/app/api/orders/[orderId]/route.ts(2,20): error TS2307: Cannot find module '@/lib/prisma' or its corresponding type declarations.
kravy-pos-website-repo/src/app/api/orders/[orderId]/route.ts(3,37): error TS2307: Cannot find module '@/lib/auth-utils' or its corresponding type declarations.
kravy-pos-website-repo/src/app/api/orders/route.ts(2,20): error TS2307: Cannot find module '@/lib/prisma' or its corresponding type declarations.
kravy-pos-website-repo/src/app/api/orders/route.ts(3,37): error TS2307: Cannot find module '@/lib/auth-utils' or its corresponding type declarations.
kravy-pos-website-repo/src/app/api/orders/route.ts(122,54): error TS2307: Cannot find module '@/lib/inventory-utils' or its corresponding type declarations.
kravy-pos-website-repo/src/app/api/orders/route.ts(231,54): error TS2307: Cannot find module '@/lib/inventory-utils' or its corresponding type declarations.
kravy-pos-website-repo/src/app/api/parties/[id]/bills/route.ts(3,20): error TS2307: Cannot find module '@/lib/prisma' or its corresponding type declarations.
kravy-pos-website-repo/src/app/api/parties/[id]/bills/route.ts(4,37): error TS2307: Cannot find module '@/lib/auth-utils' or its corresponding type declarations.
kravy-pos-website-repo/src/app/api/parties/[id]/route.ts(2,24): error TS2307: Cannot find module '@/lib/prisma' or its corresponding type declarations.
kravy-pos-website-repo/src/app/api/parties/[id]/route.ts(4,37): error TS2307: Cannot find module '@/lib/auth-utils' or its corresponding type declarations.
kravy-pos-website-repo/src/app/api/parties/route.ts(197,24): error TS2307: Cannot find module '@/lib/prisma' or its corresponding type declarations.
kravy-pos-website-repo/src/app/api/parties/route.ts(199,37): error TS2307: Cannot find module '@/lib/auth-utils' or its corresponding type declarations.
kravy-pos-website-repo/src/app/api/parties/route.ts(200,10): error TS2305: Module '"@prisma/client"' has no exported member 'Prisma'.
kravy-pos-website-repo/src/app/api/payments/route.ts(2,20): error TS2307: Cannot find module '@/lib/prisma' or its corresponding type declarations.
kravy-pos-website-repo/src/app/api/phonepe/pay/route.ts(3,24): error TS2307: Cannot find module '@/lib/prisma' or its corresponding type declarations.
kravy-pos-website-repo/src/app/api/phonepe/pay/route.ts(4,32): error TS2307: Cannot find module '@/lib/phonepe' or its corresponding type declarations.
kravy-pos-website-repo/src/app/api/phonepe/status/[id]/route.ts(2,24): error TS2307: Cannot find module '@/lib/prisma' or its corresponding type declarations.
kravy-pos-website-repo/src/app/api/phonepe/status/[id]/route.ts(3,36): error TS2307: Cannot find module '@/lib/phonepe' or its corresponding type declarations.
kravy-pos-website-repo/src/app/api/profile/route.ts(2,20): error TS2307: Cannot find module '@/lib/prisma' or its corresponding type declarations.
kravy-pos-website-repo/src/app/api/profile/route.ts(3,37): error TS2307: Cannot find module '@/lib/auth-utils' or its corresponding type declarations.
kravy-pos-website-repo/src/app/api/public/gallery/[clerkId]/route.ts(2,20): error TS2307: Cannot find module '@/lib/prisma' or its corresponding type declarations.
kravy-pos-website-repo/src/app/api/public/loyalty/route.ts(2,20): error TS2307: Cannot find module '@/lib/prisma' or its corresponding type declarations.
kravy-pos-website-repo/src/app/api/public/menu/[clerkId]/route.ts(2,20): error TS2307: Cannot find module '@/lib/prisma' or its corresponding type declarations.
kravy-pos-website-repo/src/app/api/public/menu/route.ts(2,20): error TS2307: Cannot find module '@/lib/prisma' or its corresponding type declarations.
kravy-pos-website-repo/src/app/api/public/orders/[orderId]/combined-bill/route.ts(2,20): error TS2307: Cannot find module '@/lib/prisma' or its corresponding type declarations.
kravy-pos-website-repo/src/app/api/public/orders/route.ts(1,20): error TS2307: Cannot find module '@/lib/prisma' or its corresponding type declarations.
kravy-pos-website-repo/src/app/api/public/orders/track/route.ts(2,24): error TS2307: Cannot find module '@/lib/prisma' or its corresponding type declarations.
kravy-pos-website-repo/src/app/api/public/pos/[identifier]/route.ts(2,20): error TS2307: Cannot find module '@/lib/prisma' or its corresponding type declarations.
kravy-pos-website-repo/src/app/api/public/profile/route.ts(2,20): error TS2307: Cannot find module '@/lib/prisma' or its corresponding type declarations.
kravy-pos-website-repo/src/app/api/public/reviews/route.ts(2,20): error TS2307: Cannot find module '@/lib/prisma' or its corresponding type declarations.
kravy-pos-website-repo/src/app/api/reports/gst/route.ts(3,24): error TS2307: Cannot find module '@/lib/prisma' or its corresponding type declarations.
kravy-pos-website-repo/src/app/api/reports/gst/route.ts(4,37): error TS2307: Cannot find module '@/lib/auth-utils' or its corresponding type declarations.
kravy-pos-website-repo/src/app/api/reports/tokens/route.ts(2,20): error TS2307: Cannot find module '@/lib/prisma' or its corresponding type declarations.
kravy-pos-website-repo/src/app/api/reports/tokens/route.ts(3,37): error TS2307: Cannot find module '@/lib/auth-utils' or its corresponding type declarations.
kravy-pos-website-repo/src/app/api/reviews/route.ts(2,20): error TS2307: Cannot find module '@/lib/prisma' or its corresponding type declarations.
kravy-pos-website-repo/src/app/api/reviews/route.ts(3,37): error TS2307: Cannot find module '@/lib/auth-utils' or its corresponding type declarations.
kravy-pos-website-repo/src/app/api/search/route.ts(2,20): error TS2307: Cannot find module '@/lib/prisma' or its corresponding type declarations.
kravy-pos-website-repo/src/app/api/search/route.ts(3,37): error TS2307: Cannot find module '@/lib/auth-utils' or its corresponding type declarations.
kravy-pos-website-repo/src/app/api/seller/staff/route.ts(2,20): error TS2307: Cannot find module '@/lib/prisma' or its corresponding type declarations.
kravy-pos-website-repo/src/app/api/seller/staff/route.ts(3,29): error TS2307: Cannot find module '@/lib/auth-utils' or its corresponding type declarations.
kravy-pos-website-repo/src/app/api/staff/[id]/route.ts(2,20): error TS2307: Cannot find module '@/lib/prisma' or its corresponding type declarations.
kravy-pos-website-repo/src/app/api/staff/login/route.ts(2,20): error TS2307: Cannot find module '@/lib/prisma' or its corresponding type declarations.
kravy-pos-website-repo/src/app/api/staff/me/route.ts(2,29): error TS2307: Cannot find module '@/lib/auth-utils' or its corresponding type declarations.
kravy-pos-website-repo/src/app/api/staff/me/route.ts(3,20): error TS2307: Cannot find module '@/lib/prisma' or its corresponding type declarations.
kravy-pos-website-repo/src/app/api/staff/route.ts(2,20): error TS2307: Cannot find module '@/lib/prisma' or its corresponding type declarations.
kravy-pos-website-repo/src/app/api/store-items/bulk-update/route.ts(139,20): error TS2307: Cannot find module '@/lib/prisma' or its corresponding type declarations.
kravy-pos-website-repo/src/app/api/store-items/bulk-update/route.ts(140,37): error TS2307: Cannot find module '@/lib/auth-utils' or its corresponding type declarations.
kravy-pos-website-repo/src/app/api/store-items/bulk/route.ts(2,20): error TS2307: Cannot find module '@/lib/prisma' or its corresponding type declarations.
kravy-pos-website-repo/src/app/api/store-items/bulk/route.ts(3,37): error TS2307: Cannot find module '@/lib/auth-utils' or its corresponding type declarations.
kravy-pos-website-repo/src/app/api/subscription/confirm/route.ts(2,24): error TS2307: Cannot find module '@/lib/prisma' or its corresponding type declarations.
kravy-pos-website-repo/src/app/api/tables/[id]/route.ts(2,24): error TS2307: Cannot find module '@/lib/prisma' or its corresponding type declarations.
kravy-pos-website-repo/src/app/api/tables/[id]/route.ts(3,37): error TS2307: Cannot find module '@/lib/auth-utils' or its corresponding type declarations.
kravy-pos-website-repo/src/app/api/tables/route.ts(3,20): error TS2307: Cannot find module '@/lib/prisma' or its corresponding type declarations.
kravy-pos-website-repo/src/app/api/tables/route.ts(4,37): error TS2307: Cannot find module '@/lib/auth-utils' or its corresponding type declarations.
kravy-pos-website-repo/src/app/api/upload-image/route.ts(2,24): error TS2307: Cannot find module '@/lib/cloudinary' or its corresponding type declarations.
kravy-pos-website-repo/src/app/api/upload-image/route.ts(5,25): error TS2339: Property 'get' does not exist on type 'FormData'.
kravy-pos-website-repo/src/app/api/upload/image/route.ts(3,37): error TS2307: Cannot find module '@/lib/auth-utils' or its corresponding type declarations.
kravy-pos-website-repo/src/app/api/upload/image/route.ts(18,25): error TS2339: Property 'get' does not exist on type 'FormData'.
kravy-pos-website-repo/src/app/api/upload/route.ts(99,24): error TS2307: Cannot find module '@/lib/cloudinary' or its corresponding type declarations.
kravy-pos-website-repo/src/app/api/upload/route.ts(100,37): error TS2307: Cannot find module '@/lib/auth-utils' or its corresponding type declarations.
kravy-pos-website-repo/src/app/api/upload/route.ts(110,27): error TS2339: Property 'get' does not exist on type 'FormData'.
kravy-pos-website-repo/src/app/api/user/activity/route.ts(2,24): error TS2307: Cannot find module '@/lib/prisma' or its corresponding type declarations.
kravy-pos-website-repo/src/app/api/user/activity/route.ts(3,29): error TS2307: Cannot find module '@/lib/auth-utils' or its corresponding type declarations.
kravy-pos-website-repo/src/app/api/user/identifiers/route.ts(2,24): error TS2307: Cannot find module '@/lib/prisma' or its corresponding type declarations.
kravy-pos-website-repo/src/app/api/user/identifiers/route.ts(3,29): error TS2307: Cannot find module '@/lib/auth-utils' or its corresponding type declarations.
kravy-pos-website-repo/src/app/api/user/me/route.ts(2,20): error TS2307: Cannot find module '@/lib/prisma' or its corresponding type declarations.
kravy-pos-website-repo/src/app/api/user/me/route.ts(3,29): error TS2307: Cannot find module '@/lib/auth-utils' or its corresponding type declarations.
kravy-pos-website-repo/src/app/api/user/sync/route.ts(3,20): error TS2307: Cannot find module '@/lib/prisma' or its corresponding type declarations.
kravy-pos-website-repo/src/app/api/wallet/history/[partyId]/route.ts(2,24): error TS2307: Cannot find module '@/lib/prisma' or its corresponding type declarations.
kravy-pos-website-repo/src/app/api/wallet/history/[partyId]/route.ts(3,37): error TS2307: Cannot find module '@/lib/auth-utils' or its corresponding type declarations.
kravy-pos-website-repo/src/app/api/wallet/route.ts(2,24): error TS2307: Cannot find module '@/lib/prisma' or its corresponding type declarations.
kravy-pos-website-repo/src/app/api/wallet/route.ts(3,37): error TS2307: Cannot find module '@/lib/auth-utils' or its corresponding type declarations.
kravy-pos-website-repo/src/app/api/whatsapp/send-bill/route.ts(2,34): error TS2307: Cannot find module '@/lib/whatsapp-bill' or its corresponding type declarations.
kravy-pos-website-repo/src/app/api/whatsapp/send-bill/route.ts(3,24): error TS2307: Cannot find module '@/lib/prisma' or its corresponding type declarations.
kravy-pos-website-repo/src/app/dashboard/ai-scraper/page.tsx(3,32): error TS2307: Cannot find module '@/components/AuthContext' or its corresponding type declarations.
kravy-pos-website-repo/src/app/dashboard/billing/[id]/page.tsx(397,38): error TS2307: Cannot find module '@/lib/whatsapp' or its corresponding type declarations.
kravy-pos-website-repo/src/app/dashboard/billing/[id]/page.tsx(398,36): error TS2307: Cannot find module '@/components/WhatsAppBillButton' or its corresponding type declarations.
kravy-pos-website-repo/src/app/dashboard/billing/[id]/page.tsx(399,32): error TS2307: Cannot find module '@/components/AuthContext' or its corresponding type declarations.
kravy-pos-website-repo/src/app/dashboard/billing/[id]/page.tsx(400,28): error TS2307: Cannot find module '@/components/printing/PrintTemplates' or its corresponding type declarations.
kravy-pos-website-repo/src/app/dashboard/billing/[id]/page.tsx(403,3): error TS2305: Module '"@prisma/client"' has no exported member 'BillManager'.
kravy-pos-website-repo/src/app/dashboard/billing/[id]/page.tsx(404,3): error TS2305: Module '"@prisma/client"' has no exported member 'BusinessProfile'.
kravy-pos-website-repo/src/app/dashboard/billing/BillHistoryTable.tsx(11,38): error TS2307: Cannot find module '@/lib/whatsapp' or its corresponding type declarations.
kravy-pos-website-repo/src/app/dashboard/billing/BillHistoryTable.tsx(691,38): error TS2345: Argument of type 'unknown' is not assignable to parameter of type 'number'.
kravy-pos-website-repo/src/app/dashboard/billing/checkout/CheckoutClient.tsx(11,35): error TS2307: Cannot find module '@/lib/discount-utils' or its corresponding type declarations.
kravy-pos-website-repo/src/app/dashboard/billing/checkout/CheckoutClient.tsx(13,23): error TS2307: Cannot find module '@/lib/sounds' or its corresponding type declarations.
kravy-pos-website-repo/src/app/dashboard/billing/checkout/CheckoutClient.tsx(14,36): error TS2307: Cannot find module '@/components/WhatsAppBillButton' or its corresponding type declarations.
kravy-pos-website-repo/src/app/dashboard/billing/checkout/CheckoutClient.tsx(15,32): error TS2307: Cannot find module '@/components/AuthContext' or its corresponding type declarations.
kravy-pos-website-repo/src/app/dashboard/billing/checkout/CheckoutClient.tsx(16,28): error TS2307: Cannot find module '@/components/printing/PrintTemplates' or its corresponding type declarations.
kravy-pos-website-repo/src/app/dashboard/billing/checkout/CheckoutClient.tsx(17,25): error TS2307: Cannot find module '@/components/printing/BillPreview' or its corresponding type declarations.
kravy-pos-website-repo/src/app/dashboard/billing/checkout/CheckoutClient.tsx(1274,9): error TS1117: An object literal cannot have multiple properties with the same name.
kravy-pos-website-repo/src/app/dashboard/billing/checkout/CheckoutClient.tsx(1275,9): error TS1117: An object literal cannot have multiple properties with the same name.
kravy-pos-website-repo/src/app/dashboard/billing/checkout/CheckoutClient.tsx(1422,23): error TS2339: Property 'addedAt' does not exist on type 'BillItem'.
kravy-pos-website-repo/src/app/dashboard/billing/checkout/CheckoutClient.tsx(1425,23): error TS2339: Property 'isNew' does not exist on type 'BillItem'.
kravy-pos-website-repo/src/app/dashboard/billing/checkout/CheckoutClient.tsx(2573,41): error TS2339: Property 'itemId' does not exist on type 'BillItem'.
kravy-pos-website-repo/src/app/dashboard/billing/checkout/CheckoutClient.tsx(3038,31): error TS2367: This comparison appears to be unintentional because the types 'number' and 'string' have no overlap.
kravy-pos-website-repo/src/app/dashboard/billing/checkout/CheckoutClient.tsx(3373,29): error TS2367: This comparison appears to be unintentional because the types 'number' and 'string' have no overlap.
kravy-pos-website-repo/src/app/dashboard/billing/deleted/page.tsx(91,111): error TS2339: Property 'type' does not exist on type 'DeletedBill'.
kravy-pos-website-repo/src/app/dashboard/billing/deleted/page.tsx(98,129): error TS2339: Property 'tableName' does not exist on type '{ billNumber: string; total: number; paymentMode: string; paymentStatus: string; isHeld?: boolean; customer?: { name?: string; }; }'.
kravy-pos-website-repo/src/app/dashboard/billing/deleted/page.tsx(131,25): error TS2339: Property 'items' does not exist on type '{ billNumber: string; total: number; paymentMode: string; paymentStatus: string; isHeld?: boolean; customer?: { name?: string; }; }'.
kravy-pos-website-repo/src/app/dashboard/billing/deleted/page.tsx(131,39): error TS2339: Property 'items' does not exist on type '{ billNumber: string; total: number; paymentMode: string; paymentStatus: string; isHeld?: boolean; customer?: { name?: string; }; }'.
kravy-pos-website-repo/src/app/dashboard/billing/deleted/page.tsx(135,145): error TS2339: Property 'type' does not exist on type 'DeletedBill'.
kravy-pos-website-repo/src/app/dashboard/billing/deleted/page.tsx(137,35): error TS2339: Property 'items' does not exist on type '{ billNumber: string; total: number; paymentMode: string; paymentStatus: string; isHeld?: boolean; customer?: { name?: string; }; }'.
kravy-pos-website-repo/src/app/dashboard/billing/page.tsx(7,38): error TS2307: Cannot find module '@/lib/whatsapp' or its corresponding type declarations.
kravy-pos-website-repo/src/app/dashboard/billing/page.tsx(8,27): error TS2307: Cannot find module '@/components/SearchContext' or its corresponding type declarations.
kravy-pos-website-repo/src/app/dashboard/billing/page.tsx(14,36): error TS2307: Cannot find module '@/components/WhatsAppBillButton' or its corresponding type declarations.
kravy-pos-website-repo/src/app/dashboard/billing/page.tsx(15,32): error TS2307: Cannot find module '@/components/AuthContext' or its corresponding type declarations.
kravy-pos-website-repo/src/app/dashboard/billing/page.tsx(16,23): error TS2307: Cannot find module '@/lib/sounds' or its corresponding type declarations.
kravy-pos-website-repo/src/app/dashboard/billing/page.tsx(260,44): error TS2345: Argument of type '{ billNumber: string; tableName: string; customerName: string; customerPhone: string; paymentStatus: string; paymentMode: string; }' is not assignable to parameter of type 'SetStateAction<{ billNumber: string; tableName: string; customerName: string; customerPhone: string; paymentStatus: string; paymentMode: string; orderType: string; paymentModeFilter: string; statusFilter: string; }>'.
  Type '{ billNumber: string; tableName: string; customerName: string; customerPhone: string; paymentStatus: string; paymentMode: string; }' is missing the following properties from type '{ billNumber: string; tableName: string; customerName: string; customerPhone: string; paymentStatus: string; paymentMode: string; orderType: string; paymentModeFilter: string; statusFilter: string; }': orderType, paymentModeFilter, statusFilter
kravy-pos-website-repo/src/app/dashboard/billing/page.tsx(510,14): error TS2322: Type '(silent?: boolean) => Promise<void>' is not assignable to type 'MouseEventHandler<HTMLButtonElement>'.
  Types of parameters 'silent' and 'event' are incompatible.
    Type 'MouseEvent<HTMLButtonElement, MouseEvent>' is not assignable to type 'boolean'.
kravy-pos-website-repo/src/app/dashboard/combos/page.tsx(24,24): error TS2307: Cannot find module '@/components/ui/button' or its corresponding type declarations.
kravy-pos-website-repo/src/app/dashboard/combos/page.tsx(25,23): error TS2307: Cannot find module '@/components/ui/input' or its corresponding type declarations.
kravy-pos-website-repo/src/app/dashboard/combos/page.tsx(26,22): error TS2307: Cannot find module '@/components/ui/card' or its corresponding type declarations.
kravy-pos-website-repo/src/app/dashboard/combos/page.tsx(27,23): error TS2307: Cannot find module '@/components/ui/label' or its corresponding type declarations.
kravy-pos-website-repo/src/app/dashboard/combos/page.tsx(29,23): error TS2307: Cannot find module '@/lib/sounds' or its corresponding type declarations.
kravy-pos-website-repo/src/app/dashboard/combos/page.tsx(37,8): error TS2307: Cannot find module '@/components/ui/sheet' or its corresponding type declarations.
kravy-pos-website-repo/src/app/dashboard/components/analytics-card.tsx(3,35): error TS2307: Cannot find module '@/components/ui/card' or its corresponding type declarations.
kravy-pos-website-repo/src/app/dashboard/components/dashboard-sound-alerts.tsx(4,23): error TS2307: Cannot find module '@/lib/sounds' or its corresponding type declarations.
kravy-pos-website-repo/src/app/dashboard/components/stats-grid.tsx(6,23): error TS2307: Cannot find module '@/lib/sounds' or its corresponding type declarations.
kravy-pos-website-repo/src/app/dashboard/components/uploaditems/CategorySelect.tsx(8,23): error TS2307: Cannot find module '@/lib/sounds' or its corresponding type declarations.
kravy-pos-website-repo/src/app/dashboard/discounts/page.tsx(7,35): error TS2307: Cannot find module '@/lib/discount-utils' or its corresponding type declarations.
kravy-pos-website-repo/src/app/dashboard/docs/staff-access/page.tsx(27,32): error TS2307: Cannot find module '@/components/AuthContext' or its corresponding type declarations.
kravy-pos-website-repo/src/app/dashboard/expenses/page.tsx(20,23): error TS2307: Cannot find module '@/lib/sounds' or its corresponding type declarations.
kravy-pos-website-repo/src/app/dashboard/expenses/pnl/page.tsx(28,23): error TS2307: Cannot find module '@/lib/sounds' or its corresponding type declarations.
kravy-pos-website-repo/src/app/dashboard/expenses/reports/page.tsx(30,23): error TS2307: Cannot find module '@/lib/sounds' or its corresponding type declarations.
kravy-pos-website-repo/src/app/dashboard/gallery/page.tsx(12,23): error TS2307: Cannot find module '@/lib/sounds' or its corresponding type declarations.
kravy-pos-website-repo/src/app/dashboard/help/page.tsx(19,32): error TS2307: Cannot find module '@/components/AuthContext' or its corresponding type declarations.
kravy-pos-website-repo/src/app/dashboard/inventory/page.tsx(7,27): error TS2307: Cannot find module '@/components/SearchContext' or its corresponding type declarations.
kravy-pos-website-repo/src/app/dashboard/kitchen/components/order-alert-loop.tsx(4,23): error TS2307: Cannot find module '@/lib/sounds' or its corresponding type declarations.
kravy-pos-website-repo/src/app/dashboard/kitchen/components/order-alert-loop.tsx(26,9): error TS2322: Type 'number' is not assignable to type 'Timeout'.
kravy-pos-website-repo/src/app/dashboard/kitchen/page.tsx(4,36): error TS2307: Cannot find module '@/components/TerminalContext' or its corresponding type declarations.
kravy-pos-website-repo/src/app/dashboard/kitchen/page.tsx(7,23): error TS2307: Cannot find module '@/lib/sounds' or its corresponding type declarations.
kravy-pos-website-repo/src/app/dashboard/kitchen/page.tsx(28,28): error TS2307: Cannot find module '@/components/printing/PrintTemplates' or its corresponding type declarations.
kravy-pos-website-repo/src/app/dashboard/kitchen/page.tsx(29,25): error TS2307: Cannot find module '@/components/printing/BillPreview' or its corresponding type declarations.
kravy-pos-website-repo/src/app/dashboard/kitchen/page.tsx(32,32): error TS2307: Cannot find module '@/components/AuthContext' or its corresponding type declarations.
kravy-pos-website-repo/src/app/dashboard/kitchen/page.tsx(854,30): error TS2345: Argument of type '"dashboard"' is not assignable to parameter of type 'SetStateAction<"kitchen" | "track" | "live-orders">'.
kravy-pos-website-repo/src/app/dashboard/kitchen/page.tsx(1582,124): error TS2345: Argument of type 'string' is not assignable to parameter of type '"PENDING" | "COMPLETED" | "PREPARING" | "ACCEPTED" | "READY"'.
kravy-pos-website-repo/src/app/dashboard/kitchen/page.tsx(1885,41): error TS2339: Property 'billNumber' does not exist on type 'Order'.
kravy-pos-website-repo/src/app/dashboard/kitchen/page.tsx(1933,41): error TS2339: Property 'billNumber' does not exist on type 'Order'.
kravy-pos-website-repo/src/app/dashboard/layout.tsx(2,26): error TS2307: Cannot find module '@/components/ClientLayout' or its corresponding type declarations.
kravy-pos-website-repo/src/app/dashboard/layout.tsx(3,30): error TS2307: Cannot find module '@/components/AuthContext' or its corresponding type declarations.
kravy-pos-website-repo/src/app/dashboard/layout.tsx(9,34): error TS2307: Cannot find module '@/components/TerminalContext' or its corresponding type declarations.
kravy-pos-website-repo/src/app/dashboard/menu-editor/page.tsx(1,24): error TS2307: Cannot find module '@/components/MenuEditor' or its corresponding type declarations.
kravy-pos-website-repo/src/app/dashboard/menu-editor/page.tsx(2,37): error TS2307: Cannot find module '@/lib/auth-utils' or its corresponding type declarations.
kravy-pos-website-repo/src/app/dashboard/menu/addons/page.tsx(6,30): error TS2307: Cannot find module '@/components/MenuEditor/AddonGroupsModal' or its corresponding type declarations.
kravy-pos-website-repo/src/app/dashboard/menu/edit/page.tsx(7,24): error TS2307: Cannot find module '@/components/ui/button' or its corresponding type declarations.
kravy-pos-website-repo/src/app/dashboard/menu/edit/page.tsx(8,23): error TS2307: Cannot find module '@/lib/sounds' or its corresponding type declarations.
kravy-pos-website-repo/src/app/dashboard/menu/edit/page.tsx(9,28): error TS2307: Cannot find module '@/app/dashboard/components/uploaditems/CategorySelect' or its corresponding type declarations.
kravy-pos-website-repo/src/app/dashboard/menu/upload/page.tsx(8,25): error TS2307: Cannot find module '@/app/dashboard/components/uploaditems/ImageUpload' or its corresponding type declarations.
kravy-pos-website-repo/src/app/dashboard/menu/upload/page.tsx(9,28): error TS2307: Cannot find module '@/app/dashboard/components/uploaditems/CategorySelect' or its corresponding type declarations.
kravy-pos-website-repo/src/app/dashboard/menu/upload/page.tsx(10,27): error TS2307: Cannot find module '@/app/dashboard/components/uploaditems/GstTaxSection' or its corresponding type declarations.
kravy-pos-website-repo/src/app/dashboard/menu/upload/page.tsx(11,35): error TS2307: Cannot find module '@/app/dashboard/components/uploaditems/ProductDetailsSection' or its corresponding type declarations.
kravy-pos-website-repo/src/app/dashboard/menu/upload/page.tsx(12,30): error TS2307: Cannot find module '@/app/dashboard/components/uploaditems/InventorySection' or its corresponding type declarations.
kravy-pos-website-repo/src/app/dashboard/menu/upload/page.tsx(13,28): error TS2307: Cannot find module '@/app/dashboard/components/uploaditems/DisplaySection' or its corresponding type declarations.
kravy-pos-website-repo/src/app/dashboard/menu/view/page.tsx(1373,66): error TS2367: This comparison appears to be unintentional because the types '"veg" | "nv"' and '"egg"' have no overlap.
kravy-pos-website-repo/src/app/dashboard/offers/generator/page.tsx(22,24): error TS2307: Cannot find module '@/components/ui/button' or its corresponding type declarations.
kravy-pos-website-repo/src/app/dashboard/offers/generator/page.tsx(23,23): error TS2307: Cannot find module '@/components/ui/input' or its corresponding type declarations.
kravy-pos-website-repo/src/app/dashboard/offers/generator/page.tsx(24,23): error TS2307: Cannot find module '@/components/ui/label' or its corresponding type declarations.
kravy-pos-website-repo/src/app/dashboard/offers/generator/page.tsx(25,22): error TS2307: Cannot find module '@/components/ui/card' or its corresponding type declarations.
kravy-pos-website-repo/src/app/dashboard/offers/generator/page.tsx(26,23): error TS2307: Cannot find module '@/lib/sounds' or its corresponding type declarations.
kravy-pos-website-repo/src/app/dashboard/offers/page.tsx(26,24): error TS2307: Cannot find module '@/components/ui/button' or its corresponding type declarations.
kravy-pos-website-repo/src/app/dashboard/offers/page.tsx(27,23): error TS2307: Cannot find module '@/components/ui/input' or its corresponding type declarations.
kravy-pos-website-repo/src/app/dashboard/offers/page.tsx(28,22): error TS2307: Cannot find module '@/components/ui/card' or its corresponding type declarations.
kravy-pos-website-repo/src/app/dashboard/offers/page.tsx(29,23): error TS2307: Cannot find module '@/components/ui/label' or its corresponding type declarations.
kravy-pos-website-repo/src/app/dashboard/offers/page.tsx(30,23): error TS2307: Cannot find module '@/lib/sounds' or its corresponding type declarations.
kravy-pos-website-repo/src/app/dashboard/offers/page.tsx(38,8): error TS2307: Cannot find module '@/components/ui/sheet' or its corresponding type declarations.
kravy-pos-website-repo/src/app/dashboard/offers/reviews/page.tsx(18,24): error TS2307: Cannot find module '@/components/ui/button' or its corresponding type declarations.
kravy-pos-website-repo/src/app/dashboard/offers/reviews/page.tsx(19,23): error TS2307: Cannot find module '@/components/ui/input' or its corresponding type declarations.
kravy-pos-website-repo/src/app/dashboard/offers/reviews/page.tsx(20,23): error TS2307: Cannot find module '@/components/ui/label' or its corresponding type declarations.
kravy-pos-website-repo/src/app/dashboard/offers/reviews/page.tsx(21,22): error TS2307: Cannot find module '@/components/ui/card' or its corresponding type declarations.
kravy-pos-website-repo/src/app/dashboard/offers/reviews/page.tsx(23,23): error TS2307: Cannot find module '@/lib/sounds' or its corresponding type declarations.
kravy-pos-website-repo/src/app/dashboard/page.tsx(2,24): error TS2307: Cannot find module '@/lib/prisma' or its corresponding type declarations.
kravy-pos-website-repo/src/app/dashboard/page.tsx(3,37): error TS2307: Cannot find module '@/lib/auth-utils' or its corresponding type declarations.
kravy-pos-website-repo/src/app/dashboard/parties/page.tsx(29,23): error TS2307: Cannot find module '@/lib/sounds' or its corresponding type declarations.
kravy-pos-website-repo/src/app/dashboard/profile/_components/BusinessProfileForm.tsx(8,58): error TS2307: Cannot find module '@/components/ui/card' or its corresponding type declarations.
kravy-pos-website-repo/src/app/dashboard/profile/_components/BusinessProfileForm.tsx(9,24): error TS2307: Cannot find module '@/components/ui/button' or its corresponding type declarations.
kravy-pos-website-repo/src/app/dashboard/profile/_components/BusinessProfileForm.tsx(11,23): error TS2307: Cannot find module '@/components/ui/input' or its corresponding type declarations.
kravy-pos-website-repo/src/app/dashboard/profile/_components/BusinessProfileForm.tsx(12,23): error TS2307: Cannot find module '@/components/ui/label' or its corresponding type declarations.
kravy-pos-website-repo/src/app/dashboard/profile/_components/BusinessProfileForm.tsx(21,8): error TS2307: Cannot find module '@/components/ui/sheet' or its corresponding type declarations.
kravy-pos-website-repo/src/app/dashboard/profile/_components/BusinessProfileForm.tsx(22,26): error TS2307: Cannot find module '@/components/ui/textarea' or its corresponding type declarations.
kravy-pos-website-repo/src/app/dashboard/profile/_components/BusinessProfileForm.tsx(23,36): error TS2307: Cannot find module '@/lib/cloudinary-client' or its corresponding type declarations.
kravy-pos-website-repo/src/app/dashboard/profile/_components/BusinessProfileForm.tsx(24,38): error TS2307: Cannot find module '@/lib/india-state-district' or its corresponding type declarations.
kravy-pos-website-repo/src/app/dashboard/profile/BusinessProfile.tsx(137,8): error TS2307: Cannot find module '@/components/ui/card' or its corresponding type declarations.
kravy-pos-website-repo/src/app/dashboard/profile/BusinessProfile.tsx(138,23): error TS2307: Cannot find module '@/components/ui/badge' or its corresponding type declarations.
kravy-pos-website-repo/src/app/dashboard/profile/BusinessProfile.tsx(139,24): error TS2307: Cannot find module '@/components/ui/button' or its corresponding type declarations.
kravy-pos-website-repo/src/app/dashboard/profile/BusinessProfile.tsx(143,33): error TS2307: Cannot find module '@/components/profile/UserActivityHeatmap' or its corresponding type declarations.
kravy-pos-website-repo/src/app/dashboard/profile/empty.tsx(1,24): error TS2307: Cannot find module '@/components/ui/button' or its corresponding type declarations.
kravy-pos-website-repo/src/app/dashboard/profile/empty.tsx(2,35): error TS2307: Cannot find module '@/components/ui/card' or its corresponding type declarations.
kravy-pos-website-repo/src/app/dashboard/profile/loading.tsx(1,47): error TS2307: Cannot find module '@/components/ui/card' or its corresponding type declarations.
kravy-pos-website-repo/src/app/dashboard/qr-management/page.tsx(25,58): error TS2307: Cannot find module '@/components/ui/card' or its corresponding type declarations.
kravy-pos-website-repo/src/app/dashboard/qr-management/page.tsx(26,24): error TS2307: Cannot find module '@/components/ui/button' or its corresponding type declarations.
kravy-pos-website-repo/src/app/dashboard/qr-management/page.tsx(27,23): error TS2307: Cannot find module '@/components/ui/input' or its corresponding type declarations.
kravy-pos-website-repo/src/app/dashboard/qr-management/page.tsx(28,23): error TS2307: Cannot find module '@/components/ui/badge' or its corresponding type declarations.
kravy-pos-website-repo/src/app/dashboard/qr-management/page.tsx(29,27): error TS2307: Cannot find module '@/components/ui/separator' or its corresponding type declarations.
kravy-pos-website-repo/src/app/dashboard/qr-management/page.tsx(37,8): error TS2307: Cannot find module '@/components/ui/table' or its corresponding type declarations.
kravy-pos-website-repo/src/app/dashboard/qr-management/page.tsx(44,8): error TS2307: Cannot find module '@/components/ui/select' or its corresponding type declarations.
kravy-pos-website-repo/src/app/dashboard/qr-management/page.tsx(45,42): error TS2307: Cannot find module '@/hooks/useRealTimeNotifications' or its corresponding type declarations.
kravy-pos-website-repo/src/app/dashboard/qr-management/page.tsx(46,23): error TS2307: Cannot find module '@/lib/sounds' or its corresponding type declarations.
kravy-pos-website-repo/src/app/dashboard/qr-orders/page.tsx(16,24): error TS2307: Cannot find module '@/components/ui/button' or its corresponding type declarations.
kravy-pos-website-repo/src/app/dashboard/qr-orders/page.tsx(17,23): error TS2307: Cannot find module '@/components/ui/input' or its corresponding type declarations.
kravy-pos-website-repo/src/app/dashboard/qr-orders/page.tsx(18,23): error TS2307: Cannot find module '@/lib/sounds' or its corresponding type declarations.
kravy-pos-website-repo/src/app/dashboard/reports/analytics/order-type/page.tsx(2,20): error TS2307: Cannot find module '@/lib/prisma' or its corresponding type declarations.
kravy-pos-website-repo/src/app/dashboard/reports/analytics/order-type/page.tsx(3,37): error TS2307: Cannot find module '@/lib/auth-utils' or its corresponding type declarations.
kravy-pos-website-repo/src/app/dashboard/reports/analytics/page.tsx(2,24): error TS2307: Cannot find module '@/lib/prisma' or its corresponding type declarations.
kravy-pos-website-repo/src/app/dashboard/reports/analytics/page.tsx(3,37): error TS2307: Cannot find module '@/lib/auth-utils' or its corresponding type declarations.
kravy-pos-website-repo/src/app/dashboard/reports/bills/page.tsx(2,24): error TS2307: Cannot find module '@/lib/prisma' or its corresponding type declarations.
kravy-pos-website-repo/src/app/dashboard/reports/bills/page.tsx(3,37): error TS2307: Cannot find module '@/lib/auth-utils' or its corresponding type declarations.
kravy-pos-website-repo/src/app/dashboard/reports/customers/page.tsx(2,24): error TS2307: Cannot find module '@/lib/prisma' or its corresponding type declarations.
kravy-pos-website-repo/src/app/dashboard/reports/customers/page.tsx(3,37): error TS2307: Cannot find module '@/lib/auth-utils' or its corresponding type declarations.
kravy-pos-website-repo/src/app/dashboard/reports/customers/page.tsx(53,47): error TS2339: Property 'name' does not exist on type 'unknown'.
kravy-pos-website-repo/src/app/dashboard/reports/customers/page.tsx(61,33): error TS2339: Property 'loyaltyPoints' does not exist on type 'unknown'.
kravy-pos-website-repo/src/app/dashboard/reports/customers/page.tsx(68,38): error TS2339: Property 'loyaltyPoints' does not exist on type 'unknown'.
kravy-pos-website-repo/src/app/dashboard/reports/items/page.tsx(2,24): error TS2307: Cannot find module '@/lib/prisma' or its corresponding type declarations.
kravy-pos-website-repo/src/app/dashboard/reports/items/page.tsx(3,37): error TS2307: Cannot find module '@/lib/auth-utils' or its corresponding type declarations.
kravy-pos-website-repo/src/app/dashboard/reports/payments/cash/page.tsx(2,24): error TS2307: Cannot find module '@/lib/prisma' or its corresponding type declarations.
kravy-pos-website-repo/src/app/dashboard/reports/payments/cash/page.tsx(3,37): error TS2307: Cannot find module '@/lib/auth-utils' or its corresponding type declarations.
kravy-pos-website-repo/src/app/dashboard/reports/payments/page.tsx(2,24): error TS2307: Cannot find module '@/lib/prisma' or its corresponding type declarations.
kravy-pos-website-repo/src/app/dashboard/reports/payments/page.tsx(3,37): error TS2307: Cannot find module '@/lib/auth-utils' or its corresponding type declarations.
kravy-pos-website-repo/src/app/dashboard/reports/payments/upi/page.tsx(2,24): error TS2307: Cannot find module '@/lib/prisma' or its corresponding type declarations.
kravy-pos-website-repo/src/app/dashboard/reports/payments/upi/page.tsx(3,37): error TS2307: Cannot find module '@/lib/auth-utils' or its corresponding type declarations.
kravy-pos-website-repo/src/app/dashboard/reports/performance/page.tsx(2,24): error TS2307: Cannot find module '@/lib/prisma' or its corresponding type declarations.
kravy-pos-website-repo/src/app/dashboard/reports/performance/page.tsx(3,37): error TS2307: Cannot find module '@/lib/auth-utils' or its corresponding type declarations.
kravy-pos-website-repo/src/app/dashboard/reports/sales/daily/BillActionsReport.tsx(7,38): error TS2307: Cannot find module '@/lib/whatsapp' or its corresponding type declarations.
kravy-pos-website-repo/src/app/dashboard/reports/sales/daily/page.tsx(2,24): error TS2307: Cannot find module '@/lib/prisma' or its corresponding type declarations.
kravy-pos-website-repo/src/app/dashboard/reports/sales/daily/page.tsx(3,37): error TS2307: Cannot find module '@/lib/auth-utils' or its corresponding type declarations.
kravy-pos-website-repo/src/app/dashboard/reports/sales/monthly/page.tsx(2,24): error TS2307: Cannot find module '@/lib/prisma' or its corresponding type declarations.
kravy-pos-website-repo/src/app/dashboard/reports/sales/monthly/page.tsx(3,37): error TS2307: Cannot find module '@/lib/auth-utils' or its corresponding type declarations.
kravy-pos-website-repo/src/app/dashboard/reports/sales/revenue/page.tsx(2,24): error TS2307: Cannot find module '@/lib/prisma' or its corresponding type declarations.
kravy-pos-website-repo/src/app/dashboard/reports/sales/revenue/page.tsx(3,37): error TS2307: Cannot find module '@/lib/auth-utils' or its corresponding type declarations.
kravy-pos-website-repo/src/app/dashboard/reports/sales/weekly/page.tsx(2,24): error TS2307: Cannot find module '@/lib/prisma' or its corresponding type declarations.
kravy-pos-website-repo/src/app/dashboard/reports/sales/weekly/page.tsx(3,37): error TS2307: Cannot find module '@/lib/auth-utils' or its corresponding type declarations.
kravy-pos-website-repo/src/app/dashboard/rewards/page.tsx(18,24): error TS2307: Cannot find module '@/components/ui/button' or its corresponding type declarations.
kravy-pos-website-repo/src/app/dashboard/rewards/page.tsx(19,23): error TS2307: Cannot find module '@/components/ui/input' or its corresponding type declarations.
kravy-pos-website-repo/src/app/dashboard/rewards/page.tsx(20,23): error TS2307: Cannot find module '@/components/ui/label' or its corresponding type declarations.
kravy-pos-website-repo/src/app/dashboard/rewards/page.tsx(21,22): error TS2307: Cannot find module '@/components/ui/card' or its corresponding type declarations.
kravy-pos-website-repo/src/app/dashboard/rewards/page.tsx(28,8): error TS2307: Cannot find module '@/components/ui/sheet' or its corresponding type declarations.
kravy-pos-website-repo/src/app/dashboard/rewards/page.tsx(31,23): error TS2307: Cannot find module '@/lib/sounds' or its corresponding type declarations.
kravy-pos-website-repo/src/app/dashboard/settings/account/page.tsx(3,29): error TS2307: Cannot find module '@/components/AccountSettings' or its corresponding type declarations.
kravy-pos-website-repo/src/app/dashboard/settings/customer/page.tsx(11,23): error TS2307: Cannot find module '@/lib/sounds' or its corresponding type declarations.
kravy-pos-website-repo/src/app/dashboard/settings/notifications/page.tsx(11,23): error TS2307: Cannot find module '@/lib/sounds' or its corresponding type declarations.
kravy-pos-website-repo/src/app/dashboard/settings/page.tsx(10,26): error TS2307: Cannot find module '@/components/ThemeProvider' or its corresponding type declarations.
kravy-pos-website-repo/src/app/dashboard/settings/pos/page.tsx(12,23): error TS2307: Cannot find module '@/lib/sounds' or its corresponding type declarations.
kravy-pos-website-repo/src/app/dashboard/settings/printing/page.tsx(14,23): error TS2307: Cannot find module '@/lib/sounds' or its corresponding type declarations.
kravy-pos-website-repo/src/app/dashboard/settings/printing/page.tsx(15,28): error TS2307: Cannot find module '@/components/printing/PrintTemplates' or its corresponding type declarations.
kravy-pos-website-repo/src/app/dashboard/settings/profile/page.tsx(4,32): error TS2307: Cannot find module '@/components/AuthContext' or its corresponding type declarations.
kravy-pos-website-repo/src/app/dashboard/settings/profile/page.tsx(315,8): error TS2304: Cannot find name 'AnimatePresence'.
kravy-pos-website-repo/src/app/dashboard/settings/profile/page.tsx(342,9): error TS2304: Cannot find name 'AnimatePresence'.
kravy-pos-website-repo/src/app/dashboard/settings/tax/page.tsx(13,23): error TS2307: Cannot find module '@/lib/sounds' or its corresponding type declarations.
kravy-pos-website-repo/src/app/dashboard/staff/page.tsx(48,32): error TS2307: Cannot find module '@/components/AuthContext' or its corresponding type declarations.
kravy-pos-website-repo/src/app/dashboard/store-item-upload/StoreItemPage.tsx(8,23): error TS2307: Cannot find module '@/lib/sounds' or its corresponding type declarations.
kravy-pos-website-repo/src/app/dashboard/store-item-upload/StoreItemPage.tsx(374,9): error TS2353: Object literal may only specify known properties, and 'isVeg' does not exist in type 'StoreItem'.
kravy-pos-website-repo/src/app/dashboard/tables/page.tsx(4,32): error TS2307: Cannot find module '@/components/AuthContext' or its corresponding type declarations.
kravy-pos-website-repo/src/app/dashboard/tables/page.tsx(11,24): error TS2307: Cannot find module '@/components/ui/button' or its corresponding type declarations.
kravy-pos-website-repo/src/app/dashboard/tables/page.tsx(12,23): error TS2307: Cannot find module '@/lib/sounds' or its corresponding type declarations.
kravy-pos-website-repo/src/app/dashboard/tables/page.tsx(13,28): error TS2307: Cannot find module '@/components/printing/QRMenuTemplate' or its corresponding type declarations.
kravy-pos-website-repo/src/app/dashboard/terminal/components/order-alert-loop.tsx(4,23): error TS2307: Cannot find module '@/lib/sounds' or its corresponding type declarations.
kravy-pos-website-repo/src/app/dashboard/terminal/components/order-alert-loop.tsx(26,9): error TS2322: Type 'number' is not assignable to type 'Timeout'.
kravy-pos-website-repo/src/app/dashboard/terminal/page.tsx(4,50): error TS2307: Cannot find module '@/components/TerminalContext' or its corresponding type declarations.
kravy-pos-website-repo/src/app/dashboard/terminal/page.tsx(7,23): error TS2307: Cannot find module '@/lib/sounds' or its corresponding type declarations.
kravy-pos-website-repo/src/app/dashboard/terminal/page.tsx(27,28): error TS2307: Cannot find module '@/components/printing/PrintTemplates' or its corresponding type declarations.
kravy-pos-website-repo/src/app/dashboard/terminal/page.tsx(28,25): error TS2307: Cannot find module '@/components/printing/BillPreview' or its corresponding type declarations.
kravy-pos-website-repo/src/app/dashboard/terminal/page.tsx(30,32): error TS2307: Cannot find module '@/components/AuthContext' or its corresponding type declarations.
kravy-pos-website-repo/src/app/dashboard/terminal/page.tsx(518,75): error TS2367: This comparison appears to be unintentional because the types '"BILL" | "COMBINED_BILL" | "KOT_BILL"' and '"MANUAL_COMBINE"' have no overlap.
kravy-pos-website-repo/src/app/dashboard/terminal/page.tsx(2063,32): error TS2304: Cannot find name 'resetForm'.
kravy-pos-website-repo/src/app/dashboard/workflow/components/order-alert-loop.tsx(4,23): error TS2307: Cannot find module '@/lib/sounds' or its corresponding type declarations.
kravy-pos-website-repo/src/app/dashboard/workflow/components/order-alert-loop.tsx(26,9): error TS2322: Type 'number' is not assignable to type 'Timeout'.
kravy-pos-website-repo/src/app/dashboard/workflow/page.tsx(4,23): error TS2307: Cannot find module '@/lib/sounds' or its corresponding type declarations.
kravy-pos-website-repo/src/app/dashboard/workflow/page.tsx(27,32): error TS2307: Cannot find module '@/components/AuthContext' or its corresponding type declarations.
kravy-pos-website-repo/src/app/dashboard/workflow/page.tsx(450,75): error TS2367: This comparison appears to be unintentional because the types '"BILL" | "COMBINED_BILL"' and '"MANUAL_COMBINE"' have no overlap.
kravy-pos-website-repo/src/app/dashboard/workflow/page.tsx(1203,76): error TS2339: Property 'isBillPrinted' does not exist on type 'Order'.
kravy-pos-website-repo/src/app/dashboard/workflow/page.tsx(1476,82): error TS2339: Property 'isBillPrinted' does not exist on type 'Order'.
kravy-pos-website-repo/src/app/dashboard/workflow/page.tsx(1565,126): error TS2345: Argument of type 'string' is not assignable to parameter of type '"PENDING" | "COMPLETED" | "PREPARING" | "ACCEPTED" | "READY"'.
kravy-pos-website-repo/src/app/dashboard/workflow/page.tsx(1706,76): error TS2339: Property 'isBillPrinted' does not exist on type 'Order'.
kravy-pos-website-repo/src/app/dashboard/workflow/page.tsx(1781,124): error TS2345: Argument of type 'string' is not assignable to parameter of type '"PENDING" | "COMPLETED" | "PREPARING" | "ACCEPTED" | "READY"'.
kravy-pos-website-repo/src/app/layout.tsx(4,23): error TS2307: Cannot find module '@/components/Providers' or its corresponding type declarations.
kravy-pos-website-repo/src/app/layout.tsx(5,28): error TS2307: Cannot find module '@/components/TopProgressBar' or its corresponding type declarations.
kravy-pos-website-repo/src/app/menu/[clerkId]/page.tsx(9,23): error TS2307: Cannot find module '@/lib/sounds' or its corresponding type declarations.
kravy-pos-website-repo/src/app/menu/[clerkId]/page.tsx(44,34): error TS2307: Cannot find module '@/lib/orderStorage' or its corresponding type declarations.
kravy-pos-website-repo/src/app/menu/[clerkId]/page.tsx(45,31): error TS2307: Cannot find module '@/components/ActiveOrderBanner' or its corresponding type declarations.
kravy-pos-website-repo/src/app/menu/[clerkId]/page.tsx(3057,20): error TS2322: Type '{ children: string; jsx: true; global: true; }' is not assignable to type 'DetailedHTMLProps<StyleHTMLAttributes<HTMLStyleElement>, HTMLStyleElement>'.
  Property 'jsx' does not exist on type 'DetailedHTMLProps<StyleHTMLAttributes<HTMLStyleElement>, HTMLStyleElement>'.
kravy-pos-website-repo/src/app/order-tracking/[orderId]/page.tsx(5,24): error TS2307: Cannot find module '@/components/ui/button' or its corresponding type declarations.
kravy-pos-website-repo/src/app/order-tracking/[orderId]/page.tsx(26,31): error TS2307: Cannot find module '@/components/MenuQRAddMoreFlow' or its corresponding type declarations.
kravy-pos-website-repo/src/app/order-tracking/[orderId]/page.tsx(508,24): error TS2322: Type '{ children: string; jsx: true; global: true; }' is not assignable to type 'DetailedHTMLProps<StyleHTMLAttributes<HTMLStyleElement>, HTMLStyleElement>'.
  Property 'jsx' does not exist on type 'DetailedHTMLProps<StyleHTMLAttributes<HTMLStyleElement>, HTMLStyleElement>'.
kravy-pos-website-repo/src/app/qr-menu/page.tsx(5,35): error TS2307: Cannot find module '@/components/ui/card' or its corresponding type declarations.
kravy-pos-website-repo/src/app/qr-menu/page.tsx(6,24): error TS2307: Cannot find module '@/components/ui/button' or its corresponding type declarations.
kravy-pos-website-repo/src/app/qr-menu/page.tsx(7,23): error TS2307: Cannot find module '@/components/ui/badge' or its corresponding type declarations.
kravy-pos-website-repo/src/app/qr-menu/page.tsx(8,27): error TS2307: Cannot find module '@/components/ui/separator' or its corresponding type declarations.
kravy-pos-website-repo/src/app/review/[orderId]/page.tsx(5,58): error TS2307: Cannot find module '@/components/ui/card' or its corresponding type declarations.
kravy-pos-website-repo/src/app/review/[orderId]/page.tsx(6,24): error TS2307: Cannot find module '@/components/ui/button' or its corresponding type declarations.
kravy-pos-website-repo/src/app/review/[orderId]/page.tsx(7,26): error TS2307: Cannot find module '@/components/ui/textarea' or its corresponding type declarations.
kravy-pos-website-repo/src/app/review/[orderId]/page.tsx(8,23): error TS2307: Cannot find module '@/components/ui/badge' or its corresponding type declarations.
kravy-pos-website-repo/src/app/review/[orderId]/page.tsx(9,27): error TS2307: Cannot find module '@/components/ui/separator' or its corresponding type declarations.
kravy-pos-website-repo/src/app/sign-in/[[...sign-in]]/page.tsx(7,23): error TS2307: Cannot find module '@/lib/sounds' or its corresponding type declarations.
kravy-pos-website-repo/src/app/sign-up/[[...sign-up]]/page.tsx(7,23): error TS2307: Cannot find module '@/lib/sounds' or its corresponding type declarations.
kravy-pos-website-repo/src/app/track/page.tsx(16,24): error TS2307: Cannot find module '@/components/ui/button' or its corresponding type declarations.
kravy-pos-website-repo/src/app/track/page.tsx(17,23): error TS2307: Cannot find module '@/components/ui/input' or its corresponding type declarations.
kravy-pos-website-repo/src/components/ActiveOrderBanner.tsx(4,32): error TS2307: Cannot find module '@/lib/orderStorage' or its corresponding type declarations.
kravy-pos-website-repo/src/components/ClientLayout.tsx(4,20): error TS2307: Cannot find module '@/components/Navbar' or its corresponding type declarations.
kravy-pos-website-repo/src/components/ClientLayout.tsx(5,21): error TS2307: Cannot find module '@/components/Sidebar' or its corresponding type declarations.
kravy-pos-website-repo/src/components/ClientLayout.tsx(6,28): error TS2307: Cannot find module '@/components/SidebarContext' or its corresponding type declarations.
kravy-pos-website-repo/src/components/ClientLayout.tsx(8,43): error TS2307: Cannot find module '@/components/OrderNotificationProvider' or its corresponding type declarations.
kravy-pos-website-repo/src/components/ClientLayout.tsx(9,32): error TS2307: Cannot find module '@/components/AuthContext' or its corresponding type declarations.
kravy-pos-website-repo/src/components/ClientLayout.tsx(12,23): error TS2307: Cannot find module '@/lib/sounds' or its corresponding type declarations.
kravy-pos-website-repo/src/components/ClientLayout.tsx(13,26): error TS2307: Cannot find module '@/components/PremiumAlert' or its corresponding type declarations.
kravy-pos-website-repo/src/components/ClientLayout.tsx(238,18): error TS2304: Cannot find name 'Menu'.
kravy-pos-website-repo/src/components/CustomUserButton.tsx(7,23): error TS2307: Cannot find module '@/lib/sounds' or its corresponding type declarations.
kravy-pos-website-repo/src/components/MenuQRAddMoreFlow.example.tsx(9,31): error TS2307: Cannot find module '@/components/MenuQRAddMoreFlow' or its corresponding type declarations.
kravy-pos-website-repo/src/components/Navbar.tsx(9,32): error TS2307: Cannot find module '@/components/AuthContext' or its corresponding type declarations.
kravy-pos-website-repo/src/components/Navbar.tsx(10,30): error TS2307: Cannot find module '@/components/CustomUserButton' or its corresponding type declarations.
kravy-pos-website-repo/src/components/Navbar.tsx(11,27): error TS2307: Cannot find module '@/components/SearchContext' or its corresponding type declarations.
kravy-pos-website-repo/src/components/Navbar.tsx(12,26): error TS2307: Cannot find module '@/components/ThemeProvider' or its corresponding type declarations.
kravy-pos-website-repo/src/components/Navbar.tsx(14,23): error TS2307: Cannot find module '@/lib/sounds' or its corresponding type declarations.
kravy-pos-website-repo/src/components/OrderNotificationProvider.tsx(8,23): error TS2307: Cannot find module '@/lib/sounds' or its corresponding type declarations.
kravy-pos-website-repo/src/components/printing/BillPreview.tsx(4,36): error TS2307: Cannot find module '@/components/WhatsAppBillButton' or its corresponding type declarations.
kravy-pos-website-repo/src/components/Providers.tsx(4,33): error TS2307: Cannot find module '@/components/SidebarContext' or its corresponding type declarations.
kravy-pos-website-repo/src/components/Providers.tsx(5,32): error TS2307: Cannot find module '@/components/SearchContext' or its corresponding type declarations.
kravy-pos-website-repo/src/components/Providers.tsx(6,27): error TS2307: Cannot find module '@/components/ThemeProvider' or its corresponding type declarations.
kravy-pos-website-repo/src/components/ResponsiveHeader.tsx(14,23): error TS2307: Cannot find module '@/lib/sounds' or its corresponding type declarations.
kravy-pos-website-repo/src/components/Sidebar.tsx(122,23): error TS2307: Cannot find module '@/lib/sounds' or its corresponding type declarations.
kravy-pos-website-repo/src/components/Sidebar.tsx(849,23): error TS2339: Property 'imageUrl' does not exist on type 'AuthUser'.
kravy-pos-website-repo/src/components/Sidebar.tsx(851,30): error TS2339: Property 'imageUrl' does not exist on type 'AuthUser'.
kravy-pos-website-repo/src/components/Sidebar.tsx(867,56): error TS2561: Object literal may only specify known properties, but 'justifyCenter' does not exist in type 'MotionStyle'. Did you mean to write 'justifyContent'?
kravy-pos-website-repo/src/components/ui/avatar.tsx(6,20): error TS2307: Cannot find module '@/lib/utils' or its corresponding type declarations.
kravy-pos-website-repo/src/components/ui/badge.tsx(5,20): error TS2307: Cannot find module '@/lib/utils' or its corresponding type declarations.
kravy-pos-website-repo/src/components/ui/breadcrumb.tsx(5,20): error TS2307: Cannot find module '@/lib/utils' or its corresponding type declarations.
kravy-pos-website-repo/src/components/ui/button.tsx(5,20): error TS2307: Cannot find module '@/lib/utils' or its corresponding type declarations.
kravy-pos-website-repo/src/components/ui/card.tsx(3,20): error TS2307: Cannot find module '@/lib/utils' or its corresponding type declarations.
kravy-pos-website-repo/src/components/ui/chart.tsx(6,20): error TS2307: Cannot find module '@/lib/utils' or its corresponding type declarations.
kravy-pos-website-repo/src/components/ui/checkbox.tsx(7,20): error TS2307: Cannot find module '@/lib/utils' or its corresponding type declarations.
kravy-pos-website-repo/src/components/ui/drawer.tsx(6,20): error TS2307: Cannot find module '@/lib/utils' or its corresponding type declarations.
kravy-pos-website-repo/src/components/ui/dropdown-menu.tsx(7,20): error TS2307: Cannot find module '@/lib/utils' or its corresponding type declarations.
kravy-pos-website-repo/src/components/ui/input.tsx(2,20): error TS2307: Cannot find module '@/lib/utils' or its corresponding type declarations.
kravy-pos-website-repo/src/components/ui/label.tsx(6,20): error TS2307: Cannot find module '@/lib/utils' or its corresponding type declarations.
kravy-pos-website-repo/src/components/ui/select.tsx(7,20): error TS2307: Cannot find module '@/lib/utils' or its corresponding type declarations.
kravy-pos-website-repo/src/components/ui/separator.tsx(6,20): error TS2307: Cannot find module '@/lib/utils' or its corresponding type declarations.
kravy-pos-website-repo/src/components/ui/sheet.tsx(7,20): error TS2307: Cannot find module '@/lib/utils' or its corresponding type declarations.
kravy-pos-website-repo/src/components/ui/sidebar.tsx(8,29): error TS2307: Cannot find module '@/hooks/use-mobile' or its corresponding type declarations.
kravy-pos-website-repo/src/components/ui/sidebar.tsx(9,20): error TS2307: Cannot find module '@/lib/utils' or its corresponding type declarations.
kravy-pos-website-repo/src/components/ui/sidebar.tsx(10,24): error TS2307: Cannot find module '@/components/ui/button' or its corresponding type declarations.
kravy-pos-website-repo/src/components/ui/sidebar.tsx(11,23): error TS2307: Cannot find module '@/components/ui/input' or its corresponding type declarations.
kravy-pos-website-repo/src/components/ui/sidebar.tsx(12,27): error TS2307: Cannot find module '@/components/ui/separator' or its corresponding type declarations.
kravy-pos-website-repo/src/components/ui/sidebar.tsx(19,8): error TS2307: Cannot find module '@/components/ui/sheet' or its corresponding type declarations.
kravy-pos-website-repo/src/components/ui/sidebar.tsx(20,26): error TS2307: Cannot find module '@/components/ui/skeleton' or its corresponding type declarations.
kravy-pos-website-repo/src/components/ui/sidebar.tsx(26,8): error TS2307: Cannot find module '@/components/ui/tooltip' or its corresponding type declarations.
kravy-pos-website-repo/src/components/ui/skeleton.tsx(1,20): error TS2307: Cannot find module '@/lib/utils' or its corresponding type declarations.
kravy-pos-website-repo/src/components/ui/sonner.tsx(27,7): error TS2322: Type 'React.CSSProperties' is not assignable to type 'import("C:/Users/RentoBees/Desktop/kravv/kravy-pos-website-clone/node_modules/@types/react/index").CSSProperties'.
  Types of property 'alignmentBaseline' are incompatible.
    Type 'import("C:/Users/RentoBees/Desktop/kravv/node_modules/csstype/index").Property.AlignmentBaseline' is not assignable to type 'import("C:/Users/RentoBees/Desktop/kravv/kravy-pos-website-clone/node_modules/@types/react/node_modules/csstype/index").Property.AlignmentBaseline'.
      Type '"auto"' is not assignable to type 'AlignmentBaseline'.
kravy-pos-website-repo/src/components/ui/table.tsx(5,20): error TS2307: Cannot find module '@/lib/utils' or its corresponding type declarations.
kravy-pos-website-repo/src/components/ui/tabs.tsx(6,20): error TS2307: Cannot find module '@/lib/utils' or its corresponding type declarations.
kravy-pos-website-repo/src/components/ui/textarea.tsx(2,20): error TS2307: Cannot find module '@/lib/utils' or its corresponding type declarations.
kravy-pos-website-repo/src/components/ui/toggle-group.tsx(7,20): error TS2307: Cannot find module '@/lib/utils' or its corresponding type declarations.
kravy-pos-website-repo/src/components/ui/toggle-group.tsx(8,32): error TS2307: Cannot find module '@/components/ui/toggle' or its corresponding type declarations.
kravy-pos-website-repo/src/components/ui/toggle.tsx(7,20): error TS2307: Cannot find module '@/lib/utils' or its corresponding type declarations.
kravy-pos-website-repo/src/components/ui/tooltip.tsx(6,20): error TS2307: Cannot find module '@/lib/utils' or its corresponding type declarations.
kravy-pos-website-repo/src/lib/cloudinaryUploadFromUrl.ts(1,24): error TS2307: Cannot find module '@/lib/cloudinary' or its corresponding type declarations.
kravy-pos-website-repo/src/lib/gmail-service.ts(2,24): error TS2307: Cannot find module '@/lib/prisma' or its corresponding type declarations.
kravy-pos-website-repo/src/lib/prisma.ts(2,10): error TS2305: Module '"@prisma/client"' has no exported member 'PrismaClient'.
kravy-pos-website-repo/src/scripts/generate-seller-report.ts(1,10): error TS2305: Module '"@prisma/client"' has no exported member 'PrismaClient'.
kravy-pos-website-repo/src/utils/prismaClient.ts(2,10): error TS2305: Module '"@prisma/client"' has no exported member 'PrismaClient'.
scratch/kravy-pos-website/fix-roles.ts(1,30): error TS2307: Cannot find module '@prisma/client' or its corresponding type declarations.
scratch/kravy-pos-website/playwright.config.ts(1,39): error TS2307: Cannot find module '@playwright/test' or its corresponding type declarations.
scratch/kravy-pos-website/scratch/check_db_items.ts(1,30): error TS2307: Cannot find module '@prisma/client' or its corresponding type declarations.
scratch/kravy-pos-website/scripts/fix-dates-prisma.ts(1,30): error TS2307: Cannot find module '@prisma/client' or its corresponding type declarations.
scratch/kravy-pos-website/scripts/fix-db.ts(173,30): error TS2307: Cannot find module '@prisma/client' or its corresponding type declarations.
scratch/kravy-pos-website/scripts/fix-premium-defaults.ts(1,30): error TS2307: Cannot find module '@prisma/client' or its corresponding type declarations.
scratch/kravy-pos-website/scripts/import-samples.ts(4,20): error TS2307: Cannot find module '@/lib/prisma' or its corresponding type declarations.
scratch/kravy-pos-website/scripts/list-backups.ts(1,48): error TS2307: Cannot find module '@aws-sdk/client-s3' or its corresponding type declarations.
scratch/kravy-pos-website/scripts/restore-db.ts(1,44): error TS2307: Cannot find module '@aws-sdk/client-s3' or its corresponding type declarations.
scratch/kravy-pos-website/scripts/restore-db.ts(2,35): error TS2307: Cannot find module 'mongodb' or its corresponding type declarations.
scratch/kravy-pos-website/scripts/seed.ts(2,20): error TS2307: Cannot find module '@/utils/prismaClient' or its corresponding type declarations.
scratch/kravy-pos-website/scripts/sync-clerk-users.ts(2,35): error TS2307: Cannot find module '@clerk/backend' or its corresponding type declarations.
scratch/kravy-pos-website/scripts/sync-clerk-users.ts(3,30): error TS2307: Cannot find module '@prisma/client' or its corresponding type declarations.
scratch/kravy-pos-website/scripts/test-live-gmail.ts(1,30): error TS2307: Cannot find module '@prisma/client' or its corresponding type declarations.
scratch/kravy-pos-website/scripts/test-pnl-db.ts(1,30): error TS2307: Cannot find module '@prisma/client' or its corresponding type declarations.
scratch/kravy-pos-website/scripts/verify-dates.ts(1,30): error TS2307: Cannot find module '@prisma/client' or its corresponding type declarations.
scratch/kravy-pos-website/src/app/admin/activity/page.tsx(4,23): error TS2307: Cannot find module 'sonner' or its corresponding type declarations.
scratch/kravy-pos-website/src/app/admin/activity/page.tsx(5,41): error TS2307: Cannot find module 'framer-motion' or its corresponding type declarations.
scratch/kravy-pos-website/src/app/admin/activity/page.tsx(17,8): error TS2307: Cannot find module 'lucide-react' or its corresponding type declarations.
scratch/kravy-pos-website/src/app/admin/activity/page.tsx(225,14): error TS2322: Type '{ children: string; jsx: true; global: true; }' is not assignable to type 'DetailedHTMLProps<StyleHTMLAttributes<HTMLStyleElement>, HTMLStyleElement>'.
  Property 'jsx' does not exist on type 'DetailedHTMLProps<StyleHTMLAttributes<HTMLStyleElement>, HTMLStyleElement>'.
scratch/kravy-pos-website/src/app/admin/dashboard/page.tsx(4,23): error TS2307: Cannot find module 'react-hot-toast' or its corresponding type declarations.
scratch/kravy-pos-website/src/app/admin/dashboard/page.tsx(5,18): error TS2307: Cannot find module 'next/link' or its corresponding type declarations.
scratch/kravy-pos-website/src/app/admin/dashboard/page.tsx(6,41): error TS2307: Cannot find module 'framer-motion' or its corresponding type declarations.
scratch/kravy-pos-website/src/app/admin/dashboard/page.tsx(16,8): error TS2307: Cannot find module 'lucide-react' or its corresponding type declarations.
scratch/kravy-pos-website/src/app/admin/dashboard/page.tsx(20,8): error TS2307: Cannot find module 'recharts' or its corresponding type declarations.
scratch/kravy-pos-website/src/app/admin/dashboard/page.tsx(96,32): error TS2339: Property 'slug' does not exist on type '{ upi: boolean; qrMenu: boolean; tax: boolean; kot: boolean; ai: boolean; excel: boolean; }'.
scratch/kravy-pos-website/src/app/admin/dashboard/page.tsx(172,21): error TS2322: Type '(page?: number, search?: string, status?: string) => Promise<void>' is not assignable to type 'MouseEventHandler<HTMLButtonElement>'.
  Types of parameters 'page' and 'event' are incompatible.
    Type 'MouseEvent<HTMLButtonElement, MouseEvent>' is not assignable to type 'number'.
scratch/kravy-pos-website/src/app/admin/docs/architecture/page.tsx(4,18): error TS2307: Cannot find module 'next/link' or its corresponding type declarations.
scratch/kravy-pos-website/src/app/admin/docs/architecture/page.tsx(19,8): error TS2307: Cannot find module 'lucide-react' or its corresponding type declarations.
scratch/kravy-pos-website/src/app/admin/docs/architecture/page.tsx(20,24): error TS2307: Cannot find module 'framer-motion' or its corresponding type declarations.
scratch/kravy-pos-website/src/app/admin/merchants/[id]/page.tsx(23,8): error TS2307: Cannot find module 'lucide-react' or its corresponding type declarations.
scratch/kravy-pos-website/src/app/admin/merchants/[id]/page.tsx(24,18): error TS2307: Cannot find module 'next/link' or its corresponding type declarations.
scratch/kravy-pos-website/src/app/admin/merchants/[id]/page.tsx(25,41): error TS2307: Cannot find module 'framer-motion' or its corresponding type declarations.
scratch/kravy-pos-website/src/app/admin/merchants/[id]/page.tsx(26,23): error TS2307: Cannot find module 'sonner' or its corresponding type declarations.
scratch/kravy-pos-website/src/app/admin/merchants/[id]/page.tsx(37,8): error TS2307: Cannot find module 'recharts' or its corresponding type declarations.
scratch/kravy-pos-website/src/app/admin/merchants/page.tsx(4,18): error TS2307: Cannot find module 'next/link' or its corresponding type declarations.
scratch/kravy-pos-website/src/app/admin/merchants/page.tsx(23,8): error TS2307: Cannot find module 'lucide-react' or its corresponding type declarations.
scratch/kravy-pos-website/src/app/admin/merchants/page.tsx(24,24): error TS2307: Cannot find module 'framer-motion' or its corresponding type declarations.
scratch/kravy-pos-website/src/app/admin/merchants/page.tsx(25,23): error TS2307: Cannot find module 'sonner' or its corresponding type declarations.
scratch/kravy-pos-website/src/app/admin/onboarding-custom/page.tsx(4,23): error TS2307: Cannot find module 'react-hot-toast' or its corresponding type declarations.
scratch/kravy-pos-website/src/app/admin/onboarding-custom/page.tsx(5,24): error TS2307: Cannot find module 'framer-motion' or its corresponding type declarations.
scratch/kravy-pos-website/src/app/admin/onboarding-custom/page.tsx(11,8): error TS2307: Cannot find module 'lucide-react' or its corresponding type declarations.
scratch/kravy-pos-website/src/app/admin/onboarding-custom/page.tsx(12,18): error TS2307: Cannot find module 'next/link' or its corresponding type declarations.
scratch/kravy-pos-website/src/app/admin/onboarding/page.tsx(4,23): error TS2307: Cannot find module 'react-hot-toast' or its corresponding type declarations.
scratch/kravy-pos-website/src/app/admin/onboarding/page.tsx(5,24): error TS2307: Cannot find module 'framer-motion' or its corresponding type declarations.
scratch/kravy-pos-website/src/app/admin/onboarding/page.tsx(10,8): error TS2307: Cannot find module 'lucide-react' or its corresponding type declarations.
scratch/kravy-pos-website/src/app/admin/onboarding/page.tsx(11,18): error TS2307: Cannot find module 'next/link' or its corresponding type declarations.
scratch/kravy-pos-website/src/app/admin/users/[id]/page.tsx(4,38): error TS2307: Cannot find module 'next/navigation' or its corresponding type declarations.
scratch/kravy-pos-website/src/app/admin/users/[id]/page.tsx(36,8): error TS2307: Cannot find module 'lucide-react' or its corresponding type declarations.
scratch/kravy-pos-website/src/app/admin/users/[id]/page.tsx(37,19): error TS2307: Cannot find module 'react-hot-toast' or its corresponding type declarations.
scratch/kravy-pos-website/src/app/admin/users/[id]/page.tsx(38,41): error TS2307: Cannot find module 'framer-motion' or its corresponding type declarations.
scratch/kravy-pos-website/src/app/admin/users/[id]/page.tsx(39,37): error TS2307: Cannot find module 'lucide-react' or its corresponding type declarations.
scratch/kravy-pos-website/src/app/admin/users/[id]/page.tsx(377,29): error TS2339: Property 'isDisabled' does not exist on type 'UserData'.
scratch/kravy-pos-website/src/app/admin/users/[id]/page.tsx(1171,28): error TS2339: Property 'isDisabled' does not exist on type 'UserData'.
scratch/kravy-pos-website/src/app/admin/users/[id]/page.tsx(1176,28): error TS2339: Property 'isDisabled' does not exist on type 'UserData'.
scratch/kravy-pos-website/src/app/admin/users/[id]/page.tsx(1192,14): error TS2322: Type '{ children: string; jsx: true; global: true; }' is not assignable to type 'DetailedHTMLProps<StyleHTMLAttributes<HTMLStyleElement>, HTMLStyleElement>'.
  Property 'jsx' does not exist on type 'DetailedHTMLProps<StyleHTMLAttributes<HTMLStyleElement>, HTMLStyleElement>'.
scratch/kravy-pos-website/src/app/admin/users/create/page.tsx(4,27): error TS2307: Cannot find module 'next/navigation' or its corresponding type declarations.
scratch/kravy-pos-website/src/app/admin/users/docs/page.tsx(2,18): error TS2307: Cannot find module 'next/link' or its corresponding type declarations.
scratch/kravy-pos-website/src/app/admin/users/docs/page.tsx(3,94): error TS2307: Cannot find module 'lucide-react' or its corresponding type declarations.
scratch/kravy-pos-website/src/app/admin/users/page.tsx(4,19): error TS2307: Cannot find module 'react-hot-toast' or its corresponding type declarations.
scratch/kravy-pos-website/src/app/admin/users/page.tsx(5,18): error TS2307: Cannot find module 'next/link' or its corresponding type declarations.
scratch/kravy-pos-website/src/app/admin/users/page.tsx(6,41): error TS2307: Cannot find module 'framer-motion' or its corresponding type declarations.
scratch/kravy-pos-website/src/app/admin/users/page.tsx(11,8): error TS2307: Cannot find module 'lucide-react' or its corresponding type declarations.
scratch/kravy-pos-website/src/app/admin/users/page.tsx(34,27): error TS2307: Cannot find module 'next/navigation' or its corresponding type declarations.
scratch/kravy-pos-website/src/app/admin/users/page.tsx(697,7): error TS2741: Property 'STAFF' is missing in type '{ ADMIN: string; SELLER: string; USER: string; }' but required in type 'Record<Role, string>'.
scratch/kravy-pos-website/src/app/admin/users/roles/page.tsx(4,19): error TS2307: Cannot find module 'react-hot-toast' or its corresponding type declarations.
scratch/kravy-pos-website/src/app/admin/users/roles/page.tsx(5,18): error TS2307: Cannot find module 'next/link' or its corresponding type declarations.
scratch/kravy-pos-website/src/app/admin/users/roles/page.tsx(6,69): error TS2307: Cannot find module 'lucide-react' or its corresponding type declarations.
scratch/kravy-pos-website/src/app/api/activity/list/route.ts(1,30): error TS2307: Cannot find module 'next/server' or its corresponding type declarations.
scratch/kravy-pos-website/src/app/api/activity/list/route.ts(2,20): error TS2307: Cannot find module '@/lib/prisma' or its corresponding type declarations.
scratch/kravy-pos-website/src/app/api/activity/list/route.ts(3,37): error TS2307: Cannot find module '@/lib/auth-utils' or its corresponding type declarations.
scratch/kravy-pos-website/src/app/api/activity/log/route.ts(1,30): error TS2307: Cannot find module 'next/server' or its corresponding type declarations.
scratch/kravy-pos-website/src/app/api/activity/log/route.ts(2,22): error TS2307: Cannot find module '@clerk/nextjs/server' or its corresponding type declarations.
scratch/kravy-pos-website/src/app/api/activity/log/route.ts(3,20): error TS2307: Cannot find module '@/lib/prisma' or its corresponding type declarations.
scratch/kravy-pos-website/src/app/api/activity/log/route.ts(4,37): error TS2307: Cannot find module '@/lib/auth-utils' or its corresponding type declarations.
scratch/kravy-pos-website/src/app/api/admin/activity/route.ts(1,30): error TS2307: Cannot find module 'next/server' or its corresponding type declarations.
scratch/kravy-pos-website/src/app/api/admin/activity/route.ts(2,22): error TS2307: Cannot find module '@clerk/nextjs/server' or its corresponding type declarations.
scratch/kravy-pos-website/src/app/api/admin/activity/route.ts(3,20): error TS2307: Cannot find module '@/lib/prisma' or its corresponding type declarations.
scratch/kravy-pos-website/src/app/api/admin/backups/collections/route.ts(2,43): error TS2307: Cannot find module 'next/server' or its corresponding type declarations.
scratch/kravy-pos-website/src/app/api/admin/backups/collections/route.ts(3,29): error TS2307: Cannot find module 'mongodb' or its corresponding type declarations.
scratch/kravy-pos-website/src/app/api/admin/backups/collections/route.ts(4,37): error TS2307: Cannot find module '@/lib/auth-utils' or its corresponding type declarations.
scratch/kravy-pos-website/src/app/api/admin/backups/collections/route.ts(5,20): error TS2307: Cannot find module '@/lib/prisma' or its corresponding type declarations.
scratch/kravy-pos-website/src/app/api/admin/backups/create/route.ts(1,30): error TS2307: Cannot find module 'next/server' or its corresponding type declarations.
scratch/kravy-pos-website/src/app/api/admin/backups/create/route.ts(2,37): error TS2307: Cannot find module '@/lib/auth-utils' or its corresponding type declarations.
scratch/kravy-pos-website/src/app/api/admin/backups/create/route.ts(3,20): error TS2307: Cannot find module '@/lib/prisma' or its corresponding type declarations.
scratch/kravy-pos-website/src/app/api/admin/backups/create/route.ts(4,32): error TS2307: Cannot find module '@/lib/backup/mongodb-backup' or its corresponding type declarations.
scratch/kravy-pos-website/src/app/api/admin/backups/delete/route.ts(1,30): error TS2307: Cannot find module 'next/server' or its corresponding type declarations.
scratch/kravy-pos-website/src/app/api/admin/backups/delete/route.ts(2,37): error TS2307: Cannot find module '@/lib/auth-utils' or its corresponding type declarations.
scratch/kravy-pos-website/src/app/api/admin/backups/delete/route.ts(3,20): error TS2307: Cannot find module '@/lib/prisma' or its corresponding type declarations.
scratch/kravy-pos-website/src/app/api/admin/backups/delete/route.ts(4,47): error TS2307: Cannot find module '@aws-sdk/client-s3' or its corresponding type declarations.
scratch/kravy-pos-website/src/app/api/admin/backups/download/route.ts(1,44): error TS2307: Cannot find module '@aws-sdk/client-s3' or its corresponding type declarations.
scratch/kravy-pos-website/src/app/api/admin/backups/download/route.ts(2,30): error TS2307: Cannot find module '@aws-sdk/s3-request-presigner' or its corresponding type declarations.
scratch/kravy-pos-website/src/app/api/admin/backups/download/route.ts(3,30): error TS2307: Cannot find module 'next/server' or its corresponding type declarations.
scratch/kravy-pos-website/src/app/api/admin/backups/download/route.ts(4,37): error TS2307: Cannot find module '@/lib/auth-utils' or its corresponding type declarations.
scratch/kravy-pos-website/src/app/api/admin/backups/download/route.ts(5,20): error TS2307: Cannot find module '@/lib/prisma' or its corresponding type declarations.
scratch/kravy-pos-website/src/app/api/admin/backups/export/route.ts(2,43): error TS2307: Cannot find module 'next/server' or its corresponding type declarations.
scratch/kravy-pos-website/src/app/api/admin/backups/export/route.ts(3,29): error TS2307: Cannot find module 'mongodb' or its corresponding type declarations.
scratch/kravy-pos-website/src/app/api/admin/backups/export/route.ts(4,23): error TS2307: Cannot find module 'xlsx' or its corresponding type declarations.
scratch/kravy-pos-website/src/app/api/admin/backups/export/route.ts(5,37): error TS2307: Cannot find module '@/lib/auth-utils' or its corresponding type declarations.
scratch/kravy-pos-website/src/app/api/admin/backups/export/route.ts(6,20): error TS2307: Cannot find module '@/lib/prisma' or its corresponding type declarations.
scratch/kravy-pos-website/src/app/api/admin/backups/export/route.ts(38,59): error TS2307: Cannot find module '@aws-sdk/client-s3' or its corresponding type declarations.
scratch/kravy-pos-website/src/app/api/admin/backups/export/route.ts(40,37): error TS2307: Cannot find module 'mongodb' or its corresponding type declarations.
scratch/kravy-pos-website/src/app/api/admin/backups/inspect/route.ts(2,43): error TS2307: Cannot find module 'next/server' or its corresponding type declarations.
scratch/kravy-pos-website/src/app/api/admin/backups/inspect/route.ts(3,44): error TS2307: Cannot find module '@aws-sdk/client-s3' or its corresponding type declarations.
scratch/kravy-pos-website/src/app/api/admin/backups/inspect/route.ts(4,37): error TS2307: Cannot find module '@/lib/auth-utils' or its corresponding type declarations.
scratch/kravy-pos-website/src/app/api/admin/backups/inspect/route.ts(5,20): error TS2307: Cannot find module '@/lib/prisma' or its corresponding type declarations.
scratch/kravy-pos-website/src/app/api/admin/backups/inspect/route.ts(7,22): error TS2307: Cannot find module 'mongodb' or its corresponding type declarations.
scratch/kravy-pos-website/src/app/api/admin/backups/route.ts(2,30): error TS2307: Cannot find module 'next/server' or its corresponding type declarations.
scratch/kravy-pos-website/src/app/api/admin/backups/route.ts(3,37): error TS2307: Cannot find module '@/lib/auth-utils' or its corresponding type declarations.
scratch/kravy-pos-website/src/app/api/admin/backups/route.ts(4,20): error TS2307: Cannot find module '@/lib/prisma' or its corresponding type declarations.
scratch/kravy-pos-website/src/app/api/admin/combos/[id]/route.ts(1,43): error TS2307: Cannot find module 'next/server' or its corresponding type declarations.
scratch/kravy-pos-website/src/app/api/admin/combos/[id]/route.ts(2,24): error TS2307: Cannot find module '@/lib/prisma' or its corresponding type declarations.
scratch/kravy-pos-website/src/app/api/admin/combos/[id]/route.ts(3,22): error TS2307: Cannot find module '@clerk/nextjs/server' or its corresponding type declarations.
scratch/kravy-pos-website/src/app/api/admin/combos/[id]/route.ts(4,37): error TS2307: Cannot find module '@/lib/auth-utils' or its corresponding type declarations.
scratch/kravy-pos-website/src/app/api/admin/combos/route.ts(1,43): error TS2307: Cannot find module 'next/server' or its corresponding type declarations.
scratch/kravy-pos-website/src/app/api/admin/combos/route.ts(2,20): error TS2307: Cannot find module '@/lib/prisma' or its corresponding type declarations.
scratch/kravy-pos-website/src/app/api/admin/combos/route.ts(3,22): error TS2307: Cannot find module '@clerk/nextjs/server' or its corresponding type declarations.
scratch/kravy-pos-website/src/app/api/admin/combos/route.ts(4,37): error TS2307: Cannot find module '@/lib/auth-utils' or its corresponding type declarations.
scratch/kravy-pos-website/src/app/api/admin/dashboard-stats/config/route.ts(1,30): error TS2307: Cannot find module 'next/server' or its corresponding type declarations.
scratch/kravy-pos-website/src/app/api/admin/dashboard-stats/config/route.ts(2,20): error TS2307: Cannot find module '@/lib/prisma' or its corresponding type declarations.
scratch/kravy-pos-website/src/app/api/admin/dashboard-stats/config/route.ts(3,29): error TS2307: Cannot find module '@/lib/auth-utils' or its corresponding type declarations.
scratch/kravy-pos-website/src/app/api/admin/dashboard-stats/route.ts(1,30): error TS2307: Cannot find module 'next/server' or its corresponding type declarations.
scratch/kravy-pos-website/src/app/api/admin/dashboard-stats/route.ts(2,20): error TS2307: Cannot find module '@/lib/prisma' or its corresponding type declarations.
scratch/kravy-pos-website/src/app/api/admin/dashboard-stats/route.ts(3,29): error TS2307: Cannot find module '@/lib/auth-utils' or its corresponding type declarations.
scratch/kravy-pos-website/src/app/api/admin/dashboard-stats/route.ts(145,33): error TS2339: Property '_count' does not exist on type 'unknown'.
scratch/kravy-pos-website/src/app/api/admin/dashboard-stats/route.ts(146,36): error TS2339: Property '_sum' does not exist on type 'unknown'.
scratch/kravy-pos-website/src/app/api/admin/dashboard-stats/route.ts(147,36): error TS2339: Property '_max' does not exist on type 'unknown'.
scratch/kravy-pos-website/src/app/api/admin/gallery/route.ts(1,43): error TS2307: Cannot find module 'next/server' or its corresponding type declarations.
scratch/kravy-pos-website/src/app/api/admin/gallery/route.ts(2,20): error TS2307: Cannot find module '@/lib/prisma' or its corresponding type declarations.
scratch/kravy-pos-website/src/app/api/admin/gallery/route.ts(3,37): error TS2307: Cannot find module '@/lib/auth-utils' or its corresponding type declarations.
scratch/kravy-pos-website/src/app/api/admin/generate-invoice/route.ts(1,43): error TS2307: Cannot find module 'next/server' or its corresponding type declarations.
scratch/kravy-pos-website/src/app/api/admin/generate-invoice/route.ts(2,42): error TS2307: Cannot find module '@/lib/pdf/invoice-pdf' or its corresponding type declarations.
scratch/kravy-pos-website/src/app/api/admin/generate-invoice/route.ts(3,37): error TS2307: Cannot find module '@/lib/auth-utils' or its corresponding type declarations.
scratch/kravy-pos-website/src/app/api/admin/generate-invoice/route.ts(4,20): error TS2307: Cannot find module '@/lib/prisma' or its corresponding type declarations.
scratch/kravy-pos-website/src/app/api/admin/offers/[id]/route.ts(1,43): error TS2307: Cannot find module 'next/server' or its corresponding type declarations.
scratch/kravy-pos-website/src/app/api/admin/offers/[id]/route.ts(2,24): error TS2307: Cannot find module '@/lib/prisma' or its corresponding type declarations.
scratch/kravy-pos-website/src/app/api/admin/offers/[id]/route.ts(3,22): error TS2307: Cannot find module '@clerk/nextjs/server' or its corresponding type declarations.
scratch/kravy-pos-website/src/app/api/admin/offers/[id]/route.ts(4,37): error TS2307: Cannot find module '@/lib/auth-utils' or its corresponding type declarations.
scratch/kravy-pos-website/src/app/api/admin/offers/route.ts(1,43): error TS2307: Cannot find module 'next/server' or its corresponding type declarations.
scratch/kravy-pos-website/src/app/api/admin/offers/route.ts(2,24): error TS2307: Cannot find module '@/lib/prisma' or its corresponding type declarations.
scratch/kravy-pos-website/src/app/api/admin/offers/route.ts(3,22): error TS2307: Cannot find module '@clerk/nextjs/server' or its corresponding type declarations.
scratch/kravy-pos-website/src/app/api/admin/offers/route.ts(4,37): error TS2307: Cannot find module '@/lib/auth-utils' or its corresponding type declarations.
scratch/kravy-pos-website/src/app/api/admin/onboard-custom/route.ts(1,30): error TS2307: Cannot find module 'next/server' or its corresponding type declarations.
scratch/kravy-pos-website/src/app/api/admin/onboard-custom/route.ts(2,20): error TS2307: Cannot find module '@/lib/prisma' or its corresponding type declarations.
scratch/kravy-pos-website/src/app/api/admin/onboard-custom/route.ts(3,20): error TS2307: Cannot find module 'bcryptjs' or its corresponding type declarations.
scratch/kravy-pos-website/src/app/api/admin/onboard-custom/route.ts(4,29): error TS2307: Cannot find module '@/lib/auth-utils' or its corresponding type declarations.
scratch/kravy-pos-website/src/app/api/admin/onboard-custom/route.ts(5,23): error TS2307: Cannot find module 'xlsx' or its corresponding type declarations.
scratch/kravy-pos-website/src/app/api/admin/onboard-custom/route.ts(15,28): error TS2339: Property 'get' does not exist on type 'FormData'.
scratch/kravy-pos-website/src/app/api/admin/onboard-custom/route.ts(16,28): error TS2339: Property 'get' does not exist on type 'FormData'.
scratch/kravy-pos-website/src/app/api/admin/onboard-custom/route.ts(17,31): error TS2339: Property 'get' does not exist on type 'FormData'.
scratch/kravy-pos-website/src/app/api/admin/onboard-custom/route.ts(18,35): error TS2339: Property 'get' does not exist on type 'FormData'.
scratch/kravy-pos-website/src/app/api/admin/onboard-custom/route.ts(19,37): error TS2339: Property 'get' does not exist on type 'FormData'.
scratch/kravy-pos-website/src/app/api/admin/onboard-custom/route.ts(64,34): error TS2339: Property 'get' does not exist on type 'FormData'.
scratch/kravy-pos-website/src/app/api/admin/onboard-custom/route.ts(76,31): error TS2339: Property 'get' does not exist on type 'FormData'.
scratch/kravy-pos-website/src/app/api/admin/onboard/route.ts(1,30): error TS2307: Cannot find module 'next/server' or its corresponding type declarations.
scratch/kravy-pos-website/src/app/api/admin/onboard/route.ts(2,35): error TS2307: Cannot find module '@clerk/backend' or its corresponding type declarations.
scratch/kravy-pos-website/src/app/api/admin/onboard/route.ts(3,20): error TS2307: Cannot find module '@/lib/prisma' or its corresponding type declarations.
scratch/kravy-pos-website/src/app/api/admin/onboard/route.ts(4,23): error TS2307: Cannot find module 'xlsx' or its corresponding type declarations.
scratch/kravy-pos-website/src/app/api/admin/onboard/route.ts(5,29): error TS2307: Cannot find module '@/lib/auth-utils' or its corresponding type declarations.
scratch/kravy-pos-website/src/app/api/admin/onboard/route.ts(15,28): error TS2339: Property 'get' does not exist on type 'FormData'.
scratch/kravy-pos-website/src/app/api/admin/onboard/route.ts(16,31): error TS2339: Property 'get' does not exist on type 'FormData'.
scratch/kravy-pos-website/src/app/api/admin/onboard/route.ts(17,35): error TS2339: Property 'get' does not exist on type 'FormData'.
scratch/kravy-pos-website/src/app/api/admin/onboard/route.ts(18,31): error TS2339: Property 'get' does not exist on type 'FormData'.
scratch/kravy-pos-website/src/app/api/admin/onboard/route.ts(20,45): error TS2339: Property 'get' does not exist on type 'FormData'.
scratch/kravy-pos-website/src/app/api/admin/reports/sellers/[id]/route.ts(1,43): error TS2307: Cannot find module 'next/server' or its corresponding type declarations.
scratch/kravy-pos-website/src/app/api/admin/reports/sellers/[id]/route.ts(2,20): error TS2307: Cannot find module '@/lib/prisma' or its corresponding type declarations.
scratch/kravy-pos-website/src/app/api/admin/reports/sellers/export/route.ts(1,43): error TS2307: Cannot find module 'next/server' or its corresponding type declarations.
scratch/kravy-pos-website/src/app/api/admin/reports/sellers/export/route.ts(2,20): error TS2307: Cannot find module '@/lib/prisma' or its corresponding type declarations.
scratch/kravy-pos-website/src/app/api/admin/reports/sellers/export/route.ts(3,21): error TS2307: Cannot find module 'exceljs' or its corresponding type declarations.
scratch/kravy-pos-website/src/app/api/admin/reports/sellers/route.ts(1,43): error TS2307: Cannot find module 'next/server' or its corresponding type declarations.
scratch/kravy-pos-website/src/app/api/admin/reports/sellers/route.ts(2,20): error TS2307: Cannot find module '@/lib/prisma' or its corresponding type declarations.
scratch/kravy-pos-website/src/app/api/admin/rewards/[id]/route.ts(1,43): error TS2307: Cannot find module 'next/server' or its corresponding type declarations.
scratch/kravy-pos-website/src/app/api/admin/rewards/[id]/route.ts(2,24): error TS2307: Cannot find module '@/lib/prisma' or its corresponding type declarations.
scratch/kravy-pos-website/src/app/api/admin/rewards/[id]/route.ts(3,22): error TS2307: Cannot find module '@clerk/nextjs/server' or its corresponding type declarations.
scratch/kravy-pos-website/src/app/api/admin/rewards/[id]/route.ts(4,37): error TS2307: Cannot find module '@/lib/auth-utils' or its corresponding type declarations.
scratch/kravy-pos-website/src/app/api/admin/rewards/route.ts(1,43): error TS2307: Cannot find module 'next/server' or its corresponding type declarations.
scratch/kravy-pos-website/src/app/api/admin/rewards/route.ts(2,24): error TS2307: Cannot find module '@/lib/prisma' or its corresponding type declarations.
scratch/kravy-pos-website/src/app/api/admin/rewards/route.ts(3,22): error TS2307: Cannot find module '@clerk/nextjs/server' or its corresponding type declarations.
scratch/kravy-pos-website/src/app/api/admin/rewards/route.ts(4,37): error TS2307: Cannot find module '@/lib/auth-utils' or its corresponding type declarations.
scratch/kravy-pos-website/src/app/api/admin/roles/route.ts(1,30): error TS2307: Cannot find module 'next/server' or its corresponding type declarations.
scratch/kravy-pos-website/src/app/api/admin/roles/route.ts(2,20): error TS2307: Cannot find module '@/lib/prisma' or its corresponding type declarations.
scratch/kravy-pos-website/src/app/api/admin/roles/route.ts(3,22): error TS2307: Cannot find module '@prisma/client' or its corresponding type declarations.
scratch/kravy-pos-website/src/app/api/admin/roles/route.ts(4,29): error TS2307: Cannot find module '@/lib/auth-utils' or its corresponding type declarations.
scratch/kravy-pos-website/src/app/api/admin/route.ts(1,30): error TS2307: Cannot find module 'next/server' or its corresponding type declarations.
scratch/kravy-pos-website/src/app/api/admin/route.ts(2,22): error TS2307: Cannot find module '@clerk/nextjs/server' or its corresponding type declarations.
scratch/kravy-pos-website/src/app/api/admin/route.ts(3,20): error TS2307: Cannot find module '@/lib/prisma' or its corresponding type declarations.
scratch/kravy-pos-website/src/app/api/admin/self-promote/route.ts(1,30): error TS2307: Cannot find module 'next/server' or its corresponding type declarations.
scratch/kravy-pos-website/src/app/api/admin/self-promote/route.ts(2,22): error TS2307: Cannot find module '@clerk/nextjs/server' or its corresponding type declarations.
scratch/kravy-pos-website/src/app/api/admin/self-promote/route.ts(3,20): error TS2307: Cannot find module '@/lib/prisma' or its corresponding type declarations.
scratch/kravy-pos-website/src/app/api/admin/seller-detail/route.ts(1,30): error TS2307: Cannot find module 'next/server' or its corresponding type declarations.
scratch/kravy-pos-website/src/app/api/admin/seller-detail/route.ts(2,20): error TS2307: Cannot find module '@/lib/prisma' or its corresponding type declarations.
scratch/kravy-pos-website/src/app/api/admin/seller-detail/route.ts(3,29): error TS2307: Cannot find module '@/lib/auth-utils' or its corresponding type declarations.
scratch/kravy-pos-website/src/app/api/admin/settings/route.ts(1,43): error TS2307: Cannot find module 'next/server' or its corresponding type declarations.
scratch/kravy-pos-website/src/app/api/admin/settings/route.ts(2,20): error TS2307: Cannot find module '@/lib/prisma' or its corresponding type declarations.
scratch/kravy-pos-website/src/app/api/admin/users/[id]/route.ts(1,30): error TS2307: Cannot find module 'next/server' or its corresponding type declarations.
scratch/kravy-pos-website/src/app/api/admin/users/[id]/route.ts(2,20): error TS2307: Cannot find module '@/lib/prisma' or its corresponding type declarations.
scratch/kravy-pos-website/src/app/api/admin/users/[id]/route.ts(3,29): error TS2307: Cannot find module '@/lib/auth-utils' or its corresponding type declarations.
scratch/kravy-pos-website/src/app/api/admin/users/[id]/route.ts(69,48): error TS2307: Cannot find module '@clerk/nextjs/server' or its corresponding type declarations.
scratch/kravy-pos-website/src/app/api/admin/users/disable/route.ts(4,30): error TS2307: Cannot find module 'next/server' or its corresponding type declarations.
scratch/kravy-pos-website/src/app/api/admin/users/disable/route.ts(5,29): error TS2307: Cannot find module '@clerk/nextjs/server' or its corresponding type declarations.
scratch/kravy-pos-website/src/app/api/admin/users/disable/route.ts(6,20): error TS2307: Cannot find module '@/lib/prisma' or its corresponding type declarations.
scratch/kravy-pos-website/src/app/api/admin/users/disable/route.ts(7,29): error TS2307: Cannot find module '@/lib/auth-utils' or its corresponding type declarations.
scratch/kravy-pos-website/src/app/api/admin/users/impersonate/route.ts(1,30): error TS2307: Cannot find module 'next/server' or its corresponding type declarations.
scratch/kravy-pos-website/src/app/api/admin/users/impersonate/route.ts(2,20): error TS2307: Cannot find module '@/lib/prisma' or its corresponding type declarations.
scratch/kravy-pos-website/src/app/api/admin/users/impersonate/route.ts(3,29): error TS2307: Cannot find module '@/lib/auth-utils' or its corresponding type declarations.
scratch/kravy-pos-website/src/app/api/admin/users/impersonate/route.ts(4,17): error TS2307: Cannot find module 'jsonwebtoken' or its corresponding type declarations.
scratch/kravy-pos-website/src/app/api/admin/users/impersonate/route.ts(5,25): error TS2307: Cannot find module 'next/headers' or its corresponding type declarations.
scratch/kravy-pos-website/src/app/api/admin/users/invite/route.ts(4,30): error TS2307: Cannot find module 'next/server' or its corresponding type declarations.
scratch/kravy-pos-website/src/app/api/admin/users/invite/route.ts(5,35): error TS2307: Cannot find module '@clerk/nextjs/server' or its corresponding type declarations.
scratch/kravy-pos-website/src/app/api/admin/users/invite/route.ts(6,20): error TS2307: Cannot find module '@/lib/prisma' or its corresponding type declarations.
scratch/kravy-pos-website/src/app/api/admin/users/role/route.ts(1,30): error TS2307: Cannot find module 'next/server' or its corresponding type declarations.
scratch/kravy-pos-website/src/app/api/admin/users/role/route.ts(2,29): error TS2307: Cannot find module '@clerk/nextjs/server' or its corresponding type declarations.
scratch/kravy-pos-website/src/app/api/admin/users/role/route.ts(3,20): error TS2307: Cannot find module '@/lib/prisma' or its corresponding type declarations.
scratch/kravy-pos-website/src/app/api/admin/users/role/route.ts(4,29): error TS2307: Cannot find module '@/lib/auth-utils' or its corresponding type declarations.
scratch/kravy-pos-website/src/app/api/admin/users/route.ts(1,30): error TS2307: Cannot find module 'next/server' or its corresponding type declarations.
scratch/kravy-pos-website/src/app/api/admin/users/route.ts(2,29): error TS2307: Cannot find module '@clerk/nextjs/server' or its corresponding type declarations.
scratch/kravy-pos-website/src/app/api/admin/users/route.ts(3,20): error TS2307: Cannot find module '@/lib/prisma' or its corresponding type declarations.
scratch/kravy-pos-website/src/app/api/admin/users/route.ts(4,29): error TS2307: Cannot find module '@/lib/auth-utils' or its corresponding type declarations.
scratch/kravy-pos-website/src/app/api/admin/users/route.ts(216,37): error TS2307: Cannot find module 'bcryptjs' or its corresponding type declarations.
scratch/kravy-pos-website/src/app/api/admin/users/route.ts(300,9): error TS2588: Cannot assign to 'privateMetadata' because it is a constant.
scratch/kravy-pos-website/src/app/api/admin/users/route.ts(321,35): error TS2307: Cannot find module 'bcryptjs' or its corresponding type declarations.
scratch/kravy-pos-website/src/app/api/auth/forgot-password/route.ts(1,43): error TS2307: Cannot find module 'next/server' or its corresponding type declarations.
scratch/kravy-pos-website/src/app/api/auth/forgot-password/route.ts(2,20): error TS2307: Cannot find module '@/lib/prisma' or its corresponding type declarations.
scratch/kravy-pos-website/src/app/api/auth/forgot-password/route.ts(3,24): error TS2307: Cannot find module 'resend' or its corresponding type declarations.
scratch/kravy-pos-website/src/app/api/auth/forgot-password/route.ts(4,37): error TS2307: Cannot find module '@/lib/mail-templates' or its corresponding type declarations.
scratch/kravy-pos-website/src/app/api/auth/login/route.ts(1,43): error TS2307: Cannot find module 'next/server' or its corresponding type declarations.
scratch/kravy-pos-website/src/app/api/auth/login/route.ts(2,20): error TS2307: Cannot find module '@/lib/prisma' or its corresponding type declarations.
scratch/kravy-pos-website/src/app/api/auth/login/route.ts(3,20): error TS2307: Cannot find module 'bcryptjs' or its corresponding type declarations.
scratch/kravy-pos-website/src/app/api/auth/login/route.ts(4,17): error TS2307: Cannot find module 'jsonwebtoken' or its corresponding type declarations.
scratch/kravy-pos-website/src/app/api/auth/logout/route.ts(1,30): error TS2307: Cannot find module 'next/server' or its corresponding type declarations.
scratch/kravy-pos-website/src/app/api/auth/me/route.ts(1,30): error TS2307: Cannot find module 'next/server' or its corresponding type declarations.
scratch/kravy-pos-website/src/app/api/auth/me/route.ts(2,22): error TS2307: Cannot find module '@clerk/nextjs/server' or its corresponding type declarations.
scratch/kravy-pos-website/src/app/api/auth/me/route.ts(3,24): error TS2307: Cannot find module '@/lib/prisma' or its corresponding type declarations.
scratch/kravy-pos-website/src/app/api/auth/register/route.ts(1,43): error TS2307: Cannot find module 'next/server' or its corresponding type declarations.
scratch/kravy-pos-website/src/app/api/auth/register/route.ts(2,20): error TS2307: Cannot find module '@/lib/prisma' or its corresponding type declarations.
scratch/kravy-pos-website/src/app/api/auth/register/route.ts(3,20): error TS2307: Cannot find module 'bcryptjs' or its corresponding type declarations.
scratch/kravy-pos-website/src/app/api/auth/register/route.ts(4,24): error TS2307: Cannot find module 'resend' or its corresponding type declarations.
scratch/kravy-pos-website/src/app/api/auth/register/route.ts(5,37): error TS2307: Cannot find module '@/lib/mail-templates' or its corresponding type declarations.
scratch/kravy-pos-website/src/app/api/auth/register/route.ts(6,33): error TS2307: Cannot find module '@/lib/whatsapp-bill' or its corresponding type declarations.
scratch/kravy-pos-website/src/app/api/auth/resend-otp/route.ts(1,43): error TS2307: Cannot find module 'next/server' or its corresponding type declarations.
scratch/kravy-pos-website/src/app/api/auth/resend-otp/route.ts(2,20): error TS2307: Cannot find module '@/lib/prisma' or its corresponding type declarations.
scratch/kravy-pos-website/src/app/api/auth/resend-otp/route.ts(3,24): error TS2307: Cannot find module 'resend' or its corresponding type declarations.
scratch/kravy-pos-website/src/app/api/auth/reset-password/route.ts(1,43): error TS2307: Cannot find module 'next/server' or its corresponding type declarations.
scratch/kravy-pos-website/src/app/api/auth/reset-password/route.ts(2,20): error TS2307: Cannot find module '@/lib/prisma' or its corresponding type declarations.
scratch/kravy-pos-website/src/app/api/auth/reset-password/route.ts(3,20): error TS2307: Cannot find module 'bcryptjs' or its corresponding type declarations.
scratch/kravy-pos-website/src/app/api/auth/sync-user/route.ts(1,30): error TS2307: Cannot find module 'next/server' or its corresponding type declarations.
scratch/kravy-pos-website/src/app/api/auth/sync-user/route.ts(2,35): error TS2307: Cannot find module '@clerk/nextjs/server' or its corresponding type declarations.
scratch/kravy-pos-website/src/app/api/auth/sync-user/route.ts(3,20): error TS2307: Cannot find module '@/lib/prisma' or its corresponding type declarations.
scratch/kravy-pos-website/src/app/api/auth/verify-otp/route.ts(1,43): error TS2307: Cannot find module 'next/server' or its corresponding type declarations.
scratch/kravy-pos-website/src/app/api/auth/verify-otp/route.ts(2,20): error TS2307: Cannot find module '@/lib/prisma' or its corresponding type declarations.
scratch/kravy-pos-website/src/app/api/auth/verify-otp/route.ts(3,24): error TS2307: Cannot find module 'resend' or its corresponding type declarations.
scratch/kravy-pos-website/src/app/api/auth/verify-otp/route.ts(4,41): error TS2307: Cannot find module '@/lib/mail-templates' or its corresponding type declarations.
scratch/kravy-pos-website/src/app/api/bill-manager/[id]/hold/route.ts(1,43): error TS2307: Cannot find module 'next/server' or its corresponding type declarations.
scratch/kravy-pos-website/src/app/api/bill-manager/[id]/hold/route.ts(2,20): error TS2307: Cannot find module '@/lib/prisma' or its corresponding type declarations.
scratch/kravy-pos-website/src/app/api/bill-manager/[id]/hold/route.ts(3,37): error TS2307: Cannot find module '@/lib/auth-utils' or its corresponding type declarations.
scratch/kravy-pos-website/src/app/api/bill-manager/[id]/pdf/route.ts(1,43): error TS2307: Cannot find module 'next/server' or its corresponding type declarations.
scratch/kravy-pos-website/src/app/api/bill-manager/[id]/pdf/route.ts(2,20): error TS2307: Cannot find module '@/lib/prisma' or its corresponding type declarations.
scratch/kravy-pos-website/src/app/api/bill-manager/[id]/pdf/route.ts(3,37): error TS2307: Cannot find module '@/lib/auth-utils' or its corresponding type declarations.
scratch/kravy-pos-website/src/app/api/bill-manager/[id]/pdf/route.ts(4,49): error TS2307: Cannot find module 'pdf-lib' or its corresponding type declarations.
scratch/kravy-pos-website/src/app/api/bill-manager/[id]/pdf/route.ts(5,24): error TS2307: Cannot find module '@/lib/cloudinary' or its corresponding type declarations.
scratch/kravy-pos-website/src/app/api/bill-manager/[id]/pdf/route.ts(7,26): error TS2307: Cannot find module 'mongodb' or its corresponding type declarations.
scratch/kravy-pos-website/src/app/api/bill-manager/[id]/route.ts(1,43): error TS2307: Cannot find module 'next/server' or its corresponding type declarations.
scratch/kravy-pos-website/src/app/api/bill-manager/[id]/route.ts(2,20): error TS2307: Cannot find module '@/lib/prisma' or its corresponding type declarations.
scratch/kravy-pos-website/src/app/api/bill-manager/[id]/route.ts(3,37): error TS2307: Cannot find module '@/lib/auth-utils' or its corresponding type declarations.
scratch/kravy-pos-website/src/app/api/bill-manager/deleted/list/route.ts(1,43): error TS2307: Cannot find module 'next/server' or its corresponding type declarations.
scratch/kravy-pos-website/src/app/api/bill-manager/deleted/list/route.ts(2,20): error TS2307: Cannot find module '@/lib/prisma' or its corresponding type declarations.
scratch/kravy-pos-website/src/app/api/bill-manager/deleted/list/route.ts(3,37): error TS2307: Cannot find module '@/lib/auth-utils' or its corresponding type declarations.
scratch/kravy-pos-website/src/app/api/bill-manager/deleted/restore/[id]/route.ts(1,43): error TS2307: Cannot find module 'next/server' or its corresponding type declarations.
scratch/kravy-pos-website/src/app/api/bill-manager/deleted/restore/[id]/route.ts(2,20): error TS2307: Cannot find module '@/lib/prisma' or its corresponding type declarations.
scratch/kravy-pos-website/src/app/api/bill-manager/deleted/restore/[id]/route.ts(3,37): error TS2307: Cannot find module '@/lib/auth-utils' or its corresponding type declarations.
scratch/kravy-pos-website/src/app/api/bill-manager/export/route.ts(1,30): error TS2307: Cannot find module 'next/server' or its corresponding type declarations.
scratch/kravy-pos-website/src/app/api/bill-manager/export/route.ts(2,20): error TS2307: Cannot find module '@/lib/prisma' or its corresponding type declarations.
scratch/kravy-pos-website/src/app/api/bill-manager/export/route.ts(3,22): error TS2307: Cannot find module '@clerk/nextjs/server' or its corresponding type declarations.
scratch/kravy-pos-website/src/app/api/bill-manager/export/route.ts(4,37): error TS2307: Cannot find module '@/lib/auth-utils' or its corresponding type declarations.
scratch/kravy-pos-website/src/app/api/bill-manager/export/route.ts(5,23): error TS2307: Cannot find module 'xlsx' or its corresponding type declarations.
scratch/kravy-pos-website/src/app/api/bill-manager/route.ts(1,43): error TS2307: Cannot find module 'next/server' or its corresponding type declarations.
scratch/kravy-pos-website/src/app/api/bill-manager/route.ts(2,20): error TS2307: Cannot find module '@/lib/prisma' or its corresponding type declarations.
scratch/kravy-pos-website/src/app/api/bill-manager/route.ts(3,37): error TS2307: Cannot find module '@/lib/auth-utils' or its corresponding type declarations.
scratch/kravy-pos-website/src/app/api/bill-manager/route.ts(4,35): error TS2307: Cannot find module '@/lib/discount-utils' or its corresponding type declarations.
scratch/kravy-pos-website/src/app/api/bill-manager/route.ts(5,29): error TS2307: Cannot find module '@clerk/nextjs/server' or its corresponding type declarations.
scratch/kravy-pos-website/src/app/api/bill-manager/route.ts(278,50): error TS2307: Cannot find module '@/lib/inventory-utils' or its corresponding type declarations.
scratch/kravy-pos-website/src/app/api/categories/ensure/route.ts(1,24): error TS2307: Cannot find module '@/lib/prisma' or its corresponding type declarations.
scratch/kravy-pos-website/src/app/api/categories/ensure/route.ts(2,30): error TS2307: Cannot find module 'next/server' or its corresponding type declarations.
scratch/kravy-pos-website/src/app/api/categories/ensure/route.ts(3,37): error TS2307: Cannot find module '@/lib/auth-utils' or its corresponding type declarations.
scratch/kravy-pos-website/src/app/api/categories/route.ts(1,30): error TS2307: Cannot find module 'next/server' or its corresponding type declarations.
scratch/kravy-pos-website/src/app/api/categories/route.ts(2,24): error TS2307: Cannot find module '@/lib/prisma' or its corresponding type declarations.
scratch/kravy-pos-website/src/app/api/categories/route.ts(3,37): error TS2307: Cannot find module '@/lib/auth-utils' or its corresponding type declarations.
scratch/kravy-pos-website/src/app/api/categories/upload/route.ts(62,43): error TS2307: Cannot find module 'next/server' or its corresponding type declarations.
scratch/kravy-pos-website/src/app/api/categories/upload/route.ts(63,24): error TS2307: Cannot find module '@/lib/prisma' or its corresponding type declarations.
scratch/kravy-pos-website/src/app/api/categories/upload/route.ts(64,37): error TS2307: Cannot find module '@/lib/auth-utils' or its corresponding type declarations.
scratch/kravy-pos-website/src/app/api/categories/upload/route.ts(65,24): error TS2307: Cannot find module '@/lib/cloudinary' or its corresponding type declarations.
scratch/kravy-pos-website/src/app/api/clerks/route.ts(1,30): error TS2307: Cannot find module 'next/server' or its corresponding type declarations.
scratch/kravy-pos-website/src/app/api/clerks/route.ts(2,20): error TS2307: Cannot find module '@/lib/prisma' or its corresponding type declarations.
scratch/kravy-pos-website/src/app/api/clerks/route.ts(3,37): error TS2307: Cannot find module '@/lib/auth-utils' or its corresponding type declarations.
scratch/kravy-pos-website/src/app/api/combos-offers/route.ts(1,43): error TS2307: Cannot find module 'next/server' or its corresponding type declarations.
scratch/kravy-pos-website/src/app/api/combos-offers/route.ts(2,20): error TS2307: Cannot find module '@/lib/prisma' or its corresponding type declarations.
scratch/kravy-pos-website/src/app/api/combos-offers/route.ts(3,37): error TS2307: Cannot find module '@/lib/auth-utils' or its corresponding type declarations.
scratch/kravy-pos-website/src/app/api/cron/backup/route.ts(1,30): error TS2307: Cannot find module 'next/server' or its corresponding type declarations.
scratch/kravy-pos-website/src/app/api/cron/backup/route.ts(2,32): error TS2307: Cannot find module '@/lib/backup/mongodb-backup' or its corresponding type declarations.
scratch/kravy-pos-website/src/app/api/dashboard/route.ts(182,43): error TS2307: Cannot find module 'next/server' or its corresponding type declarations.
scratch/kravy-pos-website/src/app/api/dashboard/route.ts(183,24): error TS2307: Cannot find module '@/lib/prisma' or its corresponding type declarations.
scratch/kravy-pos-website/src/app/api/dashboard/route.ts(184,37): error TS2307: Cannot find module '@/lib/auth-utils' or its corresponding type declarations.
scratch/kravy-pos-website/src/app/api/debug-cloudinary/route.ts(1,30): error TS2307: Cannot find module 'next/server' or its corresponding type declarations.
scratch/kravy-pos-website/src/app/api/debug/route.ts(1,30): error TS2307: Cannot find module 'next/server' or its corresponding type declarations.
scratch/kravy-pos-website/src/app/api/discounts/[id]/route.ts(1,43): error TS2307: Cannot find module 'next/server' or its corresponding type declarations.
scratch/kravy-pos-website/src/app/api/discounts/[id]/route.ts(2,20): error TS2307: Cannot find module '@/lib/prisma' or its corresponding type declarations.
scratch/kravy-pos-website/src/app/api/discounts/[id]/route.ts(3,37): error TS2307: Cannot find module '@/lib/auth-utils' or its corresponding type declarations.
scratch/kravy-pos-website/src/app/api/discounts/route.ts(1,43): error TS2307: Cannot find module 'next/server' or its corresponding type declarations.
scratch/kravy-pos-website/src/app/api/discounts/route.ts(2,20): error TS2307: Cannot find module '@/lib/prisma' or its corresponding type declarations.
scratch/kravy-pos-website/src/app/api/discounts/route.ts(3,37): error TS2307: Cannot find module '@/lib/auth-utils' or its corresponding type declarations.
scratch/kravy-pos-website/src/app/api/expenses/[id]/route.ts(1,30): error TS2307: Cannot find module 'next/server' or its corresponding type declarations.
scratch/kravy-pos-website/src/app/api/expenses/[id]/route.ts(2,24): error TS2307: Cannot find module '@/lib/prisma' or its corresponding type declarations.
scratch/kravy-pos-website/src/app/api/expenses/[id]/route.ts(3,37): error TS2307: Cannot find module '@/lib/auth-utils' or its corresponding type declarations.
scratch/kravy-pos-website/src/app/api/expenses/categories/[id]/route.ts(1,30): error TS2307: Cannot find module 'next/server' or its corresponding type declarations.
scratch/kravy-pos-website/src/app/api/expenses/categories/[id]/route.ts(2,37): error TS2307: Cannot find module '@/lib/auth-utils' or its corresponding type declarations.
scratch/kravy-pos-website/src/app/api/expenses/categories/[id]/route.ts(3,24): error TS2307: Cannot find module '@/lib/prisma' or its corresponding type declarations.
scratch/kravy-pos-website/src/app/api/expenses/categories/route.ts(1,30): error TS2307: Cannot find module 'next/server' or its corresponding type declarations.
scratch/kravy-pos-website/src/app/api/expenses/categories/route.ts(2,37): error TS2307: Cannot find module '@/lib/auth-utils' or its corresponding type declarations.
scratch/kravy-pos-website/src/app/api/expenses/categories/route.ts(3,24): error TS2307: Cannot find module '@/lib/prisma' or its corresponding type declarations.
scratch/kravy-pos-website/src/app/api/expenses/route.ts(1,30): error TS2307: Cannot find module 'next/server' or its corresponding type declarations.
scratch/kravy-pos-website/src/app/api/expenses/route.ts(2,24): error TS2307: Cannot find module '@/lib/prisma' or its corresponding type declarations.
scratch/kravy-pos-website/src/app/api/expenses/route.ts(3,37): error TS2307: Cannot find module '@/lib/auth-utils' or its corresponding type declarations.
scratch/kravy-pos-website/src/app/api/external-sales/route.ts(1,43): error TS2307: Cannot find module 'next/server' or its corresponding type declarations.
scratch/kravy-pos-website/src/app/api/external-sales/route.ts(2,37): error TS2307: Cannot find module '@/lib/auth-utils' or its corresponding type declarations.
scratch/kravy-pos-website/src/app/api/external-sales/route.ts(3,24): error TS2307: Cannot find module '@/lib/prisma' or its corresponding type declarations.
scratch/kravy-pos-website/src/app/api/external/menu/[userId]/route.ts(1,30): error TS2307: Cannot find module 'next/server' or its corresponding type declarations.
scratch/kravy-pos-website/src/app/api/external/menu/[userId]/route.ts(2,20): error TS2307: Cannot find module '@/lib/prisma' or its corresponding type declarations.
scratch/kravy-pos-website/src/app/api/external/menu/update/[id]/route.ts(1,30): error TS2307: Cannot find module 'next/server' or its corresponding type declarations.
scratch/kravy-pos-website/src/app/api/external/menu/update/[id]/route.ts(2,20): error TS2307: Cannot find module '@/lib/prisma' or its corresponding type declarations.
scratch/kravy-pos-website/src/app/api/external/users/route.ts(1,30): error TS2307: Cannot find module 'next/server' or its corresponding type declarations.
scratch/kravy-pos-website/src/app/api/external/users/route.ts(2,20): error TS2307: Cannot find module '@/lib/prisma' or its corresponding type declarations.
scratch/kravy-pos-website/src/app/api/gmail/auth/route.ts(1,43): error TS2307: Cannot find module 'next/server' or its corresponding type declarations.
scratch/kravy-pos-website/src/app/api/gmail/auth/route.ts(2,37): error TS2307: Cannot find module '@/lib/auth-utils' or its corresponding type declarations.
scratch/kravy-pos-website/src/app/api/gmail/auth/route.ts(3,28): error TS2307: Cannot find module '@/lib/gmail-service' or its corresponding type declarations.
scratch/kravy-pos-website/src/app/api/gmail/callback/route.ts(1,43): error TS2307: Cannot find module 'next/server' or its corresponding type declarations.
scratch/kravy-pos-website/src/app/api/gmail/callback/route.ts(2,24): error TS2307: Cannot find module '@/lib/prisma' or its corresponding type declarations.
scratch/kravy-pos-website/src/app/api/gmail/callback/route.ts(3,54): error TS2307: Cannot find module '@/lib/gmail-service' or its corresponding type declarations.
scratch/kravy-pos-website/src/app/api/gmail/status/route.ts(1,43): error TS2307: Cannot find module 'next/server' or its corresponding type declarations.
scratch/kravy-pos-website/src/app/api/gmail/status/route.ts(2,37): error TS2307: Cannot find module '@/lib/auth-utils' or its corresponding type declarations.
scratch/kravy-pos-website/src/app/api/gmail/status/route.ts(3,24): error TS2307: Cannot find module '@/lib/prisma' or its corresponding type declarations.
scratch/kravy-pos-website/src/app/api/gmail/sync/route.ts(1,43): error TS2307: Cannot find module 'next/server' or its corresponding type declarations.
scratch/kravy-pos-website/src/app/api/gmail/sync/route.ts(2,37): error TS2307: Cannot find module '@/lib/auth-utils' or its corresponding type declarations.
scratch/kravy-pos-website/src/app/api/gmail/sync/route.ts(3,24): error TS2307: Cannot find module '@/lib/prisma' or its corresponding type declarations.
scratch/kravy-pos-website/src/app/api/gmail/sync/route.ts(4,37): error TS2307: Cannot find module '@/lib/gmail-service' or its corresponding type declarations.
scratch/kravy-pos-website/src/app/api/gmail/sync/route.ts(5,28): error TS2307: Cannot find module '@/lib/email-parser' or its corresponding type declarations.
scratch/kravy-pos-website/src/app/api/gmail/test-parse/route.ts(1,30): error TS2307: Cannot find module 'next/server' or its corresponding type declarations.
scratch/kravy-pos-website/src/app/api/gmail/test-parse/route.ts(2,37): error TS2307: Cannot find module '@/lib/auth-utils' or its corresponding type declarations.
scratch/kravy-pos-website/src/app/api/gmail/test-parse/route.ts(3,24): error TS2307: Cannot find module '@/lib/prisma' or its corresponding type declarations.
scratch/kravy-pos-website/src/app/api/gmail/test-parse/route.ts(4,28): error TS2307: Cannot find module '@/lib/email-parser' or its corresponding type declarations.
scratch/kravy-pos-website/src/app/api/inventory/export/route.ts(1,30): error TS2307: Cannot find module 'next/server' or its corresponding type declarations.
scratch/kravy-pos-website/src/app/api/inventory/export/route.ts(2,20): error TS2307: Cannot find module '@/lib/prisma' or its corresponding type declarations.
scratch/kravy-pos-website/src/app/api/inventory/export/route.ts(3,22): error TS2307: Cannot find module '@clerk/nextjs/server' or its corresponding type declarations.
scratch/kravy-pos-website/src/app/api/inventory/export/route.ts(4,37): error TS2307: Cannot find module '@/lib/auth-utils' or its corresponding type declarations.
scratch/kravy-pos-website/src/app/api/inventory/export/route.ts(5,23): error TS2307: Cannot find module 'xlsx' or its corresponding type declarations.
scratch/kravy-pos-website/src/app/api/inventory/materials/route.ts(1,30): error TS2307: Cannot find module 'next/server' or its corresponding type declarations.
scratch/kravy-pos-website/src/app/api/inventory/materials/route.ts(2,20): error TS2307: Cannot find module '@/lib/prisma' or its corresponding type declarations.
scratch/kravy-pos-website/src/app/api/inventory/materials/route.ts(3,37): error TS2307: Cannot find module '@/lib/auth-utils' or its corresponding type declarations.
scratch/kravy-pos-website/src/app/api/inventory/materials/route.ts(36,42): error TS2307: Cannot find module '@clerk/nextjs/server' or its corresponding type declarations.
scratch/kravy-pos-website/src/app/api/inventory/recipes/route.ts(1,30): error TS2307: Cannot find module 'next/server' or its corresponding type declarations.
scratch/kravy-pos-website/src/app/api/inventory/recipes/route.ts(2,20): error TS2307: Cannot find module '@/lib/prisma' or its corresponding type declarations.
scratch/kravy-pos-website/src/app/api/inventory/recipes/route.ts(3,37): error TS2307: Cannot find module '@/lib/auth-utils' or its corresponding type declarations.
scratch/kravy-pos-website/src/app/api/inventory/route.ts(1,30): error TS2307: Cannot find module 'next/server' or its corresponding type declarations.
scratch/kravy-pos-website/src/app/api/inventory/route.ts(2,20): error TS2307: Cannot find module '@/lib/prisma' or its corresponding type declarations.
scratch/kravy-pos-website/src/app/api/inventory/route.ts(3,37): error TS2307: Cannot find module '@/lib/auth-utils' or its corresponding type declarations.
scratch/kravy-pos-website/src/app/api/invoice/[id]/route.ts(1,30): error TS2307: Cannot find module 'next/server' or its corresponding type declarations.
scratch/kravy-pos-website/src/app/api/invoice/[id]/route.ts(2,24): error TS2307: Cannot find module '@/lib/prisma' or its corresponding type declarations.
scratch/kravy-pos-website/src/app/api/invoice/[id]/route.ts(3,33): error TS2307: Cannot find module '@/lib/generateInvoice' or its corresponding type declarations.
scratch/kravy-pos-website/src/app/api/items/route.ts(252,30): error TS2307: Cannot find module 'next/server' or its corresponding type declarations.
scratch/kravy-pos-website/src/app/api/items/route.ts(253,20): error TS2307: Cannot find module '@/lib/prisma' or its corresponding type declarations.
scratch/kravy-pos-website/src/app/api/items/route.ts(254,35): error TS2307: Cannot find module '@clerk/nextjs/server' or its corresponding type declarations.
scratch/kravy-pos-website/src/app/api/items/route.ts(255,37): error TS2307: Cannot find module '@/lib/auth-utils' or its corresponding type declarations.
scratch/kravy-pos-website/src/app/api/menu-editor/addon-groups/route.ts(1,30): error TS2307: Cannot find module 'next/server' or its corresponding type declarations.
scratch/kravy-pos-website/src/app/api/menu-editor/addon-groups/route.ts(2,20): error TS2307: Cannot find module '@/lib/prisma' or its corresponding type declarations.
scratch/kravy-pos-website/src/app/api/menu-editor/addon-groups/route.ts(3,37): error TS2307: Cannot find module '@/lib/auth-utils' or its corresponding type declarations.
scratch/kravy-pos-website/src/app/api/menu/delete/route.ts(1,43): error TS2307: Cannot find module 'next/server' or its corresponding type declarations.
scratch/kravy-pos-website/src/app/api/menu/delete/route.ts(2,24): error TS2307: Cannot find module '@/lib/prisma' or its corresponding type declarations.
scratch/kravy-pos-website/src/app/api/menu/delete/route.ts(3,37): error TS2307: Cannot find module '@/lib/auth-utils' or its corresponding type declarations.
scratch/kravy-pos-website/src/app/api/menu/items/route.ts(1,43): error TS2307: Cannot find module 'next/server' or its corresponding type declarations.
scratch/kravy-pos-website/src/app/api/menu/items/route.ts(2,20): error TS2307: Cannot find module '@/lib/prisma' or its corresponding type declarations.
scratch/kravy-pos-website/src/app/api/menu/items/route.ts(3,37): error TS2307: Cannot find module '@/lib/auth-utils' or its corresponding type declarations.
scratch/kravy-pos-website/src/app/api/menu/update/route.ts(1,43): error TS2307: Cannot find module 'next/server' or its corresponding type declarations.
scratch/kravy-pos-website/src/app/api/menu/update/route.ts(2,24): error TS2307: Cannot find module '@/lib/prisma' or its corresponding type declarations.
scratch/kravy-pos-website/src/app/api/menu/update/route.ts(3,37): error TS2307: Cannot find module '@/lib/auth-utils' or its corresponding type declarations.
scratch/kravy-pos-website/src/app/api/menu/view/route.ts(1,43): error TS2307: Cannot find module 'next/server' or its corresponding type declarations.
scratch/kravy-pos-website/src/app/api/menu/view/route.ts(2,24): error TS2307: Cannot find module '@/lib/prisma' or its corresponding type declarations.
scratch/kravy-pos-website/src/app/api/menu/view/route.ts(3,37): error TS2307: Cannot find module '@/lib/auth-utils' or its corresponding type declarations.
scratch/kravy-pos-website/src/app/api/notifications/route.ts(1,29): error TS2307: Cannot find module 'next/server' or its corresponding type declarations.
scratch/kravy-pos-website/src/app/api/notifications/route.ts(2,22): error TS2307: Cannot find module '@clerk/nextjs/server' or its corresponding type declarations.
scratch/kravy-pos-website/src/app/api/notifications/route.ts(3,20): error TS2307: Cannot find module '@/lib/prisma' or its corresponding type declarations.
scratch/kravy-pos-website/src/app/api/notifications/route.ts(4,37): error TS2307: Cannot find module '@/lib/auth-utils' or its corresponding type declarations.
scratch/kravy-pos-website/src/app/api/notifications/route.ts(105,25): error TS2322: Type 'number' is not assignable to type 'Timeout'.
scratch/kravy-pos-website/src/app/api/notifications/route.ts(113,17): error TS2322: Type 'number' is not assignable to type 'Timeout'.
scratch/kravy-pos-website/src/app/api/orders/[orderId]/merge-items/route.ts(1,43): error TS2307: Cannot find module 'next/server' or its corresponding type declarations.
scratch/kravy-pos-website/src/app/api/orders/[orderId]/merge-items/route.ts(2,20): error TS2307: Cannot find module '@/lib/prisma' or its corresponding type declarations.
scratch/kravy-pos-website/src/app/api/orders/[orderId]/merge-items/route.ts(3,37): error TS2307: Cannot find module '@/lib/auth-utils' or its corresponding type declarations.
scratch/kravy-pos-website/src/app/api/orders/[orderId]/route.ts(1,43): error TS2307: Cannot find module 'next/server' or its corresponding type declarations.
scratch/kravy-pos-website/src/app/api/orders/[orderId]/route.ts(2,20): error TS2307: Cannot find module '@/lib/prisma' or its corresponding type declarations.
scratch/kravy-pos-website/src/app/api/orders/[orderId]/route.ts(3,37): error TS2307: Cannot find module '@/lib/auth-utils' or its corresponding type declarations.
scratch/kravy-pos-website/src/app/api/orders/route.ts(1,43): error TS2307: Cannot find module 'next/server' or its corresponding type declarations.
scratch/kravy-pos-website/src/app/api/orders/route.ts(2,20): error TS2307: Cannot find module '@/lib/prisma' or its corresponding type declarations.
scratch/kravy-pos-website/src/app/api/orders/route.ts(3,37): error TS2307: Cannot find module '@/lib/auth-utils' or its corresponding type declarations.
scratch/kravy-pos-website/src/app/api/orders/route.ts(122,54): error TS2307: Cannot find module '@/lib/inventory-utils' or its corresponding type declarations.
scratch/kravy-pos-website/src/app/api/orders/route.ts(231,54): error TS2307: Cannot find module '@/lib/inventory-utils' or its corresponding type declarations.
scratch/kravy-pos-website/src/app/api/parties/[id]/bills/route.ts(2,43): error TS2307: Cannot find module 'next/server' or its corresponding type declarations.
scratch/kravy-pos-website/src/app/api/parties/[id]/bills/route.ts(3,20): error TS2307: Cannot find module '@/lib/prisma' or its corresponding type declarations.
scratch/kravy-pos-website/src/app/api/parties/[id]/bills/route.ts(4,37): error TS2307: Cannot find module '@/lib/auth-utils' or its corresponding type declarations.
scratch/kravy-pos-website/src/app/api/parties/[id]/route.ts(1,43): error TS2307: Cannot find module 'next/server' or its corresponding type declarations.
scratch/kravy-pos-website/src/app/api/parties/[id]/route.ts(2,24): error TS2307: Cannot find module '@/lib/prisma' or its corresponding type declarations.
scratch/kravy-pos-website/src/app/api/parties/[id]/route.ts(3,22): error TS2307: Cannot find module '@clerk/nextjs/server' or its corresponding type declarations.
scratch/kravy-pos-website/src/app/api/parties/[id]/route.ts(4,37): error TS2307: Cannot find module '@/lib/auth-utils' or its corresponding type declarations.
scratch/kravy-pos-website/src/app/api/parties/route.ts(196,43): error TS2307: Cannot find module 'next/server' or its corresponding type declarations.
scratch/kravy-pos-website/src/app/api/parties/route.ts(197,24): error TS2307: Cannot find module '@/lib/prisma' or its corresponding type declarations.
scratch/kravy-pos-website/src/app/api/parties/route.ts(198,22): error TS2307: Cannot find module '@clerk/nextjs/server' or its corresponding type declarations.
scratch/kravy-pos-website/src/app/api/parties/route.ts(199,37): error TS2307: Cannot find module '@/lib/auth-utils' or its corresponding type declarations.
scratch/kravy-pos-website/src/app/api/parties/route.ts(200,24): error TS2307: Cannot find module '@prisma/client' or its corresponding type declarations.
scratch/kravy-pos-website/src/app/api/payments/route.ts(1,30): error TS2307: Cannot find module 'next/server' or its corresponding type declarations.
scratch/kravy-pos-website/src/app/api/payments/route.ts(2,20): error TS2307: Cannot find module '@/lib/prisma' or its corresponding type declarations.
scratch/kravy-pos-website/src/app/api/phonepe/pay/route.ts(1,30): error TS2307: Cannot find module 'next/server' or its corresponding type declarations.
scratch/kravy-pos-website/src/app/api/phonepe/pay/route.ts(2,19): error TS2307: Cannot find module 'axios' or its corresponding type declarations.
scratch/kravy-pos-website/src/app/api/phonepe/pay/route.ts(3,24): error TS2307: Cannot find module '@/lib/prisma' or its corresponding type declarations.
scratch/kravy-pos-website/src/app/api/phonepe/pay/route.ts(4,32): error TS2307: Cannot find module '@/lib/phonepe' or its corresponding type declarations.
scratch/kravy-pos-website/src/app/api/phonepe/pay/route.ts(5,22): error TS2307: Cannot find module '@clerk/nextjs/server' or its corresponding type declarations.
scratch/kravy-pos-website/src/app/api/phonepe/pay/route.ts(7,25): error TS2307: Cannot find module 'next/headers' or its corresponding type declarations.
scratch/kravy-pos-website/src/app/api/phonepe/pay/route.ts(8,17): error TS2307: Cannot find module 'jsonwebtoken' or its corresponding type declarations.
scratch/kravy-pos-website/src/app/api/phonepe/status/[id]/route.ts(1,30): error TS2307: Cannot find module 'next/server' or its corresponding type declarations.
scratch/kravy-pos-website/src/app/api/phonepe/status/[id]/route.ts(2,24): error TS2307: Cannot find module '@/lib/prisma' or its corresponding type declarations.
scratch/kravy-pos-website/src/app/api/phonepe/status/[id]/route.ts(3,36): error TS2307: Cannot find module '@/lib/phonepe' or its corresponding type declarations.
scratch/kravy-pos-website/src/app/api/phonepe/webhook/route.ts(1,30): error TS2307: Cannot find module 'next/server' or its corresponding type declarations.
scratch/kravy-pos-website/src/app/api/profile/route.ts(1,30): error TS2307: Cannot find module 'next/server' or its corresponding type declarations.
scratch/kravy-pos-website/src/app/api/profile/route.ts(2,20): error TS2307: Cannot find module '@/lib/prisma' or its corresponding type declarations.
scratch/kravy-pos-website/src/app/api/profile/route.ts(3,37): error TS2307: Cannot find module '@/lib/auth-utils' or its corresponding type declarations.
scratch/kravy-pos-website/src/app/api/public/gallery/[clerkId]/route.ts(1,43): error TS2307: Cannot find module 'next/server' or its corresponding type declarations.
scratch/kravy-pos-website/src/app/api/public/gallery/[clerkId]/route.ts(2,20): error TS2307: Cannot find module '@/lib/prisma' or its corresponding type declarations.
scratch/kravy-pos-website/src/app/api/public/loyalty/route.ts(1,43): error TS2307: Cannot find module 'next/server' or its corresponding type declarations.
scratch/kravy-pos-website/src/app/api/public/loyalty/route.ts(2,20): error TS2307: Cannot find module '@/lib/prisma' or its corresponding type declarations.
scratch/kravy-pos-website/src/app/api/public/menu/[clerkId]/route.ts(1,43): error TS2307: Cannot find module 'next/server' or its corresponding type declarations.
scratch/kravy-pos-website/src/app/api/public/menu/[clerkId]/route.ts(2,20): error TS2307: Cannot find module '@/lib/prisma' or its corresponding type declarations.
scratch/kravy-pos-website/src/app/api/public/menu/route.ts(1,43): error TS2307: Cannot find module 'next/server' or its corresponding type declarations.
scratch/kravy-pos-website/src/app/api/public/menu/route.ts(2,20): error TS2307: Cannot find module '@/lib/prisma' or its corresponding type declarations.
scratch/kravy-pos-website/src/app/api/public/orders/[orderId]/combined-bill/route.ts(1,43): error TS2307: Cannot find module 'next/server' or its corresponding type declarations.
scratch/kravy-pos-website/src/app/api/public/orders/[orderId]/combined-bill/route.ts(2,20): error TS2307: Cannot find module '@/lib/prisma' or its corresponding type declarations.
scratch/kravy-pos-website/src/app/api/public/orders/route.ts(1,43): error TS2307: Cannot find module 'next/server' or its corresponding type declarations.
scratch/kravy-pos-website/src/app/api/public/orders/route.ts(2,20): error TS2307: Cannot find module '@/lib/prisma' or its corresponding type declarations.
scratch/kravy-pos-website/src/app/api/public/orders/track/route.ts(1,43): error TS2307: Cannot find module 'next/server' or its corresponding type declarations.
scratch/kravy-pos-website/src/app/api/public/orders/track/route.ts(2,24): error TS2307: Cannot find module '@/lib/prisma' or its corresponding type declarations.
scratch/kravy-pos-website/src/app/api/public/pos/[identifier]/route.ts(1,30): error TS2307: Cannot find module 'next/server' or its corresponding type declarations.
scratch/kravy-pos-website/src/app/api/public/pos/[identifier]/route.ts(2,20): error TS2307: Cannot find module '@/lib/prisma' or its corresponding type declarations.
scratch/kravy-pos-website/src/app/api/public/profile/route.ts(1,43): error TS2307: Cannot find module 'next/server' or its corresponding type declarations.
scratch/kravy-pos-website/src/app/api/public/profile/route.ts(2,20): error TS2307: Cannot find module '@/lib/prisma' or its corresponding type declarations.
scratch/kravy-pos-website/src/app/api/public/reviews/route.ts(1,43): error TS2307: Cannot find module 'next/server' or its corresponding type declarations.
scratch/kravy-pos-website/src/app/api/public/reviews/route.ts(2,20): error TS2307: Cannot find module '@/lib/prisma' or its corresponding type declarations.
scratch/kravy-pos-website/src/app/api/reports/gst/route.ts(1,30): error TS2307: Cannot find module 'next/server' or its corresponding type declarations.
scratch/kravy-pos-website/src/app/api/reports/gst/route.ts(2,22): error TS2307: Cannot find module '@clerk/nextjs/server' or its corresponding type declarations.
scratch/kravy-pos-website/src/app/api/reports/gst/route.ts(3,24): error TS2307: Cannot find module '@/lib/prisma' or its corresponding type declarations.
scratch/kravy-pos-website/src/app/api/reports/gst/route.ts(4,37): error TS2307: Cannot find module '@/lib/auth-utils' or its corresponding type declarations.
scratch/kravy-pos-website/src/app/api/reports/tokens/route.ts(1,30): error TS2307: Cannot find module 'next/server' or its corresponding type declarations.
scratch/kravy-pos-website/src/app/api/reports/tokens/route.ts(2,20): error TS2307: Cannot find module '@/lib/prisma' or its corresponding type declarations.
scratch/kravy-pos-website/src/app/api/reports/tokens/route.ts(3,37): error TS2307: Cannot find module '@/lib/auth-utils' or its corresponding type declarations.
scratch/kravy-pos-website/src/app/api/reviews/route.ts(1,43): error TS2307: Cannot find module 'next/server' or its corresponding type declarations.
scratch/kravy-pos-website/src/app/api/reviews/route.ts(2,20): error TS2307: Cannot find module '@/lib/prisma' or its corresponding type declarations.
scratch/kravy-pos-website/src/app/api/reviews/route.ts(3,37): error TS2307: Cannot find module '@/lib/auth-utils' or its corresponding type declarations.
scratch/kravy-pos-website/src/app/api/search/route.ts(1,30): error TS2307: Cannot find module 'next/server' or its corresponding type declarations.
scratch/kravy-pos-website/src/app/api/search/route.ts(2,20): error TS2307: Cannot find module '@/lib/prisma' or its corresponding type declarations.
scratch/kravy-pos-website/src/app/api/search/route.ts(3,37): error TS2307: Cannot find module '@/lib/auth-utils' or its corresponding type declarations.
scratch/kravy-pos-website/src/app/api/seller/staff/route.ts(1,30): error TS2307: Cannot find module 'next/server' or its corresponding type declarations.
scratch/kravy-pos-website/src/app/api/seller/staff/route.ts(2,20): error TS2307: Cannot find module '@/lib/prisma' or its corresponding type declarations.
scratch/kravy-pos-website/src/app/api/seller/staff/route.ts(3,29): error TS2307: Cannot find module '@/lib/auth-utils' or its corresponding type declarations.
scratch/kravy-pos-website/src/app/api/seller/staff/route.ts(4,20): error TS2307: Cannot find module 'bcryptjs' or its corresponding type declarations.
scratch/kravy-pos-website/src/app/api/staff/[id]/route.ts(1,43): error TS2307: Cannot find module 'next/server' or its corresponding type declarations.
scratch/kravy-pos-website/src/app/api/staff/[id]/route.ts(2,20): error TS2307: Cannot find module '@/lib/prisma' or its corresponding type declarations.
scratch/kravy-pos-website/src/app/api/staff/login/route.ts(1,30): error TS2307: Cannot find module 'next/server' or its corresponding type declarations.
scratch/kravy-pos-website/src/app/api/staff/login/route.ts(2,20): error TS2307: Cannot find module '@/lib/prisma' or its corresponding type declarations.
scratch/kravy-pos-website/src/app/api/staff/login/route.ts(3,20): error TS2307: Cannot find module 'bcryptjs' or its corresponding type declarations.
scratch/kravy-pos-website/src/app/api/staff/login/route.ts(4,17): error TS2307: Cannot find module 'jsonwebtoken' or its corresponding type declarations.
scratch/kravy-pos-website/src/app/api/staff/login/route.ts(5,25): error TS2307: Cannot find module 'next/headers' or its corresponding type declarations.
scratch/kravy-pos-website/src/app/api/staff/logout/route.ts(1,30): error TS2307: Cannot find module 'next/server' or its corresponding type declarations.
scratch/kravy-pos-website/src/app/api/staff/logout/route.ts(2,25): error TS2307: Cannot find module 'next/headers' or its corresponding type declarations.
scratch/kravy-pos-website/src/app/api/staff/me/route.ts(1,30): error TS2307: Cannot find module 'next/server' or its corresponding type declarations.
scratch/kravy-pos-website/src/app/api/staff/me/route.ts(2,29): error TS2307: Cannot find module '@/lib/auth-utils' or its corresponding type declarations.
scratch/kravy-pos-website/src/app/api/staff/me/route.ts(3,20): error TS2307: Cannot find module '@/lib/prisma' or its corresponding type declarations.
scratch/kravy-pos-website/src/app/api/staff/route.ts(1,43): error TS2307: Cannot find module 'next/server' or its corresponding type declarations.
scratch/kravy-pos-website/src/app/api/staff/route.ts(2,20): error TS2307: Cannot find module '@/lib/prisma' or its corresponding type declarations.
scratch/kravy-pos-website/src/app/api/staff/route.ts(3,20): error TS2307: Cannot find module 'bcryptjs' or its corresponding type declarations.
scratch/kravy-pos-website/src/app/api/store-items/bulk-update/route.ts(138,30): error TS2307: Cannot find module 'next/server' or its corresponding type declarations.
scratch/kravy-pos-website/src/app/api/store-items/bulk-update/route.ts(139,20): error TS2307: Cannot find module '@/lib/prisma' or its corresponding type declarations.
scratch/kravy-pos-website/src/app/api/store-items/bulk-update/route.ts(140,37): error TS2307: Cannot find module '@/lib/auth-utils' or its corresponding type declarations.
scratch/kravy-pos-website/src/app/api/store-items/bulk/route.ts(1,30): error TS2307: Cannot find module 'next/server' or its corresponding type declarations.
scratch/kravy-pos-website/src/app/api/store-items/bulk/route.ts(2,20): error TS2307: Cannot find module '@/lib/prisma' or its corresponding type declarations.
scratch/kravy-pos-website/src/app/api/store-items/bulk/route.ts(3,37): error TS2307: Cannot find module '@/lib/auth-utils' or its corresponding type declarations.
scratch/kravy-pos-website/src/app/api/subscription/confirm/route.ts(1,30): error TS2307: Cannot find module 'next/server' or its corresponding type declarations.
scratch/kravy-pos-website/src/app/api/subscription/confirm/route.ts(2,24): error TS2307: Cannot find module '@/lib/prisma' or its corresponding type declarations.
scratch/kravy-pos-website/src/app/api/tables/[id]/route.ts(1,43): error TS2307: Cannot find module 'next/server' or its corresponding type declarations.
scratch/kravy-pos-website/src/app/api/tables/[id]/route.ts(2,24): error TS2307: Cannot find module '@/lib/prisma' or its corresponding type declarations.
scratch/kravy-pos-website/src/app/api/tables/[id]/route.ts(3,37): error TS2307: Cannot find module '@/lib/auth-utils' or its corresponding type declarations.
scratch/kravy-pos-website/src/app/api/tables/route.ts(1,43): error TS2307: Cannot find module 'next/server' or its corresponding type declarations.
scratch/kravy-pos-website/src/app/api/tables/route.ts(2,22): error TS2307: Cannot find module '@clerk/nextjs/server' or its corresponding type declarations.
scratch/kravy-pos-website/src/app/api/tables/route.ts(3,20): error TS2307: Cannot find module '@/lib/prisma' or its corresponding type declarations.
scratch/kravy-pos-website/src/app/api/tables/route.ts(4,37): error TS2307: Cannot find module '@/lib/auth-utils' or its corresponding type declarations.
scratch/kravy-pos-website/src/app/api/upload-image/route.ts(1,30): error TS2307: Cannot find module 'next/server' or its corresponding type declarations.
scratch/kravy-pos-website/src/app/api/upload-image/route.ts(2,24): error TS2307: Cannot find module '@/lib/cloudinary' or its corresponding type declarations.
scratch/kravy-pos-website/src/app/api/upload-image/route.ts(5,25): error TS2339: Property 'get' does not exist on type 'FormData'.
scratch/kravy-pos-website/src/app/api/upload/image/route.ts(1,30): error TS2307: Cannot find module 'next/server' or its corresponding type declarations.
scratch/kravy-pos-website/src/app/api/upload/image/route.ts(2,24): error TS2307: Cannot find module 'cloudinary' or its corresponding type declarations.
scratch/kravy-pos-website/src/app/api/upload/image/route.ts(3,37): error TS2307: Cannot find module '@/lib/auth-utils' or its corresponding type declarations.
scratch/kravy-pos-website/src/app/api/upload/image/route.ts(18,25): error TS2339: Property 'get' does not exist on type 'FormData'.
scratch/kravy-pos-website/src/app/api/upload/route.ts(98,30): error TS2307: Cannot find module 'next/server' or its corresponding type declarations.
scratch/kravy-pos-website/src/app/api/upload/route.ts(99,24): error TS2307: Cannot find module '@/lib/cloudinary' or its corresponding type declarations.
scratch/kravy-pos-website/src/app/api/upload/route.ts(100,37): error TS2307: Cannot find module '@/lib/auth-utils' or its corresponding type declarations.
scratch/kravy-pos-website/src/app/api/upload/route.ts(110,27): error TS2339: Property 'get' does not exist on type 'FormData'.
scratch/kravy-pos-website/src/app/api/user/activity/route.ts(1,30): error TS2307: Cannot find module 'next/server' or its corresponding type declarations.
scratch/kravy-pos-website/src/app/api/user/activity/route.ts(2,24): error TS2307: Cannot find module '@/lib/prisma' or its corresponding type declarations.
scratch/kravy-pos-website/src/app/api/user/activity/route.ts(3,29): error TS2307: Cannot find module '@/lib/auth-utils' or its corresponding type declarations.
scratch/kravy-pos-website/src/app/api/user/identifiers/route.ts(1,30): error TS2307: Cannot find module 'next/server' or its corresponding type declarations.
scratch/kravy-pos-website/src/app/api/user/identifiers/route.ts(2,24): error TS2307: Cannot find module '@/lib/prisma' or its corresponding type declarations.
scratch/kravy-pos-website/src/app/api/user/identifiers/route.ts(3,29): error TS2307: Cannot find module '@/lib/auth-utils' or its corresponding type declarations.
scratch/kravy-pos-website/src/app/api/user/me/route.ts(1,30): error TS2307: Cannot find module 'next/server' or its corresponding type declarations.
scratch/kravy-pos-website/src/app/api/user/me/route.ts(2,20): error TS2307: Cannot find module '@/lib/prisma' or its corresponding type declarations.
scratch/kravy-pos-website/src/app/api/user/me/route.ts(3,29): error TS2307: Cannot find module '@/lib/auth-utils' or its corresponding type declarations.
scratch/kravy-pos-website/src/app/api/user/sync/route.ts(1,30): error TS2307: Cannot find module 'next/server' or its corresponding type declarations.
scratch/kravy-pos-website/src/app/api/user/sync/route.ts(2,35): error TS2307: Cannot find module '@clerk/nextjs/server' or its corresponding type declarations.
scratch/kravy-pos-website/src/app/api/user/sync/route.ts(3,20): error TS2307: Cannot find module '@/lib/prisma' or its corresponding type declarations.
scratch/kravy-pos-website/src/app/api/wallet/history/[partyId]/route.ts(1,43): error TS2307: Cannot find module 'next/server' or its corresponding type declarations.
scratch/kravy-pos-website/src/app/api/wallet/history/[partyId]/route.ts(2,24): error TS2307: Cannot find module '@/lib/prisma' or its corresponding type declarations.
scratch/kravy-pos-website/src/app/api/wallet/history/[partyId]/route.ts(3,37): error TS2307: Cannot find module '@/lib/auth-utils' or its corresponding type declarations.
scratch/kravy-pos-website/src/app/api/wallet/route.ts(1,43): error TS2307: Cannot find module 'next/server' or its corresponding type declarations.
scratch/kravy-pos-website/src/app/api/wallet/route.ts(2,24): error TS2307: Cannot find module '@/lib/prisma' or its corresponding type declarations.
scratch/kravy-pos-website/src/app/api/wallet/route.ts(3,37): error TS2307: Cannot find module '@/lib/auth-utils' or its corresponding type declarations.
scratch/kravy-pos-website/src/app/api/whatsapp/send-bill/route.ts(1,43): error TS2307: Cannot find module 'next/server' or its corresponding type declarations.
scratch/kravy-pos-website/src/app/api/whatsapp/send-bill/route.ts(2,34): error TS2307: Cannot find module '@/lib/whatsapp-bill' or its corresponding type declarations.
scratch/kravy-pos-website/src/app/api/whatsapp/send-bill/route.ts(3,24): error TS2307: Cannot find module '@/lib/prisma' or its corresponding type declarations.
scratch/kravy-pos-website/src/app/auth/custom/page.tsx(4,100): error TS2307: Cannot find module 'lucide-react' or its corresponding type declarations.
scratch/kravy-pos-website/src/app/auth/custom/page.tsx(5,23): error TS2307: Cannot find module 'sonner' or its corresponding type declarations.
scratch/kravy-pos-website/src/app/auth/custom/page.tsx(6,27): error TS2307: Cannot find module 'next/navigation' or its corresponding type declarations.
scratch/kravy-pos-website/src/app/checkout/page.tsx(4,44): error TS2307: Cannot find module 'next/navigation' or its corresponding type declarations.
scratch/kravy-pos-website/src/app/checkout/page.tsx(5,41): error TS2307: Cannot find module 'framer-motion' or its corresponding type declarations.
scratch/kravy-pos-website/src/app/checkout/page.tsx(16,8): error TS2307: Cannot find module 'lucide-react' or its corresponding type declarations.
scratch/kravy-pos-website/src/app/checkout/page.tsx(17,18): error TS2307: Cannot find module 'next/link' or its corresponding type declarations.
scratch/kravy-pos-website/src/app/checkout/page.tsx(18,19): error TS2307: Cannot find module 'axios' or its corresponding type declarations.
scratch/kravy-pos-website/src/app/dashboard/admin/invoice-generator/page.tsx(4,24): error TS2307: Cannot find module 'framer-motion' or its corresponding type declarations.
scratch/kravy-pos-website/src/app/dashboard/admin/invoice-generator/page.tsx(22,8): error TS2307: Cannot find module 'lucide-react' or its corresponding type declarations.
scratch/kravy-pos-website/src/app/dashboard/admin/invoice-generator/page.tsx(23,23): error TS2307: Cannot find module 'react-hot-toast' or its corresponding type declarations.
scratch/kravy-pos-website/src/app/dashboard/ai-scraper/page.tsx(3,32): error TS2307: Cannot find module '@/components/AuthContext' or its corresponding type declarations.
scratch/kravy-pos-website/src/app/dashboard/ai-scraper/page.tsx(14,8): error TS2307: Cannot find module 'lucide-react' or its corresponding type declarations.
scratch/kravy-pos-website/src/app/dashboard/ai-scraper/page.tsx(15,23): error TS2307: Cannot find module 'react-hot-toast' or its corresponding type declarations.
scratch/kravy-pos-website/src/app/dashboard/backup/page.tsx(4,174): error TS2307: Cannot find module 'lucide-react' or its corresponding type declarations.
scratch/kravy-pos-website/src/app/dashboard/billing/[id]/page.tsx(390,27): error TS2307: Cannot find module 'next/navigation' or its corresponding type declarations.
scratch/kravy-pos-website/src/app/dashboard/billing/[id]/page.tsx(391,18): error TS2307: Cannot find module 'next/link' or its corresponding type declarations.
scratch/kravy-pos-website/src/app/dashboard/billing/[id]/page.tsx(396,8): error TS2307: Cannot find module 'lucide-react' or its corresponding type declarations.
scratch/kravy-pos-website/src/app/dashboard/billing/[id]/page.tsx(397,38): error TS2307: Cannot find module '@/lib/whatsapp' or its corresponding type declarations.
scratch/kravy-pos-website/src/app/dashboard/billing/[id]/page.tsx(398,36): error TS2307: Cannot find module '@/components/WhatsAppBillButton' or its corresponding type declarations.
scratch/kravy-pos-website/src/app/dashboard/billing/[id]/page.tsx(399,32): error TS2307: Cannot find module '@/components/AuthContext' or its corresponding type declarations.
scratch/kravy-pos-website/src/app/dashboard/billing/[id]/page.tsx(400,28): error TS2307: Cannot find module '@/components/printing/PrintTemplates' or its corresponding type declarations.
scratch/kravy-pos-website/src/app/dashboard/billing/[id]/page.tsx(401,23): error TS2307: Cannot find module 'sonner' or its corresponding type declarations.
scratch/kravy-pos-website/src/app/dashboard/billing/[id]/page.tsx(405,8): error TS2307: Cannot find module '@prisma/client' or its corresponding type declarations.
scratch/kravy-pos-website/src/app/dashboard/billing/BillHistoryTable.tsx(10,8): error TS2307: Cannot find module 'lucide-react' or its corresponding type declarations.
scratch/kravy-pos-website/src/app/dashboard/billing/BillHistoryTable.tsx(11,38): error TS2307: Cannot find module '@/lib/whatsapp' or its corresponding type declarations.
scratch/kravy-pos-website/src/app/dashboard/billing/BillHistoryTable.tsx(12,23): error TS2307: Cannot find module 'react-hot-toast' or its corresponding type declarations.
scratch/kravy-pos-website/src/app/dashboard/billing/BillHistoryTable.tsx(13,27): error TS2307: Cannot find module 'next/navigation' or its corresponding type declarations.
scratch/kravy-pos-website/src/app/dashboard/billing/BillHistoryTable.tsx(691,38): error TS2345: Argument of type 'unknown' is not assignable to parameter of type 'number'.
scratch/kravy-pos-website/src/app/dashboard/billing/checkout/CheckoutClient.tsx(4,18): error TS2307: Cannot find module 'next/link' or its corresponding type declarations.
scratch/kravy-pos-website/src/app/dashboard/billing/checkout/CheckoutClient.tsx(5,44): error TS2307: Cannot find module 'next/navigation' or its corresponding type declarations.
scratch/kravy-pos-website/src/app/dashboard/billing/checkout/CheckoutClient.tsx(10,8): error TS2307: Cannot find module 'lucide-react' or its corresponding type declarations.
scratch/kravy-pos-website/src/app/dashboard/billing/checkout/CheckoutClient.tsx(11,35): error TS2307: Cannot find module '@/lib/discount-utils' or its corresponding type declarations.
scratch/kravy-pos-website/src/app/dashboard/billing/checkout/CheckoutClient.tsx(12,23): error TS2307: Cannot find module 'sonner' or its corresponding type declarations.
scratch/kravy-pos-website/src/app/dashboard/billing/checkout/CheckoutClient.tsx(13,23): error TS2307: Cannot find module '@/lib/sounds' or its corresponding type declarations.
scratch/kravy-pos-website/src/app/dashboard/billing/checkout/CheckoutClient.tsx(14,36): error TS2307: Cannot find module '@/components/WhatsAppBillButton' or its corresponding type declarations.
scratch/kravy-pos-website/src/app/dashboard/billing/checkout/CheckoutClient.tsx(15,32): error TS2307: Cannot find module '@/components/AuthContext' or its corresponding type declarations.
scratch/kravy-pos-website/src/app/dashboard/billing/checkout/CheckoutClient.tsx(16,28): error TS2307: Cannot find module '@/components/printing/PrintTemplates' or its corresponding type declarations.
scratch/kravy-pos-website/src/app/dashboard/billing/checkout/CheckoutClient.tsx(17,25): error TS2307: Cannot find module '@/components/printing/BillPreview' or its corresponding type declarations.
scratch/kravy-pos-website/src/app/dashboard/billing/checkout/CheckoutClient.tsx(18,41): error TS2307: Cannot find module 'framer-motion' or its corresponding type declarations.
scratch/kravy-pos-website/src/app/dashboard/billing/checkout/CheckoutClient.tsx(1274,9): error TS1117: An object literal cannot have multiple properties with the same name.
scratch/kravy-pos-website/src/app/dashboard/billing/checkout/CheckoutClient.tsx(1275,9): error TS1117: An object literal cannot have multiple properties with the same name.
scratch/kravy-pos-website/src/app/dashboard/billing/checkout/CheckoutClient.tsx(1422,23): error TS2339: Property 'addedAt' does not exist on type 'BillItem'.
scratch/kravy-pos-website/src/app/dashboard/billing/checkout/CheckoutClient.tsx(1425,23): error TS2339: Property 'isNew' does not exist on type 'BillItem'.
scratch/kravy-pos-website/src/app/dashboard/billing/checkout/CheckoutClient.tsx(2573,41): error TS2339: Property 'itemId' does not exist on type 'BillItem'.
scratch/kravy-pos-website/src/app/dashboard/billing/checkout/CheckoutClient.tsx(3037,31): error TS2367: This comparison appears to be unintentional because the types 'number' and 'string' have no overlap.
scratch/kravy-pos-website/src/app/dashboard/billing/checkout/CheckoutClient.tsx(3372,29): error TS2367: This comparison appears to be unintentional because the types 'number' and 'string' have no overlap.
scratch/kravy-pos-website/src/app/dashboard/billing/deleted/page.tsx(3,27): error TS2307: Cannot find module 'next/navigation' or its corresponding type declarations.
scratch/kravy-pos-website/src/app/dashboard/billing/deleted/page.tsx(5,18): error TS2307: Cannot find module 'next/link' or its corresponding type declarations.
scratch/kravy-pos-website/src/app/dashboard/billing/deleted/page.tsx(86,18): error TS2686: 'React' refers to a UMD global, but the current file is a module. Consider adding an import instead.
scratch/kravy-pos-website/src/app/dashboard/billing/deleted/page.tsx(91,111): error TS2339: Property 'type' does not exist on type 'DeletedBill'.
scratch/kravy-pos-website/src/app/dashboard/billing/deleted/page.tsx(98,129): error TS2339: Property 'tableName' does not exist on type '{ billNumber: string; total: number; paymentMode: string; paymentStatus: string; isHeld?: boolean; customer?: { name?: string; }; }'.
scratch/kravy-pos-website/src/app/dashboard/billing/deleted/page.tsx(131,25): error TS2339: Property 'items' does not exist on type '{ billNumber: string; total: number; paymentMode: string; paymentStatus: string; isHeld?: boolean; customer?: { name?: string; }; }'.
scratch/kravy-pos-website/src/app/dashboard/billing/deleted/page.tsx(131,39): error TS2339: Property 'items' does not exist on type '{ billNumber: string; total: number; paymentMode: string; paymentStatus: string; isHeld?: boolean; customer?: { name?: string; }; }'.
scratch/kravy-pos-website/src/app/dashboard/billing/deleted/page.tsx(135,145): error TS2339: Property 'type' does not exist on type 'DeletedBill'.
scratch/kravy-pos-website/src/app/dashboard/billing/deleted/page.tsx(137,35): error TS2339: Property 'items' does not exist on type '{ billNumber: string; total: number; paymentMode: string; paymentStatus: string; isHeld?: boolean; customer?: { name?: string; }; }'.
scratch/kravy-pos-website/src/app/dashboard/billing/deleted/page.tsx(151,19): error TS2686: 'React' refers to a UMD global, but the current file is a module. Consider adding an import instead.
scratch/kravy-pos-website/src/app/dashboard/billing/page.tsx(3,18): error TS2307: Cannot find module 'next/link' or its corresponding type declarations.
scratch/kravy-pos-website/src/app/dashboard/billing/page.tsx(5,44): error TS2307: Cannot find module 'next/navigation' or its corresponding type declarations.
scratch/kravy-pos-website/src/app/dashboard/billing/page.tsx(6,24): error TS2307: Cannot find module 'framer-motion' or its corresponding type declarations.
scratch/kravy-pos-website/src/app/dashboard/billing/page.tsx(7,38): error TS2307: Cannot find module '@/lib/whatsapp' or its corresponding type declarations.
scratch/kravy-pos-website/src/app/dashboard/billing/page.tsx(8,27): error TS2307: Cannot find module '@/components/SearchContext' or its corresponding type declarations.
scratch/kravy-pos-website/src/app/dashboard/billing/page.tsx(13,8): error TS2307: Cannot find module 'lucide-react' or its corresponding type declarations.
scratch/kravy-pos-website/src/app/dashboard/billing/page.tsx(14,36): error TS2307: Cannot find module '@/components/WhatsAppBillButton' or its corresponding type declarations.
scratch/kravy-pos-website/src/app/dashboard/billing/page.tsx(15,32): error TS2307: Cannot find module '@/components/AuthContext' or its corresponding type declarations.
scratch/kravy-pos-website/src/app/dashboard/billing/page.tsx(16,23): error TS2307: Cannot find module '@/lib/sounds' or its corresponding type declarations.
scratch/kravy-pos-website/src/app/dashboard/billing/page.tsx(17,23): error TS2307: Cannot find module 'react-hot-toast' or its corresponding type declarations.
scratch/kravy-pos-website/src/app/dashboard/billing/page.tsx(260,44): error TS2345: Argument of type '{ billNumber: string; tableName: string; customerName: string; customerPhone: string; paymentStatus: string; paymentMode: string; }' is not assignable to parameter of type 'SetStateAction<{ billNumber: string; tableName: string; customerName: string; customerPhone: string; paymentStatus: string; paymentMode: string; orderType: string; paymentModeFilter: string; statusFilter: string; }>'.
  Type '{ billNumber: string; tableName: string; customerName: string; customerPhone: string; paymentStatus: string; paymentMode: string; }' is missing the following properties from type '{ billNumber: string; tableName: string; customerName: string; customerPhone: string; paymentStatus: string; paymentMode: string; orderType: string; paymentModeFilter: string; statusFilter: string; }': orderType, paymentModeFilter, statusFilter
scratch/kravy-pos-website/src/app/dashboard/billing/page.tsx(335,43): error TS2307: Cannot find module 'xlsx' or its corresponding type declarations.
scratch/kravy-pos-website/src/app/dashboard/billing/page.tsx(510,14): error TS2322: Type '(silent?: boolean) => Promise<void>' is not assignable to type 'MouseEventHandler<HTMLButtonElement>'.
  Types of parameters 'silent' and 'event' are incompatible.
    Type 'MouseEvent<HTMLButtonElement, MouseEvent>' is not assignable to type 'boolean'.
scratch/kravy-pos-website/src/app/dashboard/combos/page.tsx(21,8): error TS2307: Cannot find module 'lucide-react' or its corresponding type declarations.
scratch/kravy-pos-website/src/app/dashboard/combos/page.tsx(22,23): error TS2307: Cannot find module 'sonner' or its corresponding type declarations.
scratch/kravy-pos-website/src/app/dashboard/combos/page.tsx(23,41): error TS2307: Cannot find module 'framer-motion' or its corresponding type declarations.
scratch/kravy-pos-website/src/app/dashboard/combos/page.tsx(24,24): error TS2307: Cannot find module '@/components/ui/button' or its corresponding type declarations.
scratch/kravy-pos-website/src/app/dashboard/combos/page.tsx(25,23): error TS2307: Cannot find module '@/components/ui/input' or its corresponding type declarations.
scratch/kravy-pos-website/src/app/dashboard/combos/page.tsx(26,22): error TS2307: Cannot find module '@/components/ui/card' or its corresponding type declarations.
scratch/kravy-pos-website/src/app/dashboard/combos/page.tsx(27,23): error TS2307: Cannot find module '@/components/ui/label' or its corresponding type declarations.
scratch/kravy-pos-website/src/app/dashboard/combos/page.tsx(29,23): error TS2307: Cannot find module '@/lib/sounds' or its corresponding type declarations.
scratch/kravy-pos-website/src/app/dashboard/combos/page.tsx(37,8): error TS2307: Cannot find module '@/components/ui/sheet' or its corresponding type declarations.
scratch/kravy-pos-website/src/app/dashboard/components/analytics-card.tsx(3,35): error TS2307: Cannot find module '@/components/ui/card' or its corresponding type declarations.
scratch/kravy-pos-website/src/app/dashboard/components/copy-button.tsx(4,29): error TS2307: Cannot find module 'lucide-react' or its corresponding type declarations.
scratch/kravy-pos-website/src/app/dashboard/components/dashboard-sound-alerts.tsx(4,23): error TS2307: Cannot find module '@/lib/sounds' or its corresponding type declarations.
scratch/kravy-pos-website/src/app/dashboard/components/date-filter.tsx(4,57): error TS2307: Cannot find module 'next/navigation' or its corresponding type declarations.
scratch/kravy-pos-website/src/app/dashboard/components/date-filter.tsx(5,38): error TS2307: Cannot find module 'react-day-picker' or its corresponding type declarations.
scratch/kravy-pos-website/src/app/dashboard/components/date-filter.tsx(7,41): error TS2307: Cannot find module 'framer-motion' or its corresponding type declarations.
scratch/kravy-pos-website/src/app/dashboard/components/date-filter.tsx(8,55): error TS2307: Cannot find module 'lucide-react' or its corresponding type declarations.
scratch/kravy-pos-website/src/app/dashboard/components/order-type-chart.tsx(4,18): error TS2307: Cannot find module 'next/link' or its corresponding type declarations.
scratch/kravy-pos-website/src/app/dashboard/components/order-type-chart.tsx(5,27): error TS2307: Cannot find module 'lucide-react' or its corresponding type declarations.
scratch/kravy-pos-website/src/app/dashboard/components/payment-mode-chart.tsx(3,67): error TS2307: Cannot find module 'recharts' or its corresponding type declarations.
scratch/kravy-pos-website/src/app/dashboard/components/payment-mode-chart.tsx(4,35): error TS2307: Cannot find module 'lucide-react' or its corresponding type declarations.
scratch/kravy-pos-website/src/app/dashboard/components/payment-mode-chart.tsx(5,27): error TS2307: Cannot find module 'next/navigation' or its corresponding type declarations.
scratch/kravy-pos-website/src/app/dashboard/components/peak-hours-chart.tsx(4,96): error TS2307: Cannot find module 'recharts' or its corresponding type declarations.
scratch/kravy-pos-website/src/app/dashboard/components/recent-bills.tsx(3,94): error TS2307: Cannot find module 'lucide-react' or its corresponding type declarations.
scratch/kravy-pos-website/src/app/dashboard/components/recent-bills.tsx(4,24): error TS2307: Cannot find module 'framer-motion' or its corresponding type declarations.
scratch/kravy-pos-website/src/app/dashboard/components/recent-bills.tsx(5,27): error TS2307: Cannot find module 'next/navigation' or its corresponding type declarations.
scratch/kravy-pos-website/src/app/dashboard/components/revenue-chart.tsx(11,8): error TS2307: Cannot find module 'recharts' or its corresponding type declarations.
scratch/kravy-pos-website/src/app/dashboard/components/revenue-chart.tsx(12,28): error TS2307: Cannot find module 'lucide-react' or its corresponding type declarations.
scratch/kravy-pos-website/src/app/dashboard/components/stats-grid.tsx(3,163): error TS2307: Cannot find module 'lucide-react' or its corresponding type declarations.
scratch/kravy-pos-website/src/app/dashboard/components/stats-grid.tsx(4,24): error TS2307: Cannot find module 'framer-motion' or its corresponding type declarations.
scratch/kravy-pos-website/src/app/dashboard/components/stats-grid.tsx(5,27): error TS2307: Cannot find module 'next/navigation' or its corresponding type declarations.
scratch/kravy-pos-website/src/app/dashboard/components/stats-grid.tsx(6,23): error TS2307: Cannot find module '@/lib/sounds' or its corresponding type declarations.
scratch/kravy-pos-website/src/app/dashboard/components/top-items.tsx(3,24): error TS2307: Cannot find module 'framer-motion' or its corresponding type declarations.
scratch/kravy-pos-website/src/app/dashboard/components/top-items.tsx(4,31): error TS2307: Cannot find module 'lucide-react' or its corresponding type declarations.
scratch/kravy-pos-website/src/app/dashboard/components/top-items.tsx(5,27): error TS2307: Cannot find module 'next/navigation' or its corresponding type declarations.
scratch/kravy-pos-website/src/app/dashboard/components/uploaditems/CategorySelect.tsx(5,62): error TS2307: Cannot find module 'lucide-react' or its corresponding type declarations.
scratch/kravy-pos-website/src/app/dashboard/components/uploaditems/CategorySelect.tsx(6,41): error TS2307: Cannot find module 'framer-motion' or its corresponding type declarations.
scratch/kravy-pos-website/src/app/dashboard/components/uploaditems/CategorySelect.tsx(7,23): error TS2307: Cannot find module 'sonner' or its corresponding type declarations.
scratch/kravy-pos-website/src/app/dashboard/components/uploaditems/CategorySelect.tsx(8,23): error TS2307: Cannot find module '@/lib/sounds' or its corresponding type declarations.
scratch/kravy-pos-website/src/app/dashboard/components/uploaditems/ExpandableSection.tsx(3,40): error TS2307: Cannot find module 'lucide-react' or its corresponding type declarations.
scratch/kravy-pos-website/src/app/dashboard/components/uploaditems/ImageUpload.tsx(6,24): error TS2307: Cannot find module 'lucide-react' or its corresponding type declarations.
scratch/kravy-pos-website/src/app/dashboard/components/uploaditems/ImageUpload.tsx(7,24): error TS2307: Cannot find module 'framer-motion' or its corresponding type declarations.
scratch/kravy-pos-website/src/app/dashboard/components/weekly-revenue-chart.tsx(13,8): error TS2307: Cannot find module 'recharts' or its corresponding type declarations.
scratch/kravy-pos-website/src/app/dashboard/discounts/page.tsx(4,140): error TS2307: Cannot find module 'lucide-react' or its corresponding type declarations.
scratch/kravy-pos-website/src/app/dashboard/discounts/page.tsx(5,41): error TS2307: Cannot find module 'framer-motion' or its corresponding type declarations.
scratch/kravy-pos-website/src/app/dashboard/discounts/page.tsx(6,23): error TS2307: Cannot find module 'sonner' or its corresponding type declarations.
scratch/kravy-pos-website/src/app/dashboard/discounts/page.tsx(7,35): error TS2307: Cannot find module '@/lib/discount-utils' or its corresponding type declarations.
scratch/kravy-pos-website/src/app/dashboard/docs/gst-billing/page.tsx(23,8): error TS2307: Cannot find module 'lucide-react' or its corresponding type declarations.
scratch/kravy-pos-website/src/app/dashboard/docs/gst-billing/page.tsx(24,24): error TS2307: Cannot find module 'framer-motion' or its corresponding type declarations.
scratch/kravy-pos-website/src/app/dashboard/docs/gst-billing/page.tsx(25,27): error TS2307: Cannot find module 'next/navigation' or its corresponding type declarations.
scratch/kravy-pos-website/src/app/dashboard/docs/gst-category-pro/page.tsx(22,8): error TS2307: Cannot find module 'lucide-react' or its corresponding type declarations.
scratch/kravy-pos-website/src/app/dashboard/docs/gst-category-pro/page.tsx(23,41): error TS2307: Cannot find module 'framer-motion' or its corresponding type declarations.
scratch/kravy-pos-website/src/app/dashboard/docs/gst-category-pro/page.tsx(24,27): error TS2307: Cannot find module 'next/navigation' or its corresponding type declarations.
scratch/kravy-pos-website/src/app/dashboard/docs/gst-category-pro/page.tsx(25,19): error TS2307: Cannot find module 'next/image' or its corresponding type declarations.
scratch/kravy-pos-website/src/app/dashboard/docs/menu-management/page.tsx(4,24): error TS2307: Cannot find module 'framer-motion' or its corresponding type declarations.
scratch/kravy-pos-website/src/app/dashboard/docs/menu-management/page.tsx(20,8): error TS2307: Cannot find module 'lucide-react' or its corresponding type declarations.
scratch/kravy-pos-website/src/app/dashboard/docs/menu-management/page.tsx(21,27): error TS2307: Cannot find module 'next/navigation' or its corresponding type declarations.
scratch/kravy-pos-website/src/app/dashboard/docs/menu-management/page.tsx(280,14): error TS2322: Type '{ children: string; jsx: true; global: true; }' is not assignable to type 'DetailedHTMLProps<StyleHTMLAttributes<HTMLStyleElement>, HTMLStyleElement>'.
  Property 'jsx' does not exist on type 'DetailedHTMLProps<StyleHTMLAttributes<HTMLStyleElement>, HTMLStyleElement>'.
scratch/kravy-pos-website/src/app/dashboard/docs/staff-access/interactive/page.tsx(4,77): error TS2307: Cannot find module 'framer-motion' or its corresponding type declarations.
scratch/kravy-pos-website/src/app/dashboard/docs/staff-access/interactive/page.tsx(21,8): error TS2307: Cannot find module 'lucide-react' or its corresponding type declarations.
scratch/kravy-pos-website/src/app/dashboard/docs/staff-access/interactive/page.tsx(22,27): error TS2307: Cannot find module 'next/navigation' or its corresponding type declarations.
scratch/kravy-pos-website/src/app/dashboard/docs/staff-access/interactive/page.tsx(516,14): error TS2322: Type '{ children: string; jsx: true; global: true; }' is not assignable to type 'DetailedHTMLProps<StyleHTMLAttributes<HTMLStyleElement>, HTMLStyleElement>'.
  Property 'jsx' does not exist on type 'DetailedHTMLProps<StyleHTMLAttributes<HTMLStyleElement>, HTMLStyleElement>'.
scratch/kravy-pos-website/src/app/dashboard/docs/staff-access/page.tsx(25,8): error TS2307: Cannot find module 'lucide-react' or its corresponding type declarations.
scratch/kravy-pos-website/src/app/dashboard/docs/staff-access/page.tsx(26,24): error TS2307: Cannot find module 'framer-motion' or its corresponding type declarations.
scratch/kravy-pos-website/src/app/dashboard/docs/staff-access/page.tsx(27,32): error TS2307: Cannot find module '@/components/AuthContext' or its corresponding type declarations.
scratch/kravy-pos-website/src/app/dashboard/docs/staff-access/page.tsx(28,27): error TS2307: Cannot find module 'next/navigation' or its corresponding type declarations.
scratch/kravy-pos-website/src/app/dashboard/docs/workflow/page.tsx(4,24): error TS2307: Cannot find module 'framer-motion' or its corresponding type declarations.
scratch/kravy-pos-website/src/app/dashboard/docs/workflow/page.tsx(20,8): error TS2307: Cannot find module 'lucide-react' or its corresponding type declarations.
scratch/kravy-pos-website/src/app/dashboard/docs/workflow/page.tsx(21,27): error TS2307: Cannot find module 'next/navigation' or its corresponding type declarations.
scratch/kravy-pos-website/src/app/dashboard/docs/workflow/page.tsx(395,14): error TS2322: Type '{ children: string; jsx: true; global: true; }' is not assignable to type 'DetailedHTMLProps<StyleHTMLAttributes<HTMLStyleElement>, HTMLStyleElement>'.
  Property 'jsx' does not exist on type 'DetailedHTMLProps<StyleHTMLAttributes<HTMLStyleElement>, HTMLStyleElement>'.
scratch/kravy-pos-website/src/app/dashboard/expenses/page.tsx(4,41): error TS2307: Cannot find module 'framer-motion' or its corresponding type declarations.
scratch/kravy-pos-website/src/app/dashboard/expenses/page.tsx(16,8): error TS2307: Cannot find module 'lucide-react' or its corresponding type declarations.
scratch/kravy-pos-website/src/app/dashboard/expenses/page.tsx(17,23): error TS2307: Cannot find module 'react-hot-toast' or its corresponding type declarations.
scratch/kravy-pos-website/src/app/dashboard/expenses/page.tsx(18,24): error TS2307: Cannot find module 'date-fns' or its corresponding type declarations.
scratch/kravy-pos-website/src/app/dashboard/expenses/page.tsx(19,27): error TS2307: Cannot find module 'next/navigation' or its corresponding type declarations.
scratch/kravy-pos-website/src/app/dashboard/expenses/page.tsx(20,23): error TS2307: Cannot find module '@/lib/sounds' or its corresponding type declarations.
scratch/kravy-pos-website/src/app/dashboard/expenses/pnl/page.tsx(4,41): error TS2307: Cannot find module 'framer-motion' or its corresponding type declarations.
scratch/kravy-pos-website/src/app/dashboard/expenses/pnl/page.tsx(15,8): error TS2307: Cannot find module 'lucide-react' or its corresponding type declarations.
scratch/kravy-pos-website/src/app/dashboard/expenses/pnl/page.tsx(16,27): error TS2307: Cannot find module 'next/navigation' or its corresponding type declarations.
scratch/kravy-pos-website/src/app/dashboard/expenses/pnl/page.tsx(21,8): error TS2307: Cannot find module 'recharts' or its corresponding type declarations.
scratch/kravy-pos-website/src/app/dashboard/expenses/pnl/page.tsx(27,8): error TS2307: Cannot find module 'date-fns' or its corresponding type declarations.
scratch/kravy-pos-website/src/app/dashboard/expenses/pnl/page.tsx(28,23): error TS2307: Cannot find module '@/lib/sounds' or its corresponding type declarations.
scratch/kravy-pos-website/src/app/dashboard/expenses/pnl/page.tsx(29,23): error TS2307: Cannot find module 'react-hot-toast' or its corresponding type declarations.
scratch/kravy-pos-website/src/app/dashboard/expenses/reports/page.tsx(4,41): error TS2307: Cannot find module 'framer-motion' or its corresponding type declarations.
scratch/kravy-pos-website/src/app/dashboard/expenses/reports/page.tsx(15,8): error TS2307: Cannot find module 'lucide-react' or its corresponding type declarations.
scratch/kravy-pos-website/src/app/dashboard/expenses/reports/page.tsx(16,23): error TS2307: Cannot find module 'react-hot-toast' or its corresponding type declarations.
scratch/kravy-pos-website/src/app/dashboard/expenses/reports/page.tsx(17,27): error TS2307: Cannot find module 'next/navigation' or its corresponding type declarations.
scratch/kravy-pos-website/src/app/dashboard/expenses/reports/page.tsx(23,8): error TS2307: Cannot find module 'recharts' or its corresponding type declarations.
scratch/kravy-pos-website/src/app/dashboard/expenses/reports/page.tsx(29,8): error TS2307: Cannot find module 'date-fns' or its corresponding type declarations.
scratch/kravy-pos-website/src/app/dashboard/expenses/reports/page.tsx(30,23): error TS2307: Cannot find module '@/lib/sounds' or its corresponding type declarations.
scratch/kravy-pos-website/src/app/dashboard/gallery/page.tsx(4,41): error TS2307: Cannot find module 'framer-motion' or its corresponding type declarations.
scratch/kravy-pos-website/src/app/dashboard/gallery/page.tsx(5,19): error TS2307: Cannot find module 'next/image' or its corresponding type declarations.
scratch/kravy-pos-website/src/app/dashboard/gallery/page.tsx(10,8): error TS2307: Cannot find module 'lucide-react' or its corresponding type declarations.
scratch/kravy-pos-website/src/app/dashboard/gallery/page.tsx(11,19): error TS2307: Cannot find module 'react-hot-toast' or its corresponding type declarations.
scratch/kravy-pos-website/src/app/dashboard/gallery/page.tsx(12,23): error TS2307: Cannot find module '@/lib/sounds' or its corresponding type declarations.
scratch/kravy-pos-website/src/app/dashboard/help/page.tsx(18,8): error TS2307: Cannot find module 'lucide-react' or its corresponding type declarations.
scratch/kravy-pos-website/src/app/dashboard/help/page.tsx(19,32): error TS2307: Cannot find module '@/components/AuthContext' or its corresponding type declarations.
scratch/kravy-pos-website/src/app/dashboard/help/page.tsx(20,18): error TS2307: Cannot find module 'next/link' or its corresponding type declarations.
scratch/kravy-pos-website/src/app/dashboard/integration/gmail/page.tsx(4,33): error TS2307: Cannot find module 'next/navigation' or its corresponding type declarations.
scratch/kravy-pos-website/src/app/dashboard/integration/gmail/page.tsx(17,8): error TS2307: Cannot find module 'lucide-react' or its corresponding type declarations.
scratch/kravy-pos-website/src/app/dashboard/integration/gmail/page.tsx(18,24): error TS2307: Cannot find module 'framer-motion' or its corresponding type declarations.
scratch/kravy-pos-website/src/app/dashboard/integration/gmail/page.tsx(19,23): error TS2307: Cannot find module 'react-hot-toast' or its corresponding type declarations.
scratch/kravy-pos-website/src/app/dashboard/inventory/page.tsx(4,41): error TS2307: Cannot find module 'framer-motion' or its corresponding type declarations.
scratch/kravy-pos-website/src/app/dashboard/inventory/page.tsx(5,201): error TS2307: Cannot find module 'lucide-react' or its corresponding type declarations.
scratch/kravy-pos-website/src/app/dashboard/inventory/page.tsx(6,19): error TS2307: Cannot find module 'react-hot-toast' or its corresponding type declarations.
scratch/kravy-pos-website/src/app/dashboard/inventory/page.tsx(7,27): error TS2307: Cannot find module '@/components/SearchContext' or its corresponding type declarations.
scratch/kravy-pos-website/src/app/dashboard/inventory/page.tsx(8,18): error TS2307: Cannot find module 'next/link' or its corresponding type declarations.
scratch/kravy-pos-website/src/app/dashboard/inventory/reports/page.tsx(19,8): error TS2307: Cannot find module 'lucide-react' or its corresponding type declarations.
scratch/kravy-pos-website/src/app/dashboard/inventory/reports/page.tsx(20,18): error TS2307: Cannot find module 'next/link' or its corresponding type declarations.
scratch/kravy-pos-website/src/app/dashboard/inventory/reports/page.tsx(282,14): error TS2322: Type '{ children: string; jsx: true; global: true; }' is not assignable to type 'DetailedHTMLProps<StyleHTMLAttributes<HTMLStyleElement>, HTMLStyleElement>'.
  Property 'jsx' does not exist on type 'DetailedHTMLProps<StyleHTMLAttributes<HTMLStyleElement>, HTMLStyleElement>'.
scratch/kravy-pos-website/src/app/dashboard/kitchen/components/order-alert-loop.tsx(4,23): error TS2307: Cannot find module '@/lib/sounds' or its corresponding type declarations.
scratch/kravy-pos-website/src/app/dashboard/kitchen/components/order-alert-loop.tsx(26,9): error TS2322: Type 'number' is not assignable to type 'Timeout'.
scratch/kravy-pos-website/src/app/dashboard/kitchen/page.tsx(3,23): error TS2307: Cannot find module 'sonner' or its corresponding type declarations.
scratch/kravy-pos-website/src/app/dashboard/kitchen/page.tsx(4,36): error TS2307: Cannot find module '@/components/TerminalContext' or its corresponding type declarations.
scratch/kravy-pos-website/src/app/dashboard/kitchen/page.tsx(5,44): error TS2307: Cannot find module 'next/navigation' or its corresponding type declarations.
scratch/kravy-pos-website/src/app/dashboard/kitchen/page.tsx(7,23): error TS2307: Cannot find module '@/lib/sounds' or its corresponding type declarations.
scratch/kravy-pos-website/src/app/dashboard/kitchen/page.tsx(17,8): error TS2307: Cannot find module 'lucide-react' or its corresponding type declarations.
scratch/kravy-pos-website/src/app/dashboard/kitchen/page.tsx(18,54): error TS2307: Cannot find module 'framer-motion' or its corresponding type declarations.
scratch/kravy-pos-website/src/app/dashboard/kitchen/page.tsx(27,8): error TS2307: Cannot find module '@dnd-kit/core' or its corresponding type declarations.
scratch/kravy-pos-website/src/app/dashboard/kitchen/page.tsx(28,28): error TS2307: Cannot find module '@/components/printing/PrintTemplates' or its corresponding type declarations.
scratch/kravy-pos-website/src/app/dashboard/kitchen/page.tsx(29,25): error TS2307: Cannot find module '@/components/printing/BillPreview' or its corresponding type declarations.
scratch/kravy-pos-website/src/app/dashboard/kitchen/page.tsx(30,21): error TS2307: Cannot find module '@dnd-kit/utilities' or its corresponding type declarations.
scratch/kravy-pos-website/src/app/dashboard/kitchen/page.tsx(32,32): error TS2307: Cannot find module '@/components/AuthContext' or its corresponding type declarations.
scratch/kravy-pos-website/src/app/dashboard/kitchen/page.tsx(838,30): error TS2345: Argument of type '"dashboard"' is not assignable to parameter of type 'SetStateAction<"kitchen" | "track" | "live-orders">'.
scratch/kravy-pos-website/src/app/dashboard/kitchen/page.tsx(1566,124): error TS2345: Argument of type 'string' is not assignable to parameter of type '"PENDING" | "COMPLETED" | "PREPARING" | "ACCEPTED" | "READY"'.
scratch/kravy-pos-website/src/app/dashboard/kitchen/page.tsx(1869,41): error TS2339: Property 'billNumber' does not exist on type 'Order'.
scratch/kravy-pos-website/src/app/dashboard/kitchen/page.tsx(1917,41): error TS2339: Property 'billNumber' does not exist on type 'Order'.
scratch/kravy-pos-website/src/app/dashboard/layout.tsx(2,26): error TS2307: Cannot find module '@/components/ClientLayout' or its corresponding type declarations.
scratch/kravy-pos-website/src/app/dashboard/layout.tsx(3,30): error TS2307: Cannot find module '@/components/AuthContext' or its corresponding type declarations.
scratch/kravy-pos-website/src/app/dashboard/layout.tsx(9,34): error TS2307: Cannot find module '@/components/TerminalContext' or its corresponding type declarations.
scratch/kravy-pos-website/src/app/dashboard/menu-editor/page.tsx(1,24): error TS2307: Cannot find module '@/components/MenuEditor' or its corresponding type declarations.
scratch/kravy-pos-website/src/app/dashboard/menu-editor/page.tsx(2,37): error TS2307: Cannot find module '@/lib/auth-utils' or its corresponding type declarations.
scratch/kravy-pos-website/src/app/dashboard/menu-editor/page.tsx(3,22): error TS2307: Cannot find module '@clerk/nextjs/server' or its corresponding type declarations.
scratch/kravy-pos-website/src/app/dashboard/menu-editor/page.tsx(4,25): error TS2307: Cannot find module 'react-hot-toast' or its corresponding type declarations.
scratch/kravy-pos-website/src/app/dashboard/menu/addons/page.tsx(3,153): error TS2307: Cannot find module 'lucide-react' or its corresponding type declarations.
scratch/kravy-pos-website/src/app/dashboard/menu/addons/page.tsx(4,41): error TS2307: Cannot find module 'framer-motion' or its corresponding type declarations.
scratch/kravy-pos-website/src/app/dashboard/menu/addons/page.tsx(5,32): error TS2307: Cannot find module 'react-hot-toast' or its corresponding type declarations.
scratch/kravy-pos-website/src/app/dashboard/menu/addons/page.tsx(6,30): error TS2307: Cannot find module '@/components/MenuEditor/AddonGroupsModal' or its corresponding type declarations.
scratch/kravy-pos-website/src/app/dashboard/menu/addons/page.tsx(7,18): error TS2307: Cannot find module 'next/link' or its corresponding type declarations.
scratch/kravy-pos-website/src/app/dashboard/menu/edit/page.tsx(5,23): error TS2307: Cannot find module 'sonner' or its corresponding type declarations.
scratch/kravy-pos-website/src/app/dashboard/menu/edit/page.tsx(6,83): error TS2307: Cannot find module 'lucide-react' or its corresponding type declarations.
scratch/kravy-pos-website/src/app/dashboard/menu/edit/page.tsx(7,24): error TS2307: Cannot find module '@/components/ui/button' or its corresponding type declarations.
scratch/kravy-pos-website/src/app/dashboard/menu/edit/page.tsx(8,23): error TS2307: Cannot find module '@/lib/sounds' or its corresponding type declarations.
scratch/kravy-pos-website/src/app/dashboard/menu/edit/page.tsx(9,28): error TS2307: Cannot find module '@/app/dashboard/components/uploaditems/CategorySelect' or its corresponding type declarations.
scratch/kravy-pos-website/src/app/dashboard/menu/upload/page.tsx(7,24): error TS2307: Cannot find module 'framer-motion' or its corresponding type declarations.
scratch/kravy-pos-website/src/app/dashboard/menu/upload/page.tsx(8,25): error TS2307: Cannot find module '@/app/dashboard/components/uploaditems/ImageUpload' or its corresponding type declarations.
scratch/kravy-pos-website/src/app/dashboard/menu/upload/page.tsx(9,28): error TS2307: Cannot find module '@/app/dashboard/components/uploaditems/CategorySelect' or its corresponding type declarations.
scratch/kravy-pos-website/src/app/dashboard/menu/upload/page.tsx(10,27): error TS2307: Cannot find module '@/app/dashboard/components/uploaditems/GstTaxSection' or its corresponding type declarations.
scratch/kravy-pos-website/src/app/dashboard/menu/upload/page.tsx(11,35): error TS2307: Cannot find module '@/app/dashboard/components/uploaditems/ProductDetailsSection' or its corresponding type declarations.
scratch/kravy-pos-website/src/app/dashboard/menu/upload/page.tsx(12,30): error TS2307: Cannot find module '@/app/dashboard/components/uploaditems/InventorySection' or its corresponding type declarations.
scratch/kravy-pos-website/src/app/dashboard/menu/upload/page.tsx(13,28): error TS2307: Cannot find module '@/app/dashboard/components/uploaditems/DisplaySection' or its corresponding type declarations.
scratch/kravy-pos-website/src/app/dashboard/menu/view/page.tsx(399,19): error TS2307: Cannot find module 'next/image' or its corresponding type declarations.
scratch/kravy-pos-website/src/app/dashboard/menu/view/page.tsx(400,41): error TS2307: Cannot find module 'framer-motion' or its corresponding type declarations.
scratch/kravy-pos-website/src/app/dashboard/menu/view/page.tsx(401,90): error TS2307: Cannot find module 'lucide-react' or its corresponding type declarations.
scratch/kravy-pos-website/src/app/dashboard/menu/view/page.tsx(1373,66): error TS2367: This comparison appears to be unintentional because the types '"veg" | "nv"' and '"egg"' have no overlap.
scratch/kravy-pos-website/src/app/dashboard/offers/generator/page.tsx(4,18): error TS2307: Cannot find module 'next/link' or its corresponding type declarations.
scratch/kravy-pos-website/src/app/dashboard/offers/generator/page.tsx(19,8): error TS2307: Cannot find module 'lucide-react' or its corresponding type declarations.
scratch/kravy-pos-website/src/app/dashboard/offers/generator/page.tsx(20,23): error TS2307: Cannot find module 'sonner' or its corresponding type declarations.
scratch/kravy-pos-website/src/app/dashboard/offers/generator/page.tsx(21,26): error TS2307: Cannot find module 'modern-screenshot' or its corresponding type declarations.
scratch/kravy-pos-website/src/app/dashboard/offers/generator/page.tsx(22,24): error TS2307: Cannot find module '@/components/ui/button' or its corresponding type declarations.
scratch/kravy-pos-website/src/app/dashboard/offers/generator/page.tsx(23,23): error TS2307: Cannot find module '@/components/ui/input' or its corresponding type declarations.
scratch/kravy-pos-website/src/app/dashboard/offers/generator/page.tsx(24,23): error TS2307: Cannot find module '@/components/ui/label' or its corresponding type declarations.
scratch/kravy-pos-website/src/app/dashboard/offers/generator/page.tsx(25,22): error TS2307: Cannot find module '@/components/ui/card' or its corresponding type declarations.
scratch/kravy-pos-website/src/app/dashboard/offers/generator/page.tsx(26,23): error TS2307: Cannot find module '@/lib/sounds' or its corresponding type declarations.
scratch/kravy-pos-website/src/app/dashboard/offers/page.tsx(4,18): error TS2307: Cannot find module 'next/link' or its corresponding type declarations.
scratch/kravy-pos-website/src/app/dashboard/offers/page.tsx(23,8): error TS2307: Cannot find module 'lucide-react' or its corresponding type declarations.
scratch/kravy-pos-website/src/app/dashboard/offers/page.tsx(24,23): error TS2307: Cannot find module 'sonner' or its corresponding type declarations.
scratch/kravy-pos-website/src/app/dashboard/offers/page.tsx(25,41): error TS2307: Cannot find module 'framer-motion' or its corresponding type declarations.
scratch/kravy-pos-website/src/app/dashboard/offers/page.tsx(26,24): error TS2307: Cannot find module '@/components/ui/button' or its corresponding type declarations.
scratch/kravy-pos-website/src/app/dashboard/offers/page.tsx(27,23): error TS2307: Cannot find module '@/components/ui/input' or its corresponding type declarations.
scratch/kravy-pos-website/src/app/dashboard/offers/page.tsx(28,22): error TS2307: Cannot find module '@/components/ui/card' or its corresponding type declarations.
scratch/kravy-pos-website/src/app/dashboard/offers/page.tsx(29,23): error TS2307: Cannot find module '@/components/ui/label' or its corresponding type declarations.
scratch/kravy-pos-website/src/app/dashboard/offers/page.tsx(30,23): error TS2307: Cannot find module '@/lib/sounds' or its corresponding type declarations.
scratch/kravy-pos-website/src/app/dashboard/offers/page.tsx(38,8): error TS2307: Cannot find module '@/components/ui/sheet' or its corresponding type declarations.
scratch/kravy-pos-website/src/app/dashboard/offers/reviews/page.tsx(4,18): error TS2307: Cannot find module 'next/link' or its corresponding type declarations.
scratch/kravy-pos-website/src/app/dashboard/offers/reviews/page.tsx(15,8): error TS2307: Cannot find module 'lucide-react' or its corresponding type declarations.
scratch/kravy-pos-website/src/app/dashboard/offers/reviews/page.tsx(16,23): error TS2307: Cannot find module 'sonner' or its corresponding type declarations.
scratch/kravy-pos-website/src/app/dashboard/offers/reviews/page.tsx(17,26): error TS2307: Cannot find module 'modern-screenshot' or its corresponding type declarations.
scratch/kravy-pos-website/src/app/dashboard/offers/reviews/page.tsx(18,24): error TS2307: Cannot find module '@/components/ui/button' or its corresponding type declarations.
scratch/kravy-pos-website/src/app/dashboard/offers/reviews/page.tsx(19,23): error TS2307: Cannot find module '@/components/ui/input' or its corresponding type declarations.
scratch/kravy-pos-website/src/app/dashboard/offers/reviews/page.tsx(20,23): error TS2307: Cannot find module '@/components/ui/label' or its corresponding type declarations.
scratch/kravy-pos-website/src/app/dashboard/offers/reviews/page.tsx(21,22): error TS2307: Cannot find module '@/components/ui/card' or its corresponding type declarations.
scratch/kravy-pos-website/src/app/dashboard/offers/reviews/page.tsx(23,23): error TS2307: Cannot find module '@/lib/sounds' or its corresponding type declarations.
scratch/kravy-pos-website/src/app/dashboard/page.tsx(1,26): error TS2307: Cannot find module 'next/navigation' or its corresponding type declarations.
scratch/kravy-pos-website/src/app/dashboard/page.tsx(2,24): error TS2307: Cannot find module '@/lib/prisma' or its corresponding type declarations.
scratch/kravy-pos-website/src/app/dashboard/page.tsx(3,37): error TS2307: Cannot find module '@/lib/auth-utils' or its corresponding type declarations.
scratch/kravy-pos-website/src/app/dashboard/page.tsx(15,116): error TS2307: Cannot find module 'lucide-react' or its corresponding type declarations.
scratch/kravy-pos-website/src/app/dashboard/parties/add/page.tsx(6,27): error TS2307: Cannot find module 'next/navigation' or its corresponding type declarations.
scratch/kravy-pos-website/src/app/dashboard/parties/page.tsx(6,18): error TS2307: Cannot find module 'next/link' or its corresponding type declarations.
scratch/kravy-pos-website/src/app/dashboard/parties/page.tsx(28,8): error TS2307: Cannot find module 'lucide-react' or its corresponding type declarations.
scratch/kravy-pos-website/src/app/dashboard/parties/page.tsx(29,23): error TS2307: Cannot find module '@/lib/sounds' or its corresponding type declarations.
scratch/kravy-pos-website/src/app/dashboard/profile/_components/BusinessProfileForm.tsx(4,27): error TS2307: Cannot find module 'next/navigation' or its corresponding type declarations.
scratch/kravy-pos-website/src/app/dashboard/profile/_components/BusinessProfileForm.tsx(5,25): error TS2307: Cannot find module 'react-hook-form' or its corresponding type declarations.
scratch/kravy-pos-website/src/app/dashboard/profile/_components/BusinessProfileForm.tsx(6,29): error TS2307: Cannot find module '@hookform/resolvers/zod' or its corresponding type declarations.
scratch/kravy-pos-website/src/app/dashboard/profile/_components/BusinessProfileForm.tsx(7,19): error TS2307: Cannot find module 'zod' or its corresponding type declarations.
scratch/kravy-pos-website/src/app/dashboard/profile/_components/BusinessProfileForm.tsx(8,58): error TS2307: Cannot find module '@/components/ui/card' or its corresponding type declarations.
scratch/kravy-pos-website/src/app/dashboard/profile/_components/BusinessProfileForm.tsx(9,24): error TS2307: Cannot find module '@/components/ui/button' or its corresponding type declarations.
scratch/kravy-pos-website/src/app/dashboard/profile/_components/BusinessProfileForm.tsx(10,23): error TS2307: Cannot find module 'sonner' or its corresponding type declarations.
scratch/kravy-pos-website/src/app/dashboard/profile/_components/BusinessProfileForm.tsx(11,23): error TS2307: Cannot find module '@/components/ui/input' or its corresponding type declarations.
scratch/kravy-pos-website/src/app/dashboard/profile/_components/BusinessProfileForm.tsx(12,23): error TS2307: Cannot find module '@/components/ui/label' or its corresponding type declarations.
scratch/kravy-pos-website/src/app/dashboard/profile/_components/BusinessProfileForm.tsx(13,95): error TS2307: Cannot find module 'lucide-react' or its corresponding type declarations.
scratch/kravy-pos-website/src/app/dashboard/profile/_components/BusinessProfileForm.tsx(21,8): error TS2307: Cannot find module '@/components/ui/sheet' or its corresponding type declarations.
scratch/kravy-pos-website/src/app/dashboard/profile/_components/BusinessProfileForm.tsx(22,26): error TS2307: Cannot find module '@/components/ui/textarea' or its corresponding type declarations.
scratch/kravy-pos-website/src/app/dashboard/profile/_components/BusinessProfileForm.tsx(23,36): error TS2307: Cannot find module '@/lib/cloudinary-client' or its corresponding type declarations.
scratch/kravy-pos-website/src/app/dashboard/profile/_components/BusinessProfileForm.tsx(24,38): error TS2307: Cannot find module '@/lib/india-state-district' or its corresponding type declarations.
scratch/kravy-pos-website/src/app/dashboard/profile/BusinessProfile.tsx(131,19): error TS2307: Cannot find module 'next/image' or its corresponding type declarations.
scratch/kravy-pos-website/src/app/dashboard/profile/BusinessProfile.tsx(137,8): error TS2307: Cannot find module '@/components/ui/card' or its corresponding type declarations.
scratch/kravy-pos-website/src/app/dashboard/profile/BusinessProfile.tsx(138,23): error TS2307: Cannot find module '@/components/ui/badge' or its corresponding type declarations.
scratch/kravy-pos-website/src/app/dashboard/profile/BusinessProfile.tsx(139,24): error TS2307: Cannot find module '@/components/ui/button' or its corresponding type declarations.
scratch/kravy-pos-website/src/app/dashboard/profile/BusinessProfile.tsx(140,34): error TS2307: Cannot find module 'lucide-react' or its corresponding type declarations.
scratch/kravy-pos-website/src/app/dashboard/profile/BusinessProfile.tsx(143,33): error TS2307: Cannot find module '@/components/profile/UserActivityHeatmap' or its corresponding type declarations.
scratch/kravy-pos-website/src/app/dashboard/profile/create/page.tsx(15,27): error TS2307: Cannot find module 'next/navigation' or its corresponding type declarations.
scratch/kravy-pos-website/src/app/dashboard/profile/edit/BusinessProfileFormClient.tsx(3,27): error TS2307: Cannot find module 'next/navigation' or its corresponding type declarations.
scratch/kravy-pos-website/src/app/dashboard/profile/empty.tsx(1,24): error TS2307: Cannot find module '@/components/ui/button' or its corresponding type declarations.
scratch/kravy-pos-website/src/app/dashboard/profile/empty.tsx(2,35): error TS2307: Cannot find module '@/components/ui/card' or its corresponding type declarations.
scratch/kravy-pos-website/src/app/dashboard/profile/empty.tsx(3,18): error TS2307: Cannot find module 'next/link' or its corresponding type declarations.
scratch/kravy-pos-website/src/app/dashboard/profile/empty.tsx(4,35): error TS2307: Cannot find module 'lucide-react' or its corresponding type declarations.
scratch/kravy-pos-website/src/app/dashboard/profile/loading.tsx(1,47): error TS2307: Cannot find module '@/components/ui/card' or its corresponding type declarations.
scratch/kravy-pos-website/src/app/dashboard/qr-management/page.tsx(4,25): error TS2307: Cannot find module '@clerk/nextjs' or its corresponding type declarations.
scratch/kravy-pos-website/src/app/dashboard/qr-management/page.tsx(5,23): error TS2307: Cannot find module 'sonner' or its corresponding type declarations.
scratch/kravy-pos-website/src/app/dashboard/qr-management/page.tsx(24,8): error TS2307: Cannot find module 'lucide-react' or its corresponding type declarations.
scratch/kravy-pos-website/src/app/dashboard/qr-management/page.tsx(25,58): error TS2307: Cannot find module '@/components/ui/card' or its corresponding type declarations.
scratch/kravy-pos-website/src/app/dashboard/qr-management/page.tsx(26,24): error TS2307: Cannot find module '@/components/ui/button' or its corresponding type declarations.
scratch/kravy-pos-website/src/app/dashboard/qr-management/page.tsx(27,23): error TS2307: Cannot find module '@/components/ui/input' or its corresponding type declarations.
scratch/kravy-pos-website/src/app/dashboard/qr-management/page.tsx(28,23): error TS2307: Cannot find module '@/components/ui/badge' or its corresponding type declarations.
scratch/kravy-pos-website/src/app/dashboard/qr-management/page.tsx(29,27): error TS2307: Cannot find module '@/components/ui/separator' or its corresponding type declarations.
scratch/kravy-pos-website/src/app/dashboard/qr-management/page.tsx(37,8): error TS2307: Cannot find module '@/components/ui/table' or its corresponding type declarations.
scratch/kravy-pos-website/src/app/dashboard/qr-management/page.tsx(44,8): error TS2307: Cannot find module '@/components/ui/select' or its corresponding type declarations.
scratch/kravy-pos-website/src/app/dashboard/qr-management/page.tsx(45,42): error TS2307: Cannot find module '@/hooks/useRealTimeNotifications' or its corresponding type declarations.
scratch/kravy-pos-website/src/app/dashboard/qr-management/page.tsx(46,23): error TS2307: Cannot find module '@/lib/sounds' or its corresponding type declarations.
scratch/kravy-pos-website/src/app/dashboard/qr-orders/page.tsx(4,25): error TS2307: Cannot find module '@clerk/nextjs' or its corresponding type declarations.
scratch/kravy-pos-website/src/app/dashboard/qr-orders/page.tsx(5,23): error TS2307: Cannot find module 'sonner' or its corresponding type declarations.
scratch/kravy-pos-website/src/app/dashboard/qr-orders/page.tsx(15,8): error TS2307: Cannot find module 'lucide-react' or its corresponding type declarations.
scratch/kravy-pos-website/src/app/dashboard/qr-orders/page.tsx(16,24): error TS2307: Cannot find module '@/components/ui/button' or its corresponding type declarations.
scratch/kravy-pos-website/src/app/dashboard/qr-orders/page.tsx(17,23): error TS2307: Cannot find module '@/components/ui/input' or its corresponding type declarations.
scratch/kravy-pos-website/src/app/dashboard/qr-orders/page.tsx(18,23): error TS2307: Cannot find module '@/lib/sounds' or its corresponding type declarations.
scratch/kravy-pos-website/src/app/dashboard/reports/analytics/order-type/BillTable.tsx(7,8): error TS2307: Cannot find module 'lucide-react' or its corresponding type declarations.
scratch/kravy-pos-website/src/app/dashboard/reports/analytics/order-type/CustomDateSelector.tsx(4,44): error TS2307: Cannot find module 'next/navigation' or its corresponding type declarations.
scratch/kravy-pos-website/src/app/dashboard/reports/analytics/order-type/CustomDateSelector.tsx(5,34): error TS2307: Cannot find module 'lucide-react' or its corresponding type declarations.
scratch/kravy-pos-website/src/app/dashboard/reports/analytics/order-type/OrderTypeCharts.tsx(17,8): error TS2307: Cannot find module 'recharts' or its corresponding type declarations.
scratch/kravy-pos-website/src/app/dashboard/reports/analytics/order-type/page.tsx(2,20): error TS2307: Cannot find module '@/lib/prisma' or its corresponding type declarations.
scratch/kravy-pos-website/src/app/dashboard/reports/analytics/order-type/page.tsx(3,37): error TS2307: Cannot find module '@/lib/auth-utils' or its corresponding type declarations.
scratch/kravy-pos-website/src/app/dashboard/reports/analytics/order-type/page.tsx(4,18): error TS2307: Cannot find module 'next/link' or its corresponding type declarations.
scratch/kravy-pos-website/src/app/dashboard/reports/analytics/order-type/page.tsx(10,8): error TS2307: Cannot find module 'lucide-react' or its corresponding type declarations.
scratch/kravy-pos-website/src/app/dashboard/reports/analytics/page.tsx(1,26): error TS2307: Cannot find module 'next/navigation' or its corresponding type declarations.
scratch/kravy-pos-website/src/app/dashboard/reports/analytics/page.tsx(2,24): error TS2307: Cannot find module '@/lib/prisma' or its corresponding type declarations.
scratch/kravy-pos-website/src/app/dashboard/reports/analytics/page.tsx(3,37): error TS2307: Cannot find module '@/lib/auth-utils' or its corresponding type declarations.
scratch/kravy-pos-website/src/app/dashboard/reports/analytics/page.tsx(4,194): error TS2307: Cannot find module 'lucide-react' or its corresponding type declarations.
scratch/kravy-pos-website/src/app/dashboard/reports/analytics/page.tsx(5,18): error TS2307: Cannot find module 'next/link' or its corresponding type declarations.
scratch/kravy-pos-website/src/app/dashboard/reports/bills/page.tsx(1,26): error TS2307: Cannot find module 'next/navigation' or its corresponding type declarations.
scratch/kravy-pos-website/src/app/dashboard/reports/bills/page.tsx(2,24): error TS2307: Cannot find module '@/lib/prisma' or its corresponding type declarations.
scratch/kravy-pos-website/src/app/dashboard/reports/bills/page.tsx(3,37): error TS2307: Cannot find module '@/lib/auth-utils' or its corresponding type declarations.
scratch/kravy-pos-website/src/app/dashboard/reports/bills/page.tsx(4,166): error TS2307: Cannot find module 'lucide-react' or its corresponding type declarations.
scratch/kravy-pos-website/src/app/dashboard/reports/bills/page.tsx(5,18): error TS2307: Cannot find module 'next/link' or its corresponding type declarations.
scratch/kravy-pos-website/src/app/dashboard/reports/customers/page.tsx(1,26): error TS2307: Cannot find module 'next/navigation' or its corresponding type declarations.
scratch/kravy-pos-website/src/app/dashboard/reports/customers/page.tsx(2,24): error TS2307: Cannot find module '@/lib/prisma' or its corresponding type declarations.
scratch/kravy-pos-website/src/app/dashboard/reports/customers/page.tsx(3,37): error TS2307: Cannot find module '@/lib/auth-utils' or its corresponding type declarations.
scratch/kravy-pos-website/src/app/dashboard/reports/customers/page.tsx(4,162): error TS2307: Cannot find module 'lucide-react' or its corresponding type declarations.
scratch/kravy-pos-website/src/app/dashboard/reports/customers/page.tsx(5,18): error TS2307: Cannot find module 'next/link' or its corresponding type declarations.
scratch/kravy-pos-website/src/app/dashboard/reports/customers/page.tsx(53,47): error TS2339: Property 'name' does not exist on type 'unknown'.
scratch/kravy-pos-website/src/app/dashboard/reports/customers/page.tsx(61,33): error TS2339: Property 'loyaltyPoints' does not exist on type 'unknown'.
scratch/kravy-pos-website/src/app/dashboard/reports/customers/page.tsx(68,38): error TS2339: Property 'loyaltyPoints' does not exist on type 'unknown'.
scratch/kravy-pos-website/src/app/dashboard/reports/gst/dashboard/page.tsx(20,8): error TS2307: Cannot find module 'lucide-react' or its corresponding type declarations.
scratch/kravy-pos-website/src/app/dashboard/reports/gst/dashboard/page.tsx(35,8): error TS2307: Cannot find module 'recharts' or its corresponding type declarations.
scratch/kravy-pos-website/src/app/dashboard/reports/gst/dashboard/page.tsx(36,41): error TS2307: Cannot find module 'framer-motion' or its corresponding type declarations.
scratch/kravy-pos-website/src/app/dashboard/reports/gst/dashboard/page.tsx(37,61): error TS2307: Cannot find module 'date-fns' or its corresponding type declarations.
scratch/kravy-pos-website/src/app/dashboard/reports/gst/dashboard/page.tsx(38,18): error TS2307: Cannot find module 'next/link' or its corresponding type declarations.
scratch/kravy-pos-website/src/app/dashboard/reports/gst/page.tsx(22,8): error TS2307: Cannot find module 'lucide-react' or its corresponding type declarations.
scratch/kravy-pos-website/src/app/dashboard/reports/gst/page.tsx(23,41): error TS2307: Cannot find module 'framer-motion' or its corresponding type declarations.
scratch/kravy-pos-website/src/app/dashboard/reports/gst/page.tsx(24,61): error TS2307: Cannot find module 'date-fns' or its corresponding type declarations.
scratch/kravy-pos-website/src/app/dashboard/reports/gst/page.tsx(25,23): error TS2307: Cannot find module 'sonner' or its corresponding type declarations.
scratch/kravy-pos-website/src/app/dashboard/reports/gst/page.tsx(26,18): error TS2307: Cannot find module 'next/link' or its corresponding type declarations.
scratch/kravy-pos-website/src/app/dashboard/reports/items/page.tsx(1,26): error TS2307: Cannot find module 'next/navigation' or its corresponding type declarations.
scratch/kravy-pos-website/src/app/dashboard/reports/items/page.tsx(2,24): error TS2307: Cannot find module '@/lib/prisma' or its corresponding type declarations.
scratch/kravy-pos-website/src/app/dashboard/reports/items/page.tsx(3,37): error TS2307: Cannot find module '@/lib/auth-utils' or its corresponding type declarations.
scratch/kravy-pos-website/src/app/dashboard/reports/items/page.tsx(5,73): error TS2307: Cannot find module 'lucide-react' or its corresponding type declarations.
scratch/kravy-pos-website/src/app/dashboard/reports/items/page.tsx(6,18): error TS2307: Cannot find module 'next/link' or its corresponding type declarations.
scratch/kravy-pos-website/src/app/dashboard/reports/payments/cash/page.tsx(1,26): error TS2307: Cannot find module 'next/navigation' or its corresponding type declarations.
scratch/kravy-pos-website/src/app/dashboard/reports/payments/cash/page.tsx(2,24): error TS2307: Cannot find module '@/lib/prisma' or its corresponding type declarations.
scratch/kravy-pos-website/src/app/dashboard/reports/payments/cash/page.tsx(3,37): error TS2307: Cannot find module '@/lib/auth-utils' or its corresponding type declarations.
scratch/kravy-pos-website/src/app/dashboard/reports/payments/cash/page.tsx(4,146): error TS2307: Cannot find module 'lucide-react' or its corresponding type declarations.
scratch/kravy-pos-website/src/app/dashboard/reports/payments/cash/page.tsx(5,18): error TS2307: Cannot find module 'next/link' or its corresponding type declarations.
scratch/kravy-pos-website/src/app/dashboard/reports/payments/page.tsx(1,26): error TS2307: Cannot find module 'next/navigation' or its corresponding type declarations.
scratch/kravy-pos-website/src/app/dashboard/reports/payments/page.tsx(2,24): error TS2307: Cannot find module '@/lib/prisma' or its corresponding type declarations.
scratch/kravy-pos-website/src/app/dashboard/reports/payments/page.tsx(3,37): error TS2307: Cannot find module '@/lib/auth-utils' or its corresponding type declarations.
scratch/kravy-pos-website/src/app/dashboard/reports/payments/page.tsx(5,81): error TS2307: Cannot find module 'lucide-react' or its corresponding type declarations.
scratch/kravy-pos-website/src/app/dashboard/reports/payments/page.tsx(6,18): error TS2307: Cannot find module 'next/link' or its corresponding type declarations.
scratch/kravy-pos-website/src/app/dashboard/reports/payments/upi/page.tsx(1,26): error TS2307: Cannot find module 'next/navigation' or its corresponding type declarations.
scratch/kravy-pos-website/src/app/dashboard/reports/payments/upi/page.tsx(2,24): error TS2307: Cannot find module '@/lib/prisma' or its corresponding type declarations.
scratch/kravy-pos-website/src/app/dashboard/reports/payments/upi/page.tsx(3,37): error TS2307: Cannot find module '@/lib/auth-utils' or its corresponding type declarations.
scratch/kravy-pos-website/src/app/dashboard/reports/payments/upi/page.tsx(4,151): error TS2307: Cannot find module 'lucide-react' or its corresponding type declarations.
scratch/kravy-pos-website/src/app/dashboard/reports/payments/upi/page.tsx(5,18): error TS2307: Cannot find module 'next/link' or its corresponding type declarations.
scratch/kravy-pos-website/src/app/dashboard/reports/performance/page.tsx(1,26): error TS2307: Cannot find module 'next/navigation' or its corresponding type declarations.
scratch/kravy-pos-website/src/app/dashboard/reports/performance/page.tsx(2,24): error TS2307: Cannot find module '@/lib/prisma' or its corresponding type declarations.
scratch/kravy-pos-website/src/app/dashboard/reports/performance/page.tsx(3,37): error TS2307: Cannot find module '@/lib/auth-utils' or its corresponding type declarations.
scratch/kravy-pos-website/src/app/dashboard/reports/performance/page.tsx(4,169): error TS2307: Cannot find module 'lucide-react' or its corresponding type declarations.
scratch/kravy-pos-website/src/app/dashboard/reports/performance/page.tsx(5,18): error TS2307: Cannot find module 'next/link' or its corresponding type declarations.
scratch/kravy-pos-website/src/app/dashboard/reports/sales/daily/BillActionsReport.tsx(4,27): error TS2307: Cannot find module 'next/navigation' or its corresponding type declarations.
scratch/kravy-pos-website/src/app/dashboard/reports/sales/daily/BillActionsReport.tsx(5,118): error TS2307: Cannot find module 'lucide-react' or its corresponding type declarations.
scratch/kravy-pos-website/src/app/dashboard/reports/sales/daily/BillActionsReport.tsx(6,23): error TS2307: Cannot find module 'react-hot-toast' or its corresponding type declarations.
scratch/kravy-pos-website/src/app/dashboard/reports/sales/daily/BillActionsReport.tsx(7,38): error TS2307: Cannot find module '@/lib/whatsapp' or its corresponding type declarations.
scratch/kravy-pos-website/src/app/dashboard/reports/sales/daily/page.tsx(1,26): error TS2307: Cannot find module 'next/navigation' or its corresponding type declarations.
scratch/kravy-pos-website/src/app/dashboard/reports/sales/daily/page.tsx(2,24): error TS2307: Cannot find module '@/lib/prisma' or its corresponding type declarations.
scratch/kravy-pos-website/src/app/dashboard/reports/sales/daily/page.tsx(3,37): error TS2307: Cannot find module '@/lib/auth-utils' or its corresponding type declarations.
scratch/kravy-pos-website/src/app/dashboard/reports/sales/daily/page.tsx(9,8): error TS2307: Cannot find module 'lucide-react' or its corresponding type declarations.
scratch/kravy-pos-website/src/app/dashboard/reports/sales/daily/page.tsx(10,18): error TS2307: Cannot find module 'next/link' or its corresponding type declarations.
scratch/kravy-pos-website/src/app/dashboard/reports/sales/monthly/page.tsx(1,26): error TS2307: Cannot find module 'next/navigation' or its corresponding type declarations.
scratch/kravy-pos-website/src/app/dashboard/reports/sales/monthly/page.tsx(2,24): error TS2307: Cannot find module '@/lib/prisma' or its corresponding type declarations.
scratch/kravy-pos-website/src/app/dashboard/reports/sales/monthly/page.tsx(3,37): error TS2307: Cannot find module '@/lib/auth-utils' or its corresponding type declarations.
scratch/kravy-pos-website/src/app/dashboard/reports/sales/monthly/page.tsx(9,8): error TS2307: Cannot find module 'lucide-react' or its corresponding type declarations.
scratch/kravy-pos-website/src/app/dashboard/reports/sales/monthly/page.tsx(10,18): error TS2307: Cannot find module 'next/link' or its corresponding type declarations.
scratch/kravy-pos-website/src/app/dashboard/reports/sales/revenue/page.tsx(1,26): error TS2307: Cannot find module 'next/navigation' or its corresponding type declarations.
scratch/kravy-pos-website/src/app/dashboard/reports/sales/revenue/page.tsx(2,24): error TS2307: Cannot find module '@/lib/prisma' or its corresponding type declarations.
scratch/kravy-pos-website/src/app/dashboard/reports/sales/revenue/page.tsx(3,37): error TS2307: Cannot find module '@/lib/auth-utils' or its corresponding type declarations.
scratch/kravy-pos-website/src/app/dashboard/reports/sales/revenue/page.tsx(4,211): error TS2307: Cannot find module 'lucide-react' or its corresponding type declarations.
scratch/kravy-pos-website/src/app/dashboard/reports/sales/revenue/page.tsx(5,18): error TS2307: Cannot find module 'next/link' or its corresponding type declarations.
scratch/kravy-pos-website/src/app/dashboard/reports/sales/weekly/page.tsx(1,26): error TS2307: Cannot find module 'next/navigation' or its corresponding type declarations.
scratch/kravy-pos-website/src/app/dashboard/reports/sales/weekly/page.tsx(2,24): error TS2307: Cannot find module '@/lib/prisma' or its corresponding type declarations.
scratch/kravy-pos-website/src/app/dashboard/reports/sales/weekly/page.tsx(3,37): error TS2307: Cannot find module '@/lib/auth-utils' or its corresponding type declarations.
scratch/kravy-pos-website/src/app/dashboard/reports/sales/weekly/page.tsx(9,8): error TS2307: Cannot find module 'lucide-react' or its corresponding type declarations.
scratch/kravy-pos-website/src/app/dashboard/reports/sales/weekly/page.tsx(10,18): error TS2307: Cannot find module 'next/link' or its corresponding type declarations.
scratch/kravy-pos-website/src/app/dashboard/reports/tokens/page.tsx(11,8): error TS2307: Cannot find module 'lucide-react' or its corresponding type declarations.
scratch/kravy-pos-website/src/app/dashboard/reports/tokens/page.tsx(12,18): error TS2307: Cannot find module 'next/link' or its corresponding type declarations.
scratch/kravy-pos-website/src/app/dashboard/rewards/page.tsx(17,8): error TS2307: Cannot find module 'lucide-react' or its corresponding type declarations.
scratch/kravy-pos-website/src/app/dashboard/rewards/page.tsx(18,24): error TS2307: Cannot find module '@/components/ui/button' or its corresponding type declarations.
scratch/kravy-pos-website/src/app/dashboard/rewards/page.tsx(19,23): error TS2307: Cannot find module '@/components/ui/input' or its corresponding type declarations.
scratch/kravy-pos-website/src/app/dashboard/rewards/page.tsx(20,23): error TS2307: Cannot find module '@/components/ui/label' or its corresponding type declarations.
scratch/kravy-pos-website/src/app/dashboard/rewards/page.tsx(21,22): error TS2307: Cannot find module '@/components/ui/card' or its corresponding type declarations.
scratch/kravy-pos-website/src/app/dashboard/rewards/page.tsx(28,8): error TS2307: Cannot find module '@/components/ui/sheet' or its corresponding type declarations.
scratch/kravy-pos-website/src/app/dashboard/rewards/page.tsx(29,23): error TS2307: Cannot find module 'sonner' or its corresponding type declarations.
scratch/kravy-pos-website/src/app/dashboard/rewards/page.tsx(30,41): error TS2307: Cannot find module 'framer-motion' or its corresponding type declarations.
scratch/kravy-pos-website/src/app/dashboard/rewards/page.tsx(31,23): error TS2307: Cannot find module '@/lib/sounds' or its corresponding type declarations.
scratch/kravy-pos-website/src/app/dashboard/security/page.tsx(4,129): error TS2307: Cannot find module 'lucide-react' or its corresponding type declarations.
scratch/kravy-pos-website/src/app/dashboard/settings/account/page.tsx(3,29): error TS2307: Cannot find module '@/components/AccountSettings' or its corresponding type declarations.
scratch/kravy-pos-website/src/app/dashboard/settings/advanced/page.tsx(4,27): error TS2307: Cannot find module 'next/navigation' or its corresponding type declarations.
scratch/kravy-pos-website/src/app/dashboard/settings/advanced/page.tsx(5,24): error TS2307: Cannot find module 'framer-motion' or its corresponding type declarations.
scratch/kravy-pos-website/src/app/dashboard/settings/advanced/page.tsx(18,8): error TS2307: Cannot find module 'lucide-react' or its corresponding type declarations.
scratch/kravy-pos-website/src/app/dashboard/settings/advanced/page.tsx(19,23): error TS2307: Cannot find module 'react-hot-toast' or its corresponding type declarations.
scratch/kravy-pos-website/src/app/dashboard/settings/customer/page.tsx(4,24): error TS2307: Cannot find module 'framer-motion' or its corresponding type declarations.
scratch/kravy-pos-website/src/app/dashboard/settings/customer/page.tsx(8,8): error TS2307: Cannot find module 'lucide-react' or its corresponding type declarations.
scratch/kravy-pos-website/src/app/dashboard/settings/customer/page.tsx(9,18): error TS2307: Cannot find module 'next/link' or its corresponding type declarations.
scratch/kravy-pos-website/src/app/dashboard/settings/customer/page.tsx(10,23): error TS2307: Cannot find module 'react-hot-toast' or its corresponding type declarations.
scratch/kravy-pos-website/src/app/dashboard/settings/customer/page.tsx(11,23): error TS2307: Cannot find module '@/lib/sounds' or its corresponding type declarations.
scratch/kravy-pos-website/src/app/dashboard/settings/loyalty/page.tsx(4,27): error TS2307: Cannot find module 'next/navigation' or its corresponding type declarations.
scratch/kravy-pos-website/src/app/dashboard/settings/loyalty/page.tsx(5,24): error TS2307: Cannot find module 'framer-motion' or its corresponding type declarations.
scratch/kravy-pos-website/src/app/dashboard/settings/loyalty/page.tsx(15,8): error TS2307: Cannot find module 'lucide-react' or its corresponding type declarations.
scratch/kravy-pos-website/src/app/dashboard/settings/loyalty/page.tsx(16,23): error TS2307: Cannot find module 'sonner' or its corresponding type declarations.
scratch/kravy-pos-website/src/app/dashboard/settings/page.tsx(4,18): error TS2307: Cannot find module 'next/link' or its corresponding type declarations.
scratch/kravy-pos-website/src/app/dashboard/settings/page.tsx(5,24): error TS2307: Cannot find module 'framer-motion' or its corresponding type declarations.
scratch/kravy-pos-website/src/app/dashboard/settings/page.tsx(9,8): error TS2307: Cannot find module 'lucide-react' or its corresponding type declarations.
scratch/kravy-pos-website/src/app/dashboard/settings/page.tsx(10,26): error TS2307: Cannot find module '@/components/ThemeProvider' or its corresponding type declarations.
scratch/kravy-pos-website/src/app/dashboard/settings/pos/page.tsx(4,24): error TS2307: Cannot find module 'framer-motion' or its corresponding type declarations.
scratch/kravy-pos-website/src/app/dashboard/settings/pos/page.tsx(9,8): error TS2307: Cannot find module 'lucide-react' or its corresponding type declarations.
scratch/kravy-pos-website/src/app/dashboard/settings/pos/page.tsx(10,18): error TS2307: Cannot find module 'next/link' or its corresponding type declarations.
scratch/kravy-pos-website/src/app/dashboard/settings/pos/page.tsx(11,23): error TS2307: Cannot find module 'react-hot-toast' or its corresponding type declarations.
scratch/kravy-pos-website/src/app/dashboard/settings/pos/page.tsx(12,23): error TS2307: Cannot find module '@/lib/sounds' or its corresponding type declarations.
scratch/kravy-pos-website/src/app/dashboard/settings/printing/page.tsx(4,41): error TS2307: Cannot find module 'framer-motion' or its corresponding type declarations.
scratch/kravy-pos-website/src/app/dashboard/settings/printing/page.tsx(11,8): error TS2307: Cannot find module 'lucide-react' or its corresponding type declarations.
scratch/kravy-pos-website/src/app/dashboard/settings/printing/page.tsx(12,18): error TS2307: Cannot find module 'next/link' or its corresponding type declarations.
scratch/kravy-pos-website/src/app/dashboard/settings/printing/page.tsx(13,23): error TS2307: Cannot find module 'react-hot-toast' or its corresponding type declarations.
scratch/kravy-pos-website/src/app/dashboard/settings/printing/page.tsx(14,23): error TS2307: Cannot find module '@/lib/sounds' or its corresponding type declarations.
scratch/kravy-pos-website/src/app/dashboard/settings/printing/page.tsx(15,28): error TS2307: Cannot find module '@/components/printing/PrintTemplates' or its corresponding type declarations.
scratch/kravy-pos-website/src/app/dashboard/settings/profile/edit/[[...rest]]/page.tsx(3,29): error TS2307: Cannot find module '@clerk/nextjs' or its corresponding type declarations.
scratch/kravy-pos-website/src/app/dashboard/settings/profile/page.tsx(3,35): error TS2307: Cannot find module '@clerk/nextjs' or its corresponding type declarations.
scratch/kravy-pos-website/src/app/dashboard/settings/profile/page.tsx(4,32): error TS2307: Cannot find module '@/components/AuthContext' or its corresponding type declarations.
scratch/kravy-pos-website/src/app/dashboard/settings/profile/page.tsx(5,18): error TS2307: Cannot find module 'next/navigation' or its corresponding type declarations.
scratch/kravy-pos-website/src/app/dashboard/settings/profile/page.tsx(7,27): error TS2307: Cannot find module 'next/navigation' or its corresponding type declarations.
scratch/kravy-pos-website/src/app/dashboard/settings/profile/page.tsx(8,23): error TS2307: Cannot find module 'sonner' or its corresponding type declarations.
scratch/kravy-pos-website/src/app/dashboard/settings/profile/page.tsx(9,80): error TS2307: Cannot find module 'lucide-react' or its corresponding type declarations.
scratch/kravy-pos-website/src/app/dashboard/settings/profile/page.tsx(315,8): error TS2304: Cannot find name 'AnimatePresence'.
scratch/kravy-pos-website/src/app/dashboard/settings/profile/page.tsx(342,9): error TS2304: Cannot find name 'AnimatePresence'.
scratch/kravy-pos-website/src/app/dashboard/settings/tax/page.tsx(4,27): error TS2307: Cannot find module 'next/navigation' or its corresponding type declarations.
scratch/kravy-pos-website/src/app/dashboard/settings/tax/page.tsx(5,41): error TS2307: Cannot find module 'framer-motion' or its corresponding type declarations.
scratch/kravy-pos-website/src/app/dashboard/settings/tax/page.tsx(11,8): error TS2307: Cannot find module 'lucide-react' or its corresponding type declarations.
scratch/kravy-pos-website/src/app/dashboard/settings/tax/page.tsx(12,19): error TS2307: Cannot find module 'react-hot-toast' or its corresponding type declarations.
scratch/kravy-pos-website/src/app/dashboard/settings/tax/page.tsx(13,23): error TS2307: Cannot find module '@/lib/sounds' or its corresponding type declarations.
scratch/kravy-pos-website/src/app/dashboard/staff/page.tsx(44,8): error TS2307: Cannot find module 'lucide-react' or its corresponding type declarations.
scratch/kravy-pos-website/src/app/dashboard/staff/page.tsx(45,23): error TS2307: Cannot find module 'react-hot-toast' or its corresponding type declarations.
scratch/kravy-pos-website/src/app/dashboard/staff/page.tsx(46,41): error TS2307: Cannot find module 'framer-motion' or its corresponding type declarations.
scratch/kravy-pos-website/src/app/dashboard/staff/page.tsx(47,27): error TS2307: Cannot find module 'next/navigation' or its corresponding type declarations.
scratch/kravy-pos-website/src/app/dashboard/staff/page.tsx(48,32): error TS2307: Cannot find module '@/components/AuthContext' or its corresponding type declarations.
scratch/kravy-pos-website/src/app/dashboard/store-item-upload/StoreItemPage.tsx(4,25): error TS2307: Cannot find module '@clerk/nextjs' or its corresponding type declarations.
scratch/kravy-pos-website/src/app/dashboard/store-item-upload/StoreItemPage.tsx(5,27): error TS2307: Cannot find module 'next/navigation' or its corresponding type declarations.
scratch/kravy-pos-website/src/app/dashboard/store-item-upload/StoreItemPage.tsx(6,19): error TS2307: Cannot find module 'react-hot-toast' or its corresponding type declarations.
scratch/kravy-pos-website/src/app/dashboard/store-item-upload/StoreItemPage.tsx(7,91): error TS2307: Cannot find module 'lucide-react' or its corresponding type declarations.
scratch/kravy-pos-website/src/app/dashboard/store-item-upload/StoreItemPage.tsx(8,23): error TS2307: Cannot find module '@/lib/sounds' or its corresponding type declarations.
scratch/kravy-pos-website/src/app/dashboard/store-item-upload/StoreItemPage.tsx(9,41): error TS2307: Cannot find module 'framer-motion' or its corresponding type declarations.
scratch/kravy-pos-website/src/app/dashboard/store-item-upload/StoreItemPage.tsx(210,36): error TS2307: Cannot find module 'papaparse' or its corresponding type declarations.
scratch/kravy-pos-website/src/app/dashboard/store-item-upload/StoreItemPage.tsx(264,35): error TS2307: Cannot find module 'xlsx' or its corresponding type declarations.
scratch/kravy-pos-website/src/app/dashboard/store-item-upload/StoreItemPage.tsx(268,25): error TS2347: Untyped function calls may not accept type arguments.
scratch/kravy-pos-website/src/app/dashboard/store-item-upload/StoreItemPage.tsx(374,9): error TS2353: Object literal may only specify known properties, and 'isVeg' does not exist in type 'StoreItem'.
scratch/kravy-pos-website/src/app/dashboard/tables/page.tsx(4,32): error TS2307: Cannot find module '@/components/AuthContext' or its corresponding type declarations.
scratch/kravy-pos-website/src/app/dashboard/tables/page.tsx(5,23): error TS2307: Cannot find module 'sonner' or its corresponding type declarations.
scratch/kravy-pos-website/src/app/dashboard/tables/page.tsx(10,8): error TS2307: Cannot find module 'lucide-react' or its corresponding type declarations.
scratch/kravy-pos-website/src/app/dashboard/tables/page.tsx(11,24): error TS2307: Cannot find module '@/components/ui/button' or its corresponding type declarations.
scratch/kravy-pos-website/src/app/dashboard/tables/page.tsx(12,23): error TS2307: Cannot find module '@/lib/sounds' or its corresponding type declarations.
scratch/kravy-pos-website/src/app/dashboard/tables/page.tsx(13,28): error TS2307: Cannot find module '@/components/printing/QRMenuTemplate' or its corresponding type declarations.
scratch/kravy-pos-website/src/app/dashboard/terminal/components/order-alert-loop.tsx(4,23): error TS2307: Cannot find module '@/lib/sounds' or its corresponding type declarations.
scratch/kravy-pos-website/src/app/dashboard/terminal/components/order-alert-loop.tsx(26,9): error TS2322: Type 'number' is not assignable to type 'Timeout'.
scratch/kravy-pos-website/src/app/dashboard/terminal/page.tsx(3,23): error TS2307: Cannot find module 'sonner' or its corresponding type declarations.
scratch/kravy-pos-website/src/app/dashboard/terminal/page.tsx(4,50): error TS2307: Cannot find module '@/components/TerminalContext' or its corresponding type declarations.
scratch/kravy-pos-website/src/app/dashboard/terminal/page.tsx(5,44): error TS2307: Cannot find module 'next/navigation' or its corresponding type declarations.
scratch/kravy-pos-website/src/app/dashboard/terminal/page.tsx(7,23): error TS2307: Cannot find module '@/lib/sounds' or its corresponding type declarations.
scratch/kravy-pos-website/src/app/dashboard/terminal/page.tsx(18,8): error TS2307: Cannot find module 'lucide-react' or its corresponding type declarations.
scratch/kravy-pos-website/src/app/dashboard/terminal/page.tsx(19,54): error TS2307: Cannot find module 'framer-motion' or its corresponding type declarations.
scratch/kravy-pos-website/src/app/dashboard/terminal/page.tsx(26,8): error TS2307: Cannot find module '@dnd-kit/core' or its corresponding type declarations.
scratch/kravy-pos-website/src/app/dashboard/terminal/page.tsx(27,28): error TS2307: Cannot find module '@/components/printing/PrintTemplates' or its corresponding type declarations.
scratch/kravy-pos-website/src/app/dashboard/terminal/page.tsx(28,25): error TS2307: Cannot find module '@/components/printing/BillPreview' or its corresponding type declarations.
scratch/kravy-pos-website/src/app/dashboard/terminal/page.tsx(30,32): error TS2307: Cannot find module '@/components/AuthContext' or its corresponding type declarations.
scratch/kravy-pos-website/src/app/dashboard/terminal/page.tsx(402,75): error TS2367: This comparison appears to be unintentional because the types '"BILL" | "COMBINED_BILL" | "KOT_BILL"' and '"MANUAL_COMBINE"' have no overlap.
scratch/kravy-pos-website/src/app/dashboard/terminal/page.tsx(1935,32): error TS2304: Cannot find name 'resetForm'.
scratch/kravy-pos-website/src/app/dashboard/UploadItemPage.tsx(6,24): error TS2307: Cannot find module 'framer-motion' or its corresponding type declarations.
scratch/kravy-pos-website/src/app/dashboard/UploadItemPage.tsx(7,48): error TS2307: Cannot find module 'lucide-react' or its corresponding type declarations.
scratch/kravy-pos-website/src/app/dashboard/workflow/components/order-alert-loop.tsx(4,23): error TS2307: Cannot find module '@/lib/sounds' or its corresponding type declarations.
scratch/kravy-pos-website/src/app/dashboard/workflow/components/order-alert-loop.tsx(26,9): error TS2322: Type 'number' is not assignable to type 'Timeout'.
scratch/kravy-pos-website/src/app/dashboard/workflow/page.tsx(3,23): error TS2307: Cannot find module 'sonner' or its corresponding type declarations.
scratch/kravy-pos-website/src/app/dashboard/workflow/page.tsx(4,23): error TS2307: Cannot find module '@/lib/sounds' or its corresponding type declarations.
scratch/kravy-pos-website/src/app/dashboard/workflow/page.tsx(14,8): error TS2307: Cannot find module 'lucide-react' or its corresponding type declarations.
scratch/kravy-pos-website/src/app/dashboard/workflow/page.tsx(15,54): error TS2307: Cannot find module 'framer-motion' or its corresponding type declarations.
scratch/kravy-pos-website/src/app/dashboard/workflow/page.tsx(24,8): error TS2307: Cannot find module '@dnd-kit/core' or its corresponding type declarations.
scratch/kravy-pos-website/src/app/dashboard/workflow/page.tsx(25,21): error TS2307: Cannot find module '@dnd-kit/utilities' or its corresponding type declarations.
scratch/kravy-pos-website/src/app/dashboard/workflow/page.tsx(27,32): error TS2307: Cannot find module '@/components/AuthContext' or its corresponding type declarations.
scratch/kravy-pos-website/src/app/dashboard/workflow/page.tsx(342,75): error TS2367: This comparison appears to be unintentional because the types '"BILL" | "COMBINED_BILL"' and '"MANUAL_COMBINE"' have no overlap.
scratch/kravy-pos-website/src/app/dashboard/workflow/page.tsx(1095,76): error TS2339: Property 'isBillPrinted' does not exist on type 'Order'.
scratch/kravy-pos-website/src/app/dashboard/workflow/page.tsx(1368,82): error TS2339: Property 'isBillPrinted' does not exist on type 'Order'.
scratch/kravy-pos-website/src/app/dashboard/workflow/page.tsx(1457,126): error TS2345: Argument of type 'string' is not assignable to parameter of type '"PENDING" | "COMPLETED" | "PREPARING" | "ACCEPTED" | "READY"'.
scratch/kravy-pos-website/src/app/dashboard/workflow/page.tsx(1598,76): error TS2339: Property 'isBillPrinted' does not exist on type 'Order'.
scratch/kravy-pos-website/src/app/dashboard/workflow/page.tsx(1673,124): error TS2345: Argument of type 'string' is not assignable to parameter of type '"PENDING" | "COMPLETED" | "PREPARING" | "ACCEPTED" | "READY"'.
scratch/kravy-pos-website/src/app/demo/page.tsx(4,41): error TS2307: Cannot find module 'framer-motion' or its corresponding type declarations.
scratch/kravy-pos-website/src/app/demo/page.tsx(26,8): error TS2307: Cannot find module 'lucide-react' or its corresponding type declarations.
scratch/kravy-pos-website/src/app/layout.tsx(4,23): error TS2307: Cannot find module '@/components/Providers' or its corresponding type declarations.
scratch/kravy-pos-website/src/app/layout.tsx(5,28): error TS2307: Cannot find module '@/components/TopProgressBar' or its corresponding type declarations.
scratch/kravy-pos-website/src/app/layout.tsx(6,23): error TS2307: Cannot find module 'next/font/google' or its corresponding type declarations.
scratch/kravy-pos-website/src/app/layout.tsx(7,25): error TS2307: Cannot find module 'sonner' or its corresponding type declarations.
scratch/kravy-pos-website/src/app/menu/[clerkId]/page.tsx(5,19): error TS2307: Cannot find module 'next/image' or its corresponding type declarations.
scratch/kravy-pos-website/src/app/menu/[clerkId]/page.tsx(6,44): error TS2307: Cannot find module 'next/navigation' or its corresponding type declarations.
scratch/kravy-pos-website/src/app/menu/[clerkId]/page.tsx(7,23): error TS2307: Cannot find module 'sonner' or its corresponding type declarations.
scratch/kravy-pos-website/src/app/menu/[clerkId]/page.tsx(8,41): error TS2307: Cannot find module 'framer-motion' or its corresponding type declarations.
scratch/kravy-pos-website/src/app/menu/[clerkId]/page.tsx(9,23): error TS2307: Cannot find module '@/lib/sounds' or its corresponding type declarations.
scratch/kravy-pos-website/src/app/menu/[clerkId]/page.tsx(43,8): error TS2307: Cannot find module 'lucide-react' or its corresponding type declarations.
scratch/kravy-pos-website/src/app/menu/[clerkId]/page.tsx(44,34): error TS2307: Cannot find module '@/lib/orderStorage' or its corresponding type declarations.
scratch/kravy-pos-website/src/app/menu/[clerkId]/page.tsx(45,31): error TS2307: Cannot find module '@/components/ActiveOrderBanner' or its corresponding type declarations.
scratch/kravy-pos-website/src/app/menu/[clerkId]/page.tsx(3057,20): error TS2322: Type '{ children: string; jsx: true; global: true; }' is not assignable to type 'DetailedHTMLProps<StyleHTMLAttributes<HTMLStyleElement>, HTMLStyleElement>'.
  Property 'jsx' does not exist on type 'DetailedHTMLProps<StyleHTMLAttributes<HTMLStyleElement>, HTMLStyleElement>'.
scratch/kravy-pos-website/src/app/order-tracking/[orderId]/page.tsx(4,27): error TS2307: Cannot find module 'next/navigation' or its corresponding type declarations.
scratch/kravy-pos-website/src/app/order-tracking/[orderId]/page.tsx(5,24): error TS2307: Cannot find module '@/components/ui/button' or its corresponding type declarations.
scratch/kravy-pos-website/src/app/order-tracking/[orderId]/page.tsx(6,41): error TS2307: Cannot find module 'framer-motion' or its corresponding type declarations.
scratch/kravy-pos-website/src/app/order-tracking/[orderId]/page.tsx(24,8): error TS2307: Cannot find module 'lucide-react' or its corresponding type declarations.
scratch/kravy-pos-website/src/app/order-tracking/[orderId]/page.tsx(25,23): error TS2307: Cannot find module 'sonner' or its corresponding type declarations.
scratch/kravy-pos-website/src/app/order-tracking/[orderId]/page.tsx(26,31): error TS2307: Cannot find module '@/components/MenuQRAddMoreFlow' or its corresponding type declarations.
scratch/kravy-pos-website/src/app/order-tracking/[orderId]/page.tsx(508,24): error TS2322: Type '{ children: string; jsx: true; global: true; }' is not assignable to type 'DetailedHTMLProps<StyleHTMLAttributes<HTMLStyleElement>, HTMLStyleElement>'.
  Property 'jsx' does not exist on type 'DetailedHTMLProps<StyleHTMLAttributes<HTMLStyleElement>, HTMLStyleElement>'.
scratch/kravy-pos-website/src/app/page.tsx(1,22): error TS2307: Cannot find module '@clerk/nextjs/server' or its corresponding type declarations.
scratch/kravy-pos-website/src/app/page.tsx(2,26): error TS2307: Cannot find module 'next/navigation' or its corresponding type declarations.
scratch/kravy-pos-website/src/app/page.tsx(7,8): error TS2307: Cannot find module '@clerk/nextjs' or its corresponding type declarations.
scratch/kravy-pos-website/src/app/page.tsx(8,19): error TS2307: Cannot find module 'next/image' or its corresponding type declarations.
scratch/kravy-pos-website/src/app/page.tsx(9,25): error TS2307: Cannot find module 'next/headers' or its corresponding type declarations.
scratch/kravy-pos-website/src/app/page.tsx(10,18): error TS2307: Cannot find module 'next/link' or its corresponding type declarations.
scratch/kravy-pos-website/src/app/payment/result/[id]/page.tsx(4,24): error TS2307: Cannot find module 'framer-motion' or its corresponding type declarations.
scratch/kravy-pos-website/src/app/payment/result/[id]/page.tsx(16,8): error TS2307: Cannot find module 'lucide-react' or its corresponding type declarations.
scratch/kravy-pos-website/src/app/payment/result/[id]/page.tsx(17,18): error TS2307: Cannot find module 'next/link' or its corresponding type declarations.
scratch/kravy-pos-website/src/app/payment/result/[id]/page.tsx(18,27): error TS2307: Cannot find module 'next/navigation' or its corresponding type declarations.
scratch/kravy-pos-website/src/app/payment/result/[id]/page.tsx(19,19): error TS2307: Cannot find module 'axios' or its corresponding type declarations.
scratch/kravy-pos-website/src/app/qr-menu/page.tsx(4,33): error TS2307: Cannot find module 'next/navigation' or its corresponding type declarations.
scratch/kravy-pos-website/src/app/qr-menu/page.tsx(5,35): error TS2307: Cannot find module '@/components/ui/card' or its corresponding type declarations.
scratch/kravy-pos-website/src/app/qr-menu/page.tsx(6,24): error TS2307: Cannot find module '@/components/ui/button' or its corresponding type declarations.
scratch/kravy-pos-website/src/app/qr-menu/page.tsx(7,23): error TS2307: Cannot find module '@/components/ui/badge' or its corresponding type declarations.
scratch/kravy-pos-website/src/app/qr-menu/page.tsx(8,27): error TS2307: Cannot find module '@/components/ui/separator' or its corresponding type declarations.
scratch/kravy-pos-website/src/app/qr-menu/page.tsx(24,8): error TS2307: Cannot find module 'lucide-react' or its corresponding type declarations.
scratch/kravy-pos-website/src/app/qr-menu/page.tsx(25,23): error TS2307: Cannot find module 'sonner' or its corresponding type declarations.
scratch/kravy-pos-website/src/app/qr-menu/page.tsx(26,41): error TS2307: Cannot find module 'framer-motion' or its corresponding type declarations.
scratch/kravy-pos-website/src/app/review/[orderId]/page.tsx(4,44): error TS2307: Cannot find module 'next/navigation' or its corresponding type declarations.
scratch/kravy-pos-website/src/app/review/[orderId]/page.tsx(5,58): error TS2307: Cannot find module '@/components/ui/card' or its corresponding type declarations.
scratch/kravy-pos-website/src/app/review/[orderId]/page.tsx(6,24): error TS2307: Cannot find module '@/components/ui/button' or its corresponding type declarations.
scratch/kravy-pos-website/src/app/review/[orderId]/page.tsx(7,26): error TS2307: Cannot find module '@/components/ui/textarea' or its corresponding type declarations.
scratch/kravy-pos-website/src/app/review/[orderId]/page.tsx(8,23): error TS2307: Cannot find module '@/components/ui/badge' or its corresponding type declarations.
scratch/kravy-pos-website/src/app/review/[orderId]/page.tsx(9,27): error TS2307: Cannot find module '@/components/ui/separator' or its corresponding type declarations.
scratch/kravy-pos-website/src/app/review/[orderId]/page.tsx(17,8): error TS2307: Cannot find module 'lucide-react' or its corresponding type declarations.
scratch/kravy-pos-website/src/app/review/[orderId]/page.tsx(18,23): error TS2307: Cannot find module 'sonner' or its corresponding type declarations.
scratch/kravy-pos-website/src/app/sign-in/[[...sign-in]]/page.tsx(3,24): error TS2307: Cannot find module '@clerk/nextjs' or its corresponding type declarations.
scratch/kravy-pos-website/src/app/sign-in/[[...sign-in]]/page.tsx(4,24): error TS2307: Cannot find module 'framer-motion' or its corresponding type declarations.
scratch/kravy-pos-website/src/app/sign-in/[[...sign-in]]/page.tsx(5,61): error TS2307: Cannot find module 'lucide-react' or its corresponding type declarations.
scratch/kravy-pos-website/src/app/sign-in/[[...sign-in]]/page.tsx(7,23): error TS2307: Cannot find module '@/lib/sounds' or its corresponding type declarations.
scratch/kravy-pos-website/src/app/sign-up/[[...sign-up]]/page.tsx(3,24): error TS2307: Cannot find module '@clerk/nextjs' or its corresponding type declarations.
scratch/kravy-pos-website/src/app/sign-up/[[...sign-up]]/page.tsx(4,24): error TS2307: Cannot find module 'framer-motion' or its corresponding type declarations.
scratch/kravy-pos-website/src/app/sign-up/[[...sign-up]]/page.tsx(5,59): error TS2307: Cannot find module 'lucide-react' or its corresponding type declarations.
scratch/kravy-pos-website/src/app/sign-up/[[...sign-up]]/page.tsx(7,23): error TS2307: Cannot find module '@/lib/sounds' or its corresponding type declarations.
scratch/kravy-pos-website/src/app/staff/login/page.tsx(13,8): error TS2307: Cannot find module 'lucide-react' or its corresponding type declarations.
scratch/kravy-pos-website/src/app/staff/login/page.tsx(14,27): error TS2307: Cannot find module 'next/navigation' or its corresponding type declarations.
scratch/kravy-pos-website/src/app/staff/login/page.tsx(15,23): error TS2307: Cannot find module 'react-hot-toast' or its corresponding type declarations.
scratch/kravy-pos-website/src/app/staff/login/page.tsx(16,24): error TS2307: Cannot find module 'framer-motion' or its corresponding type declarations.
scratch/kravy-pos-website/src/app/store-item-upload/page.tsx(2,26): error TS2307: Cannot find module 'next/navigation' or its corresponding type declarations.
scratch/kravy-pos-website/src/app/track/page.tsx(4,44): error TS2307: Cannot find module 'next/navigation' or its corresponding type declarations.
scratch/kravy-pos-website/src/app/track/page.tsx(15,8): error TS2307: Cannot find module 'lucide-react' or its corresponding type declarations.
scratch/kravy-pos-website/src/app/track/page.tsx(16,24): error TS2307: Cannot find module '@/components/ui/button' or its corresponding type declarations.
scratch/kravy-pos-website/src/app/track/page.tsx(17,23): error TS2307: Cannot find module '@/components/ui/input' or its corresponding type declarations.
scratch/kravy-pos-website/src/app/track/page.tsx(18,41): error TS2307: Cannot find module 'framer-motion' or its corresponding type declarations.
scratch/kravy-pos-website/src/app/upgrade/page.tsx(3,24): error TS2307: Cannot find module 'framer-motion' or its corresponding type declarations.
scratch/kravy-pos-website/src/app/upgrade/page.tsx(16,8): error TS2307: Cannot find module 'lucide-react' or its corresponding type declarations.
scratch/kravy-pos-website/src/app/upgrade/page.tsx(17,27): error TS2307: Cannot find module 'next/navigation' or its corresponding type declarations.
scratch/kravy-pos-website/src/app/upgrade/page.tsx(18,18): error TS2307: Cannot find module 'next/link' or its corresponding type declarations.
scratch/kravy-pos-website/src/components/AccountSettings.tsx(4,41): error TS2307: Cannot find module 'framer-motion' or its corresponding type declarations.
scratch/kravy-pos-website/src/components/AccountSettings.tsx(9,8): error TS2307: Cannot find module 'lucide-react' or its corresponding type declarations.
scratch/kravy-pos-website/src/components/AccountSettings.tsx(10,27): error TS2307: Cannot find module 'next/navigation' or its corresponding type declarations.
scratch/kravy-pos-website/src/components/AccountSettings.tsx(11,23): error TS2307: Cannot find module 'react-hot-toast' or its corresponding type declarations.
scratch/kravy-pos-website/src/components/ActiveOrderBanner.tsx(4,32): error TS2307: Cannot find module '@/lib/orderStorage' or its corresponding type declarations.
scratch/kravy-pos-website/src/components/ActiveOrderBanner.tsx(14,8): error TS2307: Cannot find module 'lucide-react' or its corresponding type declarations.
scratch/kravy-pos-website/src/components/ActiveOrderBanner.tsx(15,41): error TS2307: Cannot find module 'framer-motion' or its corresponding type declarations.
scratch/kravy-pos-website/src/components/ClientLayout.tsx(4,20): error TS2307: Cannot find module '@/components/Navbar' or its corresponding type declarations.
scratch/kravy-pos-website/src/components/ClientLayout.tsx(5,21): error TS2307: Cannot find module '@/components/Sidebar' or its corresponding type declarations.
scratch/kravy-pos-website/src/components/ClientLayout.tsx(6,28): error TS2307: Cannot find module '@/components/SidebarContext' or its corresponding type declarations.
scratch/kravy-pos-website/src/components/ClientLayout.tsx(7,43): error TS2307: Cannot find module '@clerk/nextjs' or its corresponding type declarations.
scratch/kravy-pos-website/src/components/ClientLayout.tsx(8,43): error TS2307: Cannot find module '@/components/OrderNotificationProvider' or its corresponding type declarations.
scratch/kravy-pos-website/src/components/ClientLayout.tsx(9,32): error TS2307: Cannot find module '@/components/AuthContext' or its corresponding type declarations.
scratch/kravy-pos-website/src/components/ClientLayout.tsx(10,31): error TS2307: Cannot find module 'lucide-react' or its corresponding type declarations.
scratch/kravy-pos-website/src/components/ClientLayout.tsx(11,40): error TS2307: Cannot find module 'next/navigation' or its corresponding type declarations.
scratch/kravy-pos-website/src/components/ClientLayout.tsx(12,23): error TS2307: Cannot find module '@/lib/sounds' or its corresponding type declarations.
scratch/kravy-pos-website/src/components/ClientLayout.tsx(13,26): error TS2307: Cannot find module '@/components/PremiumAlert' or its corresponding type declarations.
scratch/kravy-pos-website/src/components/ClientLayout.tsx(238,18): error TS2304: Cannot find name 'Menu'.
scratch/kravy-pos-website/src/components/CustomUserButton.tsx(4,87): error TS2307: Cannot find module 'lucide-react' or its corresponding type declarations.
scratch/kravy-pos-website/src/components/CustomUserButton.tsx(5,18): error TS2307: Cannot find module 'next/link' or its corresponding type declarations.
scratch/kravy-pos-website/src/components/CustomUserButton.tsx(6,41): error TS2307: Cannot find module 'framer-motion' or its corresponding type declarations.
scratch/kravy-pos-website/src/components/CustomUserButton.tsx(7,23): error TS2307: Cannot find module '@/lib/sounds' or its corresponding type declarations.
scratch/kravy-pos-website/src/components/MenuEditor/AddonGroupsModal.tsx(3,190): error TS2307: Cannot find module 'lucide-react' or its corresponding type declarations.
scratch/kravy-pos-website/src/components/MenuEditor/AddonGroupsModal.tsx(4,41): error TS2307: Cannot find module 'framer-motion' or its corresponding type declarations.
scratch/kravy-pos-website/src/components/MenuEditor/CategorySidebar.tsx(2,80): error TS2307: Cannot find module 'lucide-react' or its corresponding type declarations.
scratch/kravy-pos-website/src/components/MenuEditor/index.tsx(7,23): error TS2307: Cannot find module 'react-hot-toast' or its corresponding type declarations.
scratch/kravy-pos-website/src/components/MenuEditor/index.tsx(8,89): error TS2307: Cannot find module 'lucide-react' or its corresponding type declarations.
scratch/kravy-pos-website/src/components/MenuEditor/ItemModal.tsx(4,324): error TS2307: Cannot find module 'lucide-react' or its corresponding type declarations.
scratch/kravy-pos-website/src/components/MenuEditor/ItemModal.tsx(5,41): error TS2307: Cannot find module 'framer-motion' or its corresponding type declarations.
scratch/kravy-pos-website/src/components/MenuEditor/ItemModal.tsx(6,19): error TS2307: Cannot find module 'next/image' or its corresponding type declarations.
scratch/kravy-pos-website/src/components/MenuEditor/ItemsList.tsx(2,139): error TS2307: Cannot find module 'lucide-react' or its corresponding type declarations.
scratch/kravy-pos-website/src/components/MenuEditor/ItemsList.tsx(3,19): error TS2307: Cannot find module 'next/image' or its corresponding type declarations.
scratch/kravy-pos-website/src/components/MenuQRAddMoreFlow.example.tsx(9,31): error TS2307: Cannot find module '@/components/MenuQRAddMoreFlow' or its corresponding type declarations.
scratch/kravy-pos-website/src/components/MenuQRAddMoreFlow.tsx(4,23): error TS2307: Cannot find module 'sonner' or its corresponding type declarations.
scratch/kravy-pos-website/src/components/Navbar.tsx(8,8): error TS2307: Cannot find module '@clerk/nextjs' or its corresponding type declarations.
scratch/kravy-pos-website/src/components/Navbar.tsx(9,32): error TS2307: Cannot find module '@/components/AuthContext' or its corresponding type declarations.
scratch/kravy-pos-website/src/components/Navbar.tsx(10,30): error TS2307: Cannot find module '@/components/CustomUserButton' or its corresponding type declarations.
scratch/kravy-pos-website/src/components/Navbar.tsx(11,27): error TS2307: Cannot find module '@/components/SearchContext' or its corresponding type declarations.
scratch/kravy-pos-website/src/components/Navbar.tsx(12,26): error TS2307: Cannot find module '@/components/ThemeProvider' or its corresponding type declarations.
scratch/kravy-pos-website/src/components/Navbar.tsx(13,139): error TS2307: Cannot find module 'lucide-react' or its corresponding type declarations.
scratch/kravy-pos-website/src/components/Navbar.tsx(14,23): error TS2307: Cannot find module '@/lib/sounds' or its corresponding type declarations.
scratch/kravy-pos-website/src/components/Navbar.tsx(15,18): error TS2307: Cannot find module 'next/link' or its corresponding type declarations.
scratch/kravy-pos-website/src/components/Navbar.tsx(16,27): error TS2307: Cannot find module 'next/navigation' or its corresponding type declarations.
scratch/kravy-pos-website/src/components/Navbar.tsx(17,41): error TS2307: Cannot find module 'framer-motion' or its corresponding type declarations.
scratch/kravy-pos-website/src/components/OrderNotificationProvider.tsx(4,25): error TS2307: Cannot find module '@clerk/nextjs' or its corresponding type declarations.
scratch/kravy-pos-website/src/components/OrderNotificationProvider.tsx(5,19): error TS2307: Cannot find module 'react-hot-toast' or its corresponding type declarations.
scratch/kravy-pos-website/src/components/OrderNotificationProvider.tsx(6,41): error TS2307: Cannot find module 'framer-motion' or its corresponding type declarations.
scratch/kravy-pos-website/src/components/OrderNotificationProvider.tsx(7,52): error TS2307: Cannot find module 'lucide-react' or its corresponding type declarations.
scratch/kravy-pos-website/src/components/OrderNotificationProvider.tsx(8,23): error TS2307: Cannot find module '@/lib/sounds' or its corresponding type declarations.
scratch/kravy-pos-website/src/components/PremiumAlert.tsx(4,41): error TS2307: Cannot find module 'framer-motion' or its corresponding type declarations.
scratch/kravy-pos-website/src/components/PremiumAlert.tsx(19,8): error TS2307: Cannot find module 'lucide-react' or its corresponding type declarations.
scratch/kravy-pos-website/src/components/printing/BillPreview.tsx(3,56): error TS2307: Cannot find module 'lucide-react' or its corresponding type declarations.
scratch/kravy-pos-website/src/components/printing/BillPreview.tsx(4,36): error TS2307: Cannot find module '@/components/WhatsAppBillButton' or its corresponding type declarations.
scratch/kravy-pos-website/src/components/printing/QRMenuTemplate.tsx(3,41): error TS2307: Cannot find module 'framer-motion' or its corresponding type declarations.
scratch/kravy-pos-website/src/components/printing/QRMenuTemplate.tsx(4,83): error TS2307: Cannot find module 'lucide-react' or its corresponding type declarations.
scratch/kravy-pos-website/src/components/printing/QRMenuTemplate.tsx(5,26): error TS2307: Cannot find module 'modern-screenshot' or its corresponding type declarations.
scratch/kravy-pos-website/src/components/profile/UserActivityHeatmap.tsx(4,41): error TS2307: Cannot find module 'framer-motion' or its corresponding type declarations.
scratch/kravy-pos-website/src/components/profile/UserActivityHeatmap.tsx(5,66): error TS2307: Cannot find module 'lucide-react' or its corresponding type declarations.
scratch/kravy-pos-website/src/components/Providers.tsx(3,31): error TS2307: Cannot find module '@clerk/nextjs' or its corresponding type declarations.
scratch/kravy-pos-website/src/components/Providers.tsx(4,33): error TS2307: Cannot find module '@/components/SidebarContext' or its corresponding type declarations.
scratch/kravy-pos-website/src/components/Providers.tsx(5,32): error TS2307: Cannot find module '@/components/SearchContext' or its corresponding type declarations.
scratch/kravy-pos-website/src/components/Providers.tsx(6,27): error TS2307: Cannot find module '@/components/ThemeProvider' or its corresponding type declarations.
scratch/kravy-pos-website/src/components/Providers.tsx(7,25): error TS2307: Cannot find module 'react-hot-toast' or its corresponding type declarations.
scratch/kravy-pos-website/src/components/ResponsiveHeader.tsx(6,18): error TS2307: Cannot find module 'next/link' or its corresponding type declarations.
scratch/kravy-pos-website/src/components/ResponsiveHeader.tsx(8,29): error TS2307: Cannot find module 'next/navigation' or its corresponding type declarations.
scratch/kravy-pos-website/src/components/ResponsiveHeader.tsx(9,40): error TS2307: Cannot find module '@clerk/nextjs' or its corresponding type declarations.
scratch/kravy-pos-website/src/components/ResponsiveHeader.tsx(10,26): error TS2307: Cannot find module 'react-icons/fi' or its corresponding type declarations.
scratch/kravy-pos-website/src/components/ResponsiveHeader.tsx(11,45): error TS2307: Cannot find module 'react-icons/hi' or its corresponding type declarations.
scratch/kravy-pos-website/src/components/ResponsiveHeader.tsx(14,23): error TS2307: Cannot find module '@/lib/sounds' or its corresponding type declarations.
scratch/kravy-pos-website/src/components/Sidebar.tsx(4,18): error TS2307: Cannot find module 'next/link' or its corresponding type declarations.
scratch/kravy-pos-website/src/components/Sidebar.tsx(5,29): error TS2307: Cannot find module 'next/navigation' or its corresponding type declarations.
scratch/kravy-pos-website/src/components/Sidebar.tsx(8,40): error TS2307: Cannot find module '@clerk/nextjs' or its corresponding type declarations.
scratch/kravy-pos-website/src/components/Sidebar.tsx(120,8): error TS2307: Cannot find module 'lucide-react' or its corresponding type declarations.
scratch/kravy-pos-website/src/components/Sidebar.tsx(121,41): error TS2307: Cannot find module 'framer-motion' or its corresponding type declarations.
scratch/kravy-pos-website/src/components/Sidebar.tsx(122,23): error TS2307: Cannot find module '@/lib/sounds' or its corresponding type declarations.
scratch/kravy-pos-website/src/components/Sidebar.tsx(849,23): error TS2339: Property 'imageUrl' does not exist on type 'AuthUser'.
scratch/kravy-pos-website/src/components/Sidebar.tsx(851,30): error TS2339: Property 'imageUrl' does not exist on type 'AuthUser'.
scratch/kravy-pos-website/src/components/TopProgressBar.tsx(4,46): error TS2307: Cannot find module 'next/navigation' or its corresponding type declarations.
scratch/kravy-pos-website/src/components/TopProgressBar.tsx(5,41): error TS2307: Cannot find module 'framer-motion' or its corresponding type declarations.
scratch/kravy-pos-website/src/components/ui/avatar.tsx(4,34): error TS2307: Cannot find module '@radix-ui/react-avatar' or its corresponding type declarations.
scratch/kravy-pos-website/src/components/ui/avatar.tsx(6,20): error TS2307: Cannot find module '@/lib/utils' or its corresponding type declarations.
scratch/kravy-pos-website/src/components/ui/badge.tsx(3,40): error TS2307: Cannot find module 'class-variance-authority' or its corresponding type declarations.
scratch/kravy-pos-website/src/components/ui/badge.tsx(5,20): error TS2307: Cannot find module '@/lib/utils' or its corresponding type declarations.
scratch/kravy-pos-website/src/components/ui/breadcrumb.tsx(3,46): error TS2307: Cannot find module 'lucide-react' or its corresponding type declarations.
scratch/kravy-pos-website/src/components/ui/breadcrumb.tsx(5,20): error TS2307: Cannot find module '@/lib/utils' or its corresponding type declarations.
scratch/kravy-pos-website/src/components/ui/button.tsx(3,40): error TS2307: Cannot find module 'class-variance-authority' or its corresponding type declarations.
scratch/kravy-pos-website/src/components/ui/button.tsx(5,20): error TS2307: Cannot find module '@/lib/utils' or its corresponding type declarations.
scratch/kravy-pos-website/src/components/ui/card.tsx(3,20): error TS2307: Cannot find module '@/lib/utils' or its corresponding type declarations.
scratch/kravy-pos-website/src/components/ui/chart.tsx(4,36): error TS2307: Cannot find module 'recharts' or its corresponding type declarations.
scratch/kravy-pos-website/src/components/ui/chart.tsx(6,20): error TS2307: Cannot find module '@/lib/utils' or its corresponding type declarations.
scratch/kravy-pos-website/src/components/ui/checkbox.tsx(4,36): error TS2307: Cannot find module '@radix-ui/react-checkbox' or its corresponding type declarations.
scratch/kravy-pos-website/src/components/ui/checkbox.tsx(5,27): error TS2307: Cannot find module 'lucide-react' or its corresponding type declarations.
scratch/kravy-pos-website/src/components/ui/checkbox.tsx(7,20): error TS2307: Cannot find module '@/lib/utils' or its corresponding type declarations.
scratch/kravy-pos-website/src/components/ui/drawer.tsx(6,20): error TS2307: Cannot find module '@/lib/utils' or its corresponding type declarations.
scratch/kravy-pos-website/src/components/ui/dropdown-menu.tsx(4,40): error TS2307: Cannot find module '@radix-ui/react-dropdown-menu' or its corresponding type declarations.
scratch/kravy-pos-website/src/components/ui/dropdown-menu.tsx(5,57): error TS2307: Cannot find module 'lucide-react' or its corresponding type declarations.
scratch/kravy-pos-website/src/components/ui/dropdown-menu.tsx(7,20): error TS2307: Cannot find module '@/lib/utils' or its corresponding type declarations.
scratch/kravy-pos-website/src/components/ui/input.tsx(2,20): error TS2307: Cannot find module '@/lib/utils' or its corresponding type declarations.
scratch/kravy-pos-website/src/components/ui/label.tsx(4,33): error TS2307: Cannot find module '@radix-ui/react-label' or its corresponding type declarations.
scratch/kravy-pos-website/src/components/ui/label.tsx(6,20): error TS2307: Cannot find module '@/lib/utils' or its corresponding type declarations.
scratch/kravy-pos-website/src/components/ui/select.tsx(4,34): error TS2307: Cannot find module '@radix-ui/react-select' or its corresponding type declarations.
scratch/kravy-pos-website/src/components/ui/select.tsx(5,59): error TS2307: Cannot find module 'lucide-react' or its corresponding type declarations.
scratch/kravy-pos-website/src/components/ui/select.tsx(7,20): error TS2307: Cannot find module '@/lib/utils' or its corresponding type declarations.
scratch/kravy-pos-website/src/components/ui/separator.tsx(4,37): error TS2307: Cannot find module '@radix-ui/react-separator' or its corresponding type declarations.
scratch/kravy-pos-website/src/components/ui/separator.tsx(6,20): error TS2307: Cannot find module '@/lib/utils' or its corresponding type declarations.
scratch/kravy-pos-website/src/components/ui/sheet.tsx(4,33): error TS2307: Cannot find module '@radix-ui/react-dialog' or its corresponding type declarations.
scratch/kravy-pos-website/src/components/ui/sheet.tsx(5,23): error TS2307: Cannot find module 'lucide-react' or its corresponding type declarations.
scratch/kravy-pos-website/src/components/ui/sheet.tsx(7,20): error TS2307: Cannot find module '@/lib/utils' or its corresponding type declarations.
scratch/kravy-pos-website/src/components/ui/sidebar.tsx(5,40): error TS2307: Cannot find module 'class-variance-authority' or its corresponding type declarations.
scratch/kravy-pos-website/src/components/ui/sidebar.tsx(6,31): error TS2307: Cannot find module 'lucide-react' or its corresponding type declarations.
scratch/kravy-pos-website/src/components/ui/sidebar.tsx(8,29): error TS2307: Cannot find module '@/hooks/use-mobile' or its corresponding type declarations.
scratch/kravy-pos-website/src/components/ui/sidebar.tsx(9,20): error TS2307: Cannot find module '@/lib/utils' or its corresponding type declarations.
scratch/kravy-pos-website/src/components/ui/sidebar.tsx(10,24): error TS2307: Cannot find module '@/components/ui/button' or its corresponding type declarations.
scratch/kravy-pos-website/src/components/ui/sidebar.tsx(11,23): error TS2307: Cannot find module '@/components/ui/input' or its corresponding type declarations.
scratch/kravy-pos-website/src/components/ui/sidebar.tsx(12,27): error TS2307: Cannot find module '@/components/ui/separator' or its corresponding type declarations.
scratch/kravy-pos-website/src/components/ui/sidebar.tsx(19,8): error TS2307: Cannot find module '@/components/ui/sheet' or its corresponding type declarations.
scratch/kravy-pos-website/src/components/ui/sidebar.tsx(20,26): error TS2307: Cannot find module '@/components/ui/skeleton' or its corresponding type declarations.
scratch/kravy-pos-website/src/components/ui/sidebar.tsx(26,8): error TS2307: Cannot find module '@/components/ui/tooltip' or its corresponding type declarations.
scratch/kravy-pos-website/src/components/ui/skeleton.tsx(1,20): error TS2307: Cannot find module '@/lib/utils' or its corresponding type declarations.
scratch/kravy-pos-website/src/components/ui/sonner.tsx(9,8): error TS2307: Cannot find module 'lucide-react' or its corresponding type declarations.
scratch/kravy-pos-website/src/components/ui/sonner.tsx(10,26): error TS2307: Cannot find module 'next-themes' or its corresponding type declarations.
scratch/kravy-pos-website/src/components/ui/sonner.tsx(11,54): error TS2307: Cannot find module 'sonner' or its corresponding type declarations.
scratch/kravy-pos-website/src/components/ui/table.tsx(5,20): error TS2307: Cannot find module '@/lib/utils' or its corresponding type declarations.
scratch/kravy-pos-website/src/components/ui/tabs.tsx(4,32): error TS2307: Cannot find module '@radix-ui/react-tabs' or its corresponding type declarations.
scratch/kravy-pos-website/src/components/ui/tabs.tsx(6,20): error TS2307: Cannot find module '@/lib/utils' or its corresponding type declarations.
scratch/kravy-pos-website/src/components/ui/textarea.tsx(2,20): error TS2307: Cannot find module '@/lib/utils' or its corresponding type declarations.
scratch/kravy-pos-website/src/components/ui/toggle-group.tsx(4,39): error TS2307: Cannot find module '@radix-ui/react-toggle-group' or its corresponding type declarations.
scratch/kravy-pos-website/src/components/ui/toggle-group.tsx(5,35): error TS2307: Cannot find module 'class-variance-authority' or its corresponding type declarations.
scratch/kravy-pos-website/src/components/ui/toggle-group.tsx(7,20): error TS2307: Cannot find module '@/lib/utils' or its corresponding type declarations.
scratch/kravy-pos-website/src/components/ui/toggle-group.tsx(8,32): error TS2307: Cannot find module '@/components/ui/toggle' or its corresponding type declarations.
scratch/kravy-pos-website/src/components/ui/toggle.tsx(4,34): error TS2307: Cannot find module '@radix-ui/react-toggle' or its corresponding type declarations.
scratch/kravy-pos-website/src/components/ui/toggle.tsx(5,40): error TS2307: Cannot find module 'class-variance-authority' or its corresponding type declarations.
scratch/kravy-pos-website/src/components/ui/toggle.tsx(7,20): error TS2307: Cannot find module '@/lib/utils' or its corresponding type declarations.
scratch/kravy-pos-website/src/components/ui/tooltip.tsx(4,35): error TS2307: Cannot find module '@radix-ui/react-tooltip' or its corresponding type declarations.
scratch/kravy-pos-website/src/components/ui/tooltip.tsx(6,20): error TS2307: Cannot find module '@/lib/utils' or its corresponding type declarations.
scratch/kravy-pos-website/src/hooks/useRealTimeNotifications.ts(2,25): error TS2307: Cannot find module '@clerk/nextjs' or its corresponding type declarations.
scratch/kravy-pos-website/src/hooks/useRealTimeNotifications.ts(3,23): error TS2307: Cannot find module 'sonner' or its corresponding type declarations.
scratch/kravy-pos-website/src/lib/auth-utils.ts(1,22): error TS2307: Cannot find module '@clerk/nextjs/server' or its corresponding type declarations.
scratch/kravy-pos-website/src/lib/auth-utils.ts(3,17): error TS2307: Cannot find module 'jsonwebtoken' or its corresponding type declarations.
scratch/kravy-pos-website/src/lib/auth-utils.ts(4,25): error TS2307: Cannot find module 'next/headers' or its corresponding type declarations.
scratch/kravy-pos-website/src/lib/auth-utils.ts(27,48): error TS2307: Cannot find module '@clerk/nextjs/server' or its corresponding type declarations.
scratch/kravy-pos-website/src/lib/auth-utils.ts(57,47): error TS2307: Cannot find module 'next/headers' or its corresponding type declarations.
scratch/kravy-pos-website/src/lib/backup/mongodb-backup.ts(1,35): error TS2307: Cannot find module 'mongodb' or its corresponding type declarations.
scratch/kravy-pos-website/src/lib/backup/mongodb-backup.ts(2,26): error TS2307: Cannot find module '@aws-sdk/client-s3' or its corresponding type declarations.
scratch/kravy-pos-website/src/lib/backup/mongodb-backup.ts(3,24): error TS2307: Cannot find module '@aws-sdk/lib-storage' or its corresponding type declarations.
scratch/kravy-pos-website/src/lib/cloudinary.ts(3,34): error TS2307: Cannot find module 'cloudinary' or its corresponding type declarations.
scratch/kravy-pos-website/src/lib/cloudinaryUploadFromUrl.ts(1,24): error TS2307: Cannot find module '@/lib/cloudinary' or its corresponding type declarations.
scratch/kravy-pos-website/src/lib/generateInvoice.ts(1,49): error TS2307: Cannot find module 'pdf-lib' or its corresponding type declarations.
scratch/kravy-pos-website/src/lib/gmail-service.ts(1,24): error TS2307: Cannot find module 'googleapis' or its corresponding type declarations.
scratch/kravy-pos-website/src/lib/gmail-service.ts(2,24): error TS2307: Cannot find module '@/lib/prisma' or its corresponding type declarations.
scratch/kravy-pos-website/src/lib/pdf/invoice-pdf.ts(1,49): error TS2307: Cannot find module 'pdf-lib' or its corresponding type declarations.
scratch/kravy-pos-website/src/lib/phonepe.ts(1,19): error TS2307: Cannot find module 'axios' or its corresponding type declarations.
scratch/kravy-pos-website/src/lib/prisma.ts(2,30): error TS2307: Cannot find module '@prisma/client' or its corresponding type declarations.
scratch/kravy-pos-website/src/lib/utils.ts(2,25): error TS2307: Cannot find module 'tailwind-merge' or its corresponding type declarations.
scratch/kravy-pos-website/src/lib/validators/businessProfile.ts(1,19): error TS2307: Cannot find module 'zod' or its corresponding type declarations.
scratch/kravy-pos-website/src/lib/whatsapp-bill.ts(4,20): error TS2307: Cannot find module 'twilio' or its corresponding type declarations.
scratch/kravy-pos-website/src/middleware.ts(23,53): error TS2307: Cannot find module '@clerk/nextjs/server' or its corresponding type declarations.
scratch/kravy-pos-website/src/middleware.ts(24,30): error TS2307: Cannot find module 'next/server' or its corresponding type declarations.
scratch/kravy-pos-website/src/scripts/generate-seller-report.ts(1,30): error TS2307: Cannot find module '@prisma/client' or its corresponding type declarations.
scratch/kravy-pos-website/src/utils/prismaClient.ts(2,30): error TS2307: Cannot find module '@prisma/client' or its corresponding type declarations.
scratch/kravy-pos-website/tests/example.spec.ts(1,30): error TS2307: Cannot find module '@playwright/test' or its corresponding type declarations.
scratch/kravy-pos-website/tests/gst-validation.spec.ts(1,30): error TS2307: Cannot find module '@playwright/test' or its corresponding type declarations.
scratch/kravy-pos-website/tests/pos.spec.ts(1,30): error TS2307: Cannot find module '@playwright/test' or its corresponding type declarations.
scratch/temp-github-repo/fix-roles.ts(1,30): error TS2307: Cannot find module '@prisma/client' or its corresponding type declarations.
scratch/temp-github-repo/playwright.config.ts(1,39): error TS2307: Cannot find module '@playwright/test' or its corresponding type declarations.
scratch/temp-github-repo/scratch/check_db_items.ts(1,30): error TS2307: Cannot find module '@prisma/client' or its corresponding type declarations.
scratch/temp-github-repo/scripts/fix-dates-prisma.ts(1,30): error TS2307: Cannot find module '@prisma/client' or its corresponding type declarations.
scratch/temp-github-repo/scripts/fix-db.ts(173,30): error TS2307: Cannot find module '@prisma/client' or its corresponding type declarations.
scratch/temp-github-repo/scripts/fix-premium-defaults.ts(1,30): error TS2307: Cannot find module '@prisma/client' or its corresponding type declarations.
scratch/temp-github-repo/scripts/import-samples.ts(4,20): error TS2307: Cannot find module '@/lib/prisma' or its corresponding type declarations.
scratch/temp-github-repo/scripts/list-backups.ts(1,48): error TS2307: Cannot find module '@aws-sdk/client-s3' or its corresponding type declarations.
scratch/temp-github-repo/scripts/restore-db.ts(1,44): error TS2307: Cannot find module '@aws-sdk/client-s3' or its corresponding type declarations.
scratch/temp-github-repo/scripts/restore-db.ts(2,35): error TS2307: Cannot find module 'mongodb' or its corresponding type declarations.
scratch/temp-github-repo/scripts/seed.ts(2,20): error TS2307: Cannot find module '@/utils/prismaClient' or its corresponding type declarations.
scratch/temp-github-repo/scripts/sync-clerk-users.ts(2,35): error TS2307: Cannot find module '@clerk/backend' or its corresponding type declarations.
scratch/temp-github-repo/scripts/sync-clerk-users.ts(3,30): error TS2307: Cannot find module '@prisma/client' or its corresponding type declarations.
scratch/temp-github-repo/scripts/test-live-gmail.ts(1,30): error TS2307: Cannot find module '@prisma/client' or its corresponding type declarations.
scratch/temp-github-repo/scripts/test-pnl-db.ts(1,30): error TS2307: Cannot find module '@prisma/client' or its corresponding type declarations.
scratch/temp-github-repo/scripts/verify-dates.ts(1,30): error TS2307: Cannot find module '@prisma/client' or its corresponding type declarations.
scratch/temp-github-repo/src/app/admin/activity/page.tsx(4,23): error TS2307: Cannot find module 'sonner' or its corresponding type declarations.
scratch/temp-github-repo/src/app/admin/activity/page.tsx(5,41): error TS2307: Cannot find module 'framer-motion' or its corresponding type declarations.
scratch/temp-github-repo/src/app/admin/activity/page.tsx(17,8): error TS2307: Cannot find module 'lucide-react' or its corresponding type declarations.
scratch/temp-github-repo/src/app/admin/activity/page.tsx(225,14): error TS2322: Type '{ children: string; jsx: true; global: true; }' is not assignable to type 'DetailedHTMLProps<StyleHTMLAttributes<HTMLStyleElement>, HTMLStyleElement>'.
  Property 'jsx' does not exist on type 'DetailedHTMLProps<StyleHTMLAttributes<HTMLStyleElement>, HTMLStyleElement>'.
scratch/temp-github-repo/src/app/admin/dashboard/page.tsx(4,23): error TS2307: Cannot find module 'react-hot-toast' or its corresponding type declarations.
scratch/temp-github-repo/src/app/admin/dashboard/page.tsx(5,18): error TS2307: Cannot find module 'next/link' or its corresponding type declarations.
scratch/temp-github-repo/src/app/admin/dashboard/page.tsx(6,41): error TS2307: Cannot find module 'framer-motion' or its corresponding type declarations.
scratch/temp-github-repo/src/app/admin/dashboard/page.tsx(16,8): error TS2307: Cannot find module 'lucide-react' or its corresponding type declarations.
scratch/temp-github-repo/src/app/admin/dashboard/page.tsx(20,8): error TS2307: Cannot find module 'recharts' or its corresponding type declarations.
scratch/temp-github-repo/src/app/admin/dashboard/page.tsx(96,32): error TS2339: Property 'slug' does not exist on type '{ upi: boolean; qrMenu: boolean; tax: boolean; kot: boolean; ai: boolean; excel: boolean; }'.
scratch/temp-github-repo/src/app/admin/dashboard/page.tsx(172,21): error TS2322: Type '(page?: number, search?: string, status?: string) => Promise<void>' is not assignable to type 'MouseEventHandler<HTMLButtonElement>'.
  Types of parameters 'page' and 'event' are incompatible.
    Type 'MouseEvent<HTMLButtonElement, MouseEvent>' is not assignable to type 'number'.
scratch/temp-github-repo/src/app/admin/docs/architecture/page.tsx(4,18): error TS2307: Cannot find module 'next/link' or its corresponding type declarations.
scratch/temp-github-repo/src/app/admin/docs/architecture/page.tsx(19,8): error TS2307: Cannot find module 'lucide-react' or its corresponding type declarations.
scratch/temp-github-repo/src/app/admin/docs/architecture/page.tsx(20,24): error TS2307: Cannot find module 'framer-motion' or its corresponding type declarations.
scratch/temp-github-repo/src/app/admin/merchants/[id]/page.tsx(23,8): error TS2307: Cannot find module 'lucide-react' or its corresponding type declarations.
scratch/temp-github-repo/src/app/admin/merchants/[id]/page.tsx(24,18): error TS2307: Cannot find module 'next/link' or its corresponding type declarations.
scratch/temp-github-repo/src/app/admin/merchants/[id]/page.tsx(25,41): error TS2307: Cannot find module 'framer-motion' or its corresponding type declarations.
scratch/temp-github-repo/src/app/admin/merchants/[id]/page.tsx(26,23): error TS2307: Cannot find module 'sonner' or its corresponding type declarations.
scratch/temp-github-repo/src/app/admin/merchants/[id]/page.tsx(37,8): error TS2307: Cannot find module 'recharts' or its corresponding type declarations.
scratch/temp-github-repo/src/app/admin/merchants/page.tsx(4,18): error TS2307: Cannot find module 'next/link' or its corresponding type declarations.
scratch/temp-github-repo/src/app/admin/merchants/page.tsx(23,8): error TS2307: Cannot find module 'lucide-react' or its corresponding type declarations.
scratch/temp-github-repo/src/app/admin/merchants/page.tsx(24,24): error TS2307: Cannot find module 'framer-motion' or its corresponding type declarations.
scratch/temp-github-repo/src/app/admin/merchants/page.tsx(25,23): error TS2307: Cannot find module 'sonner' or its corresponding type declarations.
scratch/temp-github-repo/src/app/admin/onboarding-custom/page.tsx(4,23): error TS2307: Cannot find module 'react-hot-toast' or its corresponding type declarations.
scratch/temp-github-repo/src/app/admin/onboarding-custom/page.tsx(5,24): error TS2307: Cannot find module 'framer-motion' or its corresponding type declarations.
scratch/temp-github-repo/src/app/admin/onboarding-custom/page.tsx(11,8): error TS2307: Cannot find module 'lucide-react' or its corresponding type declarations.
scratch/temp-github-repo/src/app/admin/onboarding-custom/page.tsx(12,18): error TS2307: Cannot find module 'next/link' or its corresponding type declarations.
scratch/temp-github-repo/src/app/admin/onboarding/page.tsx(4,23): error TS2307: Cannot find module 'react-hot-toast' or its corresponding type declarations.
scratch/temp-github-repo/src/app/admin/onboarding/page.tsx(5,24): error TS2307: Cannot find module 'framer-motion' or its corresponding type declarations.
scratch/temp-github-repo/src/app/admin/onboarding/page.tsx(10,8): error TS2307: Cannot find module 'lucide-react' or its corresponding type declarations.
scratch/temp-github-repo/src/app/admin/onboarding/page.tsx(11,18): error TS2307: Cannot find module 'next/link' or its corresponding type declarations.
scratch/temp-github-repo/src/app/admin/users/[id]/page.tsx(4,38): error TS2307: Cannot find module 'next/navigation' or its corresponding type declarations.
scratch/temp-github-repo/src/app/admin/users/[id]/page.tsx(36,8): error TS2307: Cannot find module 'lucide-react' or its corresponding type declarations.
scratch/temp-github-repo/src/app/admin/users/[id]/page.tsx(37,19): error TS2307: Cannot find module 'react-hot-toast' or its corresponding type declarations.
scratch/temp-github-repo/src/app/admin/users/[id]/page.tsx(38,41): error TS2307: Cannot find module 'framer-motion' or its corresponding type declarations.
scratch/temp-github-repo/src/app/admin/users/[id]/page.tsx(39,37): error TS2307: Cannot find module 'lucide-react' or its corresponding type declarations.
scratch/temp-github-repo/src/app/admin/users/[id]/page.tsx(377,29): error TS2339: Property 'isDisabled' does not exist on type 'UserData'.
scratch/temp-github-repo/src/app/admin/users/[id]/page.tsx(1171,28): error TS2339: Property 'isDisabled' does not exist on type 'UserData'.
scratch/temp-github-repo/src/app/admin/users/[id]/page.tsx(1176,28): error TS2339: Property 'isDisabled' does not exist on type 'UserData'.
scratch/temp-github-repo/src/app/admin/users/[id]/page.tsx(1192,14): error TS2322: Type '{ children: string; jsx: true; global: true; }' is not assignable to type 'DetailedHTMLProps<StyleHTMLAttributes<HTMLStyleElement>, HTMLStyleElement>'.
  Property 'jsx' does not exist on type 'DetailedHTMLProps<StyleHTMLAttributes<HTMLStyleElement>, HTMLStyleElement>'.
scratch/temp-github-repo/src/app/admin/users/create/page.tsx(4,27): error TS2307: Cannot find module 'next/navigation' or its corresponding type declarations.
scratch/temp-github-repo/src/app/admin/users/docs/page.tsx(2,18): error TS2307: Cannot find module 'next/link' or its corresponding type declarations.
scratch/temp-github-repo/src/app/admin/users/docs/page.tsx(3,94): error TS2307: Cannot find module 'lucide-react' or its corresponding type declarations.
scratch/temp-github-repo/src/app/admin/users/page.tsx(4,19): error TS2307: Cannot find module 'react-hot-toast' or its corresponding type declarations.
scratch/temp-github-repo/src/app/admin/users/page.tsx(5,18): error TS2307: Cannot find module 'next/link' or its corresponding type declarations.
scratch/temp-github-repo/src/app/admin/users/page.tsx(6,41): error TS2307: Cannot find module 'framer-motion' or its corresponding type declarations.
scratch/temp-github-repo/src/app/admin/users/page.tsx(11,8): error TS2307: Cannot find module 'lucide-react' or its corresponding type declarations.
scratch/temp-github-repo/src/app/admin/users/page.tsx(34,27): error TS2307: Cannot find module 'next/navigation' or its corresponding type declarations.
scratch/temp-github-repo/src/app/admin/users/page.tsx(697,7): error TS2741: Property 'STAFF' is missing in type '{ ADMIN: string; SELLER: string; USER: string; }' but required in type 'Record<Role, string>'.
scratch/temp-github-repo/src/app/admin/users/roles/page.tsx(4,19): error TS2307: Cannot find module 'react-hot-toast' or its corresponding type declarations.
scratch/temp-github-repo/src/app/admin/users/roles/page.tsx(5,18): error TS2307: Cannot find module 'next/link' or its corresponding type declarations.
scratch/temp-github-repo/src/app/admin/users/roles/page.tsx(6,69): error TS2307: Cannot find module 'lucide-react' or its corresponding type declarations.
scratch/temp-github-repo/src/app/api/activity/list/route.ts(1,30): error TS2307: Cannot find module 'next/server' or its corresponding type declarations.
scratch/temp-github-repo/src/app/api/activity/list/route.ts(2,20): error TS2307: Cannot find module '@/lib/prisma' or its corresponding type declarations.
scratch/temp-github-repo/src/app/api/activity/list/route.ts(3,37): error TS2307: Cannot find module '@/lib/auth-utils' or its corresponding type declarations.
scratch/temp-github-repo/src/app/api/activity/log/route.ts(1,30): error TS2307: Cannot find module 'next/server' or its corresponding type declarations.
scratch/temp-github-repo/src/app/api/activity/log/route.ts(2,22): error TS2307: Cannot find module '@clerk/nextjs/server' or its corresponding type declarations.
scratch/temp-github-repo/src/app/api/activity/log/route.ts(3,20): error TS2307: Cannot find module '@/lib/prisma' or its corresponding type declarations.
scratch/temp-github-repo/src/app/api/activity/log/route.ts(4,37): error TS2307: Cannot find module '@/lib/auth-utils' or its corresponding type declarations.
scratch/temp-github-repo/src/app/api/admin/activity/route.ts(1,30): error TS2307: Cannot find module 'next/server' or its corresponding type declarations.
scratch/temp-github-repo/src/app/api/admin/activity/route.ts(2,22): error TS2307: Cannot find module '@clerk/nextjs/server' or its corresponding type declarations.
scratch/temp-github-repo/src/app/api/admin/activity/route.ts(3,20): error TS2307: Cannot find module '@/lib/prisma' or its corresponding type declarations.
scratch/temp-github-repo/src/app/api/admin/backups/collections/route.ts(2,43): error TS2307: Cannot find module 'next/server' or its corresponding type declarations.
scratch/temp-github-repo/src/app/api/admin/backups/collections/route.ts(3,29): error TS2307: Cannot find module 'mongodb' or its corresponding type declarations.
scratch/temp-github-repo/src/app/api/admin/backups/collections/route.ts(4,37): error TS2307: Cannot find module '@/lib/auth-utils' or its corresponding type declarations.
scratch/temp-github-repo/src/app/api/admin/backups/collections/route.ts(5,20): error TS2307: Cannot find module '@/lib/prisma' or its corresponding type declarations.
scratch/temp-github-repo/src/app/api/admin/backups/create/route.ts(1,30): error TS2307: Cannot find module 'next/server' or its corresponding type declarations.
scratch/temp-github-repo/src/app/api/admin/backups/create/route.ts(2,37): error TS2307: Cannot find module '@/lib/auth-utils' or its corresponding type declarations.
scratch/temp-github-repo/src/app/api/admin/backups/create/route.ts(3,20): error TS2307: Cannot find module '@/lib/prisma' or its corresponding type declarations.
scratch/temp-github-repo/src/app/api/admin/backups/create/route.ts(4,32): error TS2307: Cannot find module '@/lib/backup/mongodb-backup' or its corresponding type declarations.
scratch/temp-github-repo/src/app/api/admin/backups/delete/route.ts(1,30): error TS2307: Cannot find module 'next/server' or its corresponding type declarations.
scratch/temp-github-repo/src/app/api/admin/backups/delete/route.ts(2,37): error TS2307: Cannot find module '@/lib/auth-utils' or its corresponding type declarations.
scratch/temp-github-repo/src/app/api/admin/backups/delete/route.ts(3,20): error TS2307: Cannot find module '@/lib/prisma' or its corresponding type declarations.
scratch/temp-github-repo/src/app/api/admin/backups/delete/route.ts(4,47): error TS2307: Cannot find module '@aws-sdk/client-s3' or its corresponding type declarations.
scratch/temp-github-repo/src/app/api/admin/backups/download/route.ts(1,44): error TS2307: Cannot find module '@aws-sdk/client-s3' or its corresponding type declarations.
scratch/temp-github-repo/src/app/api/admin/backups/download/route.ts(2,30): error TS2307: Cannot find module '@aws-sdk/s3-request-presigner' or its corresponding type declarations.
scratch/temp-github-repo/src/app/api/admin/backups/download/route.ts(3,30): error TS2307: Cannot find module 'next/server' or its corresponding type declarations.
scratch/temp-github-repo/src/app/api/admin/backups/download/route.ts(4,37): error TS2307: Cannot find module '@/lib/auth-utils' or its corresponding type declarations.
scratch/temp-github-repo/src/app/api/admin/backups/download/route.ts(5,20): error TS2307: Cannot find module '@/lib/prisma' or its corresponding type declarations.
scratch/temp-github-repo/src/app/api/admin/backups/export/route.ts(2,43): error TS2307: Cannot find module 'next/server' or its corresponding type declarations.
scratch/temp-github-repo/src/app/api/admin/backups/export/route.ts(3,29): error TS2307: Cannot find module 'mongodb' or its corresponding type declarations.
scratch/temp-github-repo/src/app/api/admin/backups/export/route.ts(4,23): error TS2307: Cannot find module 'xlsx' or its corresponding type declarations.
scratch/temp-github-repo/src/app/api/admin/backups/export/route.ts(5,37): error TS2307: Cannot find module '@/lib/auth-utils' or its corresponding type declarations.
scratch/temp-github-repo/src/app/api/admin/backups/export/route.ts(6,20): error TS2307: Cannot find module '@/lib/prisma' or its corresponding type declarations.
scratch/temp-github-repo/src/app/api/admin/backups/export/route.ts(38,59): error TS2307: Cannot find module '@aws-sdk/client-s3' or its corresponding type declarations.
scratch/temp-github-repo/src/app/api/admin/backups/export/route.ts(40,37): error TS2307: Cannot find module 'mongodb' or its corresponding type declarations.
scratch/temp-github-repo/src/app/api/admin/backups/inspect/route.ts(2,43): error TS2307: Cannot find module 'next/server' or its corresponding type declarations.
scratch/temp-github-repo/src/app/api/admin/backups/inspect/route.ts(3,44): error TS2307: Cannot find module '@aws-sdk/client-s3' or its corresponding type declarations.
scratch/temp-github-repo/src/app/api/admin/backups/inspect/route.ts(4,37): error TS2307: Cannot find module '@/lib/auth-utils' or its corresponding type declarations.
scratch/temp-github-repo/src/app/api/admin/backups/inspect/route.ts(5,20): error TS2307: Cannot find module '@/lib/prisma' or its corresponding type declarations.
scratch/temp-github-repo/src/app/api/admin/backups/inspect/route.ts(7,22): error TS2307: Cannot find module 'mongodb' or its corresponding type declarations.
scratch/temp-github-repo/src/app/api/admin/backups/route.ts(2,30): error TS2307: Cannot find module 'next/server' or its corresponding type declarations.
scratch/temp-github-repo/src/app/api/admin/backups/route.ts(3,37): error TS2307: Cannot find module '@/lib/auth-utils' or its corresponding type declarations.
scratch/temp-github-repo/src/app/api/admin/backups/route.ts(4,20): error TS2307: Cannot find module '@/lib/prisma' or its corresponding type declarations.
scratch/temp-github-repo/src/app/api/admin/combos/[id]/route.ts(1,43): error TS2307: Cannot find module 'next/server' or its corresponding type declarations.
scratch/temp-github-repo/src/app/api/admin/combos/[id]/route.ts(2,24): error TS2307: Cannot find module '@/lib/prisma' or its corresponding type declarations.
scratch/temp-github-repo/src/app/api/admin/combos/[id]/route.ts(3,22): error TS2307: Cannot find module '@clerk/nextjs/server' or its corresponding type declarations.
scratch/temp-github-repo/src/app/api/admin/combos/[id]/route.ts(4,37): error TS2307: Cannot find module '@/lib/auth-utils' or its corresponding type declarations.
scratch/temp-github-repo/src/app/api/admin/combos/route.ts(1,43): error TS2307: Cannot find module 'next/server' or its corresponding type declarations.
scratch/temp-github-repo/src/app/api/admin/combos/route.ts(2,20): error TS2307: Cannot find module '@/lib/prisma' or its corresponding type declarations.
scratch/temp-github-repo/src/app/api/admin/combos/route.ts(3,22): error TS2307: Cannot find module '@clerk/nextjs/server' or its corresponding type declarations.
scratch/temp-github-repo/src/app/api/admin/combos/route.ts(4,37): error TS2307: Cannot find module '@/lib/auth-utils' or its corresponding type declarations.
scratch/temp-github-repo/src/app/api/admin/dashboard-stats/config/route.ts(1,30): error TS2307: Cannot find module 'next/server' or its corresponding type declarations.
scratch/temp-github-repo/src/app/api/admin/dashboard-stats/config/route.ts(2,20): error TS2307: Cannot find module '@/lib/prisma' or its corresponding type declarations.
scratch/temp-github-repo/src/app/api/admin/dashboard-stats/config/route.ts(3,29): error TS2307: Cannot find module '@/lib/auth-utils' or its corresponding type declarations.
scratch/temp-github-repo/src/app/api/admin/dashboard-stats/route.ts(1,30): error TS2307: Cannot find module 'next/server' or its corresponding type declarations.
scratch/temp-github-repo/src/app/api/admin/dashboard-stats/route.ts(2,20): error TS2307: Cannot find module '@/lib/prisma' or its corresponding type declarations.
scratch/temp-github-repo/src/app/api/admin/dashboard-stats/route.ts(3,29): error TS2307: Cannot find module '@/lib/auth-utils' or its corresponding type declarations.
scratch/temp-github-repo/src/app/api/admin/dashboard-stats/route.ts(145,33): error TS2339: Property '_count' does not exist on type 'unknown'.
scratch/temp-github-repo/src/app/api/admin/dashboard-stats/route.ts(146,36): error TS2339: Property '_sum' does not exist on type 'unknown'.
scratch/temp-github-repo/src/app/api/admin/dashboard-stats/route.ts(147,36): error TS2339: Property '_max' does not exist on type 'unknown'.
scratch/temp-github-repo/src/app/api/admin/gallery/route.ts(1,43): error TS2307: Cannot find module 'next/server' or its corresponding type declarations.
scratch/temp-github-repo/src/app/api/admin/gallery/route.ts(2,20): error TS2307: Cannot find module '@/lib/prisma' or its corresponding type declarations.
scratch/temp-github-repo/src/app/api/admin/gallery/route.ts(3,37): error TS2307: Cannot find module '@/lib/auth-utils' or its corresponding type declarations.
scratch/temp-github-repo/src/app/api/admin/generate-invoice/route.ts(1,43): error TS2307: Cannot find module 'next/server' or its corresponding type declarations.
scratch/temp-github-repo/src/app/api/admin/generate-invoice/route.ts(2,42): error TS2307: Cannot find module '@/lib/pdf/invoice-pdf' or its corresponding type declarations.
scratch/temp-github-repo/src/app/api/admin/generate-invoice/route.ts(3,37): error TS2307: Cannot find module '@/lib/auth-utils' or its corresponding type declarations.
scratch/temp-github-repo/src/app/api/admin/generate-invoice/route.ts(4,20): error TS2307: Cannot find module '@/lib/prisma' or its corresponding type declarations.
scratch/temp-github-repo/src/app/api/admin/offers/[id]/route.ts(1,43): error TS2307: Cannot find module 'next/server' or its corresponding type declarations.
scratch/temp-github-repo/src/app/api/admin/offers/[id]/route.ts(2,24): error TS2307: Cannot find module '@/lib/prisma' or its corresponding type declarations.
scratch/temp-github-repo/src/app/api/admin/offers/[id]/route.ts(3,22): error TS2307: Cannot find module '@clerk/nextjs/server' or its corresponding type declarations.
scratch/temp-github-repo/src/app/api/admin/offers/[id]/route.ts(4,37): error TS2307: Cannot find module '@/lib/auth-utils' or its corresponding type declarations.
scratch/temp-github-repo/src/app/api/admin/offers/route.ts(1,43): error TS2307: Cannot find module 'next/server' or its corresponding type declarations.
scratch/temp-github-repo/src/app/api/admin/offers/route.ts(2,24): error TS2307: Cannot find module '@/lib/prisma' or its corresponding type declarations.
scratch/temp-github-repo/src/app/api/admin/offers/route.ts(3,22): error TS2307: Cannot find module '@clerk/nextjs/server' or its corresponding type declarations.
scratch/temp-github-repo/src/app/api/admin/offers/route.ts(4,37): error TS2307: Cannot find module '@/lib/auth-utils' or its corresponding type declarations.
scratch/temp-github-repo/src/app/api/admin/onboard-custom/route.ts(1,30): error TS2307: Cannot find module 'next/server' or its corresponding type declarations.
scratch/temp-github-repo/src/app/api/admin/onboard-custom/route.ts(2,20): error TS2307: Cannot find module '@/lib/prisma' or its corresponding type declarations.
scratch/temp-github-repo/src/app/api/admin/onboard-custom/route.ts(3,20): error TS2307: Cannot find module 'bcryptjs' or its corresponding type declarations.
scratch/temp-github-repo/src/app/api/admin/onboard-custom/route.ts(4,29): error TS2307: Cannot find module '@/lib/auth-utils' or its corresponding type declarations.
scratch/temp-github-repo/src/app/api/admin/onboard-custom/route.ts(5,23): error TS2307: Cannot find module 'xlsx' or its corresponding type declarations.
scratch/temp-github-repo/src/app/api/admin/onboard-custom/route.ts(15,28): error TS2339: Property 'get' does not exist on type 'FormData'.
scratch/temp-github-repo/src/app/api/admin/onboard-custom/route.ts(16,28): error TS2339: Property 'get' does not exist on type 'FormData'.
scratch/temp-github-repo/src/app/api/admin/onboard-custom/route.ts(17,31): error TS2339: Property 'get' does not exist on type 'FormData'.
scratch/temp-github-repo/src/app/api/admin/onboard-custom/route.ts(18,35): error TS2339: Property 'get' does not exist on type 'FormData'.
scratch/temp-github-repo/src/app/api/admin/onboard-custom/route.ts(19,37): error TS2339: Property 'get' does not exist on type 'FormData'.
scratch/temp-github-repo/src/app/api/admin/onboard-custom/route.ts(64,34): error TS2339: Property 'get' does not exist on type 'FormData'.
scratch/temp-github-repo/src/app/api/admin/onboard-custom/route.ts(76,31): error TS2339: Property 'get' does not exist on type 'FormData'.
scratch/temp-github-repo/src/app/api/admin/onboard/route.ts(1,30): error TS2307: Cannot find module 'next/server' or its corresponding type declarations.
scratch/temp-github-repo/src/app/api/admin/onboard/route.ts(2,35): error TS2307: Cannot find module '@clerk/backend' or its corresponding type declarations.
scratch/temp-github-repo/src/app/api/admin/onboard/route.ts(3,20): error TS2307: Cannot find module '@/lib/prisma' or its corresponding type declarations.
scratch/temp-github-repo/src/app/api/admin/onboard/route.ts(4,23): error TS2307: Cannot find module 'xlsx' or its corresponding type declarations.
scratch/temp-github-repo/src/app/api/admin/onboard/route.ts(5,29): error TS2307: Cannot find module '@/lib/auth-utils' or its corresponding type declarations.
scratch/temp-github-repo/src/app/api/admin/onboard/route.ts(15,28): error TS2339: Property 'get' does not exist on type 'FormData'.
scratch/temp-github-repo/src/app/api/admin/onboard/route.ts(16,31): error TS2339: Property 'get' does not exist on type 'FormData'.
scratch/temp-github-repo/src/app/api/admin/onboard/route.ts(17,35): error TS2339: Property 'get' does not exist on type 'FormData'.
scratch/temp-github-repo/src/app/api/admin/onboard/route.ts(18,31): error TS2339: Property 'get' does not exist on type 'FormData'.
scratch/temp-github-repo/src/app/api/admin/onboard/route.ts(20,45): error TS2339: Property 'get' does not exist on type 'FormData'.
scratch/temp-github-repo/src/app/api/admin/reports/sellers/[id]/route.ts(1,43): error TS2307: Cannot find module 'next/server' or its corresponding type declarations.
scratch/temp-github-repo/src/app/api/admin/reports/sellers/[id]/route.ts(2,20): error TS2307: Cannot find module '@/lib/prisma' or its corresponding type declarations.
scratch/temp-github-repo/src/app/api/admin/reports/sellers/export/route.ts(1,43): error TS2307: Cannot find module 'next/server' or its corresponding type declarations.
scratch/temp-github-repo/src/app/api/admin/reports/sellers/export/route.ts(2,20): error TS2307: Cannot find module '@/lib/prisma' or its corresponding type declarations.
scratch/temp-github-repo/src/app/api/admin/reports/sellers/export/route.ts(3,21): error TS2307: Cannot find module 'exceljs' or its corresponding type declarations.
scratch/temp-github-repo/src/app/api/admin/reports/sellers/route.ts(1,43): error TS2307: Cannot find module 'next/server' or its corresponding type declarations.
scratch/temp-github-repo/src/app/api/admin/reports/sellers/route.ts(2,20): error TS2307: Cannot find module '@/lib/prisma' or its corresponding type declarations.
scratch/temp-github-repo/src/app/api/admin/rewards/[id]/route.ts(1,43): error TS2307: Cannot find module 'next/server' or its corresponding type declarations.
scratch/temp-github-repo/src/app/api/admin/rewards/[id]/route.ts(2,24): error TS2307: Cannot find module '@/lib/prisma' or its corresponding type declarations.
scratch/temp-github-repo/src/app/api/admin/rewards/[id]/route.ts(3,22): error TS2307: Cannot find module '@clerk/nextjs/server' or its corresponding type declarations.
scratch/temp-github-repo/src/app/api/admin/rewards/[id]/route.ts(4,37): error TS2307: Cannot find module '@/lib/auth-utils' or its corresponding type declarations.
scratch/temp-github-repo/src/app/api/admin/rewards/route.ts(1,43): error TS2307: Cannot find module 'next/server' or its corresponding type declarations.
scratch/temp-github-repo/src/app/api/admin/rewards/route.ts(2,24): error TS2307: Cannot find module '@/lib/prisma' or its corresponding type declarations.
scratch/temp-github-repo/src/app/api/admin/rewards/route.ts(3,22): error TS2307: Cannot find module '@clerk/nextjs/server' or its corresponding type declarations.
scratch/temp-github-repo/src/app/api/admin/rewards/route.ts(4,37): error TS2307: Cannot find module '@/lib/auth-utils' or its corresponding type declarations.
scratch/temp-github-repo/src/app/api/admin/roles/route.ts(1,30): error TS2307: Cannot find module 'next/server' or its corresponding type declarations.
scratch/temp-github-repo/src/app/api/admin/roles/route.ts(2,20): error TS2307: Cannot find module '@/lib/prisma' or its corresponding type declarations.
scratch/temp-github-repo/src/app/api/admin/roles/route.ts(3,22): error TS2307: Cannot find module '@prisma/client' or its corresponding type declarations.
scratch/temp-github-repo/src/app/api/admin/roles/route.ts(4,29): error TS2307: Cannot find module '@/lib/auth-utils' or its corresponding type declarations.
scratch/temp-github-repo/src/app/api/admin/route.ts(1,30): error TS2307: Cannot find module 'next/server' or its corresponding type declarations.
scratch/temp-github-repo/src/app/api/admin/route.ts(2,22): error TS2307: Cannot find module '@clerk/nextjs/server' or its corresponding type declarations.
scratch/temp-github-repo/src/app/api/admin/route.ts(3,20): error TS2307: Cannot find module '@/lib/prisma' or its corresponding type declarations.
scratch/temp-github-repo/src/app/api/admin/self-promote/route.ts(1,30): error TS2307: Cannot find module 'next/server' or its corresponding type declarations.
scratch/temp-github-repo/src/app/api/admin/self-promote/route.ts(2,22): error TS2307: Cannot find module '@clerk/nextjs/server' or its corresponding type declarations.
scratch/temp-github-repo/src/app/api/admin/self-promote/route.ts(3,20): error TS2307: Cannot find module '@/lib/prisma' or its corresponding type declarations.
scratch/temp-github-repo/src/app/api/admin/seller-detail/route.ts(1,30): error TS2307: Cannot find module 'next/server' or its corresponding type declarations.
scratch/temp-github-repo/src/app/api/admin/seller-detail/route.ts(2,20): error TS2307: Cannot find module '@/lib/prisma' or its corresponding type declarations.
scratch/temp-github-repo/src/app/api/admin/seller-detail/route.ts(3,29): error TS2307: Cannot find module '@/lib/auth-utils' or its corresponding type declarations.
scratch/temp-github-repo/src/app/api/admin/settings/route.ts(1,43): error TS2307: Cannot find module 'next/server' or its corresponding type declarations.
scratch/temp-github-repo/src/app/api/admin/settings/route.ts(2,20): error TS2307: Cannot find module '@/lib/prisma' or its corresponding type declarations.
scratch/temp-github-repo/src/app/api/admin/users/[id]/route.ts(1,30): error TS2307: Cannot find module 'next/server' or its corresponding type declarations.
scratch/temp-github-repo/src/app/api/admin/users/[id]/route.ts(2,20): error TS2307: Cannot find module '@/lib/prisma' or its corresponding type declarations.
scratch/temp-github-repo/src/app/api/admin/users/[id]/route.ts(3,29): error TS2307: Cannot find module '@/lib/auth-utils' or its corresponding type declarations.
scratch/temp-github-repo/src/app/api/admin/users/[id]/route.ts(69,48): error TS2307: Cannot find module '@clerk/nextjs/server' or its corresponding type declarations.
scratch/temp-github-repo/src/app/api/admin/users/disable/route.ts(4,30): error TS2307: Cannot find module 'next/server' or its corresponding type declarations.
scratch/temp-github-repo/src/app/api/admin/users/disable/route.ts(5,29): error TS2307: Cannot find module '@clerk/nextjs/server' or its corresponding type declarations.
scratch/temp-github-repo/src/app/api/admin/users/disable/route.ts(6,20): error TS2307: Cannot find module '@/lib/prisma' or its corresponding type declarations.
scratch/temp-github-repo/src/app/api/admin/users/disable/route.ts(7,29): error TS2307: Cannot find module '@/lib/auth-utils' or its corresponding type declarations.
scratch/temp-github-repo/src/app/api/admin/users/impersonate/route.ts(1,30): error TS2307: Cannot find module 'next/server' or its corresponding type declarations.
scratch/temp-github-repo/src/app/api/admin/users/impersonate/route.ts(2,20): error TS2307: Cannot find module '@/lib/prisma' or its corresponding type declarations.
scratch/temp-github-repo/src/app/api/admin/users/impersonate/route.ts(3,29): error TS2307: Cannot find module '@/lib/auth-utils' or its corresponding type declarations.
scratch/temp-github-repo/src/app/api/admin/users/impersonate/route.ts(4,17): error TS2307: Cannot find module 'jsonwebtoken' or its corresponding type declarations.
scratch/temp-github-repo/src/app/api/admin/users/impersonate/route.ts(5,25): error TS2307: Cannot find module 'next/headers' or its corresponding type declarations.
scratch/temp-github-repo/src/app/api/admin/users/invite/route.ts(4,30): error TS2307: Cannot find module 'next/server' or its corresponding type declarations.
scratch/temp-github-repo/src/app/api/admin/users/invite/route.ts(5,35): error TS2307: Cannot find module '@clerk/nextjs/server' or its corresponding type declarations.
scratch/temp-github-repo/src/app/api/admin/users/invite/route.ts(6,20): error TS2307: Cannot find module '@/lib/prisma' or its corresponding type declarations.
scratch/temp-github-repo/src/app/api/admin/users/role/route.ts(1,30): error TS2307: Cannot find module 'next/server' or its corresponding type declarations.
scratch/temp-github-repo/src/app/api/admin/users/role/route.ts(2,29): error TS2307: Cannot find module '@clerk/nextjs/server' or its corresponding type declarations.
scratch/temp-github-repo/src/app/api/admin/users/role/route.ts(3,20): error TS2307: Cannot find module '@/lib/prisma' or its corresponding type declarations.
scratch/temp-github-repo/src/app/api/admin/users/role/route.ts(4,29): error TS2307: Cannot find module '@/lib/auth-utils' or its corresponding type declarations.
scratch/temp-github-repo/src/app/api/admin/users/route.ts(1,30): error TS2307: Cannot find module 'next/server' or its corresponding type declarations.
scratch/temp-github-repo/src/app/api/admin/users/route.ts(2,29): error TS2307: Cannot find module '@clerk/nextjs/server' or its corresponding type declarations.
scratch/temp-github-repo/src/app/api/admin/users/route.ts(3,20): error TS2307: Cannot find module '@/lib/prisma' or its corresponding type declarations.
scratch/temp-github-repo/src/app/api/admin/users/route.ts(4,29): error TS2307: Cannot find module '@/lib/auth-utils' or its corresponding type declarations.
scratch/temp-github-repo/src/app/api/admin/users/route.ts(216,37): error TS2307: Cannot find module 'bcryptjs' or its corresponding type declarations.
scratch/temp-github-repo/src/app/api/admin/users/route.ts(300,9): error TS2588: Cannot assign to 'privateMetadata' because it is a constant.
scratch/temp-github-repo/src/app/api/admin/users/route.ts(321,35): error TS2307: Cannot find module 'bcryptjs' or its corresponding type declarations.
scratch/temp-github-repo/src/app/api/auth/forgot-password/route.ts(1,43): error TS2307: Cannot find module 'next/server' or its corresponding type declarations.
scratch/temp-github-repo/src/app/api/auth/forgot-password/route.ts(2,20): error TS2307: Cannot find module '@/lib/prisma' or its corresponding type declarations.
scratch/temp-github-repo/src/app/api/auth/forgot-password/route.ts(3,24): error TS2307: Cannot find module 'resend' or its corresponding type declarations.
scratch/temp-github-repo/src/app/api/auth/forgot-password/route.ts(4,37): error TS2307: Cannot find module '@/lib/mail-templates' or its corresponding type declarations.
scratch/temp-github-repo/src/app/api/auth/login/route.ts(1,43): error TS2307: Cannot find module 'next/server' or its corresponding type declarations.
scratch/temp-github-repo/src/app/api/auth/login/route.ts(2,20): error TS2307: Cannot find module '@/lib/prisma' or its corresponding type declarations.
scratch/temp-github-repo/src/app/api/auth/login/route.ts(3,20): error TS2307: Cannot find module 'bcryptjs' or its corresponding type declarations.
scratch/temp-github-repo/src/app/api/auth/login/route.ts(4,17): error TS2307: Cannot find module 'jsonwebtoken' or its corresponding type declarations.
scratch/temp-github-repo/src/app/api/auth/logout/route.ts(1,30): error TS2307: Cannot find module 'next/server' or its corresponding type declarations.
scratch/temp-github-repo/src/app/api/auth/me/route.ts(1,30): error TS2307: Cannot find module 'next/server' or its corresponding type declarations.
scratch/temp-github-repo/src/app/api/auth/me/route.ts(2,22): error TS2307: Cannot find module '@clerk/nextjs/server' or its corresponding type declarations.
scratch/temp-github-repo/src/app/api/auth/me/route.ts(3,24): error TS2307: Cannot find module '@/lib/prisma' or its corresponding type declarations.
scratch/temp-github-repo/src/app/api/auth/register/route.ts(1,43): error TS2307: Cannot find module 'next/server' or its corresponding type declarations.
scratch/temp-github-repo/src/app/api/auth/register/route.ts(2,20): error TS2307: Cannot find module '@/lib/prisma' or its corresponding type declarations.
scratch/temp-github-repo/src/app/api/auth/register/route.ts(3,20): error TS2307: Cannot find module 'bcryptjs' or its corresponding type declarations.
scratch/temp-github-repo/src/app/api/auth/register/route.ts(4,24): error TS2307: Cannot find module 'resend' or its corresponding type declarations.
scratch/temp-github-repo/src/app/api/auth/register/route.ts(5,37): error TS2307: Cannot find module '@/lib/mail-templates' or its corresponding type declarations.
scratch/temp-github-repo/src/app/api/auth/register/route.ts(6,33): error TS2307: Cannot find module '@/lib/whatsapp-bill' or its corresponding type declarations.
scratch/temp-github-repo/src/app/api/auth/resend-otp/route.ts(1,43): error TS2307: Cannot find module 'next/server' or its corresponding type declarations.
scratch/temp-github-repo/src/app/api/auth/resend-otp/route.ts(2,20): error TS2307: Cannot find module '@/lib/prisma' or its corresponding type declarations.
scratch/temp-github-repo/src/app/api/auth/resend-otp/route.ts(3,24): error TS2307: Cannot find module 'resend' or its corresponding type declarations.
scratch/temp-github-repo/src/app/api/auth/reset-password/route.ts(1,43): error TS2307: Cannot find module 'next/server' or its corresponding type declarations.
scratch/temp-github-repo/src/app/api/auth/reset-password/route.ts(2,20): error TS2307: Cannot find module '@/lib/prisma' or its corresponding type declarations.
scratch/temp-github-repo/src/app/api/auth/reset-password/route.ts(3,20): error TS2307: Cannot find module 'bcryptjs' or its corresponding type declarations.
scratch/temp-github-repo/src/app/api/auth/sync-user/route.ts(1,30): error TS2307: Cannot find module 'next/server' or its corresponding type declarations.
scratch/temp-github-repo/src/app/api/auth/sync-user/route.ts(2,35): error TS2307: Cannot find module '@clerk/nextjs/server' or its corresponding type declarations.
scratch/temp-github-repo/src/app/api/auth/sync-user/route.ts(3,20): error TS2307: Cannot find module '@/lib/prisma' or its corresponding type declarations.
scratch/temp-github-repo/src/app/api/auth/verify-otp/route.ts(1,43): error TS2307: Cannot find module 'next/server' or its corresponding type declarations.
scratch/temp-github-repo/src/app/api/auth/verify-otp/route.ts(2,20): error TS2307: Cannot find module '@/lib/prisma' or its corresponding type declarations.
scratch/temp-github-repo/src/app/api/auth/verify-otp/route.ts(3,24): error TS2307: Cannot find module 'resend' or its corresponding type declarations.
scratch/temp-github-repo/src/app/api/auth/verify-otp/route.ts(4,41): error TS2307: Cannot find module '@/lib/mail-templates' or its corresponding type declarations.
scratch/temp-github-repo/src/app/api/bill-manager/[id]/hold/route.ts(1,43): error TS2307: Cannot find module 'next/server' or its corresponding type declarations.
scratch/temp-github-repo/src/app/api/bill-manager/[id]/hold/route.ts(2,20): error TS2307: Cannot find module '@/lib/prisma' or its corresponding type declarations.
scratch/temp-github-repo/src/app/api/bill-manager/[id]/hold/route.ts(3,37): error TS2307: Cannot find module '@/lib/auth-utils' or its corresponding type declarations.
scratch/temp-github-repo/src/app/api/bill-manager/[id]/pdf/route.ts(1,43): error TS2307: Cannot find module 'next/server' or its corresponding type declarations.
scratch/temp-github-repo/src/app/api/bill-manager/[id]/pdf/route.ts(2,20): error TS2307: Cannot find module '@/lib/prisma' or its corresponding type declarations.
scratch/temp-github-repo/src/app/api/bill-manager/[id]/pdf/route.ts(3,37): error TS2307: Cannot find module '@/lib/auth-utils' or its corresponding type declarations.
scratch/temp-github-repo/src/app/api/bill-manager/[id]/pdf/route.ts(4,49): error TS2307: Cannot find module 'pdf-lib' or its corresponding type declarations.
scratch/temp-github-repo/src/app/api/bill-manager/[id]/pdf/route.ts(5,24): error TS2307: Cannot find module '@/lib/cloudinary' or its corresponding type declarations.
scratch/temp-github-repo/src/app/api/bill-manager/[id]/pdf/route.ts(7,26): error TS2307: Cannot find module 'mongodb' or its corresponding type declarations.
scratch/temp-github-repo/src/app/api/bill-manager/[id]/route.ts(1,43): error TS2307: Cannot find module 'next/server' or its corresponding type declarations.
scratch/temp-github-repo/src/app/api/bill-manager/[id]/route.ts(2,20): error TS2307: Cannot find module '@/lib/prisma' or its corresponding type declarations.
scratch/temp-github-repo/src/app/api/bill-manager/[id]/route.ts(3,37): error TS2307: Cannot find module '@/lib/auth-utils' or its corresponding type declarations.
scratch/temp-github-repo/src/app/api/bill-manager/deleted/list/route.ts(1,43): error TS2307: Cannot find module 'next/server' or its corresponding type declarations.
scratch/temp-github-repo/src/app/api/bill-manager/deleted/list/route.ts(2,20): error TS2307: Cannot find module '@/lib/prisma' or its corresponding type declarations.
scratch/temp-github-repo/src/app/api/bill-manager/deleted/list/route.ts(3,37): error TS2307: Cannot find module '@/lib/auth-utils' or its corresponding type declarations.
scratch/temp-github-repo/src/app/api/bill-manager/deleted/restore/[id]/route.ts(1,43): error TS2307: Cannot find module 'next/server' or its corresponding type declarations.
scratch/temp-github-repo/src/app/api/bill-manager/deleted/restore/[id]/route.ts(2,20): error TS2307: Cannot find module '@/lib/prisma' or its corresponding type declarations.
scratch/temp-github-repo/src/app/api/bill-manager/deleted/restore/[id]/route.ts(3,37): error TS2307: Cannot find module '@/lib/auth-utils' or its corresponding type declarations.
scratch/temp-github-repo/src/app/api/bill-manager/export/route.ts(1,30): error TS2307: Cannot find module 'next/server' or its corresponding type declarations.
scratch/temp-github-repo/src/app/api/bill-manager/export/route.ts(2,20): error TS2307: Cannot find module '@/lib/prisma' or its corresponding type declarations.
scratch/temp-github-repo/src/app/api/bill-manager/export/route.ts(3,22): error TS2307: Cannot find module '@clerk/nextjs/server' or its corresponding type declarations.
scratch/temp-github-repo/src/app/api/bill-manager/export/route.ts(4,37): error TS2307: Cannot find module '@/lib/auth-utils' or its corresponding type declarations.
scratch/temp-github-repo/src/app/api/bill-manager/export/route.ts(5,23): error TS2307: Cannot find module 'xlsx' or its corresponding type declarations.
scratch/temp-github-repo/src/app/api/bill-manager/route.ts(1,43): error TS2307: Cannot find module 'next/server' or its corresponding type declarations.
scratch/temp-github-repo/src/app/api/bill-manager/route.ts(2,20): error TS2307: Cannot find module '@/lib/prisma' or its corresponding type declarations.
scratch/temp-github-repo/src/app/api/bill-manager/route.ts(3,37): error TS2307: Cannot find module '@/lib/auth-utils' or its corresponding type declarations.
scratch/temp-github-repo/src/app/api/bill-manager/route.ts(4,35): error TS2307: Cannot find module '@/lib/discount-utils' or its corresponding type declarations.
scratch/temp-github-repo/src/app/api/bill-manager/route.ts(5,29): error TS2307: Cannot find module '@clerk/nextjs/server' or its corresponding type declarations.
scratch/temp-github-repo/src/app/api/bill-manager/route.ts(286,50): error TS2307: Cannot find module '@/lib/inventory-utils' or its corresponding type declarations.
scratch/temp-github-repo/src/app/api/categories/ensure/route.ts(1,24): error TS2307: Cannot find module '@/lib/prisma' or its corresponding type declarations.
scratch/temp-github-repo/src/app/api/categories/ensure/route.ts(2,30): error TS2307: Cannot find module 'next/server' or its corresponding type declarations.
scratch/temp-github-repo/src/app/api/categories/ensure/route.ts(3,37): error TS2307: Cannot find module '@/lib/auth-utils' or its corresponding type declarations.
scratch/temp-github-repo/src/app/api/categories/route.ts(1,30): error TS2307: Cannot find module 'next/server' or its corresponding type declarations.
scratch/temp-github-repo/src/app/api/categories/route.ts(2,24): error TS2307: Cannot find module '@/lib/prisma' or its corresponding type declarations.
scratch/temp-github-repo/src/app/api/categories/route.ts(3,37): error TS2307: Cannot find module '@/lib/auth-utils' or its corresponding type declarations.
scratch/temp-github-repo/src/app/api/categories/upload/route.ts(62,43): error TS2307: Cannot find module 'next/server' or its corresponding type declarations.
scratch/temp-github-repo/src/app/api/categories/upload/route.ts(63,24): error TS2307: Cannot find module '@/lib/prisma' or its corresponding type declarations.
scratch/temp-github-repo/src/app/api/categories/upload/route.ts(64,37): error TS2307: Cannot find module '@/lib/auth-utils' or its corresponding type declarations.
scratch/temp-github-repo/src/app/api/categories/upload/route.ts(65,24): error TS2307: Cannot find module '@/lib/cloudinary' or its corresponding type declarations.
scratch/temp-github-repo/src/app/api/clerks/route.ts(1,30): error TS2307: Cannot find module 'next/server' or its corresponding type declarations.
scratch/temp-github-repo/src/app/api/clerks/route.ts(2,20): error TS2307: Cannot find module '@/lib/prisma' or its corresponding type declarations.
scratch/temp-github-repo/src/app/api/clerks/route.ts(3,37): error TS2307: Cannot find module '@/lib/auth-utils' or its corresponding type declarations.
scratch/temp-github-repo/src/app/api/combos-offers/route.ts(1,43): error TS2307: Cannot find module 'next/server' or its corresponding type declarations.
scratch/temp-github-repo/src/app/api/combos-offers/route.ts(2,20): error TS2307: Cannot find module '@/lib/prisma' or its corresponding type declarations.
scratch/temp-github-repo/src/app/api/combos-offers/route.ts(3,37): error TS2307: Cannot find module '@/lib/auth-utils' or its corresponding type declarations.
scratch/temp-github-repo/src/app/api/cron/backup/route.ts(1,30): error TS2307: Cannot find module 'next/server' or its corresponding type declarations.
scratch/temp-github-repo/src/app/api/cron/backup/route.ts(2,32): error TS2307: Cannot find module '@/lib/backup/mongodb-backup' or its corresponding type declarations.
scratch/temp-github-repo/src/app/api/dashboard/route.ts(182,43): error TS2307: Cannot find module 'next/server' or its corresponding type declarations.
scratch/temp-github-repo/src/app/api/dashboard/route.ts(183,24): error TS2307: Cannot find module '@/lib/prisma' or its corresponding type declarations.
scratch/temp-github-repo/src/app/api/dashboard/route.ts(184,37): error TS2307: Cannot find module '@/lib/auth-utils' or its corresponding type declarations.
scratch/temp-github-repo/src/app/api/debug-cloudinary/route.ts(1,30): error TS2307: Cannot find module 'next/server' or its corresponding type declarations.
scratch/temp-github-repo/src/app/api/debug/route.ts(1,30): error TS2307: Cannot find module 'next/server' or its corresponding type declarations.
scratch/temp-github-repo/src/app/api/discounts/[id]/route.ts(1,43): error TS2307: Cannot find module 'next/server' or its corresponding type declarations.
scratch/temp-github-repo/src/app/api/discounts/[id]/route.ts(2,20): error TS2307: Cannot find module '@/lib/prisma' or its corresponding type declarations.
scratch/temp-github-repo/src/app/api/discounts/[id]/route.ts(3,37): error TS2307: Cannot find module '@/lib/auth-utils' or its corresponding type declarations.
scratch/temp-github-repo/src/app/api/discounts/route.ts(1,43): error TS2307: Cannot find module 'next/server' or its corresponding type declarations.
scratch/temp-github-repo/src/app/api/discounts/route.ts(2,20): error TS2307: Cannot find module '@/lib/prisma' or its corresponding type declarations.
scratch/temp-github-repo/src/app/api/discounts/route.ts(3,37): error TS2307: Cannot find module '@/lib/auth-utils' or its corresponding type declarations.
scratch/temp-github-repo/src/app/api/expenses/[id]/route.ts(1,30): error TS2307: Cannot find module 'next/server' or its corresponding type declarations.
scratch/temp-github-repo/src/app/api/expenses/[id]/route.ts(2,24): error TS2307: Cannot find module '@/lib/prisma' or its corresponding type declarations.
scratch/temp-github-repo/src/app/api/expenses/[id]/route.ts(3,37): error TS2307: Cannot find module '@/lib/auth-utils' or its corresponding type declarations.
scratch/temp-github-repo/src/app/api/expenses/categories/[id]/route.ts(1,30): error TS2307: Cannot find module 'next/server' or its corresponding type declarations.
scratch/temp-github-repo/src/app/api/expenses/categories/[id]/route.ts(2,37): error TS2307: Cannot find module '@/lib/auth-utils' or its corresponding type declarations.
scratch/temp-github-repo/src/app/api/expenses/categories/[id]/route.ts(3,24): error TS2307: Cannot find module '@/lib/prisma' or its corresponding type declarations.
scratch/temp-github-repo/src/app/api/expenses/categories/route.ts(1,30): error TS2307: Cannot find module 'next/server' or its corresponding type declarations.
scratch/temp-github-repo/src/app/api/expenses/categories/route.ts(2,37): error TS2307: Cannot find module '@/lib/auth-utils' or its corresponding type declarations.
scratch/temp-github-repo/src/app/api/expenses/categories/route.ts(3,24): error TS2307: Cannot find module '@/lib/prisma' or its corresponding type declarations.
scratch/temp-github-repo/src/app/api/expenses/route.ts(1,30): error TS2307: Cannot find module 'next/server' or its corresponding type declarations.
scratch/temp-github-repo/src/app/api/expenses/route.ts(2,24): error TS2307: Cannot find module '@/lib/prisma' or its corresponding type declarations.
scratch/temp-github-repo/src/app/api/expenses/route.ts(3,37): error TS2307: Cannot find module '@/lib/auth-utils' or its corresponding type declarations.
scratch/temp-github-repo/src/app/api/external-sales/route.ts(1,43): error TS2307: Cannot find module 'next/server' or its corresponding type declarations.
scratch/temp-github-repo/src/app/api/external-sales/route.ts(2,37): error TS2307: Cannot find module '@/lib/auth-utils' or its corresponding type declarations.
scratch/temp-github-repo/src/app/api/external-sales/route.ts(3,24): error TS2307: Cannot find module '@/lib/prisma' or its corresponding type declarations.
scratch/temp-github-repo/src/app/api/external/menu/[userId]/route.ts(1,30): error TS2307: Cannot find module 'next/server' or its corresponding type declarations.
scratch/temp-github-repo/src/app/api/external/menu/[userId]/route.ts(2,20): error TS2307: Cannot find module '@/lib/prisma' or its corresponding type declarations.
scratch/temp-github-repo/src/app/api/external/menu/update/[id]/route.ts(1,30): error TS2307: Cannot find module 'next/server' or its corresponding type declarations.
scratch/temp-github-repo/src/app/api/external/menu/update/[id]/route.ts(2,20): error TS2307: Cannot find module '@/lib/prisma' or its corresponding type declarations.
scratch/temp-github-repo/src/app/api/external/users/route.ts(1,30): error TS2307: Cannot find module 'next/server' or its corresponding type declarations.
scratch/temp-github-repo/src/app/api/external/users/route.ts(2,20): error TS2307: Cannot find module '@/lib/prisma' or its corresponding type declarations.
scratch/temp-github-repo/src/app/api/gmail/auth/route.ts(1,43): error TS2307: Cannot find module 'next/server' or its corresponding type declarations.
scratch/temp-github-repo/src/app/api/gmail/auth/route.ts(2,37): error TS2307: Cannot find module '@/lib/auth-utils' or its corresponding type declarations.
scratch/temp-github-repo/src/app/api/gmail/auth/route.ts(3,28): error TS2307: Cannot find module '@/lib/gmail-service' or its corresponding type declarations.
scratch/temp-github-repo/src/app/api/gmail/callback/route.ts(1,43): error TS2307: Cannot find module 'next/server' or its corresponding type declarations.
scratch/temp-github-repo/src/app/api/gmail/callback/route.ts(2,24): error TS2307: Cannot find module '@/lib/prisma' or its corresponding type declarations.
scratch/temp-github-repo/src/app/api/gmail/callback/route.ts(3,54): error TS2307: Cannot find module '@/lib/gmail-service' or its corresponding type declarations.
scratch/temp-github-repo/src/app/api/gmail/status/route.ts(1,43): error TS2307: Cannot find module 'next/server' or its corresponding type declarations.
scratch/temp-github-repo/src/app/api/gmail/status/route.ts(2,37): error TS2307: Cannot find module '@/lib/auth-utils' or its corresponding type declarations.
scratch/temp-github-repo/src/app/api/gmail/status/route.ts(3,24): error TS2307: Cannot find module '@/lib/prisma' or its corresponding type declarations.
scratch/temp-github-repo/src/app/api/gmail/sync/route.ts(1,43): error TS2307: Cannot find module 'next/server' or its corresponding type declarations.
scratch/temp-github-repo/src/app/api/gmail/sync/route.ts(2,37): error TS2307: Cannot find module '@/lib/auth-utils' or its corresponding type declarations.
scratch/temp-github-repo/src/app/api/gmail/sync/route.ts(3,24): error TS2307: Cannot find module '@/lib/prisma' or its corresponding type declarations.
scratch/temp-github-repo/src/app/api/gmail/sync/route.ts(4,37): error TS2307: Cannot find module '@/lib/gmail-service' or its corresponding type declarations.
scratch/temp-github-repo/src/app/api/gmail/sync/route.ts(5,28): error TS2307: Cannot find module '@/lib/email-parser' or its corresponding type declarations.
scratch/temp-github-repo/src/app/api/gmail/test-parse/route.ts(1,30): error TS2307: Cannot find module 'next/server' or its corresponding type declarations.
scratch/temp-github-repo/src/app/api/gmail/test-parse/route.ts(2,37): error TS2307: Cannot find module '@/lib/auth-utils' or its corresponding type declarations.
scratch/temp-github-repo/src/app/api/gmail/test-parse/route.ts(3,24): error TS2307: Cannot find module '@/lib/prisma' or its corresponding type declarations.
scratch/temp-github-repo/src/app/api/gmail/test-parse/route.ts(4,28): error TS2307: Cannot find module '@/lib/email-parser' or its corresponding type declarations.
scratch/temp-github-repo/src/app/api/inventory/export/route.ts(1,30): error TS2307: Cannot find module 'next/server' or its corresponding type declarations.
scratch/temp-github-repo/src/app/api/inventory/export/route.ts(2,20): error TS2307: Cannot find module '@/lib/prisma' or its corresponding type declarations.
scratch/temp-github-repo/src/app/api/inventory/export/route.ts(3,22): error TS2307: Cannot find module '@clerk/nextjs/server' or its corresponding type declarations.
scratch/temp-github-repo/src/app/api/inventory/export/route.ts(4,37): error TS2307: Cannot find module '@/lib/auth-utils' or its corresponding type declarations.
scratch/temp-github-repo/src/app/api/inventory/export/route.ts(5,23): error TS2307: Cannot find module 'xlsx' or its corresponding type declarations.
scratch/temp-github-repo/src/app/api/inventory/materials/route.ts(1,30): error TS2307: Cannot find module 'next/server' or its corresponding type declarations.
scratch/temp-github-repo/src/app/api/inventory/materials/route.ts(2,20): error TS2307: Cannot find module '@/lib/prisma' or its corresponding type declarations.
scratch/temp-github-repo/src/app/api/inventory/materials/route.ts(3,37): error TS2307: Cannot find module '@/lib/auth-utils' or its corresponding type declarations.
scratch/temp-github-repo/src/app/api/inventory/materials/route.ts(36,42): error TS2307: Cannot find module '@clerk/nextjs/server' or its corresponding type declarations.
scratch/temp-github-repo/src/app/api/inventory/recipes/route.ts(1,30): error TS2307: Cannot find module 'next/server' or its corresponding type declarations.
scratch/temp-github-repo/src/app/api/inventory/recipes/route.ts(2,20): error TS2307: Cannot find module '@/lib/prisma' or its corresponding type declarations.
scratch/temp-github-repo/src/app/api/inventory/recipes/route.ts(3,37): error TS2307: Cannot find module '@/lib/auth-utils' or its corresponding type declarations.
scratch/temp-github-repo/src/app/api/inventory/route.ts(1,30): error TS2307: Cannot find module 'next/server' or its corresponding type declarations.
scratch/temp-github-repo/src/app/api/inventory/route.ts(2,20): error TS2307: Cannot find module '@/lib/prisma' or its corresponding type declarations.
scratch/temp-github-repo/src/app/api/inventory/route.ts(3,37): error TS2307: Cannot find module '@/lib/auth-utils' or its corresponding type declarations.
scratch/temp-github-repo/src/app/api/invoice/[id]/route.ts(1,30): error TS2307: Cannot find module 'next/server' or its corresponding type declarations.
scratch/temp-github-repo/src/app/api/invoice/[id]/route.ts(2,24): error TS2307: Cannot find module '@/lib/prisma' or its corresponding type declarations.
scratch/temp-github-repo/src/app/api/invoice/[id]/route.ts(3,33): error TS2307: Cannot find module '@/lib/generateInvoice' or its corresponding type declarations.
scratch/temp-github-repo/src/app/api/items/route.ts(252,30): error TS2307: Cannot find module 'next/server' or its corresponding type declarations.
scratch/temp-github-repo/src/app/api/items/route.ts(253,20): error TS2307: Cannot find module '@/lib/prisma' or its corresponding type declarations.
scratch/temp-github-repo/src/app/api/items/route.ts(254,35): error TS2307: Cannot find module '@clerk/nextjs/server' or its corresponding type declarations.
scratch/temp-github-repo/src/app/api/items/route.ts(255,37): error TS2307: Cannot find module '@/lib/auth-utils' or its corresponding type declarations.
scratch/temp-github-repo/src/app/api/menu-editor/addon-groups/route.ts(1,30): error TS2307: Cannot find module 'next/server' or its corresponding type declarations.
scratch/temp-github-repo/src/app/api/menu-editor/addon-groups/route.ts(2,20): error TS2307: Cannot find module '@/lib/prisma' or its corresponding type declarations.
scratch/temp-github-repo/src/app/api/menu-editor/addon-groups/route.ts(3,37): error TS2307: Cannot find module '@/lib/auth-utils' or its corresponding type declarations.
scratch/temp-github-repo/src/app/api/menu/delete/route.ts(1,43): error TS2307: Cannot find module 'next/server' or its corresponding type declarations.
scratch/temp-github-repo/src/app/api/menu/delete/route.ts(2,24): error TS2307: Cannot find module '@/lib/prisma' or its corresponding type declarations.
scratch/temp-github-repo/src/app/api/menu/delete/route.ts(3,37): error TS2307: Cannot find module '@/lib/auth-utils' or its corresponding type declarations.
scratch/temp-github-repo/src/app/api/menu/items/route.ts(1,43): error TS2307: Cannot find module 'next/server' or its corresponding type declarations.
scratch/temp-github-repo/src/app/api/menu/items/route.ts(2,20): error TS2307: Cannot find module '@/lib/prisma' or its corresponding type declarations.
scratch/temp-github-repo/src/app/api/menu/items/route.ts(3,37): error TS2307: Cannot find module '@/lib/auth-utils' or its corresponding type declarations.
scratch/temp-github-repo/src/app/api/menu/update/route.ts(1,43): error TS2307: Cannot find module 'next/server' or its corresponding type declarations.
scratch/temp-github-repo/src/app/api/menu/update/route.ts(2,24): error TS2307: Cannot find module '@/lib/prisma' or its corresponding type declarations.
scratch/temp-github-repo/src/app/api/menu/update/route.ts(3,37): error TS2307: Cannot find module '@/lib/auth-utils' or its corresponding type declarations.
scratch/temp-github-repo/src/app/api/menu/view/route.ts(1,43): error TS2307: Cannot find module 'next/server' or its corresponding type declarations.
scratch/temp-github-repo/src/app/api/menu/view/route.ts(2,24): error TS2307: Cannot find module '@/lib/prisma' or its corresponding type declarations.
scratch/temp-github-repo/src/app/api/menu/view/route.ts(3,37): error TS2307: Cannot find module '@/lib/auth-utils' or its corresponding type declarations.
scratch/temp-github-repo/src/app/api/notifications/route.ts(1,29): error TS2307: Cannot find module 'next/server' or its corresponding type declarations.
scratch/temp-github-repo/src/app/api/notifications/route.ts(2,22): error TS2307: Cannot find module '@clerk/nextjs/server' or its corresponding type declarations.
scratch/temp-github-repo/src/app/api/notifications/route.ts(3,20): error TS2307: Cannot find module '@/lib/prisma' or its corresponding type declarations.
scratch/temp-github-repo/src/app/api/notifications/route.ts(4,37): error TS2307: Cannot find module '@/lib/auth-utils' or its corresponding type declarations.
scratch/temp-github-repo/src/app/api/notifications/route.ts(105,25): error TS2322: Type 'number' is not assignable to type 'Timeout'.
scratch/temp-github-repo/src/app/api/notifications/route.ts(113,17): error TS2322: Type 'number' is not assignable to type 'Timeout'.
scratch/temp-github-repo/src/app/api/orders/[orderId]/merge-items/route.ts(1,43): error TS2307: Cannot find module 'next/server' or its corresponding type declarations.
scratch/temp-github-repo/src/app/api/orders/[orderId]/merge-items/route.ts(2,20): error TS2307: Cannot find module '@/lib/prisma' or its corresponding type declarations.
scratch/temp-github-repo/src/app/api/orders/[orderId]/merge-items/route.ts(3,37): error TS2307: Cannot find module '@/lib/auth-utils' or its corresponding type declarations.
scratch/temp-github-repo/src/app/api/orders/[orderId]/route.ts(1,43): error TS2307: Cannot find module 'next/server' or its corresponding type declarations.
scratch/temp-github-repo/src/app/api/orders/[orderId]/route.ts(2,20): error TS2307: Cannot find module '@/lib/prisma' or its corresponding type declarations.
scratch/temp-github-repo/src/app/api/orders/[orderId]/route.ts(3,37): error TS2307: Cannot find module '@/lib/auth-utils' or its corresponding type declarations.
scratch/temp-github-repo/src/app/api/orders/route.ts(1,43): error TS2307: Cannot find module 'next/server' or its corresponding type declarations.
scratch/temp-github-repo/src/app/api/orders/route.ts(2,20): error TS2307: Cannot find module '@/lib/prisma' or its corresponding type declarations.
scratch/temp-github-repo/src/app/api/orders/route.ts(3,37): error TS2307: Cannot find module '@/lib/auth-utils' or its corresponding type declarations.
scratch/temp-github-repo/src/app/api/orders/route.ts(87,30): error TS2304: Cannot find name 'orderNumber'.
scratch/temp-github-repo/src/app/api/orders/route.ts(123,54): error TS2307: Cannot find module '@/lib/inventory-utils' or its corresponding type declarations.
scratch/temp-github-repo/src/app/api/orders/route.ts(265,54): error TS2307: Cannot find module '@/lib/inventory-utils' or its corresponding type declarations.
scratch/temp-github-repo/src/app/api/parties/[id]/bills/route.ts(2,43): error TS2307: Cannot find module 'next/server' or its corresponding type declarations.
scratch/temp-github-repo/src/app/api/parties/[id]/bills/route.ts(3,20): error TS2307: Cannot find module '@/lib/prisma' or its corresponding type declarations.
scratch/temp-github-repo/src/app/api/parties/[id]/bills/route.ts(4,37): error TS2307: Cannot find module '@/lib/auth-utils' or its corresponding type declarations.
scratch/temp-github-repo/src/app/api/parties/[id]/route.ts(1,43): error TS2307: Cannot find module 'next/server' or its corresponding type declarations.
scratch/temp-github-repo/src/app/api/parties/[id]/route.ts(2,24): error TS2307: Cannot find module '@/lib/prisma' or its corresponding type declarations.
scratch/temp-github-repo/src/app/api/parties/[id]/route.ts(3,22): error TS2307: Cannot find module '@clerk/nextjs/server' or its corresponding type declarations.
scratch/temp-github-repo/src/app/api/parties/[id]/route.ts(4,37): error TS2307: Cannot find module '@/lib/auth-utils' or its corresponding type declarations.
scratch/temp-github-repo/src/app/api/parties/route.ts(196,43): error TS2307: Cannot find module 'next/server' or its corresponding type declarations.
scratch/temp-github-repo/src/app/api/parties/route.ts(197,24): error TS2307: Cannot find module '@/lib/prisma' or its corresponding type declarations.
scratch/temp-github-repo/src/app/api/parties/route.ts(198,22): error TS2307: Cannot find module '@clerk/nextjs/server' or its corresponding type declarations.
scratch/temp-github-repo/src/app/api/parties/route.ts(199,37): error TS2307: Cannot find module '@/lib/auth-utils' or its corresponding type declarations.
scratch/temp-github-repo/src/app/api/parties/route.ts(200,24): error TS2307: Cannot find module '@prisma/client' or its corresponding type declarations.
scratch/temp-github-repo/src/app/api/payments/route.ts(1,30): error TS2307: Cannot find module 'next/server' or its corresponding type declarations.
scratch/temp-github-repo/src/app/api/payments/route.ts(2,20): error TS2307: Cannot find module '@/lib/prisma' or its corresponding type declarations.
scratch/temp-github-repo/src/app/api/phonepe/pay/route.ts(1,30): error TS2307: Cannot find module 'next/server' or its corresponding type declarations.
scratch/temp-github-repo/src/app/api/phonepe/pay/route.ts(2,19): error TS2307: Cannot find module 'axios' or its corresponding type declarations.
scratch/temp-github-repo/src/app/api/phonepe/pay/route.ts(3,24): error TS2307: Cannot find module '@/lib/prisma' or its corresponding type declarations.
scratch/temp-github-repo/src/app/api/phonepe/pay/route.ts(4,32): error TS2307: Cannot find module '@/lib/phonepe' or its corresponding type declarations.
scratch/temp-github-repo/src/app/api/phonepe/pay/route.ts(5,22): error TS2307: Cannot find module '@clerk/nextjs/server' or its corresponding type declarations.
scratch/temp-github-repo/src/app/api/phonepe/pay/route.ts(7,25): error TS2307: Cannot find module 'next/headers' or its corresponding type declarations.
scratch/temp-github-repo/src/app/api/phonepe/pay/route.ts(8,17): error TS2307: Cannot find module 'jsonwebtoken' or its corresponding type declarations.
scratch/temp-github-repo/src/app/api/phonepe/status/[id]/route.ts(1,30): error TS2307: Cannot find module 'next/server' or its corresponding type declarations.
scratch/temp-github-repo/src/app/api/phonepe/status/[id]/route.ts(2,24): error TS2307: Cannot find module '@/lib/prisma' or its corresponding type declarations.
scratch/temp-github-repo/src/app/api/phonepe/status/[id]/route.ts(3,36): error TS2307: Cannot find module '@/lib/phonepe' or its corresponding type declarations.
scratch/temp-github-repo/src/app/api/phonepe/webhook/route.ts(1,30): error TS2307: Cannot find module 'next/server' or its corresponding type declarations.
scratch/temp-github-repo/src/app/api/profile/route.ts(1,30): error TS2307: Cannot find module 'next/server' or its corresponding type declarations.
scratch/temp-github-repo/src/app/api/profile/route.ts(2,20): error TS2307: Cannot find module '@/lib/prisma' or its corresponding type declarations.
scratch/temp-github-repo/src/app/api/profile/route.ts(3,37): error TS2307: Cannot find module '@/lib/auth-utils' or its corresponding type declarations.
scratch/temp-github-repo/src/app/api/public/gallery/[clerkId]/route.ts(1,43): error TS2307: Cannot find module 'next/server' or its corresponding type declarations.
scratch/temp-github-repo/src/app/api/public/gallery/[clerkId]/route.ts(2,20): error TS2307: Cannot find module '@/lib/prisma' or its corresponding type declarations.
scratch/temp-github-repo/src/app/api/public/loyalty/route.ts(1,43): error TS2307: Cannot find module 'next/server' or its corresponding type declarations.
scratch/temp-github-repo/src/app/api/public/loyalty/route.ts(2,20): error TS2307: Cannot find module '@/lib/prisma' or its corresponding type declarations.
scratch/temp-github-repo/src/app/api/public/menu/[clerkId]/route.ts(1,43): error TS2307: Cannot find module 'next/server' or its corresponding type declarations.
scratch/temp-github-repo/src/app/api/public/menu/[clerkId]/route.ts(2,20): error TS2307: Cannot find module '@/lib/prisma' or its corresponding type declarations.
scratch/temp-github-repo/src/app/api/public/menu/route.ts(1,43): error TS2307: Cannot find module 'next/server' or its corresponding type declarations.
scratch/temp-github-repo/src/app/api/public/menu/route.ts(2,20): error TS2307: Cannot find module '@/lib/prisma' or its corresponding type declarations.
scratch/temp-github-repo/src/app/api/public/orders/[orderId]/combined-bill/route.ts(1,43): error TS2307: Cannot find module 'next/server' or its corresponding type declarations.
scratch/temp-github-repo/src/app/api/public/orders/[orderId]/combined-bill/route.ts(2,20): error TS2307: Cannot find module '@/lib/prisma' or its corresponding type declarations.
scratch/temp-github-repo/src/app/api/public/orders/route.ts(1,43): error TS2307: Cannot find module 'next/server' or its corresponding type declarations.
scratch/temp-github-repo/src/app/api/public/orders/route.ts(2,20): error TS2307: Cannot find module '@/lib/prisma' or its corresponding type declarations.
scratch/temp-github-repo/src/app/api/public/orders/track/route.ts(1,43): error TS2307: Cannot find module 'next/server' or its corresponding type declarations.
scratch/temp-github-repo/src/app/api/public/orders/track/route.ts(2,24): error TS2307: Cannot find module '@/lib/prisma' or its corresponding type declarations.
scratch/temp-github-repo/src/app/api/public/pos/[identifier]/route.ts(1,30): error TS2307: Cannot find module 'next/server' or its corresponding type declarations.
scratch/temp-github-repo/src/app/api/public/pos/[identifier]/route.ts(2,20): error TS2307: Cannot find module '@/lib/prisma' or its corresponding type declarations.
scratch/temp-github-repo/src/app/api/public/profile/route.ts(1,43): error TS2307: Cannot find module 'next/server' or its corresponding type declarations.
scratch/temp-github-repo/src/app/api/public/profile/route.ts(2,20): error TS2307: Cannot find module '@/lib/prisma' or its corresponding type declarations.
scratch/temp-github-repo/src/app/api/public/reviews/route.ts(1,43): error TS2307: Cannot find module 'next/server' or its corresponding type declarations.
scratch/temp-github-repo/src/app/api/public/reviews/route.ts(2,20): error TS2307: Cannot find module '@/lib/prisma' or its corresponding type declarations.
scratch/temp-github-repo/src/app/api/reports/gst/route.ts(1,30): error TS2307: Cannot find module 'next/server' or its corresponding type declarations.
scratch/temp-github-repo/src/app/api/reports/gst/route.ts(2,22): error TS2307: Cannot find module '@clerk/nextjs/server' or its corresponding type declarations.
scratch/temp-github-repo/src/app/api/reports/gst/route.ts(3,24): error TS2307: Cannot find module '@/lib/prisma' or its corresponding type declarations.
scratch/temp-github-repo/src/app/api/reports/gst/route.ts(4,37): error TS2307: Cannot find module '@/lib/auth-utils' or its corresponding type declarations.
scratch/temp-github-repo/src/app/api/reports/tokens/route.ts(1,30): error TS2307: Cannot find module 'next/server' or its corresponding type declarations.
scratch/temp-github-repo/src/app/api/reports/tokens/route.ts(2,20): error TS2307: Cannot find module '@/lib/prisma' or its corresponding type declarations.
scratch/temp-github-repo/src/app/api/reports/tokens/route.ts(3,37): error TS2307: Cannot find module '@/lib/auth-utils' or its corresponding type declarations.
scratch/temp-github-repo/src/app/api/reviews/route.ts(1,43): error TS2307: Cannot find module 'next/server' or its corresponding type declarations.
scratch/temp-github-repo/src/app/api/reviews/route.ts(2,20): error TS2307: Cannot find module '@/lib/prisma' or its corresponding type declarations.
scratch/temp-github-repo/src/app/api/reviews/route.ts(3,37): error TS2307: Cannot find module '@/lib/auth-utils' or its corresponding type declarations.
scratch/temp-github-repo/src/app/api/search/route.ts(1,30): error TS2307: Cannot find module 'next/server' or its corresponding type declarations.
scratch/temp-github-repo/src/app/api/search/route.ts(2,20): error TS2307: Cannot find module '@/lib/prisma' or its corresponding type declarations.
scratch/temp-github-repo/src/app/api/search/route.ts(3,37): error TS2307: Cannot find module '@/lib/auth-utils' or its corresponding type declarations.
scratch/temp-github-repo/src/app/api/seller/staff/route.ts(1,30): error TS2307: Cannot find module 'next/server' or its corresponding type declarations.
scratch/temp-github-repo/src/app/api/seller/staff/route.ts(2,20): error TS2307: Cannot find module '@/lib/prisma' or its corresponding type declarations.
scratch/temp-github-repo/src/app/api/seller/staff/route.ts(3,29): error TS2307: Cannot find module '@/lib/auth-utils' or its corresponding type declarations.
scratch/temp-github-repo/src/app/api/seller/staff/route.ts(4,20): error TS2307: Cannot find module 'bcryptjs' or its corresponding type declarations.
scratch/temp-github-repo/src/app/api/staff/[id]/route.ts(1,43): error TS2307: Cannot find module 'next/server' or its corresponding type declarations.
scratch/temp-github-repo/src/app/api/staff/[id]/route.ts(2,20): error TS2307: Cannot find module '@/lib/prisma' or its corresponding type declarations.
scratch/temp-github-repo/src/app/api/staff/login/route.ts(1,30): error TS2307: Cannot find module 'next/server' or its corresponding type declarations.
scratch/temp-github-repo/src/app/api/staff/login/route.ts(2,20): error TS2307: Cannot find module '@/lib/prisma' or its corresponding type declarations.
scratch/temp-github-repo/src/app/api/staff/login/route.ts(3,20): error TS2307: Cannot find module 'bcryptjs' or its corresponding type declarations.
scratch/temp-github-repo/src/app/api/staff/login/route.ts(4,17): error TS2307: Cannot find module 'jsonwebtoken' or its corresponding type declarations.
scratch/temp-github-repo/src/app/api/staff/login/route.ts(5,25): error TS2307: Cannot find module 'next/headers' or its corresponding type declarations.
scratch/temp-github-repo/src/app/api/staff/logout/route.ts(1,30): error TS2307: Cannot find module 'next/server' or its corresponding type declarations.
scratch/temp-github-repo/src/app/api/staff/logout/route.ts(2,25): error TS2307: Cannot find module 'next/headers' or its corresponding type declarations.
scratch/temp-github-repo/src/app/api/staff/me/route.ts(1,30): error TS2307: Cannot find module 'next/server' or its corresponding type declarations.
scratch/temp-github-repo/src/app/api/staff/me/route.ts(2,29): error TS2307: Cannot find module '@/lib/auth-utils' or its corresponding type declarations.
scratch/temp-github-repo/src/app/api/staff/me/route.ts(3,20): error TS2307: Cannot find module '@/lib/prisma' or its corresponding type declarations.
scratch/temp-github-repo/src/app/api/staff/route.ts(1,43): error TS2307: Cannot find module 'next/server' or its corresponding type declarations.
scratch/temp-github-repo/src/app/api/staff/route.ts(2,20): error TS2307: Cannot find module '@/lib/prisma' or its corresponding type declarations.
scratch/temp-github-repo/src/app/api/staff/route.ts(3,20): error TS2307: Cannot find module 'bcryptjs' or its corresponding type declarations.
scratch/temp-github-repo/src/app/api/store-items/bulk-update/route.ts(138,30): error TS2307: Cannot find module 'next/server' or its corresponding type declarations.
scratch/temp-github-repo/src/app/api/store-items/bulk-update/route.ts(139,20): error TS2307: Cannot find module '@/lib/prisma' or its corresponding type declarations.
scratch/temp-github-repo/src/app/api/store-items/bulk-update/route.ts(140,37): error TS2307: Cannot find module '@/lib/auth-utils' or its corresponding type declarations.
scratch/temp-github-repo/src/app/api/store-items/bulk/route.ts(1,30): error TS2307: Cannot find module 'next/server' or its corresponding type declarations.
scratch/temp-github-repo/src/app/api/store-items/bulk/route.ts(2,20): error TS2307: Cannot find module '@/lib/prisma' or its corresponding type declarations.
scratch/temp-github-repo/src/app/api/store-items/bulk/route.ts(3,37): error TS2307: Cannot find module '@/lib/auth-utils' or its corresponding type declarations.
scratch/temp-github-repo/src/app/api/subscription/confirm/route.ts(1,30): error TS2307: Cannot find module 'next/server' or its corresponding type declarations.
scratch/temp-github-repo/src/app/api/subscription/confirm/route.ts(2,24): error TS2307: Cannot find module '@/lib/prisma' or its corresponding type declarations.
scratch/temp-github-repo/src/app/api/tables/[id]/route.ts(1,43): error TS2307: Cannot find module 'next/server' or its corresponding type declarations.
scratch/temp-github-repo/src/app/api/tables/[id]/route.ts(2,24): error TS2307: Cannot find module '@/lib/prisma' or its corresponding type declarations.
scratch/temp-github-repo/src/app/api/tables/[id]/route.ts(3,37): error TS2307: Cannot find module '@/lib/auth-utils' or its corresponding type declarations.
scratch/temp-github-repo/src/app/api/tables/route.ts(1,43): error TS2307: Cannot find module 'next/server' or its corresponding type declarations.
scratch/temp-github-repo/src/app/api/tables/route.ts(2,22): error TS2307: Cannot find module '@clerk/nextjs/server' or its corresponding type declarations.
scratch/temp-github-repo/src/app/api/tables/route.ts(3,20): error TS2307: Cannot find module '@/lib/prisma' or its corresponding type declarations.
scratch/temp-github-repo/src/app/api/tables/route.ts(4,37): error TS2307: Cannot find module '@/lib/auth-utils' or its corresponding type declarations.
scratch/temp-github-repo/src/app/api/upload-image/route.ts(1,30): error TS2307: Cannot find module 'next/server' or its corresponding type declarations.
scratch/temp-github-repo/src/app/api/upload-image/route.ts(2,24): error TS2307: Cannot find module '@/lib/cloudinary' or its corresponding type declarations.
scratch/temp-github-repo/src/app/api/upload-image/route.ts(5,25): error TS2339: Property 'get' does not exist on type 'FormData'.
scratch/temp-github-repo/src/app/api/upload/image/route.ts(1,30): error TS2307: Cannot find module 'next/server' or its corresponding type declarations.
scratch/temp-github-repo/src/app/api/upload/image/route.ts(2,24): error TS2307: Cannot find module 'cloudinary' or its corresponding type declarations.
scratch/temp-github-repo/src/app/api/upload/image/route.ts(3,37): error TS2307: Cannot find module '@/lib/auth-utils' or its corresponding type declarations.
scratch/temp-github-repo/src/app/api/upload/image/route.ts(18,25): error TS2339: Property 'get' does not exist on type 'FormData'.
scratch/temp-github-repo/src/app/api/upload/route.ts(98,30): error TS2307: Cannot find module 'next/server' or its corresponding type declarations.
scratch/temp-github-repo/src/app/api/upload/route.ts(99,24): error TS2307: Cannot find module '@/lib/cloudinary' or its corresponding type declarations.
scratch/temp-github-repo/src/app/api/upload/route.ts(100,37): error TS2307: Cannot find module '@/lib/auth-utils' or its corresponding type declarations.
scratch/temp-github-repo/src/app/api/upload/route.ts(110,27): error TS2339: Property 'get' does not exist on type 'FormData'.
scratch/temp-github-repo/src/app/api/user/activity/route.ts(1,30): error TS2307: Cannot find module 'next/server' or its corresponding type declarations.
scratch/temp-github-repo/src/app/api/user/activity/route.ts(2,24): error TS2307: Cannot find module '@/lib/prisma' or its corresponding type declarations.
scratch/temp-github-repo/src/app/api/user/activity/route.ts(3,29): error TS2307: Cannot find module '@/lib/auth-utils' or its corresponding type declarations.
scratch/temp-github-repo/src/app/api/user/identifiers/route.ts(1,30): error TS2307: Cannot find module 'next/server' or its corresponding type declarations.
scratch/temp-github-repo/src/app/api/user/identifiers/route.ts(2,24): error TS2307: Cannot find module '@/lib/prisma' or its corresponding type declarations.
scratch/temp-github-repo/src/app/api/user/identifiers/route.ts(3,29): error TS2307: Cannot find module '@/lib/auth-utils' or its corresponding type declarations.
scratch/temp-github-repo/src/app/api/user/me/route.ts(1,30): error TS2307: Cannot find module 'next/server' or its corresponding type declarations.
scratch/temp-github-repo/src/app/api/user/me/route.ts(2,20): error TS2307: Cannot find module '@/lib/prisma' or its corresponding type declarations.
scratch/temp-github-repo/src/app/api/user/me/route.ts(3,29): error TS2307: Cannot find module '@/lib/auth-utils' or its corresponding type declarations.
scratch/temp-github-repo/src/app/api/user/sync/route.ts(1,30): error TS2307: Cannot find module 'next/server' or its corresponding type declarations.
scratch/temp-github-repo/src/app/api/user/sync/route.ts(2,35): error TS2307: Cannot find module '@clerk/nextjs/server' or its corresponding type declarations.
scratch/temp-github-repo/src/app/api/user/sync/route.ts(3,20): error TS2307: Cannot find module '@/lib/prisma' or its corresponding type declarations.
scratch/temp-github-repo/src/app/api/wallet/history/[partyId]/route.ts(1,43): error TS2307: Cannot find module 'next/server' or its corresponding type declarations.
scratch/temp-github-repo/src/app/api/wallet/history/[partyId]/route.ts(2,24): error TS2307: Cannot find module '@/lib/prisma' or its corresponding type declarations.
scratch/temp-github-repo/src/app/api/wallet/history/[partyId]/route.ts(3,37): error TS2307: Cannot find module '@/lib/auth-utils' or its corresponding type declarations.
scratch/temp-github-repo/src/app/api/wallet/route.ts(1,43): error TS2307: Cannot find module 'next/server' or its corresponding type declarations.
scratch/temp-github-repo/src/app/api/wallet/route.ts(2,24): error TS2307: Cannot find module '@/lib/prisma' or its corresponding type declarations.
scratch/temp-github-repo/src/app/api/wallet/route.ts(3,37): error TS2307: Cannot find module '@/lib/auth-utils' or its corresponding type declarations.
scratch/temp-github-repo/src/app/api/whatsapp/send-bill/route.ts(1,43): error TS2307: Cannot find module 'next/server' or its corresponding type declarations.
scratch/temp-github-repo/src/app/api/whatsapp/send-bill/route.ts(2,34): error TS2307: Cannot find module '@/lib/whatsapp-bill' or its corresponding type declarations.
scratch/temp-github-repo/src/app/api/whatsapp/send-bill/route.ts(3,24): error TS2307: Cannot find module '@/lib/prisma' or its corresponding type declarations.
scratch/temp-github-repo/src/app/auth/custom/page.tsx(4,100): error TS2307: Cannot find module 'lucide-react' or its corresponding type declarations.
scratch/temp-github-repo/src/app/auth/custom/page.tsx(5,23): error TS2307: Cannot find module 'sonner' or its corresponding type declarations.
scratch/temp-github-repo/src/app/auth/custom/page.tsx(6,27): error TS2307: Cannot find module 'next/navigation' or its corresponding type declarations.
scratch/temp-github-repo/src/app/checkout/page.tsx(4,44): error TS2307: Cannot find module 'next/navigation' or its corresponding type declarations.
scratch/temp-github-repo/src/app/checkout/page.tsx(5,41): error TS2307: Cannot find module 'framer-motion' or its corresponding type declarations.
scratch/temp-github-repo/src/app/checkout/page.tsx(16,8): error TS2307: Cannot find module 'lucide-react' or its corresponding type declarations.
scratch/temp-github-repo/src/app/checkout/page.tsx(17,18): error TS2307: Cannot find module 'next/link' or its corresponding type declarations.
scratch/temp-github-repo/src/app/checkout/page.tsx(18,19): error TS2307: Cannot find module 'axios' or its corresponding type declarations.
scratch/temp-github-repo/src/app/dashboard/admin/invoice-generator/page.tsx(4,24): error TS2307: Cannot find module 'framer-motion' or its corresponding type declarations.
scratch/temp-github-repo/src/app/dashboard/admin/invoice-generator/page.tsx(22,8): error TS2307: Cannot find module 'lucide-react' or its corresponding type declarations.
scratch/temp-github-repo/src/app/dashboard/admin/invoice-generator/page.tsx(23,23): error TS2307: Cannot find module 'react-hot-toast' or its corresponding type declarations.
scratch/temp-github-repo/src/app/dashboard/ai-scraper/page.tsx(3,32): error TS2307: Cannot find module '@/components/AuthContext' or its corresponding type declarations.
scratch/temp-github-repo/src/app/dashboard/ai-scraper/page.tsx(14,8): error TS2307: Cannot find module 'lucide-react' or its corresponding type declarations.
scratch/temp-github-repo/src/app/dashboard/ai-scraper/page.tsx(15,23): error TS2307: Cannot find module 'react-hot-toast' or its corresponding type declarations.
scratch/temp-github-repo/src/app/dashboard/backup/page.tsx(4,174): error TS2307: Cannot find module 'lucide-react' or its corresponding type declarations.
scratch/temp-github-repo/src/app/dashboard/billing/[id]/page.tsx(390,27): error TS2307: Cannot find module 'next/navigation' or its corresponding type declarations.
scratch/temp-github-repo/src/app/dashboard/billing/[id]/page.tsx(391,18): error TS2307: Cannot find module 'next/link' or its corresponding type declarations.
scratch/temp-github-repo/src/app/dashboard/billing/[id]/page.tsx(396,8): error TS2307: Cannot find module 'lucide-react' or its corresponding type declarations.
scratch/temp-github-repo/src/app/dashboard/billing/[id]/page.tsx(397,38): error TS2307: Cannot find module '@/lib/whatsapp' or its corresponding type declarations.
scratch/temp-github-repo/src/app/dashboard/billing/[id]/page.tsx(398,36): error TS2307: Cannot find module '@/components/WhatsAppBillButton' or its corresponding type declarations.
scratch/temp-github-repo/src/app/dashboard/billing/[id]/page.tsx(399,32): error TS2307: Cannot find module '@/components/AuthContext' or its corresponding type declarations.
scratch/temp-github-repo/src/app/dashboard/billing/[id]/page.tsx(400,28): error TS2307: Cannot find module '@/components/printing/PrintTemplates' or its corresponding type declarations.
scratch/temp-github-repo/src/app/dashboard/billing/[id]/page.tsx(401,23): error TS2307: Cannot find module 'sonner' or its corresponding type declarations.
scratch/temp-github-repo/src/app/dashboard/billing/[id]/page.tsx(405,8): error TS2307: Cannot find module '@prisma/client' or its corresponding type declarations.
scratch/temp-github-repo/src/app/dashboard/billing/BillHistoryTable.tsx(10,8): error TS2307: Cannot find module 'lucide-react' or its corresponding type declarations.
scratch/temp-github-repo/src/app/dashboard/billing/BillHistoryTable.tsx(11,38): error TS2307: Cannot find module '@/lib/whatsapp' or its corresponding type declarations.
scratch/temp-github-repo/src/app/dashboard/billing/BillHistoryTable.tsx(12,23): error TS2307: Cannot find module 'react-hot-toast' or its corresponding type declarations.
scratch/temp-github-repo/src/app/dashboard/billing/BillHistoryTable.tsx(13,27): error TS2307: Cannot find module 'next/navigation' or its corresponding type declarations.
scratch/temp-github-repo/src/app/dashboard/billing/BillHistoryTable.tsx(691,38): error TS2345: Argument of type 'unknown' is not assignable to parameter of type 'number'.
scratch/temp-github-repo/src/app/dashboard/billing/checkout/CheckoutClient.tsx(4,18): error TS2307: Cannot find module 'next/link' or its corresponding type declarations.
scratch/temp-github-repo/src/app/dashboard/billing/checkout/CheckoutClient.tsx(5,44): error TS2307: Cannot find module 'next/navigation' or its corresponding type declarations.
scratch/temp-github-repo/src/app/dashboard/billing/checkout/CheckoutClient.tsx(10,8): error TS2307: Cannot find module 'lucide-react' or its corresponding type declarations.
scratch/temp-github-repo/src/app/dashboard/billing/checkout/CheckoutClient.tsx(11,35): error TS2307: Cannot find module '@/lib/discount-utils' or its corresponding type declarations.
scratch/temp-github-repo/src/app/dashboard/billing/checkout/CheckoutClient.tsx(12,23): error TS2307: Cannot find module 'sonner' or its corresponding type declarations.
scratch/temp-github-repo/src/app/dashboard/billing/checkout/CheckoutClient.tsx(13,23): error TS2307: Cannot find module '@/lib/sounds' or its corresponding type declarations.
scratch/temp-github-repo/src/app/dashboard/billing/checkout/CheckoutClient.tsx(14,36): error TS2307: Cannot find module '@/components/WhatsAppBillButton' or its corresponding type declarations.
scratch/temp-github-repo/src/app/dashboard/billing/checkout/CheckoutClient.tsx(15,32): error TS2307: Cannot find module '@/components/AuthContext' or its corresponding type declarations.
scratch/temp-github-repo/src/app/dashboard/billing/checkout/CheckoutClient.tsx(16,28): error TS2307: Cannot find module '@/components/printing/PrintTemplates' or its corresponding type declarations.
scratch/temp-github-repo/src/app/dashboard/billing/checkout/CheckoutClient.tsx(17,25): error TS2307: Cannot find module '@/components/printing/BillPreview' or its corresponding type declarations.
scratch/temp-github-repo/src/app/dashboard/billing/checkout/CheckoutClient.tsx(18,41): error TS2307: Cannot find module 'framer-motion' or its corresponding type declarations.
scratch/temp-github-repo/src/app/dashboard/billing/checkout/CheckoutClient.tsx(744,99): error TS2339: Property 'printedQty' does not exist on type 'BillItem'.
scratch/temp-github-repo/src/app/dashboard/billing/checkout/CheckoutClient.tsx(766,96): error TS2339: Property 'printedQty' does not exist on type 'BillItem'.
scratch/temp-github-repo/src/app/dashboard/billing/checkout/CheckoutClient.tsx(779,100): error TS2339: Property 'printedQty' does not exist on type 'BillItem'.
scratch/temp-github-repo/src/app/dashboard/billing/checkout/CheckoutClient.tsx(811,100): error TS2339: Property 'printedQty' does not exist on type 'BillItem'.
scratch/temp-github-repo/src/app/dashboard/billing/checkout/CheckoutClient.tsx(1277,9): error TS1117: An object literal cannot have multiple properties with the same name.
scratch/temp-github-repo/src/app/dashboard/billing/checkout/CheckoutClient.tsx(1278,9): error TS1117: An object literal cannot have multiple properties with the same name.
scratch/temp-github-repo/src/app/dashboard/billing/checkout/CheckoutClient.tsx(1432,23): error TS2339: Property 'addedAt' does not exist on type 'BillItem'.
scratch/temp-github-repo/src/app/dashboard/billing/checkout/CheckoutClient.tsx(1435,23): error TS2339: Property 'isNew' does not exist on type 'BillItem'.
scratch/temp-github-repo/src/app/dashboard/billing/checkout/CheckoutClient.tsx(2591,41): error TS2339: Property 'itemId' does not exist on type 'BillItem'.
scratch/temp-github-repo/src/app/dashboard/billing/checkout/CheckoutClient.tsx(3056,31): error TS2367: This comparison appears to be unintentional because the types 'number' and 'string' have no overlap.
scratch/temp-github-repo/src/app/dashboard/billing/checkout/CheckoutClient.tsx(3391,29): error TS2367: This comparison appears to be unintentional because the types 'number' and 'string' have no overlap.
scratch/temp-github-repo/src/app/dashboard/billing/deleted/page.tsx(3,27): error TS2307: Cannot find module 'next/navigation' or its corresponding type declarations.
scratch/temp-github-repo/src/app/dashboard/billing/deleted/page.tsx(5,18): error TS2307: Cannot find module 'next/link' or its corresponding type declarations.
scratch/temp-github-repo/src/app/dashboard/billing/deleted/page.tsx(91,111): error TS2339: Property 'type' does not exist on type 'DeletedBill'.
scratch/temp-github-repo/src/app/dashboard/billing/deleted/page.tsx(98,129): error TS2339: Property 'tableName' does not exist on type '{ billNumber: string; total: number; paymentMode: string; paymentStatus: string; isHeld?: boolean; customer?: { name?: string; }; }'.
scratch/temp-github-repo/src/app/dashboard/billing/deleted/page.tsx(131,25): error TS2339: Property 'items' does not exist on type '{ billNumber: string; total: number; paymentMode: string; paymentStatus: string; isHeld?: boolean; customer?: { name?: string; }; }'.
scratch/temp-github-repo/src/app/dashboard/billing/deleted/page.tsx(131,39): error TS2339: Property 'items' does not exist on type '{ billNumber: string; total: number; paymentMode: string; paymentStatus: string; isHeld?: boolean; customer?: { name?: string; }; }'.
scratch/temp-github-repo/src/app/dashboard/billing/deleted/page.tsx(135,145): error TS2339: Property 'type' does not exist on type 'DeletedBill'.
scratch/temp-github-repo/src/app/dashboard/billing/deleted/page.tsx(137,35): error TS2339: Property 'items' does not exist on type '{ billNumber: string; total: number; paymentMode: string; paymentStatus: string; isHeld?: boolean; customer?: { name?: string; }; }'.
scratch/temp-github-repo/src/app/dashboard/billing/page.tsx(3,18): error TS2307: Cannot find module 'next/link' or its corresponding type declarations.
scratch/temp-github-repo/src/app/dashboard/billing/page.tsx(5,44): error TS2307: Cannot find module 'next/navigation' or its corresponding type declarations.
scratch/temp-github-repo/src/app/dashboard/billing/page.tsx(6,24): error TS2307: Cannot find module 'framer-motion' or its corresponding type declarations.
scratch/temp-github-repo/src/app/dashboard/billing/page.tsx(7,38): error TS2307: Cannot find module '@/lib/whatsapp' or its corresponding type declarations.
scratch/temp-github-repo/src/app/dashboard/billing/page.tsx(8,27): error TS2307: Cannot find module '@/components/SearchContext' or its corresponding type declarations.
scratch/temp-github-repo/src/app/dashboard/billing/page.tsx(13,8): error TS2307: Cannot find module 'lucide-react' or its corresponding type declarations.
scratch/temp-github-repo/src/app/dashboard/billing/page.tsx(14,36): error TS2307: Cannot find module '@/components/WhatsAppBillButton' or its corresponding type declarations.
scratch/temp-github-repo/src/app/dashboard/billing/page.tsx(15,32): error TS2307: Cannot find module '@/components/AuthContext' or its corresponding type declarations.
scratch/temp-github-repo/src/app/dashboard/billing/page.tsx(16,23): error TS2307: Cannot find module '@/lib/sounds' or its corresponding type declarations.
scratch/temp-github-repo/src/app/dashboard/billing/page.tsx(17,23): error TS2307: Cannot find module 'react-hot-toast' or its corresponding type declarations.
scratch/temp-github-repo/src/app/dashboard/billing/page.tsx(260,44): error TS2345: Argument of type '{ billNumber: string; tableName: string; customerName: string; customerPhone: string; paymentStatus: string; paymentMode: string; }' is not assignable to parameter of type 'SetStateAction<{ billNumber: string; tableName: string; customerName: string; customerPhone: string; paymentStatus: string; paymentMode: string; orderType: string; paymentModeFilter: string; statusFilter: string; }>'.
  Type '{ billNumber: string; tableName: string; customerName: string; customerPhone: string; paymentStatus: string; paymentMode: string; }' is missing the following properties from type '{ billNumber: string; tableName: string; customerName: string; customerPhone: string; paymentStatus: string; paymentMode: string; orderType: string; paymentModeFilter: string; statusFilter: string; }': orderType, paymentModeFilter, statusFilter
scratch/temp-github-repo/src/app/dashboard/billing/page.tsx(335,43): error TS2307: Cannot find module 'xlsx' or its corresponding type declarations.
scratch/temp-github-repo/src/app/dashboard/billing/page.tsx(510,14): error TS2322: Type '(silent?: boolean) => Promise<void>' is not assignable to type 'MouseEventHandler<HTMLButtonElement>'.
  Types of parameters 'silent' and 'event' are incompatible.
    Type 'MouseEvent<HTMLButtonElement, MouseEvent>' is not assignable to type 'boolean'.
scratch/temp-github-repo/src/app/dashboard/combos/page.tsx(21,8): error TS2307: Cannot find module 'lucide-react' or its corresponding type declarations.
scratch/temp-github-repo/src/app/dashboard/combos/page.tsx(22,23): error TS2307: Cannot find module 'sonner' or its corresponding type declarations.
scratch/temp-github-repo/src/app/dashboard/combos/page.tsx(23,41): error TS2307: Cannot find module 'framer-motion' or its corresponding type declarations.
scratch/temp-github-repo/src/app/dashboard/combos/page.tsx(24,24): error TS2307: Cannot find module '@/components/ui/button' or its corresponding type declarations.
scratch/temp-github-repo/src/app/dashboard/combos/page.tsx(25,23): error TS2307: Cannot find module '@/components/ui/input' or its corresponding type declarations.
scratch/temp-github-repo/src/app/dashboard/combos/page.tsx(26,22): error TS2307: Cannot find module '@/components/ui/card' or its corresponding type declarations.
scratch/temp-github-repo/src/app/dashboard/combos/page.tsx(27,23): error TS2307: Cannot find module '@/components/ui/label' or its corresponding type declarations.
scratch/temp-github-repo/src/app/dashboard/combos/page.tsx(29,23): error TS2307: Cannot find module '@/lib/sounds' or its corresponding type declarations.
scratch/temp-github-repo/src/app/dashboard/combos/page.tsx(37,8): error TS2307: Cannot find module '@/components/ui/sheet' or its corresponding type declarations.
scratch/temp-github-repo/src/app/dashboard/components/analytics-card.tsx(3,35): error TS2307: Cannot find module '@/components/ui/card' or its corresponding type declarations.
scratch/temp-github-repo/src/app/dashboard/components/copy-button.tsx(4,29): error TS2307: Cannot find module 'lucide-react' or its corresponding type declarations.
scratch/temp-github-repo/src/app/dashboard/components/dashboard-sound-alerts.tsx(4,23): error TS2307: Cannot find module '@/lib/sounds' or its corresponding type declarations.
scratch/temp-github-repo/src/app/dashboard/components/date-filter.tsx(4,57): error TS2307: Cannot find module 'next/navigation' or its corresponding type declarations.
scratch/temp-github-repo/src/app/dashboard/components/date-filter.tsx(5,38): error TS2307: Cannot find module 'react-day-picker' or its corresponding type declarations.
scratch/temp-github-repo/src/app/dashboard/components/date-filter.tsx(7,41): error TS2307: Cannot find module 'framer-motion' or its corresponding type declarations.
scratch/temp-github-repo/src/app/dashboard/components/date-filter.tsx(8,55): error TS2307: Cannot find module 'lucide-react' or its corresponding type declarations.
scratch/temp-github-repo/src/app/dashboard/components/order-type-chart.tsx(4,18): error TS2307: Cannot find module 'next/link' or its corresponding type declarations.
scratch/temp-github-repo/src/app/dashboard/components/order-type-chart.tsx(5,27): error TS2307: Cannot find module 'lucide-react' or its corresponding type declarations.
scratch/temp-github-repo/src/app/dashboard/components/payment-mode-chart.tsx(3,67): error TS2307: Cannot find module 'recharts' or its corresponding type declarations.
scratch/temp-github-repo/src/app/dashboard/components/payment-mode-chart.tsx(4,35): error TS2307: Cannot find module 'lucide-react' or its corresponding type declarations.
scratch/temp-github-repo/src/app/dashboard/components/payment-mode-chart.tsx(5,27): error TS2307: Cannot find module 'next/navigation' or its corresponding type declarations.
scratch/temp-github-repo/src/app/dashboard/components/peak-hours-chart.tsx(4,96): error TS2307: Cannot find module 'recharts' or its corresponding type declarations.
scratch/temp-github-repo/src/app/dashboard/components/recent-bills.tsx(3,94): error TS2307: Cannot find module 'lucide-react' or its corresponding type declarations.
scratch/temp-github-repo/src/app/dashboard/components/recent-bills.tsx(4,24): error TS2307: Cannot find module 'framer-motion' or its corresponding type declarations.
scratch/temp-github-repo/src/app/dashboard/components/recent-bills.tsx(5,27): error TS2307: Cannot find module 'next/navigation' or its corresponding type declarations.
scratch/temp-github-repo/src/app/dashboard/components/revenue-chart.tsx(11,8): error TS2307: Cannot find module 'recharts' or its corresponding type declarations.
scratch/temp-github-repo/src/app/dashboard/components/revenue-chart.tsx(12,28): error TS2307: Cannot find module 'lucide-react' or its corresponding type declarations.
scratch/temp-github-repo/src/app/dashboard/components/stats-grid.tsx(3,163): error TS2307: Cannot find module 'lucide-react' or its corresponding type declarations.
scratch/temp-github-repo/src/app/dashboard/components/stats-grid.tsx(4,24): error TS2307: Cannot find module 'framer-motion' or its corresponding type declarations.
scratch/temp-github-repo/src/app/dashboard/components/stats-grid.tsx(5,27): error TS2307: Cannot find module 'next/navigation' or its corresponding type declarations.
scratch/temp-github-repo/src/app/dashboard/components/stats-grid.tsx(6,23): error TS2307: Cannot find module '@/lib/sounds' or its corresponding type declarations.
scratch/temp-github-repo/src/app/dashboard/components/top-items.tsx(3,24): error TS2307: Cannot find module 'framer-motion' or its corresponding type declarations.
scratch/temp-github-repo/src/app/dashboard/components/top-items.tsx(4,31): error TS2307: Cannot find module 'lucide-react' or its corresponding type declarations.
scratch/temp-github-repo/src/app/dashboard/components/top-items.tsx(5,27): error TS2307: Cannot find module 'next/navigation' or its corresponding type declarations.
scratch/temp-github-repo/src/app/dashboard/components/uploaditems/CategorySelect.tsx(5,62): error TS2307: Cannot find module 'lucide-react' or its corresponding type declarations.
scratch/temp-github-repo/src/app/dashboard/components/uploaditems/CategorySelect.tsx(6,41): error TS2307: Cannot find module 'framer-motion' or its corresponding type declarations.
scratch/temp-github-repo/src/app/dashboard/components/uploaditems/CategorySelect.tsx(7,23): error TS2307: Cannot find module 'sonner' or its corresponding type declarations.
scratch/temp-github-repo/src/app/dashboard/components/uploaditems/CategorySelect.tsx(8,23): error TS2307: Cannot find module '@/lib/sounds' or its corresponding type declarations.
scratch/temp-github-repo/src/app/dashboard/components/uploaditems/ExpandableSection.tsx(3,40): error TS2307: Cannot find module 'lucide-react' or its corresponding type declarations.
scratch/temp-github-repo/src/app/dashboard/components/uploaditems/ImageUpload.tsx(6,24): error TS2307: Cannot find module 'lucide-react' or its corresponding type declarations.
scratch/temp-github-repo/src/app/dashboard/components/uploaditems/ImageUpload.tsx(7,24): error TS2307: Cannot find module 'framer-motion' or its corresponding type declarations.
scratch/temp-github-repo/src/app/dashboard/components/weekly-revenue-chart.tsx(13,8): error TS2307: Cannot find module 'recharts' or its corresponding type declarations.
scratch/temp-github-repo/src/app/dashboard/discounts/page.tsx(4,140): error TS2307: Cannot find module 'lucide-react' or its corresponding type declarations.
scratch/temp-github-repo/src/app/dashboard/discounts/page.tsx(5,41): error TS2307: Cannot find module 'framer-motion' or its corresponding type declarations.
scratch/temp-github-repo/src/app/dashboard/discounts/page.tsx(6,23): error TS2307: Cannot find module 'sonner' or its corresponding type declarations.
scratch/temp-github-repo/src/app/dashboard/discounts/page.tsx(7,35): error TS2307: Cannot find module '@/lib/discount-utils' or its corresponding type declarations.
scratch/temp-github-repo/src/app/dashboard/docs/gst-billing/page.tsx(23,8): error TS2307: Cannot find module 'lucide-react' or its corresponding type declarations.
scratch/temp-github-repo/src/app/dashboard/docs/gst-billing/page.tsx(24,24): error TS2307: Cannot find module 'framer-motion' or its corresponding type declarations.
scratch/temp-github-repo/src/app/dashboard/docs/gst-billing/page.tsx(25,27): error TS2307: Cannot find module 'next/navigation' or its corresponding type declarations.
scratch/temp-github-repo/src/app/dashboard/docs/gst-category-pro/page.tsx(22,8): error TS2307: Cannot find module 'lucide-react' or its corresponding type declarations.
scratch/temp-github-repo/src/app/dashboard/docs/gst-category-pro/page.tsx(23,41): error TS2307: Cannot find module 'framer-motion' or its corresponding type declarations.
scratch/temp-github-repo/src/app/dashboard/docs/gst-category-pro/page.tsx(24,27): error TS2307: Cannot find module 'next/navigation' or its corresponding type declarations.
scratch/temp-github-repo/src/app/dashboard/docs/gst-category-pro/page.tsx(25,19): error TS2307: Cannot find module 'next/image' or its corresponding type declarations.
scratch/temp-github-repo/src/app/dashboard/docs/menu-management/page.tsx(4,24): error TS2307: Cannot find module 'framer-motion' or its corresponding type declarations.
scratch/temp-github-repo/src/app/dashboard/docs/menu-management/page.tsx(20,8): error TS2307: Cannot find module 'lucide-react' or its corresponding type declarations.
scratch/temp-github-repo/src/app/dashboard/docs/menu-management/page.tsx(21,27): error TS2307: Cannot find module 'next/navigation' or its corresponding type declarations.
scratch/temp-github-repo/src/app/dashboard/docs/menu-management/page.tsx(280,14): error TS2322: Type '{ children: string; jsx: true; global: true; }' is not assignable to type 'DetailedHTMLProps<StyleHTMLAttributes<HTMLStyleElement>, HTMLStyleElement>'.
  Property 'jsx' does not exist on type 'DetailedHTMLProps<StyleHTMLAttributes<HTMLStyleElement>, HTMLStyleElement>'.
scratch/temp-github-repo/src/app/dashboard/docs/staff-access/interactive/page.tsx(4,77): error TS2307: Cannot find module 'framer-motion' or its corresponding type declarations.
scratch/temp-github-repo/src/app/dashboard/docs/staff-access/interactive/page.tsx(21,8): error TS2307: Cannot find module 'lucide-react' or its corresponding type declarations.
scratch/temp-github-repo/src/app/dashboard/docs/staff-access/interactive/page.tsx(22,27): error TS2307: Cannot find module 'next/navigation' or its corresponding type declarations.
scratch/temp-github-repo/src/app/dashboard/docs/staff-access/interactive/page.tsx(516,14): error TS2322: Type '{ children: string; jsx: true; global: true; }' is not assignable to type 'DetailedHTMLProps<StyleHTMLAttributes<HTMLStyleElement>, HTMLStyleElement>'.
  Property 'jsx' does not exist on type 'DetailedHTMLProps<StyleHTMLAttributes<HTMLStyleElement>, HTMLStyleElement>'.
scratch/temp-github-repo/src/app/dashboard/docs/staff-access/page.tsx(25,8): error TS2307: Cannot find module 'lucide-react' or its corresponding type declarations.
scratch/temp-github-repo/src/app/dashboard/docs/staff-access/page.tsx(26,24): error TS2307: Cannot find module 'framer-motion' or its corresponding type declarations.
scratch/temp-github-repo/src/app/dashboard/docs/staff-access/page.tsx(27,32): error TS2307: Cannot find module '@/components/AuthContext' or its corresponding type declarations.
scratch/temp-github-repo/src/app/dashboard/docs/staff-access/page.tsx(28,27): error TS2307: Cannot find module 'next/navigation' or its corresponding type declarations.
scratch/temp-github-repo/src/app/dashboard/docs/workflow/page.tsx(4,24): error TS2307: Cannot find module 'framer-motion' or its corresponding type declarations.
scratch/temp-github-repo/src/app/dashboard/docs/workflow/page.tsx(20,8): error TS2307: Cannot find module 'lucide-react' or its corresponding type declarations.
scratch/temp-github-repo/src/app/dashboard/docs/workflow/page.tsx(21,27): error TS2307: Cannot find module 'next/navigation' or its corresponding type declarations.
scratch/temp-github-repo/src/app/dashboard/docs/workflow/page.tsx(395,14): error TS2322: Type '{ children: string; jsx: true; global: true; }' is not assignable to type 'DetailedHTMLProps<StyleHTMLAttributes<HTMLStyleElement>, HTMLStyleElement>'.
  Property 'jsx' does not exist on type 'DetailedHTMLProps<StyleHTMLAttributes<HTMLStyleElement>, HTMLStyleElement>'.
scratch/temp-github-repo/src/app/dashboard/expenses/page.tsx(4,41): error TS2307: Cannot find module 'framer-motion' or its corresponding type declarations.
scratch/temp-github-repo/src/app/dashboard/expenses/page.tsx(16,8): error TS2307: Cannot find module 'lucide-react' or its corresponding type declarations.
scratch/temp-github-repo/src/app/dashboard/expenses/page.tsx(17,23): error TS2307: Cannot find module 'react-hot-toast' or its corresponding type declarations.
scratch/temp-github-repo/src/app/dashboard/expenses/page.tsx(18,24): error TS2307: Cannot find module 'date-fns' or its corresponding type declarations.
scratch/temp-github-repo/src/app/dashboard/expenses/page.tsx(19,27): error TS2307: Cannot find module 'next/navigation' or its corresponding type declarations.
scratch/temp-github-repo/src/app/dashboard/expenses/page.tsx(20,23): error TS2307: Cannot find module '@/lib/sounds' or its corresponding type declarations.
scratch/temp-github-repo/src/app/dashboard/expenses/pnl/page.tsx(4,41): error TS2307: Cannot find module 'framer-motion' or its corresponding type declarations.
scratch/temp-github-repo/src/app/dashboard/expenses/pnl/page.tsx(15,8): error TS2307: Cannot find module 'lucide-react' or its corresponding type declarations.
scratch/temp-github-repo/src/app/dashboard/expenses/pnl/page.tsx(16,27): error TS2307: Cannot find module 'next/navigation' or its corresponding type declarations.
scratch/temp-github-repo/src/app/dashboard/expenses/pnl/page.tsx(21,8): error TS2307: Cannot find module 'recharts' or its corresponding type declarations.
scratch/temp-github-repo/src/app/dashboard/expenses/pnl/page.tsx(27,8): error TS2307: Cannot find module 'date-fns' or its corresponding type declarations.
scratch/temp-github-repo/src/app/dashboard/expenses/pnl/page.tsx(28,23): error TS2307: Cannot find module '@/lib/sounds' or its corresponding type declarations.
scratch/temp-github-repo/src/app/dashboard/expenses/pnl/page.tsx(29,23): error TS2307: Cannot find module 'react-hot-toast' or its corresponding type declarations.
scratch/temp-github-repo/src/app/dashboard/expenses/reports/page.tsx(4,41): error TS2307: Cannot find module 'framer-motion' or its corresponding type declarations.
scratch/temp-github-repo/src/app/dashboard/expenses/reports/page.tsx(15,8): error TS2307: Cannot find module 'lucide-react' or its corresponding type declarations.
scratch/temp-github-repo/src/app/dashboard/expenses/reports/page.tsx(16,23): error TS2307: Cannot find module 'react-hot-toast' or its corresponding type declarations.
scratch/temp-github-repo/src/app/dashboard/expenses/reports/page.tsx(17,27): error TS2307: Cannot find module 'next/navigation' or its corresponding type declarations.
scratch/temp-github-repo/src/app/dashboard/expenses/reports/page.tsx(23,8): error TS2307: Cannot find module 'recharts' or its corresponding type declarations.
scratch/temp-github-repo/src/app/dashboard/expenses/reports/page.tsx(29,8): error TS2307: Cannot find module 'date-fns' or its corresponding type declarations.
scratch/temp-github-repo/src/app/dashboard/expenses/reports/page.tsx(30,23): error TS2307: Cannot find module '@/lib/sounds' or its corresponding type declarations.
scratch/temp-github-repo/src/app/dashboard/gallery/page.tsx(4,41): error TS2307: Cannot find module 'framer-motion' or its corresponding type declarations.
scratch/temp-github-repo/src/app/dashboard/gallery/page.tsx(5,19): error TS2307: Cannot find module 'next/image' or its corresponding type declarations.
scratch/temp-github-repo/src/app/dashboard/gallery/page.tsx(10,8): error TS2307: Cannot find module 'lucide-react' or its corresponding type declarations.
scratch/temp-github-repo/src/app/dashboard/gallery/page.tsx(11,19): error TS2307: Cannot find module 'react-hot-toast' or its corresponding type declarations.
scratch/temp-github-repo/src/app/dashboard/gallery/page.tsx(12,23): error TS2307: Cannot find module '@/lib/sounds' or its corresponding type declarations.
scratch/temp-github-repo/src/app/dashboard/help/page.tsx(18,8): error TS2307: Cannot find module 'lucide-react' or its corresponding type declarations.
scratch/temp-github-repo/src/app/dashboard/help/page.tsx(19,32): error TS2307: Cannot find module '@/components/AuthContext' or its corresponding type declarations.
scratch/temp-github-repo/src/app/dashboard/help/page.tsx(20,18): error TS2307: Cannot find module 'next/link' or its corresponding type declarations.
scratch/temp-github-repo/src/app/dashboard/integration/gmail/page.tsx(4,33): error TS2307: Cannot find module 'next/navigation' or its corresponding type declarations.
scratch/temp-github-repo/src/app/dashboard/integration/gmail/page.tsx(17,8): error TS2307: Cannot find module 'lucide-react' or its corresponding type declarations.
scratch/temp-github-repo/src/app/dashboard/integration/gmail/page.tsx(18,24): error TS2307: Cannot find module 'framer-motion' or its corresponding type declarations.
scratch/temp-github-repo/src/app/dashboard/integration/gmail/page.tsx(19,23): error TS2307: Cannot find module 'react-hot-toast' or its corresponding type declarations.
scratch/temp-github-repo/src/app/dashboard/inventory/page.tsx(4,41): error TS2307: Cannot find module 'framer-motion' or its corresponding type declarations.
scratch/temp-github-repo/src/app/dashboard/inventory/page.tsx(5,201): error TS2307: Cannot find module 'lucide-react' or its corresponding type declarations.
scratch/temp-github-repo/src/app/dashboard/inventory/page.tsx(6,19): error TS2307: Cannot find module 'react-hot-toast' or its corresponding type declarations.
scratch/temp-github-repo/src/app/dashboard/inventory/page.tsx(7,27): error TS2307: Cannot find module '@/components/SearchContext' or its corresponding type declarations.
scratch/temp-github-repo/src/app/dashboard/inventory/page.tsx(8,18): error TS2307: Cannot find module 'next/link' or its corresponding type declarations.
scratch/temp-github-repo/src/app/dashboard/inventory/reports/page.tsx(19,8): error TS2307: Cannot find module 'lucide-react' or its corresponding type declarations.
scratch/temp-github-repo/src/app/dashboard/inventory/reports/page.tsx(20,18): error TS2307: Cannot find module 'next/link' or its corresponding type declarations.
scratch/temp-github-repo/src/app/dashboard/inventory/reports/page.tsx(282,14): error TS2322: Type '{ children: string; jsx: true; global: true; }' is not assignable to type 'DetailedHTMLProps<StyleHTMLAttributes<HTMLStyleElement>, HTMLStyleElement>'.
  Property 'jsx' does not exist on type 'DetailedHTMLProps<StyleHTMLAttributes<HTMLStyleElement>, HTMLStyleElement>'.
scratch/temp-github-repo/src/app/dashboard/kitchen/components/order-alert-loop.tsx(4,23): error TS2307: Cannot find module '@/lib/sounds' or its corresponding type declarations.
scratch/temp-github-repo/src/app/dashboard/kitchen/components/order-alert-loop.tsx(26,9): error TS2322: Type 'number' is not assignable to type 'Timeout'.
scratch/temp-github-repo/src/app/dashboard/kitchen/page.tsx(3,23): error TS2307: Cannot find module 'sonner' or its corresponding type declarations.
scratch/temp-github-repo/src/app/dashboard/kitchen/page.tsx(4,36): error TS2307: Cannot find module '@/components/TerminalContext' or its corresponding type declarations.
scratch/temp-github-repo/src/app/dashboard/kitchen/page.tsx(5,44): error TS2307: Cannot find module 'next/navigation' or its corresponding type declarations.
scratch/temp-github-repo/src/app/dashboard/kitchen/page.tsx(7,23): error TS2307: Cannot find module '@/lib/sounds' or its corresponding type declarations.
scratch/temp-github-repo/src/app/dashboard/kitchen/page.tsx(17,8): error TS2307: Cannot find module 'lucide-react' or its corresponding type declarations.
scratch/temp-github-repo/src/app/dashboard/kitchen/page.tsx(18,54): error TS2307: Cannot find module 'framer-motion' or its corresponding type declarations.
scratch/temp-github-repo/src/app/dashboard/kitchen/page.tsx(27,8): error TS2307: Cannot find module '@dnd-kit/core' or its corresponding type declarations.
scratch/temp-github-repo/src/app/dashboard/kitchen/page.tsx(28,28): error TS2307: Cannot find module '@/components/printing/PrintTemplates' or its corresponding type declarations.
scratch/temp-github-repo/src/app/dashboard/kitchen/page.tsx(29,25): error TS2307: Cannot find module '@/components/printing/BillPreview' or its corresponding type declarations.
scratch/temp-github-repo/src/app/dashboard/kitchen/page.tsx(30,21): error TS2307: Cannot find module '@dnd-kit/utilities' or its corresponding type declarations.
scratch/temp-github-repo/src/app/dashboard/kitchen/page.tsx(32,32): error TS2307: Cannot find module '@/components/AuthContext' or its corresponding type declarations.
scratch/temp-github-repo/src/app/dashboard/kitchen/page.tsx(854,30): error TS2345: Argument of type '"dashboard"' is not assignable to parameter of type 'SetStateAction<"kitchen" | "track" | "live-orders">'.
scratch/temp-github-repo/src/app/dashboard/kitchen/page.tsx(1582,124): error TS2345: Argument of type 'string' is not assignable to parameter of type '"PENDING" | "COMPLETED" | "PREPARING" | "ACCEPTED" | "READY"'.
scratch/temp-github-repo/src/app/dashboard/kitchen/page.tsx(1885,41): error TS2339: Property 'billNumber' does not exist on type 'Order'.
scratch/temp-github-repo/src/app/dashboard/kitchen/page.tsx(1933,41): error TS2339: Property 'billNumber' does not exist on type 'Order'.
scratch/temp-github-repo/src/app/dashboard/layout.tsx(2,26): error TS2307: Cannot find module '@/components/ClientLayout' or its corresponding type declarations.
scratch/temp-github-repo/src/app/dashboard/layout.tsx(3,30): error TS2307: Cannot find module '@/components/AuthContext' or its corresponding type declarations.
scratch/temp-github-repo/src/app/dashboard/layout.tsx(9,34): error TS2307: Cannot find module '@/components/TerminalContext' or its corresponding type declarations.
scratch/temp-github-repo/src/app/dashboard/menu-editor/page.tsx(1,24): error TS2307: Cannot find module '@/components/MenuEditor' or its corresponding type declarations.
scratch/temp-github-repo/src/app/dashboard/menu-editor/page.tsx(2,37): error TS2307: Cannot find module '@/lib/auth-utils' or its corresponding type declarations.
scratch/temp-github-repo/src/app/dashboard/menu-editor/page.tsx(3,22): error TS2307: Cannot find module '@clerk/nextjs/server' or its corresponding type declarations.
scratch/temp-github-repo/src/app/dashboard/menu-editor/page.tsx(4,25): error TS2307: Cannot find module 'react-hot-toast' or its corresponding type declarations.
scratch/temp-github-repo/src/app/dashboard/menu/addons/page.tsx(3,153): error TS2307: Cannot find module 'lucide-react' or its corresponding type declarations.
scratch/temp-github-repo/src/app/dashboard/menu/addons/page.tsx(4,41): error TS2307: Cannot find module 'framer-motion' or its corresponding type declarations.
scratch/temp-github-repo/src/app/dashboard/menu/addons/page.tsx(5,32): error TS2307: Cannot find module 'react-hot-toast' or its corresponding type declarations.
scratch/temp-github-repo/src/app/dashboard/menu/addons/page.tsx(6,30): error TS2307: Cannot find module '@/components/MenuEditor/AddonGroupsModal' or its corresponding type declarations.
scratch/temp-github-repo/src/app/dashboard/menu/addons/page.tsx(7,18): error TS2307: Cannot find module 'next/link' or its corresponding type declarations.
scratch/temp-github-repo/src/app/dashboard/menu/edit/page.tsx(5,23): error TS2307: Cannot find module 'sonner' or its corresponding type declarations.
scratch/temp-github-repo/src/app/dashboard/menu/edit/page.tsx(6,83): error TS2307: Cannot find module 'lucide-react' or its corresponding type declarations.
scratch/temp-github-repo/src/app/dashboard/menu/edit/page.tsx(7,24): error TS2307: Cannot find module '@/components/ui/button' or its corresponding type declarations.
scratch/temp-github-repo/src/app/dashboard/menu/edit/page.tsx(8,23): error TS2307: Cannot find module '@/lib/sounds' or its corresponding type declarations.
scratch/temp-github-repo/src/app/dashboard/menu/edit/page.tsx(9,28): error TS2307: Cannot find module '@/app/dashboard/components/uploaditems/CategorySelect' or its corresponding type declarations.
scratch/temp-github-repo/src/app/dashboard/menu/upload/page.tsx(7,24): error TS2307: Cannot find module 'framer-motion' or its corresponding type declarations.
scratch/temp-github-repo/src/app/dashboard/menu/upload/page.tsx(8,25): error TS2307: Cannot find module '@/app/dashboard/components/uploaditems/ImageUpload' or its corresponding type declarations.
scratch/temp-github-repo/src/app/dashboard/menu/upload/page.tsx(9,28): error TS2307: Cannot find module '@/app/dashboard/components/uploaditems/CategorySelect' or its corresponding type declarations.
scratch/temp-github-repo/src/app/dashboard/menu/upload/page.tsx(10,27): error TS2307: Cannot find module '@/app/dashboard/components/uploaditems/GstTaxSection' or its corresponding type declarations.
scratch/temp-github-repo/src/app/dashboard/menu/upload/page.tsx(11,35): error TS2307: Cannot find module '@/app/dashboard/components/uploaditems/ProductDetailsSection' or its corresponding type declarations.
scratch/temp-github-repo/src/app/dashboard/menu/upload/page.tsx(12,30): error TS2307: Cannot find module '@/app/dashboard/components/uploaditems/InventorySection' or its corresponding type declarations.
scratch/temp-github-repo/src/app/dashboard/menu/upload/page.tsx(13,28): error TS2307: Cannot find module '@/app/dashboard/components/uploaditems/DisplaySection' or its corresponding type declarations.
scratch/temp-github-repo/src/app/dashboard/menu/view/page.tsx(399,19): error TS2307: Cannot find module 'next/image' or its corresponding type declarations.
scratch/temp-github-repo/src/app/dashboard/menu/view/page.tsx(400,41): error TS2307: Cannot find module 'framer-motion' or its corresponding type declarations.
scratch/temp-github-repo/src/app/dashboard/menu/view/page.tsx(401,90): error TS2307: Cannot find module 'lucide-react' or its corresponding type declarations.
scratch/temp-github-repo/src/app/dashboard/menu/view/page.tsx(1373,66): error TS2367: This comparison appears to be unintentional because the types '"veg" | "nv"' and '"egg"' have no overlap.
scratch/temp-github-repo/src/app/dashboard/offers/generator/page.tsx(4,18): error TS2307: Cannot find module 'next/link' or its corresponding type declarations.
scratch/temp-github-repo/src/app/dashboard/offers/generator/page.tsx(19,8): error TS2307: Cannot find module 'lucide-react' or its corresponding type declarations.
scratch/temp-github-repo/src/app/dashboard/offers/generator/page.tsx(20,23): error TS2307: Cannot find module 'sonner' or its corresponding type declarations.
scratch/temp-github-repo/src/app/dashboard/offers/generator/page.tsx(21,26): error TS2307: Cannot find module 'modern-screenshot' or its corresponding type declarations.
scratch/temp-github-repo/src/app/dashboard/offers/generator/page.tsx(22,24): error TS2307: Cannot find module '@/components/ui/button' or its corresponding type declarations.
scratch/temp-github-repo/src/app/dashboard/offers/generator/page.tsx(23,23): error TS2307: Cannot find module '@/components/ui/input' or its corresponding type declarations.
scratch/temp-github-repo/src/app/dashboard/offers/generator/page.tsx(24,23): error TS2307: Cannot find module '@/components/ui/label' or its corresponding type declarations.
scratch/temp-github-repo/src/app/dashboard/offers/generator/page.tsx(25,22): error TS2307: Cannot find module '@/components/ui/card' or its corresponding type declarations.
scratch/temp-github-repo/src/app/dashboard/offers/generator/page.tsx(26,23): error TS2307: Cannot find module '@/lib/sounds' or its corresponding type declarations.
scratch/temp-github-repo/src/app/dashboard/offers/page.tsx(4,18): error TS2307: Cannot find module 'next/link' or its corresponding type declarations.
scratch/temp-github-repo/src/app/dashboard/offers/page.tsx(23,8): error TS2307: Cannot find module 'lucide-react' or its corresponding type declarations.
scratch/temp-github-repo/src/app/dashboard/offers/page.tsx(24,23): error TS2307: Cannot find module 'sonner' or its corresponding type declarations.
scratch/temp-github-repo/src/app/dashboard/offers/page.tsx(25,41): error TS2307: Cannot find module 'framer-motion' or its corresponding type declarations.
scratch/temp-github-repo/src/app/dashboard/offers/page.tsx(26,24): error TS2307: Cannot find module '@/components/ui/button' or its corresponding type declarations.
scratch/temp-github-repo/src/app/dashboard/offers/page.tsx(27,23): error TS2307: Cannot find module '@/components/ui/input' or its corresponding type declarations.
scratch/temp-github-repo/src/app/dashboard/offers/page.tsx(28,22): error TS2307: Cannot find module '@/components/ui/card' or its corresponding type declarations.
scratch/temp-github-repo/src/app/dashboard/offers/page.tsx(29,23): error TS2307: Cannot find module '@/components/ui/label' or its corresponding type declarations.
scratch/temp-github-repo/src/app/dashboard/offers/page.tsx(30,23): error TS2307: Cannot find module '@/lib/sounds' or its corresponding type declarations.
scratch/temp-github-repo/src/app/dashboard/offers/page.tsx(38,8): error TS2307: Cannot find module '@/components/ui/sheet' or its corresponding type declarations.
scratch/temp-github-repo/src/app/dashboard/offers/reviews/page.tsx(4,18): error TS2307: Cannot find module 'next/link' or its corresponding type declarations.
scratch/temp-github-repo/src/app/dashboard/offers/reviews/page.tsx(15,8): error TS2307: Cannot find module 'lucide-react' or its corresponding type declarations.
scratch/temp-github-repo/src/app/dashboard/offers/reviews/page.tsx(16,23): error TS2307: Cannot find module 'sonner' or its corresponding type declarations.
scratch/temp-github-repo/src/app/dashboard/offers/reviews/page.tsx(17,26): error TS2307: Cannot find module 'modern-screenshot' or its corresponding type declarations.
scratch/temp-github-repo/src/app/dashboard/offers/reviews/page.tsx(18,24): error TS2307: Cannot find module '@/components/ui/button' or its corresponding type declarations.
scratch/temp-github-repo/src/app/dashboard/offers/reviews/page.tsx(19,23): error TS2307: Cannot find module '@/components/ui/input' or its corresponding type declarations.
scratch/temp-github-repo/src/app/dashboard/offers/reviews/page.tsx(20,23): error TS2307: Cannot find module '@/components/ui/label' or its corresponding type declarations.
scratch/temp-github-repo/src/app/dashboard/offers/reviews/page.tsx(21,22): error TS2307: Cannot find module '@/components/ui/card' or its corresponding type declarations.
scratch/temp-github-repo/src/app/dashboard/offers/reviews/page.tsx(23,23): error TS2307: Cannot find module '@/lib/sounds' or its corresponding type declarations.
scratch/temp-github-repo/src/app/dashboard/page.tsx(1,26): error TS2307: Cannot find module 'next/navigation' or its corresponding type declarations.
scratch/temp-github-repo/src/app/dashboard/page.tsx(2,24): error TS2307: Cannot find module '@/lib/prisma' or its corresponding type declarations.
scratch/temp-github-repo/src/app/dashboard/page.tsx(3,37): error TS2307: Cannot find module '@/lib/auth-utils' or its corresponding type declarations.
scratch/temp-github-repo/src/app/dashboard/page.tsx(15,116): error TS2307: Cannot find module 'lucide-react' or its corresponding type declarations.
scratch/temp-github-repo/src/app/dashboard/parties/add/page.tsx(6,27): error TS2307: Cannot find module 'next/navigation' or its corresponding type declarations.
scratch/temp-github-repo/src/app/dashboard/parties/page.tsx(6,18): error TS2307: Cannot find module 'next/link' or its corresponding type declarations.
scratch/temp-github-repo/src/app/dashboard/parties/page.tsx(28,8): error TS2307: Cannot find module 'lucide-react' or its corresponding type declarations.
scratch/temp-github-repo/src/app/dashboard/parties/page.tsx(29,23): error TS2307: Cannot find module '@/lib/sounds' or its corresponding type declarations.
scratch/temp-github-repo/src/app/dashboard/profile/_components/BusinessProfileForm.tsx(4,27): error TS2307: Cannot find module 'next/navigation' or its corresponding type declarations.
scratch/temp-github-repo/src/app/dashboard/profile/_components/BusinessProfileForm.tsx(5,25): error TS2307: Cannot find module 'react-hook-form' or its corresponding type declarations.
scratch/temp-github-repo/src/app/dashboard/profile/_components/BusinessProfileForm.tsx(6,29): error TS2307: Cannot find module '@hookform/resolvers/zod' or its corresponding type declarations.
scratch/temp-github-repo/src/app/dashboard/profile/_components/BusinessProfileForm.tsx(7,19): error TS2307: Cannot find module 'zod' or its corresponding type declarations.
scratch/temp-github-repo/src/app/dashboard/profile/_components/BusinessProfileForm.tsx(8,58): error TS2307: Cannot find module '@/components/ui/card' or its corresponding type declarations.
scratch/temp-github-repo/src/app/dashboard/profile/_components/BusinessProfileForm.tsx(9,24): error TS2307: Cannot find module '@/components/ui/button' or its corresponding type declarations.
scratch/temp-github-repo/src/app/dashboard/profile/_components/BusinessProfileForm.tsx(10,23): error TS2307: Cannot find module 'sonner' or its corresponding type declarations.
scratch/temp-github-repo/src/app/dashboard/profile/_components/BusinessProfileForm.tsx(11,23): error TS2307: Cannot find module '@/components/ui/input' or its corresponding type declarations.
scratch/temp-github-repo/src/app/dashboard/profile/_components/BusinessProfileForm.tsx(12,23): error TS2307: Cannot find module '@/components/ui/label' or its corresponding type declarations.
scratch/temp-github-repo/src/app/dashboard/profile/_components/BusinessProfileForm.tsx(13,95): error TS2307: Cannot find module 'lucide-react' or its corresponding type declarations.
scratch/temp-github-repo/src/app/dashboard/profile/_components/BusinessProfileForm.tsx(21,8): error TS2307: Cannot find module '@/components/ui/sheet' or its corresponding type declarations.
scratch/temp-github-repo/src/app/dashboard/profile/_components/BusinessProfileForm.tsx(22,26): error TS2307: Cannot find module '@/components/ui/textarea' or its corresponding type declarations.
scratch/temp-github-repo/src/app/dashboard/profile/_components/BusinessProfileForm.tsx(23,36): error TS2307: Cannot find module '@/lib/cloudinary-client' or its corresponding type declarations.
scratch/temp-github-repo/src/app/dashboard/profile/_components/BusinessProfileForm.tsx(24,38): error TS2307: Cannot find module '@/lib/india-state-district' or its corresponding type declarations.
scratch/temp-github-repo/src/app/dashboard/profile/BusinessProfile.tsx(131,19): error TS2307: Cannot find module 'next/image' or its corresponding type declarations.
scratch/temp-github-repo/src/app/dashboard/profile/BusinessProfile.tsx(137,8): error TS2307: Cannot find module '@/components/ui/card' or its corresponding type declarations.
scratch/temp-github-repo/src/app/dashboard/profile/BusinessProfile.tsx(138,23): error TS2307: Cannot find module '@/components/ui/badge' or its corresponding type declarations.
scratch/temp-github-repo/src/app/dashboard/profile/BusinessProfile.tsx(139,24): error TS2307: Cannot find module '@/components/ui/button' or its corresponding type declarations.
scratch/temp-github-repo/src/app/dashboard/profile/BusinessProfile.tsx(140,34): error TS2307: Cannot find module 'lucide-react' or its corresponding type declarations.
scratch/temp-github-repo/src/app/dashboard/profile/BusinessProfile.tsx(143,33): error TS2307: Cannot find module '@/components/profile/UserActivityHeatmap' or its corresponding type declarations.
scratch/temp-github-repo/src/app/dashboard/profile/create/page.tsx(15,27): error TS2307: Cannot find module 'next/navigation' or its corresponding type declarations.
scratch/temp-github-repo/src/app/dashboard/profile/edit/BusinessProfileFormClient.tsx(3,27): error TS2307: Cannot find module 'next/navigation' or its corresponding type declarations.
scratch/temp-github-repo/src/app/dashboard/profile/empty.tsx(1,24): error TS2307: Cannot find module '@/components/ui/button' or its corresponding type declarations.
scratch/temp-github-repo/src/app/dashboard/profile/empty.tsx(2,35): error TS2307: Cannot find module '@/components/ui/card' or its corresponding type declarations.
scratch/temp-github-repo/src/app/dashboard/profile/empty.tsx(3,18): error TS2307: Cannot find module 'next/link' or its corresponding type declarations.
scratch/temp-github-repo/src/app/dashboard/profile/empty.tsx(4,35): error TS2307: Cannot find module 'lucide-react' or its corresponding type declarations.
scratch/temp-github-repo/src/app/dashboard/profile/loading.tsx(1,47): error TS2307: Cannot find module '@/components/ui/card' or its corresponding type declarations.
scratch/temp-github-repo/src/app/dashboard/qr-management/page.tsx(4,25): error TS2307: Cannot find module '@clerk/nextjs' or its corresponding type declarations.
scratch/temp-github-repo/src/app/dashboard/qr-management/page.tsx(5,23): error TS2307: Cannot find module 'sonner' or its corresponding type declarations.
scratch/temp-github-repo/src/app/dashboard/qr-management/page.tsx(24,8): error TS2307: Cannot find module 'lucide-react' or its corresponding type declarations.
scratch/temp-github-repo/src/app/dashboard/qr-management/page.tsx(25,58): error TS2307: Cannot find module '@/components/ui/card' or its corresponding type declarations.
scratch/temp-github-repo/src/app/dashboard/qr-management/page.tsx(26,24): error TS2307: Cannot find module '@/components/ui/button' or its corresponding type declarations.
scratch/temp-github-repo/src/app/dashboard/qr-management/page.tsx(27,23): error TS2307: Cannot find module '@/components/ui/input' or its corresponding type declarations.
scratch/temp-github-repo/src/app/dashboard/qr-management/page.tsx(28,23): error TS2307: Cannot find module '@/components/ui/badge' or its corresponding type declarations.
scratch/temp-github-repo/src/app/dashboard/qr-management/page.tsx(29,27): error TS2307: Cannot find module '@/components/ui/separator' or its corresponding type declarations.
scratch/temp-github-repo/src/app/dashboard/qr-management/page.tsx(37,8): error TS2307: Cannot find module '@/components/ui/table' or its corresponding type declarations.
scratch/temp-github-repo/src/app/dashboard/qr-management/page.tsx(44,8): error TS2307: Cannot find module '@/components/ui/select' or its corresponding type declarations.
scratch/temp-github-repo/src/app/dashboard/qr-management/page.tsx(45,42): error TS2307: Cannot find module '@/hooks/useRealTimeNotifications' or its corresponding type declarations.
scratch/temp-github-repo/src/app/dashboard/qr-management/page.tsx(46,23): error TS2307: Cannot find module '@/lib/sounds' or its corresponding type declarations.
scratch/temp-github-repo/src/app/dashboard/qr-orders/page.tsx(4,25): error TS2307: Cannot find module '@clerk/nextjs' or its corresponding type declarations.
scratch/temp-github-repo/src/app/dashboard/qr-orders/page.tsx(5,23): error TS2307: Cannot find module 'sonner' or its corresponding type declarations.
scratch/temp-github-repo/src/app/dashboard/qr-orders/page.tsx(15,8): error TS2307: Cannot find module 'lucide-react' or its corresponding type declarations.
scratch/temp-github-repo/src/app/dashboard/qr-orders/page.tsx(16,24): error TS2307: Cannot find module '@/components/ui/button' or its corresponding type declarations.
scratch/temp-github-repo/src/app/dashboard/qr-orders/page.tsx(17,23): error TS2307: Cannot find module '@/components/ui/input' or its corresponding type declarations.
scratch/temp-github-repo/src/app/dashboard/qr-orders/page.tsx(18,23): error TS2307: Cannot find module '@/lib/sounds' or its corresponding type declarations.
scratch/temp-github-repo/src/app/dashboard/reports/analytics/order-type/BillTable.tsx(7,8): error TS2307: Cannot find module 'lucide-react' or its corresponding type declarations.
scratch/temp-github-repo/src/app/dashboard/reports/analytics/order-type/CustomDateSelector.tsx(4,44): error TS2307: Cannot find module 'next/navigation' or its corresponding type declarations.
scratch/temp-github-repo/src/app/dashboard/reports/analytics/order-type/CustomDateSelector.tsx(5,34): error TS2307: Cannot find module 'lucide-react' or its corresponding type declarations.
scratch/temp-github-repo/src/app/dashboard/reports/analytics/order-type/OrderTypeCharts.tsx(17,8): error TS2307: Cannot find module 'recharts' or its corresponding type declarations.
scratch/temp-github-repo/src/app/dashboard/reports/analytics/order-type/page.tsx(2,20): error TS2307: Cannot find module '@/lib/prisma' or its corresponding type declarations.
scratch/temp-github-repo/src/app/dashboard/reports/analytics/order-type/page.tsx(3,37): error TS2307: Cannot find module '@/lib/auth-utils' or its corresponding type declarations.
scratch/temp-github-repo/src/app/dashboard/reports/analytics/order-type/page.tsx(4,18): error TS2307: Cannot find module 'next/link' or its corresponding type declarations.
scratch/temp-github-repo/src/app/dashboard/reports/analytics/order-type/page.tsx(10,8): error TS2307: Cannot find module 'lucide-react' or its corresponding type declarations.
scratch/temp-github-repo/src/app/dashboard/reports/analytics/page.tsx(1,26): error TS2307: Cannot find module 'next/navigation' or its corresponding type declarations.
scratch/temp-github-repo/src/app/dashboard/reports/analytics/page.tsx(2,24): error TS2307: Cannot find module '@/lib/prisma' or its corresponding type declarations.
scratch/temp-github-repo/src/app/dashboard/reports/analytics/page.tsx(3,37): error TS2307: Cannot find module '@/lib/auth-utils' or its corresponding type declarations.
scratch/temp-github-repo/src/app/dashboard/reports/analytics/page.tsx(4,194): error TS2307: Cannot find module 'lucide-react' or its corresponding type declarations.
scratch/temp-github-repo/src/app/dashboard/reports/analytics/page.tsx(5,18): error TS2307: Cannot find module 'next/link' or its corresponding type declarations.
scratch/temp-github-repo/src/app/dashboard/reports/bills/page.tsx(1,26): error TS2307: Cannot find module 'next/navigation' or its corresponding type declarations.
scratch/temp-github-repo/src/app/dashboard/reports/bills/page.tsx(2,24): error TS2307: Cannot find module '@/lib/prisma' or its corresponding type declarations.
scratch/temp-github-repo/src/app/dashboard/reports/bills/page.tsx(3,37): error TS2307: Cannot find module '@/lib/auth-utils' or its corresponding type declarations.
scratch/temp-github-repo/src/app/dashboard/reports/bills/page.tsx(4,166): error TS2307: Cannot find module 'lucide-react' or its corresponding type declarations.
scratch/temp-github-repo/src/app/dashboard/reports/bills/page.tsx(5,18): error TS2307: Cannot find module 'next/link' or its corresponding type declarations.
scratch/temp-github-repo/src/app/dashboard/reports/customers/page.tsx(1,26): error TS2307: Cannot find module 'next/navigation' or its corresponding type declarations.
scratch/temp-github-repo/src/app/dashboard/reports/customers/page.tsx(2,24): error TS2307: Cannot find module '@/lib/prisma' or its corresponding type declarations.
scratch/temp-github-repo/src/app/dashboard/reports/customers/page.tsx(3,37): error TS2307: Cannot find module '@/lib/auth-utils' or its corresponding type declarations.
scratch/temp-github-repo/src/app/dashboard/reports/customers/page.tsx(4,162): error TS2307: Cannot find module 'lucide-react' or its corresponding type declarations.
scratch/temp-github-repo/src/app/dashboard/reports/customers/page.tsx(5,18): error TS2307: Cannot find module 'next/link' or its corresponding type declarations.
scratch/temp-github-repo/src/app/dashboard/reports/customers/page.tsx(53,47): error TS2339: Property 'name' does not exist on type 'unknown'.
scratch/temp-github-repo/src/app/dashboard/reports/customers/page.tsx(61,33): error TS2339: Property 'loyaltyPoints' does not exist on type 'unknown'.
scratch/temp-github-repo/src/app/dashboard/reports/customers/page.tsx(68,38): error TS2339: Property 'loyaltyPoints' does not exist on type 'unknown'.
scratch/temp-github-repo/src/app/dashboard/reports/gst/dashboard/page.tsx(20,8): error TS2307: Cannot find module 'lucide-react' or its corresponding type declarations.
scratch/temp-github-repo/src/app/dashboard/reports/gst/dashboard/page.tsx(35,8): error TS2307: Cannot find module 'recharts' or its corresponding type declarations.
scratch/temp-github-repo/src/app/dashboard/reports/gst/dashboard/page.tsx(36,41): error TS2307: Cannot find module 'framer-motion' or its corresponding type declarations.
scratch/temp-github-repo/src/app/dashboard/reports/gst/dashboard/page.tsx(37,61): error TS2307: Cannot find module 'date-fns' or its corresponding type declarations.
scratch/temp-github-repo/src/app/dashboard/reports/gst/dashboard/page.tsx(38,18): error TS2307: Cannot find module 'next/link' or its corresponding type declarations.
scratch/temp-github-repo/src/app/dashboard/reports/gst/page.tsx(22,8): error TS2307: Cannot find module 'lucide-react' or its corresponding type declarations.
scratch/temp-github-repo/src/app/dashboard/reports/gst/page.tsx(23,41): error TS2307: Cannot find module 'framer-motion' or its corresponding type declarations.
scratch/temp-github-repo/src/app/dashboard/reports/gst/page.tsx(24,61): error TS2307: Cannot find module 'date-fns' or its corresponding type declarations.
scratch/temp-github-repo/src/app/dashboard/reports/gst/page.tsx(25,23): error TS2307: Cannot find module 'sonner' or its corresponding type declarations.
scratch/temp-github-repo/src/app/dashboard/reports/gst/page.tsx(26,18): error TS2307: Cannot find module 'next/link' or its corresponding type declarations.
scratch/temp-github-repo/src/app/dashboard/reports/items/page.tsx(1,26): error TS2307: Cannot find module 'next/navigation' or its corresponding type declarations.
scratch/temp-github-repo/src/app/dashboard/reports/items/page.tsx(2,24): error TS2307: Cannot find module '@/lib/prisma' or its corresponding type declarations.
scratch/temp-github-repo/src/app/dashboard/reports/items/page.tsx(3,37): error TS2307: Cannot find module '@/lib/auth-utils' or its corresponding type declarations.
scratch/temp-github-repo/src/app/dashboard/reports/items/page.tsx(5,73): error TS2307: Cannot find module 'lucide-react' or its corresponding type declarations.
scratch/temp-github-repo/src/app/dashboard/reports/items/page.tsx(6,18): error TS2307: Cannot find module 'next/link' or its corresponding type declarations.
scratch/temp-github-repo/src/app/dashboard/reports/payments/cash/page.tsx(1,26): error TS2307: Cannot find module 'next/navigation' or its corresponding type declarations.
scratch/temp-github-repo/src/app/dashboard/reports/payments/cash/page.tsx(2,24): error TS2307: Cannot find module '@/lib/prisma' or its corresponding type declarations.
scratch/temp-github-repo/src/app/dashboard/reports/payments/cash/page.tsx(3,37): error TS2307: Cannot find module '@/lib/auth-utils' or its corresponding type declarations.
scratch/temp-github-repo/src/app/dashboard/reports/payments/cash/page.tsx(4,146): error TS2307: Cannot find module 'lucide-react' or its corresponding type declarations.
scratch/temp-github-repo/src/app/dashboard/reports/payments/cash/page.tsx(5,18): error TS2307: Cannot find module 'next/link' or its corresponding type declarations.
scratch/temp-github-repo/src/app/dashboard/reports/payments/page.tsx(1,26): error TS2307: Cannot find module 'next/navigation' or its corresponding type declarations.
scratch/temp-github-repo/src/app/dashboard/reports/payments/page.tsx(2,24): error TS2307: Cannot find module '@/lib/prisma' or its corresponding type declarations.
scratch/temp-github-repo/src/app/dashboard/reports/payments/page.tsx(3,37): error TS2307: Cannot find module '@/lib/auth-utils' or its corresponding type declarations.
scratch/temp-github-repo/src/app/dashboard/reports/payments/page.tsx(5,81): error TS2307: Cannot find module 'lucide-react' or its corresponding type declarations.
scratch/temp-github-repo/src/app/dashboard/reports/payments/page.tsx(6,18): error TS2307: Cannot find module 'next/link' or its corresponding type declarations.
scratch/temp-github-repo/src/app/dashboard/reports/payments/upi/page.tsx(1,26): error TS2307: Cannot find module 'next/navigation' or its corresponding type declarations.
scratch/temp-github-repo/src/app/dashboard/reports/payments/upi/page.tsx(2,24): error TS2307: Cannot find module '@/lib/prisma' or its corresponding type declarations.
scratch/temp-github-repo/src/app/dashboard/reports/payments/upi/page.tsx(3,37): error TS2307: Cannot find module '@/lib/auth-utils' or its corresponding type declarations.
scratch/temp-github-repo/src/app/dashboard/reports/payments/upi/page.tsx(4,151): error TS2307: Cannot find module 'lucide-react' or its corresponding type declarations.
scratch/temp-github-repo/src/app/dashboard/reports/payments/upi/page.tsx(5,18): error TS2307: Cannot find module 'next/link' or its corresponding type declarations.
scratch/temp-github-repo/src/app/dashboard/reports/performance/page.tsx(1,26): error TS2307: Cannot find module 'next/navigation' or its corresponding type declarations.
scratch/temp-github-repo/src/app/dashboard/reports/performance/page.tsx(2,24): error TS2307: Cannot find module '@/lib/prisma' or its corresponding type declarations.
scratch/temp-github-repo/src/app/dashboard/reports/performance/page.tsx(3,37): error TS2307: Cannot find module '@/lib/auth-utils' or its corresponding type declarations.
scratch/temp-github-repo/src/app/dashboard/reports/performance/page.tsx(4,169): error TS2307: Cannot find module 'lucide-react' or its corresponding type declarations.
scratch/temp-github-repo/src/app/dashboard/reports/performance/page.tsx(5,18): error TS2307: Cannot find module 'next/link' or its corresponding type declarations.
scratch/temp-github-repo/src/app/dashboard/reports/sales/daily/BillActionsReport.tsx(4,27): error TS2307: Cannot find module 'next/navigation' or its corresponding type declarations.
scratch/temp-github-repo/src/app/dashboard/reports/sales/daily/BillActionsReport.tsx(5,118): error TS2307: Cannot find module 'lucide-react' or its corresponding type declarations.
scratch/temp-github-repo/src/app/dashboard/reports/sales/daily/BillActionsReport.tsx(6,23): error TS2307: Cannot find module 'react-hot-toast' or its corresponding type declarations.
scratch/temp-github-repo/src/app/dashboard/reports/sales/daily/BillActionsReport.tsx(7,38): error TS2307: Cannot find module '@/lib/whatsapp' or its corresponding type declarations.
scratch/temp-github-repo/src/app/dashboard/reports/sales/daily/page.tsx(1,26): error TS2307: Cannot find module 'next/navigation' or its corresponding type declarations.
scratch/temp-github-repo/src/app/dashboard/reports/sales/daily/page.tsx(2,24): error TS2307: Cannot find module '@/lib/prisma' or its corresponding type declarations.
scratch/temp-github-repo/src/app/dashboard/reports/sales/daily/page.tsx(3,37): error TS2307: Cannot find module '@/lib/auth-utils' or its corresponding type declarations.
scratch/temp-github-repo/src/app/dashboard/reports/sales/daily/page.tsx(9,8): error TS2307: Cannot find module 'lucide-react' or its corresponding type declarations.
scratch/temp-github-repo/src/app/dashboard/reports/sales/daily/page.tsx(10,18): error TS2307: Cannot find module 'next/link' or its corresponding type declarations.
scratch/temp-github-repo/src/app/dashboard/reports/sales/monthly/page.tsx(1,26): error TS2307: Cannot find module 'next/navigation' or its corresponding type declarations.
scratch/temp-github-repo/src/app/dashboard/reports/sales/monthly/page.tsx(2,24): error TS2307: Cannot find module '@/lib/prisma' or its corresponding type declarations.
scratch/temp-github-repo/src/app/dashboard/reports/sales/monthly/page.tsx(3,37): error TS2307: Cannot find module '@/lib/auth-utils' or its corresponding type declarations.
scratch/temp-github-repo/src/app/dashboard/reports/sales/monthly/page.tsx(9,8): error TS2307: Cannot find module 'lucide-react' or its corresponding type declarations.
scratch/temp-github-repo/src/app/dashboard/reports/sales/monthly/page.tsx(10,18): error TS2307: Cannot find module 'next/link' or its corresponding type declarations.
scratch/temp-github-repo/src/app/dashboard/reports/sales/revenue/page.tsx(1,26): error TS2307: Cannot find module 'next/navigation' or its corresponding type declarations.
scratch/temp-github-repo/src/app/dashboard/reports/sales/revenue/page.tsx(2,24): error TS2307: Cannot find module '@/lib/prisma' or its corresponding type declarations.
scratch/temp-github-repo/src/app/dashboard/reports/sales/revenue/page.tsx(3,37): error TS2307: Cannot find module '@/lib/auth-utils' or its corresponding type declarations.
scratch/temp-github-repo/src/app/dashboard/reports/sales/revenue/page.tsx(4,211): error TS2307: Cannot find module 'lucide-react' or its corresponding type declarations.
scratch/temp-github-repo/src/app/dashboard/reports/sales/revenue/page.tsx(5,18): error TS2307: Cannot find module 'next/link' or its corresponding type declarations.
scratch/temp-github-repo/src/app/dashboard/reports/sales/weekly/page.tsx(1,26): error TS2307: Cannot find module 'next/navigation' or its corresponding type declarations.
scratch/temp-github-repo/src/app/dashboard/reports/sales/weekly/page.tsx(2,24): error TS2307: Cannot find module '@/lib/prisma' or its corresponding type declarations.
scratch/temp-github-repo/src/app/dashboard/reports/sales/weekly/page.tsx(3,37): error TS2307: Cannot find module '@/lib/auth-utils' or its corresponding type declarations.
scratch/temp-github-repo/src/app/dashboard/reports/sales/weekly/page.tsx(9,8): error TS2307: Cannot find module 'lucide-react' or its corresponding type declarations.
scratch/temp-github-repo/src/app/dashboard/reports/sales/weekly/page.tsx(10,18): error TS2307: Cannot find module 'next/link' or its corresponding type declarations.
scratch/temp-github-repo/src/app/dashboard/reports/tokens/page.tsx(11,8): error TS2307: Cannot find module 'lucide-react' or its corresponding type declarations.
scratch/temp-github-repo/src/app/dashboard/reports/tokens/page.tsx(12,18): error TS2307: Cannot find module 'next/link' or its corresponding type declarations.
scratch/temp-github-repo/src/app/dashboard/rewards/page.tsx(17,8): error TS2307: Cannot find module 'lucide-react' or its corresponding type declarations.
scratch/temp-github-repo/src/app/dashboard/rewards/page.tsx(18,24): error TS2307: Cannot find module '@/components/ui/button' or its corresponding type declarations.
scratch/temp-github-repo/src/app/dashboard/rewards/page.tsx(19,23): error TS2307: Cannot find module '@/components/ui/input' or its corresponding type declarations.
scratch/temp-github-repo/src/app/dashboard/rewards/page.tsx(20,23): error TS2307: Cannot find module '@/components/ui/label' or its corresponding type declarations.
scratch/temp-github-repo/src/app/dashboard/rewards/page.tsx(21,22): error TS2307: Cannot find module '@/components/ui/card' or its corresponding type declarations.
scratch/temp-github-repo/src/app/dashboard/rewards/page.tsx(28,8): error TS2307: Cannot find module '@/components/ui/sheet' or its corresponding type declarations.
scratch/temp-github-repo/src/app/dashboard/rewards/page.tsx(29,23): error TS2307: Cannot find module 'sonner' or its corresponding type declarations.
scratch/temp-github-repo/src/app/dashboard/rewards/page.tsx(30,41): error TS2307: Cannot find module 'framer-motion' or its corresponding type declarations.
scratch/temp-github-repo/src/app/dashboard/rewards/page.tsx(31,23): error TS2307: Cannot find module '@/lib/sounds' or its corresponding type declarations.
scratch/temp-github-repo/src/app/dashboard/security/page.tsx(4,129): error TS2307: Cannot find module 'lucide-react' or its corresponding type declarations.
scratch/temp-github-repo/src/app/dashboard/settings/account/page.tsx(3,29): error TS2307: Cannot find module '@/components/AccountSettings' or its corresponding type declarations.
scratch/temp-github-repo/src/app/dashboard/settings/advanced/page.tsx(4,27): error TS2307: Cannot find module 'next/navigation' or its corresponding type declarations.
scratch/temp-github-repo/src/app/dashboard/settings/advanced/page.tsx(5,24): error TS2307: Cannot find module 'framer-motion' or its corresponding type declarations.
scratch/temp-github-repo/src/app/dashboard/settings/advanced/page.tsx(18,8): error TS2307: Cannot find module 'lucide-react' or its corresponding type declarations.
scratch/temp-github-repo/src/app/dashboard/settings/advanced/page.tsx(19,23): error TS2307: Cannot find module 'react-hot-toast' or its corresponding type declarations.
scratch/temp-github-repo/src/app/dashboard/settings/customer/page.tsx(4,24): error TS2307: Cannot find module 'framer-motion' or its corresponding type declarations.
scratch/temp-github-repo/src/app/dashboard/settings/customer/page.tsx(8,8): error TS2307: Cannot find module 'lucide-react' or its corresponding type declarations.
scratch/temp-github-repo/src/app/dashboard/settings/customer/page.tsx(9,18): error TS2307: Cannot find module 'next/link' or its corresponding type declarations.
scratch/temp-github-repo/src/app/dashboard/settings/customer/page.tsx(10,23): error TS2307: Cannot find module 'react-hot-toast' or its corresponding type declarations.
scratch/temp-github-repo/src/app/dashboard/settings/customer/page.tsx(11,23): error TS2307: Cannot find module '@/lib/sounds' or its corresponding type declarations.
scratch/temp-github-repo/src/app/dashboard/settings/loyalty/page.tsx(4,27): error TS2307: Cannot find module 'next/navigation' or its corresponding type declarations.
scratch/temp-github-repo/src/app/dashboard/settings/loyalty/page.tsx(5,24): error TS2307: Cannot find module 'framer-motion' or its corresponding type declarations.
scratch/temp-github-repo/src/app/dashboard/settings/loyalty/page.tsx(15,8): error TS2307: Cannot find module 'lucide-react' or its corresponding type declarations.
scratch/temp-github-repo/src/app/dashboard/settings/loyalty/page.tsx(16,23): error TS2307: Cannot find module 'sonner' or its corresponding type declarations.
scratch/temp-github-repo/src/app/dashboard/settings/notifications/page.tsx(4,24): error TS2307: Cannot find module 'framer-motion' or its corresponding type declarations.
scratch/temp-github-repo/src/app/dashboard/settings/notifications/page.tsx(8,8): error TS2307: Cannot find module 'lucide-react' or its corresponding type declarations.
scratch/temp-github-repo/src/app/dashboard/settings/notifications/page.tsx(9,18): error TS2307: Cannot find module 'next/link' or its corresponding type declarations.
scratch/temp-github-repo/src/app/dashboard/settings/notifications/page.tsx(10,23): error TS2307: Cannot find module 'react-hot-toast' or its corresponding type declarations.
scratch/temp-github-repo/src/app/dashboard/settings/notifications/page.tsx(11,23): error TS2307: Cannot find module '@/lib/sounds' or its corresponding type declarations.
scratch/temp-github-repo/src/app/dashboard/settings/page.tsx(4,18): error TS2307: Cannot find module 'next/link' or its corresponding type declarations.
scratch/temp-github-repo/src/app/dashboard/settings/page.tsx(5,24): error TS2307: Cannot find module 'framer-motion' or its corresponding type declarations.
scratch/temp-github-repo/src/app/dashboard/settings/page.tsx(9,8): error TS2307: Cannot find module 'lucide-react' or its corresponding type declarations.
scratch/temp-github-repo/src/app/dashboard/settings/page.tsx(10,26): error TS2307: Cannot find module '@/components/ThemeProvider' or its corresponding type declarations.
scratch/temp-github-repo/src/app/dashboard/settings/pos/page.tsx(4,24): error TS2307: Cannot find module 'framer-motion' or its corresponding type declarations.
scratch/temp-github-repo/src/app/dashboard/settings/pos/page.tsx(9,8): error TS2307: Cannot find module 'lucide-react' or its corresponding type declarations.
scratch/temp-github-repo/src/app/dashboard/settings/pos/page.tsx(10,18): error TS2307: Cannot find module 'next/link' or its corresponding type declarations.
scratch/temp-github-repo/src/app/dashboard/settings/pos/page.tsx(11,23): error TS2307: Cannot find module 'react-hot-toast' or its corresponding type declarations.
scratch/temp-github-repo/src/app/dashboard/settings/pos/page.tsx(12,23): error TS2307: Cannot find module '@/lib/sounds' or its corresponding type declarations.
scratch/temp-github-repo/src/app/dashboard/settings/printing/page.tsx(4,41): error TS2307: Cannot find module 'framer-motion' or its corresponding type declarations.
scratch/temp-github-repo/src/app/dashboard/settings/printing/page.tsx(11,8): error TS2307: Cannot find module 'lucide-react' or its corresponding type declarations.
scratch/temp-github-repo/src/app/dashboard/settings/printing/page.tsx(12,18): error TS2307: Cannot find module 'next/link' or its corresponding type declarations.
scratch/temp-github-repo/src/app/dashboard/settings/printing/page.tsx(13,23): error TS2307: Cannot find module 'react-hot-toast' or its corresponding type declarations.
scratch/temp-github-repo/src/app/dashboard/settings/printing/page.tsx(14,23): error TS2307: Cannot find module '@/lib/sounds' or its corresponding type declarations.
scratch/temp-github-repo/src/app/dashboard/settings/printing/page.tsx(15,28): error TS2307: Cannot find module '@/components/printing/PrintTemplates' or its corresponding type declarations.
scratch/temp-github-repo/src/app/dashboard/settings/profile/edit/[[...rest]]/page.tsx(3,29): error TS2307: Cannot find module '@clerk/nextjs' or its corresponding type declarations.
scratch/temp-github-repo/src/app/dashboard/settings/profile/page.tsx(3,35): error TS2307: Cannot find module '@clerk/nextjs' or its corresponding type declarations.
scratch/temp-github-repo/src/app/dashboard/settings/profile/page.tsx(4,32): error TS2307: Cannot find module '@/components/AuthContext' or its corresponding type declarations.
scratch/temp-github-repo/src/app/dashboard/settings/profile/page.tsx(5,18): error TS2307: Cannot find module 'next/navigation' or its corresponding type declarations.
scratch/temp-github-repo/src/app/dashboard/settings/profile/page.tsx(7,27): error TS2307: Cannot find module 'next/navigation' or its corresponding type declarations.
scratch/temp-github-repo/src/app/dashboard/settings/profile/page.tsx(8,23): error TS2307: Cannot find module 'sonner' or its corresponding type declarations.
scratch/temp-github-repo/src/app/dashboard/settings/profile/page.tsx(9,80): error TS2307: Cannot find module 'lucide-react' or its corresponding type declarations.
scratch/temp-github-repo/src/app/dashboard/settings/profile/page.tsx(131,17): error TS2448: Block-scoped variable 'identifiers' used before its declaration.
scratch/temp-github-repo/src/app/dashboard/settings/profile/page.tsx(132,17): error TS2448: Block-scoped variable 'identifiers' used before its declaration.
scratch/temp-github-repo/src/app/dashboard/settings/profile/page.tsx(353,8): error TS2304: Cannot find name 'AnimatePresence'.
scratch/temp-github-repo/src/app/dashboard/settings/profile/page.tsx(380,9): error TS2304: Cannot find name 'AnimatePresence'.
scratch/temp-github-repo/src/app/dashboard/settings/tax/page.tsx(4,27): error TS2307: Cannot find module 'next/navigation' or its corresponding type declarations.
scratch/temp-github-repo/src/app/dashboard/settings/tax/page.tsx(5,41): error TS2307: Cannot find module 'framer-motion' or its corresponding type declarations.
scratch/temp-github-repo/src/app/dashboard/settings/tax/page.tsx(11,8): error TS2307: Cannot find module 'lucide-react' or its corresponding type declarations.
scratch/temp-github-repo/src/app/dashboard/settings/tax/page.tsx(12,19): error TS2307: Cannot find module 'react-hot-toast' or its corresponding type declarations.
scratch/temp-github-repo/src/app/dashboard/settings/tax/page.tsx(13,23): error TS2307: Cannot find module '@/lib/sounds' or its corresponding type declarations.
scratch/temp-github-repo/src/app/dashboard/staff/page.tsx(44,8): error TS2307: Cannot find module 'lucide-react' or its corresponding type declarations.
scratch/temp-github-repo/src/app/dashboard/staff/page.tsx(45,23): error TS2307: Cannot find module 'react-hot-toast' or its corresponding type declarations.
scratch/temp-github-repo/src/app/dashboard/staff/page.tsx(46,41): error TS2307: Cannot find module 'framer-motion' or its corresponding type declarations.
scratch/temp-github-repo/src/app/dashboard/staff/page.tsx(47,27): error TS2307: Cannot find module 'next/navigation' or its corresponding type declarations.
scratch/temp-github-repo/src/app/dashboard/staff/page.tsx(48,32): error TS2307: Cannot find module '@/components/AuthContext' or its corresponding type declarations.
scratch/temp-github-repo/src/app/dashboard/store-item-upload/StoreItemPage.tsx(4,25): error TS2307: Cannot find module '@clerk/nextjs' or its corresponding type declarations.
scratch/temp-github-repo/src/app/dashboard/store-item-upload/StoreItemPage.tsx(5,27): error TS2307: Cannot find module 'next/navigation' or its corresponding type declarations.
scratch/temp-github-repo/src/app/dashboard/store-item-upload/StoreItemPage.tsx(6,19): error TS2307: Cannot find module 'react-hot-toast' or its corresponding type declarations.
scratch/temp-github-repo/src/app/dashboard/store-item-upload/StoreItemPage.tsx(7,91): error TS2307: Cannot find module 'lucide-react' or its corresponding type declarations.
scratch/temp-github-repo/src/app/dashboard/store-item-upload/StoreItemPage.tsx(8,23): error TS2307: Cannot find module '@/lib/sounds' or its corresponding type declarations.
scratch/temp-github-repo/src/app/dashboard/store-item-upload/StoreItemPage.tsx(9,41): error TS2307: Cannot find module 'framer-motion' or its corresponding type declarations.
scratch/temp-github-repo/src/app/dashboard/store-item-upload/StoreItemPage.tsx(210,36): error TS2307: Cannot find module 'papaparse' or its corresponding type declarations.
scratch/temp-github-repo/src/app/dashboard/store-item-upload/StoreItemPage.tsx(264,35): error TS2307: Cannot find module 'xlsx' or its corresponding type declarations.
scratch/temp-github-repo/src/app/dashboard/store-item-upload/StoreItemPage.tsx(268,25): error TS2347: Untyped function calls may not accept type arguments.
scratch/temp-github-repo/src/app/dashboard/store-item-upload/StoreItemPage.tsx(374,9): error TS2353: Object literal may only specify known properties, and 'isVeg' does not exist in type 'StoreItem'.
scratch/temp-github-repo/src/app/dashboard/tables/page.tsx(4,32): error TS2307: Cannot find module '@/components/AuthContext' or its corresponding type declarations.
scratch/temp-github-repo/src/app/dashboard/tables/page.tsx(5,23): error TS2307: Cannot find module 'sonner' or its corresponding type declarations.
scratch/temp-github-repo/src/app/dashboard/tables/page.tsx(10,8): error TS2307: Cannot find module 'lucide-react' or its corresponding type declarations.
scratch/temp-github-repo/src/app/dashboard/tables/page.tsx(11,24): error TS2307: Cannot find module '@/components/ui/button' or its corresponding type declarations.
scratch/temp-github-repo/src/app/dashboard/tables/page.tsx(12,23): error TS2307: Cannot find module '@/lib/sounds' or its corresponding type declarations.
scratch/temp-github-repo/src/app/dashboard/tables/page.tsx(13,28): error TS2307: Cannot find module '@/components/printing/QRMenuTemplate' or its corresponding type declarations.
scratch/temp-github-repo/src/app/dashboard/terminal/components/order-alert-loop.tsx(4,23): error TS2307: Cannot find module '@/lib/sounds' or its corresponding type declarations.
scratch/temp-github-repo/src/app/dashboard/terminal/components/order-alert-loop.tsx(26,9): error TS2322: Type 'number' is not assignable to type 'Timeout'.
scratch/temp-github-repo/src/app/dashboard/terminal/page.tsx(3,23): error TS2307: Cannot find module 'sonner' or its corresponding type declarations.
scratch/temp-github-repo/src/app/dashboard/terminal/page.tsx(4,50): error TS2307: Cannot find module '@/components/TerminalContext' or its corresponding type declarations.
scratch/temp-github-repo/src/app/dashboard/terminal/page.tsx(5,44): error TS2307: Cannot find module 'next/navigation' or its corresponding type declarations.
scratch/temp-github-repo/src/app/dashboard/terminal/page.tsx(7,23): error TS2307: Cannot find module '@/lib/sounds' or its corresponding type declarations.
scratch/temp-github-repo/src/app/dashboard/terminal/page.tsx(18,8): error TS2307: Cannot find module 'lucide-react' or its corresponding type declarations.
scratch/temp-github-repo/src/app/dashboard/terminal/page.tsx(19,54): error TS2307: Cannot find module 'framer-motion' or its corresponding type declarations.
scratch/temp-github-repo/src/app/dashboard/terminal/page.tsx(26,8): error TS2307: Cannot find module '@dnd-kit/core' or its corresponding type declarations.
scratch/temp-github-repo/src/app/dashboard/terminal/page.tsx(27,28): error TS2307: Cannot find module '@/components/printing/PrintTemplates' or its corresponding type declarations.
scratch/temp-github-repo/src/app/dashboard/terminal/page.tsx(28,25): error TS2307: Cannot find module '@/components/printing/BillPreview' or its corresponding type declarations.
scratch/temp-github-repo/src/app/dashboard/terminal/page.tsx(30,32): error TS2307: Cannot find module '@/components/AuthContext' or its corresponding type declarations.
scratch/temp-github-repo/src/app/dashboard/terminal/page.tsx(564,75): error TS2367: This comparison appears to be unintentional because the types '"BILL" | "COMBINED_BILL" | "KOT_BILL"' and '"MANUAL_COMBINE"' have no overlap.
scratch/temp-github-repo/src/app/dashboard/terminal/page.tsx(2233,32): error TS2304: Cannot find name 'resetForm'.
scratch/temp-github-repo/src/app/dashboard/UploadItemPage.tsx(6,24): error TS2307: Cannot find module 'framer-motion' or its corresponding type declarations.
scratch/temp-github-repo/src/app/dashboard/UploadItemPage.tsx(7,48): error TS2307: Cannot find module 'lucide-react' or its corresponding type declarations.
scratch/temp-github-repo/src/app/dashboard/workflow/components/order-alert-loop.tsx(4,23): error TS2307: Cannot find module '@/lib/sounds' or its corresponding type declarations.
scratch/temp-github-repo/src/app/dashboard/workflow/components/order-alert-loop.tsx(26,9): error TS2322: Type 'number' is not assignable to type 'Timeout'.
scratch/temp-github-repo/src/app/dashboard/workflow/page.tsx(3,23): error TS2307: Cannot find module 'sonner' or its corresponding type declarations.
scratch/temp-github-repo/src/app/dashboard/workflow/page.tsx(4,23): error TS2307: Cannot find module '@/lib/sounds' or its corresponding type declarations.
scratch/temp-github-repo/src/app/dashboard/workflow/page.tsx(14,8): error TS2307: Cannot find module 'lucide-react' or its corresponding type declarations.
scratch/temp-github-repo/src/app/dashboard/workflow/page.tsx(15,54): error TS2307: Cannot find module 'framer-motion' or its corresponding type declarations.
scratch/temp-github-repo/src/app/dashboard/workflow/page.tsx(24,8): error TS2307: Cannot find module '@dnd-kit/core' or its corresponding type declarations.
scratch/temp-github-repo/src/app/dashboard/workflow/page.tsx(25,21): error TS2307: Cannot find module '@dnd-kit/utilities' or its corresponding type declarations.
scratch/temp-github-repo/src/app/dashboard/workflow/page.tsx(27,32): error TS2307: Cannot find module '@/components/AuthContext' or its corresponding type declarations.
scratch/temp-github-repo/src/app/dashboard/workflow/page.tsx(450,75): error TS2367: This comparison appears to be unintentional because the types '"BILL" | "COMBINED_BILL"' and '"MANUAL_COMBINE"' have no overlap.
scratch/temp-github-repo/src/app/dashboard/workflow/page.tsx(1203,76): error TS2339: Property 'isBillPrinted' does not exist on type 'Order'.
scratch/temp-github-repo/src/app/dashboard/workflow/page.tsx(1476,82): error TS2339: Property 'isBillPrinted' does not exist on type 'Order'.
scratch/temp-github-repo/src/app/dashboard/workflow/page.tsx(1565,126): error TS2345: Argument of type 'string' is not assignable to parameter of type '"PENDING" | "COMPLETED" | "PREPARING" | "ACCEPTED" | "READY"'.
scratch/temp-github-repo/src/app/dashboard/workflow/page.tsx(1706,76): error TS2339: Property 'isBillPrinted' does not exist on type 'Order'.
scratch/temp-github-repo/src/app/dashboard/workflow/page.tsx(1781,124): error TS2345: Argument of type 'string' is not assignable to parameter of type '"PENDING" | "COMPLETED" | "PREPARING" | "ACCEPTED" | "READY"'.
scratch/temp-github-repo/src/app/demo/page.tsx(4,41): error TS2307: Cannot find module 'framer-motion' or its corresponding type declarations.
scratch/temp-github-repo/src/app/demo/page.tsx(26,8): error TS2307: Cannot find module 'lucide-react' or its corresponding type declarations.
scratch/temp-github-repo/src/app/layout.tsx(4,23): error TS2307: Cannot find module '@/components/Providers' or its corresponding type declarations.
scratch/temp-github-repo/src/app/layout.tsx(5,28): error TS2307: Cannot find module '@/components/TopProgressBar' or its corresponding type declarations.
scratch/temp-github-repo/src/app/layout.tsx(6,23): error TS2307: Cannot find module 'next/font/google' or its corresponding type declarations.
scratch/temp-github-repo/src/app/layout.tsx(7,25): error TS2307: Cannot find module 'sonner' or its corresponding type declarations.
scratch/temp-github-repo/src/app/menu/[clerkId]/page.tsx(5,19): error TS2307: Cannot find module 'next/image' or its corresponding type declarations.
scratch/temp-github-repo/src/app/menu/[clerkId]/page.tsx(6,44): error TS2307: Cannot find module 'next/navigation' or its corresponding type declarations.
scratch/temp-github-repo/src/app/menu/[clerkId]/page.tsx(7,23): error TS2307: Cannot find module 'sonner' or its corresponding type declarations.
scratch/temp-github-repo/src/app/menu/[clerkId]/page.tsx(8,41): error TS2307: Cannot find module 'framer-motion' or its corresponding type declarations.
scratch/temp-github-repo/src/app/menu/[clerkId]/page.tsx(9,23): error TS2307: Cannot find module '@/lib/sounds' or its corresponding type declarations.
scratch/temp-github-repo/src/app/menu/[clerkId]/page.tsx(43,8): error TS2307: Cannot find module 'lucide-react' or its corresponding type declarations.
scratch/temp-github-repo/src/app/menu/[clerkId]/page.tsx(44,34): error TS2307: Cannot find module '@/lib/orderStorage' or its corresponding type declarations.
scratch/temp-github-repo/src/app/menu/[clerkId]/page.tsx(45,31): error TS2307: Cannot find module '@/components/ActiveOrderBanner' or its corresponding type declarations.
scratch/temp-github-repo/src/app/menu/[clerkId]/page.tsx(3057,20): error TS2322: Type '{ children: string; jsx: true; global: true; }' is not assignable to type 'DetailedHTMLProps<StyleHTMLAttributes<HTMLStyleElement>, HTMLStyleElement>'.
  Property 'jsx' does not exist on type 'DetailedHTMLProps<StyleHTMLAttributes<HTMLStyleElement>, HTMLStyleElement>'.
scratch/temp-github-repo/src/app/order-tracking/[orderId]/page.tsx(4,27): error TS2307: Cannot find module 'next/navigation' or its corresponding type declarations.
scratch/temp-github-repo/src/app/order-tracking/[orderId]/page.tsx(5,24): error TS2307: Cannot find module '@/components/ui/button' or its corresponding type declarations.
scratch/temp-github-repo/src/app/order-tracking/[orderId]/page.tsx(6,41): error TS2307: Cannot find module 'framer-motion' or its corresponding type declarations.
scratch/temp-github-repo/src/app/order-tracking/[orderId]/page.tsx(24,8): error TS2307: Cannot find module 'lucide-react' or its corresponding type declarations.
scratch/temp-github-repo/src/app/order-tracking/[orderId]/page.tsx(25,23): error TS2307: Cannot find module 'sonner' or its corresponding type declarations.
scratch/temp-github-repo/src/app/order-tracking/[orderId]/page.tsx(26,31): error TS2307: Cannot find module '@/components/MenuQRAddMoreFlow' or its corresponding type declarations.
scratch/temp-github-repo/src/app/order-tracking/[orderId]/page.tsx(508,24): error TS2322: Type '{ children: string; jsx: true; global: true; }' is not assignable to type 'DetailedHTMLProps<StyleHTMLAttributes<HTMLStyleElement>, HTMLStyleElement>'.
  Property 'jsx' does not exist on type 'DetailedHTMLProps<StyleHTMLAttributes<HTMLStyleElement>, HTMLStyleElement>'.
scratch/temp-github-repo/src/app/page.tsx(1,22): error TS2307: Cannot find module '@clerk/nextjs/server' or its corresponding type declarations.
scratch/temp-github-repo/src/app/page.tsx(2,26): error TS2307: Cannot find module 'next/navigation' or its corresponding type declarations.
scratch/temp-github-repo/src/app/page.tsx(7,8): error TS2307: Cannot find module '@clerk/nextjs' or its corresponding type declarations.
scratch/temp-github-repo/src/app/page.tsx(8,19): error TS2307: Cannot find module 'next/image' or its corresponding type declarations.
scratch/temp-github-repo/src/app/page.tsx(9,25): error TS2307: Cannot find module 'next/headers' or its corresponding type declarations.
scratch/temp-github-repo/src/app/page.tsx(10,18): error TS2307: Cannot find module 'next/link' or its corresponding type declarations.
scratch/temp-github-repo/src/app/payment/result/[id]/page.tsx(4,24): error TS2307: Cannot find module 'framer-motion' or its corresponding type declarations.
scratch/temp-github-repo/src/app/payment/result/[id]/page.tsx(16,8): error TS2307: Cannot find module 'lucide-react' or its corresponding type declarations.
scratch/temp-github-repo/src/app/payment/result/[id]/page.tsx(17,18): error TS2307: Cannot find module 'next/link' or its corresponding type declarations.
scratch/temp-github-repo/src/app/payment/result/[id]/page.tsx(18,27): error TS2307: Cannot find module 'next/navigation' or its corresponding type declarations.
scratch/temp-github-repo/src/app/payment/result/[id]/page.tsx(19,19): error TS2307: Cannot find module 'axios' or its corresponding type declarations.
scratch/temp-github-repo/src/app/qr-menu/page.tsx(4,33): error TS2307: Cannot find module 'next/navigation' or its corresponding type declarations.
scratch/temp-github-repo/src/app/qr-menu/page.tsx(5,35): error TS2307: Cannot find module '@/components/ui/card' or its corresponding type declarations.
scratch/temp-github-repo/src/app/qr-menu/page.tsx(6,24): error TS2307: Cannot find module '@/components/ui/button' or its corresponding type declarations.
scratch/temp-github-repo/src/app/qr-menu/page.tsx(7,23): error TS2307: Cannot find module '@/components/ui/badge' or its corresponding type declarations.
scratch/temp-github-repo/src/app/qr-menu/page.tsx(8,27): error TS2307: Cannot find module '@/components/ui/separator' or its corresponding type declarations.
scratch/temp-github-repo/src/app/qr-menu/page.tsx(24,8): error TS2307: Cannot find module 'lucide-react' or its corresponding type declarations.
scratch/temp-github-repo/src/app/qr-menu/page.tsx(25,23): error TS2307: Cannot find module 'sonner' or its corresponding type declarations.
scratch/temp-github-repo/src/app/qr-menu/page.tsx(26,41): error TS2307: Cannot find module 'framer-motion' or its corresponding type declarations.
scratch/temp-github-repo/src/app/review/[orderId]/page.tsx(4,44): error TS2307: Cannot find module 'next/navigation' or its corresponding type declarations.
scratch/temp-github-repo/src/app/review/[orderId]/page.tsx(5,58): error TS2307: Cannot find module '@/components/ui/card' or its corresponding type declarations.
scratch/temp-github-repo/src/app/review/[orderId]/page.tsx(6,24): error TS2307: Cannot find module '@/components/ui/button' or its corresponding type declarations.
scratch/temp-github-repo/src/app/review/[orderId]/page.tsx(7,26): error TS2307: Cannot find module '@/components/ui/textarea' or its corresponding type declarations.
scratch/temp-github-repo/src/app/review/[orderId]/page.tsx(8,23): error TS2307: Cannot find module '@/components/ui/badge' or its corresponding type declarations.
scratch/temp-github-repo/src/app/review/[orderId]/page.tsx(9,27): error TS2307: Cannot find module '@/components/ui/separator' or its corresponding type declarations.
scratch/temp-github-repo/src/app/review/[orderId]/page.tsx(17,8): error TS2307: Cannot find module 'lucide-react' or its corresponding type declarations.
scratch/temp-github-repo/src/app/review/[orderId]/page.tsx(18,23): error TS2307: Cannot find module 'sonner' or its corresponding type declarations.
scratch/temp-github-repo/src/app/sign-in/[[...sign-in]]/page.tsx(3,24): error TS2307: Cannot find module '@clerk/nextjs' or its corresponding type declarations.
scratch/temp-github-repo/src/app/sign-in/[[...sign-in]]/page.tsx(4,24): error TS2307: Cannot find module 'framer-motion' or its corresponding type declarations.
scratch/temp-github-repo/src/app/sign-in/[[...sign-in]]/page.tsx(5,61): error TS2307: Cannot find module 'lucide-react' or its corresponding type declarations.
scratch/temp-github-repo/src/app/sign-in/[[...sign-in]]/page.tsx(7,23): error TS2307: Cannot find module '@/lib/sounds' or its corresponding type declarations.
scratch/temp-github-repo/src/app/sign-up/[[...sign-up]]/page.tsx(3,24): error TS2307: Cannot find module '@clerk/nextjs' or its corresponding type declarations.
scratch/temp-github-repo/src/app/sign-up/[[...sign-up]]/page.tsx(4,24): error TS2307: Cannot find module 'framer-motion' or its corresponding type declarations.
scratch/temp-github-repo/src/app/sign-up/[[...sign-up]]/page.tsx(5,59): error TS2307: Cannot find module 'lucide-react' or its corresponding type declarations.
scratch/temp-github-repo/src/app/sign-up/[[...sign-up]]/page.tsx(7,23): error TS2307: Cannot find module '@/lib/sounds' or its corresponding type declarations.
scratch/temp-github-repo/src/app/staff/login/page.tsx(13,8): error TS2307: Cannot find module 'lucide-react' or its corresponding type declarations.
scratch/temp-github-repo/src/app/staff/login/page.tsx(14,27): error TS2307: Cannot find module 'next/navigation' or its corresponding type declarations.
scratch/temp-github-repo/src/app/staff/login/page.tsx(15,23): error TS2307: Cannot find module 'react-hot-toast' or its corresponding type declarations.
scratch/temp-github-repo/src/app/staff/login/page.tsx(16,24): error TS2307: Cannot find module 'framer-motion' or its corresponding type declarations.
scratch/temp-github-repo/src/app/store-item-upload/page.tsx(2,26): error TS2307: Cannot find module 'next/navigation' or its corresponding type declarations.
scratch/temp-github-repo/src/app/track/page.tsx(4,44): error TS2307: Cannot find module 'next/navigation' or its corresponding type declarations.
scratch/temp-github-repo/src/app/track/page.tsx(15,8): error TS2307: Cannot find module 'lucide-react' or its corresponding type declarations.
scratch/temp-github-repo/src/app/track/page.tsx(16,24): error TS2307: Cannot find module '@/components/ui/button' or its corresponding type declarations.
scratch/temp-github-repo/src/app/track/page.tsx(17,23): error TS2307: Cannot find module '@/components/ui/input' or its corresponding type declarations.
scratch/temp-github-repo/src/app/track/page.tsx(18,41): error TS2307: Cannot find module 'framer-motion' or its corresponding type declarations.
scratch/temp-github-repo/src/app/upgrade/page.tsx(3,24): error TS2307: Cannot find module 'framer-motion' or its corresponding type declarations.
scratch/temp-github-repo/src/app/upgrade/page.tsx(16,8): error TS2307: Cannot find module 'lucide-react' or its corresponding type declarations.
scratch/temp-github-repo/src/app/upgrade/page.tsx(17,27): error TS2307: Cannot find module 'next/navigation' or its corresponding type declarations.
scratch/temp-github-repo/src/app/upgrade/page.tsx(18,18): error TS2307: Cannot find module 'next/link' or its corresponding type declarations.
scratch/temp-github-repo/src/components/AccountSettings.tsx(4,41): error TS2307: Cannot find module 'framer-motion' or its corresponding type declarations.
scratch/temp-github-repo/src/components/AccountSettings.tsx(9,8): error TS2307: Cannot find module 'lucide-react' or its corresponding type declarations.
scratch/temp-github-repo/src/components/AccountSettings.tsx(10,27): error TS2307: Cannot find module 'next/navigation' or its corresponding type declarations.
scratch/temp-github-repo/src/components/AccountSettings.tsx(11,23): error TS2307: Cannot find module 'react-hot-toast' or its corresponding type declarations.
scratch/temp-github-repo/src/components/ActiveOrderBanner.tsx(4,32): error TS2307: Cannot find module '@/lib/orderStorage' or its corresponding type declarations.
scratch/temp-github-repo/src/components/ActiveOrderBanner.tsx(14,8): error TS2307: Cannot find module 'lucide-react' or its corresponding type declarations.
scratch/temp-github-repo/src/components/ActiveOrderBanner.tsx(15,41): error TS2307: Cannot find module 'framer-motion' or its corresponding type declarations.
scratch/temp-github-repo/src/components/ClientLayout.tsx(4,20): error TS2307: Cannot find module '@/components/Navbar' or its corresponding type declarations.
scratch/temp-github-repo/src/components/ClientLayout.tsx(5,21): error TS2307: Cannot find module '@/components/Sidebar' or its corresponding type declarations.
scratch/temp-github-repo/src/components/ClientLayout.tsx(6,28): error TS2307: Cannot find module '@/components/SidebarContext' or its corresponding type declarations.
scratch/temp-github-repo/src/components/ClientLayout.tsx(7,43): error TS2307: Cannot find module '@clerk/nextjs' or its corresponding type declarations.
scratch/temp-github-repo/src/components/ClientLayout.tsx(8,43): error TS2307: Cannot find module '@/components/OrderNotificationProvider' or its corresponding type declarations.
scratch/temp-github-repo/src/components/ClientLayout.tsx(9,32): error TS2307: Cannot find module '@/components/AuthContext' or its corresponding type declarations.
scratch/temp-github-repo/src/components/ClientLayout.tsx(10,31): error TS2307: Cannot find module 'lucide-react' or its corresponding type declarations.
scratch/temp-github-repo/src/components/ClientLayout.tsx(11,40): error TS2307: Cannot find module 'next/navigation' or its corresponding type declarations.
scratch/temp-github-repo/src/components/ClientLayout.tsx(12,23): error TS2307: Cannot find module '@/lib/sounds' or its corresponding type declarations.
scratch/temp-github-repo/src/components/ClientLayout.tsx(13,26): error TS2307: Cannot find module '@/components/PremiumAlert' or its corresponding type declarations.
scratch/temp-github-repo/src/components/ClientLayout.tsx(238,18): error TS2304: Cannot find name 'Menu'.
scratch/temp-github-repo/src/components/CustomUserButton.tsx(4,87): error TS2307: Cannot find module 'lucide-react' or its corresponding type declarations.
scratch/temp-github-repo/src/components/CustomUserButton.tsx(5,18): error TS2307: Cannot find module 'next/link' or its corresponding type declarations.
scratch/temp-github-repo/src/components/CustomUserButton.tsx(6,41): error TS2307: Cannot find module 'framer-motion' or its corresponding type declarations.
scratch/temp-github-repo/src/components/CustomUserButton.tsx(7,23): error TS2307: Cannot find module '@/lib/sounds' or its corresponding type declarations.
scratch/temp-github-repo/src/components/MenuEditor/AddonGroupsModal.tsx(3,190): error TS2307: Cannot find module 'lucide-react' or its corresponding type declarations.
scratch/temp-github-repo/src/components/MenuEditor/AddonGroupsModal.tsx(4,41): error TS2307: Cannot find module 'framer-motion' or its corresponding type declarations.
scratch/temp-github-repo/src/components/MenuEditor/CategorySidebar.tsx(2,80): error TS2307: Cannot find module 'lucide-react' or its corresponding type declarations.
scratch/temp-github-repo/src/components/MenuEditor/index.tsx(7,23): error TS2307: Cannot find module 'react-hot-toast' or its corresponding type declarations.
scratch/temp-github-repo/src/components/MenuEditor/index.tsx(8,89): error TS2307: Cannot find module 'lucide-react' or its corresponding type declarations.
scratch/temp-github-repo/src/components/MenuEditor/ItemModal.tsx(4,324): error TS2307: Cannot find module 'lucide-react' or its corresponding type declarations.
scratch/temp-github-repo/src/components/MenuEditor/ItemModal.tsx(5,41): error TS2307: Cannot find module 'framer-motion' or its corresponding type declarations.
scratch/temp-github-repo/src/components/MenuEditor/ItemModal.tsx(6,19): error TS2307: Cannot find module 'next/image' or its corresponding type declarations.
scratch/temp-github-repo/src/components/MenuEditor/ItemsList.tsx(2,139): error TS2307: Cannot find module 'lucide-react' or its corresponding type declarations.
scratch/temp-github-repo/src/components/MenuEditor/ItemsList.tsx(3,19): error TS2307: Cannot find module 'next/image' or its corresponding type declarations.
scratch/temp-github-repo/src/components/MenuQRAddMoreFlow.example.tsx(9,31): error TS2307: Cannot find module '@/components/MenuQRAddMoreFlow' or its corresponding type declarations.
scratch/temp-github-repo/src/components/MenuQRAddMoreFlow.tsx(4,23): error TS2307: Cannot find module 'sonner' or its corresponding type declarations.
scratch/temp-github-repo/src/components/Navbar.tsx(8,8): error TS2307: Cannot find module '@clerk/nextjs' or its corresponding type declarations.
scratch/temp-github-repo/src/components/Navbar.tsx(9,32): error TS2307: Cannot find module '@/components/AuthContext' or its corresponding type declarations.
scratch/temp-github-repo/src/components/Navbar.tsx(10,30): error TS2307: Cannot find module '@/components/CustomUserButton' or its corresponding type declarations.
scratch/temp-github-repo/src/components/Navbar.tsx(11,27): error TS2307: Cannot find module '@/components/SearchContext' or its corresponding type declarations.
scratch/temp-github-repo/src/components/Navbar.tsx(12,26): error TS2307: Cannot find module '@/components/ThemeProvider' or its corresponding type declarations.
scratch/temp-github-repo/src/components/Navbar.tsx(13,139): error TS2307: Cannot find module 'lucide-react' or its corresponding type declarations.
scratch/temp-github-repo/src/components/Navbar.tsx(14,23): error TS2307: Cannot find module '@/lib/sounds' or its corresponding type declarations.
scratch/temp-github-repo/src/components/Navbar.tsx(15,18): error TS2307: Cannot find module 'next/link' or its corresponding type declarations.
scratch/temp-github-repo/src/components/Navbar.tsx(16,27): error TS2307: Cannot find module 'next/navigation' or its corresponding type declarations.
scratch/temp-github-repo/src/components/Navbar.tsx(17,41): error TS2307: Cannot find module 'framer-motion' or its corresponding type declarations.
scratch/temp-github-repo/src/components/OrderNotificationProvider.tsx(4,25): error TS2307: Cannot find module '@clerk/nextjs' or its corresponding type declarations.
scratch/temp-github-repo/src/components/OrderNotificationProvider.tsx(5,19): error TS2307: Cannot find module 'react-hot-toast' or its corresponding type declarations.
scratch/temp-github-repo/src/components/OrderNotificationProvider.tsx(6,41): error TS2307: Cannot find module 'framer-motion' or its corresponding type declarations.
scratch/temp-github-repo/src/components/OrderNotificationProvider.tsx(7,52): error TS2307: Cannot find module 'lucide-react' or its corresponding type declarations.
scratch/temp-github-repo/src/components/OrderNotificationProvider.tsx(8,23): error TS2307: Cannot find module '@/lib/sounds' or its corresponding type declarations.
scratch/temp-github-repo/src/components/PremiumAlert.tsx(4,41): error TS2307: Cannot find module 'framer-motion' or its corresponding type declarations.
scratch/temp-github-repo/src/components/PremiumAlert.tsx(19,8): error TS2307: Cannot find module 'lucide-react' or its corresponding type declarations.
scratch/temp-github-repo/src/components/printing/BillPreview.tsx(3,56): error TS2307: Cannot find module 'lucide-react' or its corresponding type declarations.
scratch/temp-github-repo/src/components/printing/BillPreview.tsx(4,36): error TS2307: Cannot find module '@/components/WhatsAppBillButton' or its corresponding type declarations.
scratch/temp-github-repo/src/components/printing/QRMenuTemplate.tsx(3,41): error TS2307: Cannot find module 'framer-motion' or its corresponding type declarations.
scratch/temp-github-repo/src/components/printing/QRMenuTemplate.tsx(4,83): error TS2307: Cannot find module 'lucide-react' or its corresponding type declarations.
scratch/temp-github-repo/src/components/printing/QRMenuTemplate.tsx(5,26): error TS2307: Cannot find module 'modern-screenshot' or its corresponding type declarations.
scratch/temp-github-repo/src/components/profile/UserActivityHeatmap.tsx(4,41): error TS2307: Cannot find module 'framer-motion' or its corresponding type declarations.
scratch/temp-github-repo/src/components/profile/UserActivityHeatmap.tsx(5,66): error TS2307: Cannot find module 'lucide-react' or its corresponding type declarations.
scratch/temp-github-repo/src/components/Providers.tsx(3,31): error TS2307: Cannot find module '@clerk/nextjs' or its corresponding type declarations.
scratch/temp-github-repo/src/components/Providers.tsx(4,33): error TS2307: Cannot find module '@/components/SidebarContext' or its corresponding type declarations.
scratch/temp-github-repo/src/components/Providers.tsx(5,32): error TS2307: Cannot find module '@/components/SearchContext' or its corresponding type declarations.
scratch/temp-github-repo/src/components/Providers.tsx(6,27): error TS2307: Cannot find module '@/components/ThemeProvider' or its corresponding type declarations.
scratch/temp-github-repo/src/components/Providers.tsx(7,25): error TS2307: Cannot find module 'react-hot-toast' or its corresponding type declarations.
scratch/temp-github-repo/src/components/ResponsiveHeader.tsx(6,18): error TS2307: Cannot find module 'next/link' or its corresponding type declarations.
scratch/temp-github-repo/src/components/ResponsiveHeader.tsx(8,29): error TS2307: Cannot find module 'next/navigation' or its corresponding type declarations.
scratch/temp-github-repo/src/components/ResponsiveHeader.tsx(9,40): error TS2307: Cannot find module '@clerk/nextjs' or its corresponding type declarations.
scratch/temp-github-repo/src/components/ResponsiveHeader.tsx(10,26): error TS2307: Cannot find module 'react-icons/fi' or its corresponding type declarations.
scratch/temp-github-repo/src/components/ResponsiveHeader.tsx(11,45): error TS2307: Cannot find module 'react-icons/hi' or its corresponding type declarations.
scratch/temp-github-repo/src/components/ResponsiveHeader.tsx(14,23): error TS2307: Cannot find module '@/lib/sounds' or its corresponding type declarations.
scratch/temp-github-repo/src/components/Sidebar.tsx(4,18): error TS2307: Cannot find module 'next/link' or its corresponding type declarations.
scratch/temp-github-repo/src/components/Sidebar.tsx(5,29): error TS2307: Cannot find module 'next/navigation' or its corresponding type declarations.
scratch/temp-github-repo/src/components/Sidebar.tsx(8,40): error TS2307: Cannot find module '@clerk/nextjs' or its corresponding type declarations.
scratch/temp-github-repo/src/components/Sidebar.tsx(120,8): error TS2307: Cannot find module 'lucide-react' or its corresponding type declarations.
scratch/temp-github-repo/src/components/Sidebar.tsx(121,41): error TS2307: Cannot find module 'framer-motion' or its corresponding type declarations.
scratch/temp-github-repo/src/components/Sidebar.tsx(122,23): error TS2307: Cannot find module '@/lib/sounds' or its corresponding type declarations.
scratch/temp-github-repo/src/components/Sidebar.tsx(849,23): error TS2339: Property 'imageUrl' does not exist on type 'AuthUser'.
scratch/temp-github-repo/src/components/Sidebar.tsx(851,30): error TS2339: Property 'imageUrl' does not exist on type 'AuthUser'.
scratch/temp-github-repo/src/components/TopProgressBar.tsx(4,46): error TS2307: Cannot find module 'next/navigation' or its corresponding type declarations.
scratch/temp-github-repo/src/components/TopProgressBar.tsx(5,41): error TS2307: Cannot find module 'framer-motion' or its corresponding type declarations.
scratch/temp-github-repo/src/components/ui/avatar.tsx(4,34): error TS2307: Cannot find module '@radix-ui/react-avatar' or its corresponding type declarations.
scratch/temp-github-repo/src/components/ui/avatar.tsx(6,20): error TS2307: Cannot find module '@/lib/utils' or its corresponding type declarations.
scratch/temp-github-repo/src/components/ui/badge.tsx(3,40): error TS2307: Cannot find module 'class-variance-authority' or its corresponding type declarations.
scratch/temp-github-repo/src/components/ui/badge.tsx(5,20): error TS2307: Cannot find module '@/lib/utils' or its corresponding type declarations.
scratch/temp-github-repo/src/components/ui/breadcrumb.tsx(3,46): error TS2307: Cannot find module 'lucide-react' or its corresponding type declarations.
scratch/temp-github-repo/src/components/ui/breadcrumb.tsx(5,20): error TS2307: Cannot find module '@/lib/utils' or its corresponding type declarations.
scratch/temp-github-repo/src/components/ui/button.tsx(3,40): error TS2307: Cannot find module 'class-variance-authority' or its corresponding type declarations.
scratch/temp-github-repo/src/components/ui/button.tsx(5,20): error TS2307: Cannot find module '@/lib/utils' or its corresponding type declarations.
scratch/temp-github-repo/src/components/ui/card.tsx(3,20): error TS2307: Cannot find module '@/lib/utils' or its corresponding type declarations.
scratch/temp-github-repo/src/components/ui/chart.tsx(4,36): error TS2307: Cannot find module 'recharts' or its corresponding type declarations.
scratch/temp-github-repo/src/components/ui/chart.tsx(6,20): error TS2307: Cannot find module '@/lib/utils' or its corresponding type declarations.
scratch/temp-github-repo/src/components/ui/checkbox.tsx(4,36): error TS2307: Cannot find module '@radix-ui/react-checkbox' or its corresponding type declarations.
scratch/temp-github-repo/src/components/ui/checkbox.tsx(5,27): error TS2307: Cannot find module 'lucide-react' or its corresponding type declarations.
scratch/temp-github-repo/src/components/ui/checkbox.tsx(7,20): error TS2307: Cannot find module '@/lib/utils' or its corresponding type declarations.
scratch/temp-github-repo/src/components/ui/drawer.tsx(6,20): error TS2307: Cannot find module '@/lib/utils' or its corresponding type declarations.
scratch/temp-github-repo/src/components/ui/dropdown-menu.tsx(4,40): error TS2307: Cannot find module '@radix-ui/react-dropdown-menu' or its corresponding type declarations.
scratch/temp-github-repo/src/components/ui/dropdown-menu.tsx(5,57): error TS2307: Cannot find module 'lucide-react' or its corresponding type declarations.
scratch/temp-github-repo/src/components/ui/dropdown-menu.tsx(7,20): error TS2307: Cannot find module '@/lib/utils' or its corresponding type declarations.
scratch/temp-github-repo/src/components/ui/input.tsx(2,20): error TS2307: Cannot find module '@/lib/utils' or its corresponding type declarations.
scratch/temp-github-repo/src/components/ui/label.tsx(4,33): error TS2307: Cannot find module '@radix-ui/react-label' or its corresponding type declarations.
scratch/temp-github-repo/src/components/ui/label.tsx(6,20): error TS2307: Cannot find module '@/lib/utils' or its corresponding type declarations.
scratch/temp-github-repo/src/components/ui/select.tsx(4,34): error TS2307: Cannot find module '@radix-ui/react-select' or its corresponding type declarations.
scratch/temp-github-repo/src/components/ui/select.tsx(5,59): error TS2307: Cannot find module 'lucide-react' or its corresponding type declarations.
scratch/temp-github-repo/src/components/ui/select.tsx(7,20): error TS2307: Cannot find module '@/lib/utils' or its corresponding type declarations.
scratch/temp-github-repo/src/components/ui/separator.tsx(4,37): error TS2307: Cannot find module '@radix-ui/react-separator' or its corresponding type declarations.
scratch/temp-github-repo/src/components/ui/separator.tsx(6,20): error TS2307: Cannot find module '@/lib/utils' or its corresponding type declarations.
scratch/temp-github-repo/src/components/ui/sheet.tsx(4,33): error TS2307: Cannot find module '@radix-ui/react-dialog' or its corresponding type declarations.
scratch/temp-github-repo/src/components/ui/sheet.tsx(5,23): error TS2307: Cannot find module 'lucide-react' or its corresponding type declarations.
scratch/temp-github-repo/src/components/ui/sheet.tsx(7,20): error TS2307: Cannot find module '@/lib/utils' or its corresponding type declarations.
scratch/temp-github-repo/src/components/ui/sidebar.tsx(5,40): error TS2307: Cannot find module 'class-variance-authority' or its corresponding type declarations.
scratch/temp-github-repo/src/components/ui/sidebar.tsx(6,31): error TS2307: Cannot find module 'lucide-react' or its corresponding type declarations.
scratch/temp-github-repo/src/components/ui/sidebar.tsx(8,29): error TS2307: Cannot find module '@/hooks/use-mobile' or its corresponding type declarations.
scratch/temp-github-repo/src/components/ui/sidebar.tsx(9,20): error TS2307: Cannot find module '@/lib/utils' or its corresponding type declarations.
scratch/temp-github-repo/src/components/ui/sidebar.tsx(10,24): error TS2307: Cannot find module '@/components/ui/button' or its corresponding type declarations.
scratch/temp-github-repo/src/components/ui/sidebar.tsx(11,23): error TS2307: Cannot find module '@/components/ui/input' or its corresponding type declarations.
scratch/temp-github-repo/src/components/ui/sidebar.tsx(12,27): error TS2307: Cannot find module '@/components/ui/separator' or its corresponding type declarations.
scratch/temp-github-repo/src/components/ui/sidebar.tsx(19,8): error TS2307: Cannot find module '@/components/ui/sheet' or its corresponding type declarations.
scratch/temp-github-repo/src/components/ui/sidebar.tsx(20,26): error TS2307: Cannot find module '@/components/ui/skeleton' or its corresponding type declarations.
scratch/temp-github-repo/src/components/ui/sidebar.tsx(26,8): error TS2307: Cannot find module '@/components/ui/tooltip' or its corresponding type declarations.
scratch/temp-github-repo/src/components/ui/skeleton.tsx(1,20): error TS2307: Cannot find module '@/lib/utils' or its corresponding type declarations.
scratch/temp-github-repo/src/components/ui/sonner.tsx(9,8): error TS2307: Cannot find module 'lucide-react' or its corresponding type declarations.
scratch/temp-github-repo/src/components/ui/sonner.tsx(10,26): error TS2307: Cannot find module 'next-themes' or its corresponding type declarations.
scratch/temp-github-repo/src/components/ui/sonner.tsx(11,54): error TS2307: Cannot find module 'sonner' or its corresponding type declarations.
scratch/temp-github-repo/src/components/ui/table.tsx(5,20): error TS2307: Cannot find module '@/lib/utils' or its corresponding type declarations.
scratch/temp-github-repo/src/components/ui/tabs.tsx(4,32): error TS2307: Cannot find module '@radix-ui/react-tabs' or its corresponding type declarations.
scratch/temp-github-repo/src/components/ui/tabs.tsx(6,20): error TS2307: Cannot find module '@/lib/utils' or its corresponding type declarations.
scratch/temp-github-repo/src/components/ui/textarea.tsx(2,20): error TS2307: Cannot find module '@/lib/utils' or its corresponding type declarations.
scratch/temp-github-repo/src/components/ui/toggle-group.tsx(4,39): error TS2307: Cannot find module '@radix-ui/react-toggle-group' or its corresponding type declarations.
scratch/temp-github-repo/src/components/ui/toggle-group.tsx(5,35): error TS2307: Cannot find module 'class-variance-authority' or its corresponding type declarations.
scratch/temp-github-repo/src/components/ui/toggle-group.tsx(7,20): error TS2307: Cannot find module '@/lib/utils' or its corresponding type declarations.
scratch/temp-github-repo/src/components/ui/toggle-group.tsx(8,32): error TS2307: Cannot find module '@/components/ui/toggle' or its corresponding type declarations.
scratch/temp-github-repo/src/components/ui/toggle.tsx(4,34): error TS2307: Cannot find module '@radix-ui/react-toggle' or its corresponding type declarations.
scratch/temp-github-repo/src/components/ui/toggle.tsx(5,40): error TS2307: Cannot find module 'class-variance-authority' or its corresponding type declarations.
scratch/temp-github-repo/src/components/ui/toggle.tsx(7,20): error TS2307: Cannot find module '@/lib/utils' or its corresponding type declarations.
scratch/temp-github-repo/src/components/ui/tooltip.tsx(4,35): error TS2307: Cannot find module '@radix-ui/react-tooltip' or its corresponding type declarations.
scratch/temp-github-repo/src/components/ui/tooltip.tsx(6,20): error TS2307: Cannot find module '@/lib/utils' or its corresponding type declarations.
scratch/temp-github-repo/src/hooks/useRealTimeNotifications.ts(2,25): error TS2307: Cannot find module '@clerk/nextjs' or its corresponding type declarations.
scratch/temp-github-repo/src/hooks/useRealTimeNotifications.ts(3,23): error TS2307: Cannot find module 'sonner' or its corresponding type declarations.
scratch/temp-github-repo/src/lib/auth-utils.ts(1,22): error TS2307: Cannot find module '@clerk/nextjs/server' or its corresponding type declarations.
scratch/temp-github-repo/src/lib/auth-utils.ts(3,17): error TS2307: Cannot find module 'jsonwebtoken' or its corresponding type declarations.
scratch/temp-github-repo/src/lib/auth-utils.ts(4,25): error TS2307: Cannot find module 'next/headers' or its corresponding type declarations.
scratch/temp-github-repo/src/lib/auth-utils.ts(27,48): error TS2307: Cannot find module '@clerk/nextjs/server' or its corresponding type declarations.
scratch/temp-github-repo/src/lib/auth-utils.ts(57,47): error TS2307: Cannot find module 'next/headers' or its corresponding type declarations.
scratch/temp-github-repo/src/lib/backup/mongodb-backup.ts(1,35): error TS2307: Cannot find module 'mongodb' or its corresponding type declarations.
scratch/temp-github-repo/src/lib/backup/mongodb-backup.ts(2,26): error TS2307: Cannot find module '@aws-sdk/client-s3' or its corresponding type declarations.
scratch/temp-github-repo/src/lib/backup/mongodb-backup.ts(3,24): error TS2307: Cannot find module '@aws-sdk/lib-storage' or its corresponding type declarations.
scratch/temp-github-repo/src/lib/cloudinary.ts(3,34): error TS2307: Cannot find module 'cloudinary' or its corresponding type declarations.
scratch/temp-github-repo/src/lib/cloudinaryUploadFromUrl.ts(1,24): error TS2307: Cannot find module '@/lib/cloudinary' or its corresponding type declarations.
scratch/temp-github-repo/src/lib/generateInvoice.ts(1,49): error TS2307: Cannot find module 'pdf-lib' or its corresponding type declarations.
scratch/temp-github-repo/src/lib/gmail-service.ts(1,24): error TS2307: Cannot find module 'googleapis' or its corresponding type declarations.
scratch/temp-github-repo/src/lib/gmail-service.ts(2,24): error TS2307: Cannot find module '@/lib/prisma' or its corresponding type declarations.
scratch/temp-github-repo/src/lib/pdf/invoice-pdf.ts(1,49): error TS2307: Cannot find module 'pdf-lib' or its corresponding type declarations.
scratch/temp-github-repo/src/lib/phonepe.ts(1,19): error TS2307: Cannot find module 'axios' or its corresponding type declarations.
scratch/temp-github-repo/src/lib/prisma.ts(2,30): error TS2307: Cannot find module '@prisma/client' or its corresponding type declarations.
scratch/temp-github-repo/src/lib/utils.ts(2,25): error TS2307: Cannot find module 'tailwind-merge' or its corresponding type declarations.
scratch/temp-github-repo/src/lib/validators/businessProfile.ts(1,19): error TS2307: Cannot find module 'zod' or its corresponding type declarations.
scratch/temp-github-repo/src/lib/whatsapp-bill.ts(4,20): error TS2307: Cannot find module 'twilio' or its corresponding type declarations.
scratch/temp-github-repo/src/middleware.ts(23,53): error TS2307: Cannot find module '@clerk/nextjs/server' or its corresponding type declarations.
scratch/temp-github-repo/src/middleware.ts(24,30): error TS2307: Cannot find module 'next/server' or its corresponding type declarations.
scratch/temp-github-repo/src/scripts/generate-seller-report.ts(1,30): error TS2307: Cannot find module '@prisma/client' or its corresponding type declarations.
scratch/temp-github-repo/src/utils/prismaClient.ts(2,30): error TS2307: Cannot find module '@prisma/client' or its corresponding type declarations.
scratch/temp-github-repo/tests/example.spec.ts(1,30): error TS2307: Cannot find module '@playwright/test' or its corresponding type declarations.
scratch/temp-github-repo/tests/gst-validation.spec.ts(1,30): error TS2307: Cannot find module '@playwright/test' or its corresponding type declarations.
scratch/temp-github-repo/tests/pos.spec.ts(1,30): error TS2307: Cannot find module '@playwright/test' or its corresponding type declarations.
